Command line invocation:
    /Applications/Xcode.app/Contents/Developer/usr/bin/xcodebuild -project iosApp/CleanContactsAI.xcodeproj -scheme iosApp -destination platform=iOS,id=00008140-000E6C2E3CC0801C clean build -allowProvisioningUpdates

2026-01-28 23:23:07.863 xcodebuild[3724:42887762] [MT] IDERunDestination: Supported platforms for the buildables in the current scheme is empty.
CreateBuildRequest

SendProjectDescription

CreateBuildOperation

** CLEAN SUCCEEDED **

ComputePackagePrebuildTargetDependencyGraph

Prepare packages

CreateBuildRequest

SendProjectDescription

CreateBuildOperation

ComputeTargetDependencyGraph
note: Building targets in dependency order
note: Target dependency graph (1 target)
    Target 'iosApp' in project 'CleanContactsAI' (no dependencies)

GatherProvisioningInputs

CreateBuildDescription

ExecuteExternalTool /Applications/Xcode.app/Contents/Developer/Toolchains/XcodeDefault.xctoolchain/usr/bin/clang -v -E -dM -isysroot /Applications/Xcode.app/Contents/Developer/Platforms/iPhoneOS.platform/Developer/SDKs/iPhoneOS26.2.sdk -x c -c /dev/null

ExecuteExternalTool /Applications/Xcode.app/Contents/Developer/usr/bin/actool --print-asset-tag-combinations --output-format xml1 /Users/mac/Downloads/CleanContactsAI/iosApp/iosApp/Assets.xcassets

ExecuteExternalTool /Applications/Xcode.app/Contents/Developer/usr/bin/actool --version --output-format xml1

ExecuteExternalTool /Applications/Xcode.app/Contents/Developer/Toolchains/XcodeDefault.xctoolchain/usr/bin/swiftc --version

ExecuteExternalTool /Applications/Xcode.app/Contents/Developer/Toolchains/XcodeDefault.xctoolchain/usr/bin/ld -version_details

Build description signature: 65798f602ed088d9316c638ae75ef54f
Build description path: /Users/mac/Library/Developer/Xcode/DerivedData/CleanContactsAI-guwadasdfavaytaazydfgcudqdvc/Build/Intermediates.noindex/XCBuildData/65798f602ed088d9316c638ae75ef54f.xcbuilddata
CreateBuildDirectory /Users/mac/Library/Developer/Xcode/DerivedData/CleanContactsAI-guwadasdfavaytaazydfgcudqdvc/Build/Products
    cd /Users/mac/Downloads/CleanContactsAI/iosApp/CleanContactsAI.xcodeproj
    builtin-create-build-directory /Users/mac/Library/Developer/Xcode/DerivedData/CleanContactsAI-guwadasdfavaytaazydfgcudqdvc/Build/Products

CreateBuildDirectory /Users/mac/Library/Developer/Xcode/DerivedData/CleanContactsAI-guwadasdfavaytaazydfgcudqdvc/Build/Intermediates.noindex
    cd /Users/mac/Downloads/CleanContactsAI/iosApp/CleanContactsAI.xcodeproj
    builtin-create-build-directory /Users/mac/Library/Developer/Xcode/DerivedData/CleanContactsAI-guwadasdfavaytaazydfgcudqdvc/Build/Intermediates.noindex

ClangStatCache /Applications/Xcode.app/Contents/Developer/Toolchains/XcodeDefault.xctoolchain/usr/bin/clang-stat-cache /Applications/Xcode.app/Contents/Developer/Platforms/iPhoneOS.platform/Developer/SDKs/iPhoneOS26.2.sdk /Users/mac/Library/Developer/Xcode/DerivedData/SDKStatCaches.noindex/iphoneos26.2-23C53-3794476bd08197c3e2abd9bb477ef7f7.sdkstatcache
    cd /Users/mac/Downloads/CleanContactsAI/iosApp/CleanContactsAI.xcodeproj
    /Applications/Xcode.app/Contents/Developer/Toolchains/XcodeDefault.xctoolchain/usr/bin/clang-stat-cache /Applications/Xcode.app/Contents/Developer/Platforms/iPhoneOS.platform/Developer/SDKs/iPhoneOS26.2.sdk -o /Users/mac/Library/Developer/Xcode/DerivedData/SDKStatCaches.noindex/iphoneos26.2-23C53-3794476bd08197c3e2abd9bb477ef7f7.sdkstatcache

CreateBuildDirectory /Users/mac/Library/Developer/Xcode/DerivedData/CleanContactsAI-guwadasdfavaytaazydfgcudqdvc/Build/Products/Debug-iphoneos
    cd /Users/mac/Downloads/CleanContactsAI/iosApp/CleanContactsAI.xcodeproj
    builtin-create-build-directory /Users/mac/Library/Developer/Xcode/DerivedData/CleanContactsAI-guwadasdfavaytaazydfgcudqdvc/Build/Products/Debug-iphoneos

CreateBuildDirectory /Users/mac/Library/Developer/Xcode/DerivedData/CleanContactsAI-guwadasdfavaytaazydfgcudqdvc/Build/Intermediates.noindex/SwiftExplicitPrecompiledModules
    cd /Users/mac/Downloads/CleanContactsAI/iosApp/CleanContactsAI.xcodeproj
    builtin-create-build-directory /Users/mac/Library/Developer/Xcode/DerivedData/CleanContactsAI-guwadasdfavaytaazydfgcudqdvc/Build/Intermediates.noindex/SwiftExplicitPrecompiledModules

CreateBuildDirectory /Users/mac/Library/Developer/Xcode/DerivedData/CleanContactsAI-guwadasdfavaytaazydfgcudqdvc/Build/Intermediates.noindex/ExplicitPrecompiledModules
    cd /Users/mac/Downloads/CleanContactsAI/iosApp/CleanContactsAI.xcodeproj
    builtin-create-build-directory /Users/mac/Library/Developer/Xcode/DerivedData/CleanContactsAI-guwadasdfavaytaazydfgcudqdvc/Build/Intermediates.noindex/ExplicitPrecompiledModules

CreateBuildDirectory /Users/mac/Library/Developer/Xcode/DerivedData/CleanContactsAI-guwadasdfavaytaazydfgcudqdvc/Build/Intermediates.noindex/EagerLinkingTBDs/Debug-iphoneos
    cd /Users/mac/Downloads/CleanContactsAI/iosApp/CleanContactsAI.xcodeproj
    builtin-create-build-directory /Users/mac/Library/Developer/Xcode/DerivedData/CleanContactsAI-guwadasdfavaytaazydfgcudqdvc/Build/Intermediates.noindex/EagerLinkingTBDs/Debug-iphoneos

WriteAuxiliaryFile /Users/mac/Library/Developer/Xcode/DerivedData/CleanContactsAI-guwadasdfavaytaazydfgcudqdvc/Build/Intermediates.noindex/CleanContactsAI.build/Debug-iphoneos/CleanContactsAI-8bed968c0a16b1da9b66279f7fe3f785-VFS-iphoneos/all-product-headers.yaml
    cd /Users/mac/Downloads/CleanContactsAI/iosApp/CleanContactsAI.xcodeproj
    write-file /Users/mac/Library/Developer/Xcode/DerivedData/CleanContactsAI-guwadasdfavaytaazydfgcudqdvc/Build/Intermediates.noindex/CleanContactsAI.build/Debug-iphoneos/CleanContactsAI-8bed968c0a16b1da9b66279f7fe3f785-VFS-iphoneos/all-product-headers.yaml

WriteAuxiliaryFile /Users/mac/Library/Developer/Xcode/DerivedData/CleanContactsAI-guwadasdfavaytaazydfgcudqdvc/Build/Intermediates.noindex/CleanContactsAI.build/Debug-iphoneos/iosApp.build/iosApp.hmap (in target 'iosApp' from project 'CleanContactsAI')
    cd /Users/mac/Downloads/CleanContactsAI/iosApp
    write-file /Users/mac/Library/Developer/Xcode/DerivedData/CleanContactsAI-guwadasdfavaytaazydfgcudqdvc/Build/Intermediates.noindex/CleanContactsAI.build/Debug-iphoneos/iosApp.build/iosApp.hmap

WriteAuxiliaryFile /Users/mac/Library/Developer/Xcode/DerivedData/CleanContactsAI-guwadasdfavaytaazydfgcudqdvc/Build/Intermediates.noindex/CleanContactsAI.build/Debug-iphoneos/iosApp.build/iosApp.DependencyStaticMetadataFileList (in target 'iosApp' from project 'CleanContactsAI')
    cd /Users/mac/Downloads/CleanContactsAI/iosApp
    write-file /Users/mac/Library/Developer/Xcode/DerivedData/CleanContactsAI-guwadasdfavaytaazydfgcudqdvc/Build/Intermediates.noindex/CleanContactsAI.build/Debug-iphoneos/iosApp.build/iosApp.DependencyStaticMetadataFileList

WriteAuxiliaryFile /Users/mac/Library/Developer/Xcode/DerivedData/CleanContactsAI-guwadasdfavaytaazydfgcudqdvc/Build/Intermediates.noindex/CleanContactsAI.build/Debug-iphoneos/iosApp.build/iosApp.DependencyMetadataFileList (in target 'iosApp' from project 'CleanContactsAI')
    cd /Users/mac/Downloads/CleanContactsAI/iosApp
    write-file /Users/mac/Library/Developer/Xcode/DerivedData/CleanContactsAI-guwadasdfavaytaazydfgcudqdvc/Build/Intermediates.noindex/CleanContactsAI.build/Debug-iphoneos/iosApp.build/iosApp.DependencyMetadataFileList

WriteAuxiliaryFile /Users/mac/Library/Developer/Xcode/DerivedData/CleanContactsAI-guwadasdfavaytaazydfgcudqdvc/Build/Intermediates.noindex/CleanContactsAI.build/Debug-iphoneos/iosApp.build/iosApp-project-headers.hmap (in target 'iosApp' from project 'CleanContactsAI')
    cd /Users/mac/Downloads/CleanContactsAI/iosApp
    write-file /Users/mac/Library/Developer/Xcode/DerivedData/CleanContactsAI-guwadasdfavaytaazydfgcudqdvc/Build/Intermediates.noindex/CleanContactsAI.build/Debug-iphoneos/iosApp.build/iosApp-project-headers.hmap

WriteAuxiliaryFile /Users/mac/Library/Developer/Xcode/DerivedData/CleanContactsAI-guwadasdfavaytaazydfgcudqdvc/Build/Intermediates.noindex/CleanContactsAI.build/Debug-iphoneos/iosApp.build/iosApp-own-target-headers.hmap (in target 'iosApp' from project 'CleanContactsAI')
    cd /Users/mac/Downloads/CleanContactsAI/iosApp
    write-file /Users/mac/Library/Developer/Xcode/DerivedData/CleanContactsAI-guwadasdfavaytaazydfgcudqdvc/Build/Intermediates.noindex/CleanContactsAI.build/Debug-iphoneos/iosApp.build/iosApp-own-target-headers.hmap

WriteAuxiliaryFile /Users/mac/Library/Developer/Xcode/DerivedData/CleanContactsAI-guwadasdfavaytaazydfgcudqdvc/Build/Intermediates.noindex/CleanContactsAI.build/Debug-iphoneos/iosApp.build/iosApp-generated-files.hmap (in target 'iosApp' from project 'CleanContactsAI')
    cd /Users/mac/Downloads/CleanContactsAI/iosApp
    write-file /Users/mac/Library/Developer/Xcode/DerivedData/CleanContactsAI-guwadasdfavaytaazydfgcudqdvc/Build/Intermediates.noindex/CleanContactsAI.build/Debug-iphoneos/iosApp.build/iosApp-generated-files.hmap

WriteAuxiliaryFile /Users/mac/Library/Developer/Xcode/DerivedData/CleanContactsAI-guwadasdfavaytaazydfgcudqdvc/Build/Intermediates.noindex/CleanContactsAI.build/Debug-iphoneos/iosApp.build/iosApp-all-target-headers.hmap (in target 'iosApp' from project 'CleanContactsAI')
    cd /Users/mac/Downloads/CleanContactsAI/iosApp
    write-file /Users/mac/Library/Developer/Xcode/DerivedData/CleanContactsAI-guwadasdfavaytaazydfgcudqdvc/Build/Intermediates.noindex/CleanContactsAI.build/Debug-iphoneos/iosApp.build/iosApp-all-target-headers.hmap

WriteAuxiliaryFile /Users/mac/Library/Developer/Xcode/DerivedData/CleanContactsAI-guwadasdfavaytaazydfgcudqdvc/Build/Intermediates.noindex/CleanContactsAI.build/Debug-iphoneos/iosApp.build/iosApp-all-non-framework-target-headers.hmap (in target 'iosApp' from project 'CleanContactsAI')
    cd /Users/mac/Downloads/CleanContactsAI/iosApp
    write-file /Users/mac/Library/Developer/Xcode/DerivedData/CleanContactsAI-guwadasdfavaytaazydfgcudqdvc/Build/Intermediates.noindex/CleanContactsAI.build/Debug-iphoneos/iosApp.build/iosApp-all-non-framework-target-headers.hmap

WriteAuxiliaryFile /Users/mac/Library/Developer/Xcode/DerivedData/CleanContactsAI-guwadasdfavaytaazydfgcudqdvc/Build/Intermediates.noindex/CleanContactsAI.build/Debug-iphoneos/iosApp.build/iosApp-DebugDylibPath-normal-arm64.txt (in target 'iosApp' from project 'CleanContactsAI')
    cd /Users/mac/Downloads/CleanContactsAI/iosApp
    write-file /Users/mac/Library/Developer/Xcode/DerivedData/CleanContactsAI-guwadasdfavaytaazydfgcudqdvc/Build/Intermediates.noindex/CleanContactsAI.build/Debug-iphoneos/iosApp.build/iosApp-DebugDylibPath-normal-arm64.txt

WriteAuxiliaryFile /Users/mac/Library/Developer/Xcode/DerivedData/CleanContactsAI-guwadasdfavaytaazydfgcudqdvc/Build/Intermediates.noindex/CleanContactsAI.build/Debug-iphoneos/iosApp.build/iosApp-DebugDylibInstallName-normal-arm64.txt (in target 'iosApp' from project 'CleanContactsAI')
    cd /Users/mac/Downloads/CleanContactsAI/iosApp
    write-file /Users/mac/Library/Developer/Xcode/DerivedData/CleanContactsAI-guwadasdfavaytaazydfgcudqdvc/Build/Intermediates.noindex/CleanContactsAI.build/Debug-iphoneos/iosApp.build/iosApp-DebugDylibInstallName-normal-arm64.txt

WriteAuxiliaryFile /Users/mac/Library/Developer/Xcode/DerivedData/CleanContactsAI-guwadasdfavaytaazydfgcudqdvc/Build/Intermediates.noindex/CleanContactsAI.build/Debug-iphoneos/iosApp.build/Script-2DFF75459D1E01E37DF93A02.sh (in target 'iosApp' from project 'CleanContactsAI')
    cd /Users/mac/Downloads/CleanContactsAI/iosApp
    write-file /Users/mac/Library/Developer/Xcode/DerivedData/CleanContactsAI-guwadasdfavaytaazydfgcudqdvc/Build/Intermediates.noindex/CleanContactsAI.build/Debug-iphoneos/iosApp.build/Script-2DFF75459D1E01E37DF93A02.sh

WriteAuxiliaryFile /Users/mac/Library/Developer/Xcode/DerivedData/CleanContactsAI-guwadasdfavaytaazydfgcudqdvc/Build/Intermediates.noindex/CleanContactsAI.build/Debug-iphoneos/iosApp.build/Objects-normal/arm64/iosApp_const_extract_protocols.json (in target 'iosApp' from project 'CleanContactsAI')
    cd /Users/mac/Downloads/CleanContactsAI/iosApp
    write-file /Users/mac/Library/Developer/Xcode/DerivedData/CleanContactsAI-guwadasdfavaytaazydfgcudqdvc/Build/Intermediates.noindex/CleanContactsAI.build/Debug-iphoneos/iosApp.build/Objects-normal/arm64/iosApp_const_extract_protocols.json

WriteAuxiliaryFile /Users/mac/Library/Developer/Xcode/DerivedData/CleanContactsAI-guwadasdfavaytaazydfgcudqdvc/Build/Intermediates.noindex/CleanContactsAI.build/Debug-iphoneos/iosApp.build/Objects-normal/arm64/iosApp.SwiftFileList (in target 'iosApp' from project 'CleanContactsAI')
    cd /Users/mac/Downloads/CleanContactsAI/iosApp
    write-file /Users/mac/Library/Developer/Xcode/DerivedData/CleanContactsAI-guwadasdfavaytaazydfgcudqdvc/Build/Intermediates.noindex/CleanContactsAI.build/Debug-iphoneos/iosApp.build/Objects-normal/arm64/iosApp.SwiftFileList

WriteAuxiliaryFile /Users/mac/Library/Developer/Xcode/DerivedData/CleanContactsAI-guwadasdfavaytaazydfgcudqdvc/Build/Intermediates.noindex/CleanContactsAI.build/Debug-iphoneos/iosApp.build/Objects-normal/arm64/iosApp.SwiftConstValuesFileList (in target 'iosApp' from project 'CleanContactsAI')
    cd /Users/mac/Downloads/CleanContactsAI/iosApp
    write-file /Users/mac/Library/Developer/Xcode/DerivedData/CleanContactsAI-guwadasdfavaytaazydfgcudqdvc/Build/Intermediates.noindex/CleanContactsAI.build/Debug-iphoneos/iosApp.build/Objects-normal/arm64/iosApp.SwiftConstValuesFileList

WriteAuxiliaryFile /Users/mac/Library/Developer/Xcode/DerivedData/CleanContactsAI-guwadasdfavaytaazydfgcudqdvc/Build/Intermediates.noindex/CleanContactsAI.build/Debug-iphoneos/iosApp.build/Objects-normal/arm64/iosApp.LinkFileList (in target 'iosApp' from project 'CleanContactsAI')
    cd /Users/mac/Downloads/CleanContactsAI/iosApp
    write-file /Users/mac/Library/Developer/Xcode/DerivedData/CleanContactsAI-guwadasdfavaytaazydfgcudqdvc/Build/Intermediates.noindex/CleanContactsAI.build/Debug-iphoneos/iosApp.build/Objects-normal/arm64/iosApp.LinkFileList

WriteAuxiliaryFile /Users/mac/Library/Developer/Xcode/DerivedData/CleanContactsAI-guwadasdfavaytaazydfgcudqdvc/Build/Intermediates.noindex/CleanContactsAI.build/Debug-iphoneos/iosApp.build/Objects-normal/arm64/iosApp-OutputFileMap.json (in target 'iosApp' from project 'CleanContactsAI')
    cd /Users/mac/Downloads/CleanContactsAI/iosApp
    write-file /Users/mac/Library/Developer/Xcode/DerivedData/CleanContactsAI-guwadasdfavaytaazydfgcudqdvc/Build/Intermediates.noindex/CleanContactsAI.build/Debug-iphoneos/iosApp.build/Objects-normal/arm64/iosApp-OutputFileMap.json

WriteAuxiliaryFile /Users/mac/Library/Developer/Xcode/DerivedData/CleanContactsAI-guwadasdfavaytaazydfgcudqdvc/Build/Intermediates.noindex/CleanContactsAI.build/Debug-iphoneos/iosApp.build/DerivedSources/Entitlements.plist (in target 'iosApp' from project 'CleanContactsAI')
    cd /Users/mac/Downloads/CleanContactsAI/iosApp
    write-file /Users/mac/Library/Developer/Xcode/DerivedData/CleanContactsAI-guwadasdfavaytaazydfgcudqdvc/Build/Intermediates.noindex/CleanContactsAI.build/Debug-iphoneos/iosApp.build/DerivedSources/Entitlements.plist

MkDir /Users/mac/Library/Developer/Xcode/DerivedData/CleanContactsAI-guwadasdfavaytaazydfgcudqdvc/Build/Products/Debug-iphoneos/iosApp.app (in target 'iosApp' from project 'CleanContactsAI')
    cd /Users/mac/Downloads/CleanContactsAI/iosApp
    /bin/mkdir -p /Users/mac/Library/Developer/Xcode/DerivedData/CleanContactsAI-guwadasdfavaytaazydfgcudqdvc/Build/Products/Debug-iphoneos/iosApp.app

ProcessProductPackaging /Users/mac/Library/Developer/Xcode/UserData/Provisioning\ Profiles/3fa804b2-8e3b-4bd5-8c8b-c6a0248c04a7.mobileprovision /Users/mac/Library/Developer/Xcode/DerivedData/CleanContactsAI-guwadasdfavaytaazydfgcudqdvc/Build/Products/Debug-iphoneos/iosApp.app/embedded.mobileprovision (in target 'iosApp' from project 'CleanContactsAI')
    cd /Users/mac/Downloads/CleanContactsAI/iosApp
    builtin-productPackagingUtility /Users/mac/Library/Developer/Xcode/UserData/Provisioning\ Profiles/3fa804b2-8e3b-4bd5-8c8b-c6a0248c04a7.mobileprovision -o /Users/mac/Library/Developer/Xcode/DerivedData/CleanContactsAI-guwadasdfavaytaazydfgcudqdvc/Build/Products/Debug-iphoneos/iosApp.app/embedded.mobileprovision

ProcessProductPackaging "" /Users/mac/Library/Developer/Xcode/DerivedData/CleanContactsAI-guwadasdfavaytaazydfgcudqdvc/Build/Intermediates.noindex/CleanContactsAI.build/Debug-iphoneos/iosApp.build/iosApp.app.xcent (in target 'iosApp' from project 'CleanContactsAI')
    cd /Users/mac/Downloads/CleanContactsAI/iosApp
    
    Entitlements:
    
    {
    "application-identifier" = "6QLNK7TXM3.com.ogabassey.contactscleaner.iosApp";
    "com.apple.developer.team-identifier" = 6QLNK7TXM3;
    "get-task-allow" = 1;
}
    
    builtin-productPackagingUtility -entitlements -format xml -o /Users/mac/Library/Developer/Xcode/DerivedData/CleanContactsAI-guwadasdfavaytaazydfgcudqdvc/Build/Intermediates.noindex/CleanContactsAI.build/Debug-iphoneos/iosApp.build/iosApp.app.xcent

ProcessProductPackagingDER /Users/mac/Library/Developer/Xcode/DerivedData/CleanContactsAI-guwadasdfavaytaazydfgcudqdvc/Build/Intermediates.noindex/CleanContactsAI.build/Debug-iphoneos/iosApp.build/iosApp.app.xcent /Users/mac/Library/Developer/Xcode/DerivedData/CleanContactsAI-guwadasdfavaytaazydfgcudqdvc/Build/Intermediates.noindex/CleanContactsAI.build/Debug-iphoneos/iosApp.build/iosApp.app.xcent.der (in target 'iosApp' from project 'CleanContactsAI')
    cd /Users/mac/Downloads/CleanContactsAI/iosApp
    /usr/bin/derq query -f xml -i /Users/mac/Library/Developer/Xcode/DerivedData/CleanContactsAI-guwadasdfavaytaazydfgcudqdvc/Build/Intermediates.noindex/CleanContactsAI.build/Debug-iphoneos/iosApp.build/iosApp.app.xcent -o /Users/mac/Library/Developer/Xcode/DerivedData/CleanContactsAI-guwadasdfavaytaazydfgcudqdvc/Build/Intermediates.noindex/CleanContactsAI.build/Debug-iphoneos/iosApp.build/iosApp.app.xcent.der --raw

PhaseScriptExecution Compile\ Kotlin\ Framework /Users/mac/Library/Developer/Xcode/DerivedData/CleanContactsAI-guwadasdfavaytaazydfgcudqdvc/Build/Intermediates.noindex/CleanContactsAI.build/Debug-iphoneos/iosApp.build/Script-2DFF75459D1E01E37DF93A02.sh (in target 'iosApp' from project 'CleanContactsAI')
    cd /Users/mac/Downloads/CleanContactsAI/iosApp
    export ACTION\=build
    export AD_HOC_CODE_SIGNING_ALLOWED\=NO
    export AGGREGATE_TRACKED_DOMAINS\=YES
    export ALLOW_BUILD_REQUEST_OVERRIDES\=NO
    export ALLOW_TARGET_PLATFORM_SPECIALIZATION\=NO
    export ALTERNATE_GROUP\=staff
    export ALTERNATE_MODE\=u+w,go-w,a+rX
    export ALTERNATE_OWNER\=mac
    export ALTERNATIVE_DISTRIBUTION_WEB\=NO
    export ALWAYS_EMBED_SWIFT_STANDARD_LIBRARIES\=NO
    export ALWAYS_SEARCH_USER_PATHS\=NO
    export ALWAYS_USE_SEPARATE_HEADERMAPS\=NO
    export ANDROID_DEPLOYMENT_TARGET\=21.0
    export APPLICATION_EXTENSION_API_ONLY\=NO
    export APPLY_RULES_IN_COPY_FILES\=NO
    export APPLY_RULES_IN_COPY_HEADERS\=NO
    export APP_SHORTCUTS_ENABLE_FLEXIBLE_MATCHING\=YES
    export ARCHS\=arm64
    export ARCHS_STANDARD\=arm64
    export ARCHS_STANDARD_32_64_BIT\=armv7\ arm64
    export ARCHS_STANDARD_32_BIT\=armv7
    export ARCHS_STANDARD_64_BIT\=arm64
    export ARCHS_STANDARD_INCLUDING_64_BIT\=arm64
    export ARCHS_UNIVERSAL_IPHONE_OS\=armv7\ arm64
    export ASSETCATALOG_COMPILER_APPICON_NAME\=AppIcon
    export ASSETCATALOG_FILTER_FOR_DEVICE_MODEL\=iPhone17,2
    export ASSETCATALOG_FILTER_FOR_DEVICE_OS_VERSION\=26.2
    export ASSETCATALOG_FILTER_FOR_THINNING_DEVICE_CONFIGURATION\=iPhone17,2
    export AUTOMATICALLY_MERGE_DEPENDENCIES\=NO
    export AUTOMATION_APPLE_EVENTS\=NO
    export AVAILABLE_PLATFORMS\=android\ appletvos\ appletvsimulator\ driverkit\ iphoneos\ iphonesimulator\ macosx\ qnx\ watchos\ watchsimulator\ webassembly\ xros\ xrsimulator
    export AppIdentifierPrefix\=6QLNK7TXM3.
    export BUILD_ACTIVE_RESOURCES_ONLY\=YES
    export BUILD_COMPONENTS\=headers\ build
    export BUILD_DIR\=/Users/mac/Library/Developer/Xcode/DerivedData/CleanContactsAI-guwadasdfavaytaazydfgcudqdvc/Build/Products
    export BUILD_LIBRARY_FOR_DISTRIBUTION\=NO
    export BUILD_ROOT\=/Users/mac/Library/Developer/Xcode/DerivedData/CleanContactsAI-guwadasdfavaytaazydfgcudqdvc/Build/Products
    export BUILD_STYLE\=
    export BUILD_VARIANTS\=normal
    export BUILT_PRODUCTS_DIR\=/Users/mac/Library/Developer/Xcode/DerivedData/CleanContactsAI-guwadasdfavaytaazydfgcudqdvc/Build/Products/Debug-iphoneos
    export BUNDLE_CONTENTS_FOLDER_PATH_deep\=Contents/
    export BUNDLE_EXECUTABLE_FOLDER_NAME_deep\=MacOS
    export BUNDLE_EXTENSIONS_FOLDER_PATH\=Extensions
    export BUNDLE_FORMAT\=shallow
    export BUNDLE_FRAMEWORKS_FOLDER_PATH\=Frameworks
    export BUNDLE_PLUGINS_FOLDER_PATH\=PlugIns
    export BUNDLE_PRIVATE_HEADERS_FOLDER_PATH\=PrivateHeaders
    export BUNDLE_PUBLIC_HEADERS_FOLDER_PATH\=Headers
    export CACHE_ROOT\=/var/folders/x9/fmms5prn601gk_rh2mhpnpwh0000gn/C/com.apple.DeveloperTools/26.2-17C52/Xcode
    export CCHROOT\=/var/folders/x9/fmms5prn601gk_rh2mhpnpwh0000gn/C/com.apple.DeveloperTools/26.2-17C52/Xcode
    export CHMOD\=/bin/chmod
    export CHOWN\=/usr/sbin/chown
    export CLANG_ANALYZER_NONNULL\=YES
    export CLANG_ANALYZER_NUMBER_OBJECT_CONVERSION\=YES_AGGRESSIVE
    export CLANG_CACHE_FINE_GRAINED_OUTPUTS\=YES
    export CLANG_CXX_LANGUAGE_STANDARD\=gnu++14
    export CLANG_CXX_LIBRARY\=libc++
    export CLANG_ENABLE_EXPLICIT_MODULES\=YES
    export CLANG_ENABLE_MODULES\=YES
    export CLANG_ENABLE_OBJC_ARC\=YES
    export CLANG_ENABLE_OBJC_WEAK\=YES
    export CLANG_MODULES_BUILD_SESSION_FILE\=/Users/mac/Library/Developer/Xcode/DerivedData/ModuleCache.noindex/Session.modulevalidation
    export CLANG_WARN_BLOCK_CAPTURE_AUTORELEASING\=YES
    export CLANG_WARN_BOOL_CONVERSION\=YES
    export CLANG_WARN_COMMA\=YES
    export CLANG_WARN_CONSTANT_CONVERSION\=YES
    export CLANG_WARN_DEPRECATED_OBJC_IMPLEMENTATIONS\=YES
    export CLANG_WARN_DIRECT_OBJC_ISA_USAGE\=YES_ERROR
    export CLANG_WARN_DOCUMENTATION_COMMENTS\=YES
    export CLANG_WARN_EMPTY_BODY\=YES
    export CLANG_WARN_ENUM_CONVERSION\=YES
    export CLANG_WARN_INFINITE_RECURSION\=YES
    export CLANG_WARN_INT_CONVERSION\=YES
    export CLANG_WARN_NON_LITERAL_NULL_CONVERSION\=YES
    export CLANG_WARN_OBJC_IMPLICIT_RETAIN_SELF\=YES
    export CLANG_WARN_OBJC_LITERAL_CONVERSION\=YES
    export CLANG_WARN_OBJC_ROOT_CLASS\=YES_ERROR
    export CLANG_WARN_QUOTED_INCLUDE_IN_FRAMEWORK_HEADER\=YES
    export CLANG_WARN_RANGE_LOOP_ANALYSIS\=YES
    export CLANG_WARN_STRICT_PROTOTYPES\=YES
    export CLANG_WARN_SUSPICIOUS_MOVE\=YES
    export CLANG_WARN_UNGUARDED_AVAILABILITY\=YES_AGGRESSIVE
    export CLANG_WARN_UNREACHABLE_CODE\=YES
    export CLANG_WARN__DUPLICATE_METHOD_MATCH\=YES
    export CLASS_FILE_DIR\=/Users/mac/Library/Developer/Xcode/DerivedData/CleanContactsAI-guwadasdfavaytaazydfgcudqdvc/Build/Intermediates.noindex/CleanContactsAI.build/Debug-iphoneos/iosApp.build/JavaClasses
    export CLEAN_PRECOMPS\=YES
    export CLONE_HEADERS\=NO
    export CODESIGNING_FOLDER_PATH\=/Users/mac/Library/Developer/Xcode/DerivedData/CleanContactsAI-guwadasdfavaytaazydfgcudqdvc/Build/Products/Debug-iphoneos/iosApp.app
    export CODE_SIGNING_ALLOWED\=YES
    export CODE_SIGNING_REQUIRED\=YES
    export CODE_SIGN_CONTEXT_CLASS\=XCiPhoneOSCodeSignContext
    export CODE_SIGN_IDENTITY\=iPhone\ Developer
    export CODE_SIGN_INJECT_BASE_ENTITLEMENTS\=YES
    export CODE_SIGN_STYLE\=Automatic
    export COLOR_DIAGNOSTICS\=NO
    export COMBINE_HIDPI_IMAGES\=NO
    export COMPILATION_CACHE_CAS_PATH\=/Users/mac/Library/Developer/Xcode/DerivedData/CompilationCache.noindex
    export COMPILATION_CACHE_KEEP_CAS_DIRECTORY\=YES
    export COMPILER_INDEX_STORE_ENABLE\=Default
    export COMPOSITE_SDK_DIRS\=/Users/mac/Library/Developer/Xcode/DerivedData/CleanContactsAI-guwadasdfavaytaazydfgcudqdvc/Build/Intermediates.noindex/CompositeSDKs
    export COMPRESS_PNG_FILES\=YES
    export CONFIGURATION\=Debug
    export CONFIGURATION_BUILD_DIR\=/Users/mac/Library/Developer/Xcode/DerivedData/CleanContactsAI-guwadasdfavaytaazydfgcudqdvc/Build/Products/Debug-iphoneos
    export CONFIGURATION_TEMP_DIR\=/Users/mac/Library/Developer/Xcode/DerivedData/CleanContactsAI-guwadasdfavaytaazydfgcudqdvc/Build/Intermediates.noindex/CleanContactsAI.build/Debug-iphoneos
    export CONTENTS_FOLDER_PATH\=iosApp.app
    export CONTENTS_FOLDER_PATH_SHALLOW_BUNDLE_NO\=iosApp.app/Contents
    export CONTENTS_FOLDER_PATH_SHALLOW_BUNDLE_YES\=iosApp.app
    export COPYING_PRESERVES_HFS_DATA\=NO
    export COPY_HEADERS_RUN_UNIFDEF\=NO
    export COPY_PHASE_STRIP\=NO
    export CORRESPONDING_SIMULATOR_PLATFORM_DIR\=/Applications/Xcode.app/Contents/Developer/Platforms/iPhoneSimulator.platform
    export CORRESPONDING_SIMULATOR_PLATFORM_NAME\=iphonesimulator
    export CORRESPONDING_SIMULATOR_SDK_DIR\=/Applications/Xcode.app/Contents/Developer/Platforms/iPhoneSimulator.platform/Developer/SDKs/iPhoneSimulator26.2.sdk
    export CORRESPONDING_SIMULATOR_SDK_NAME\=iphonesimulator26.2
    export CP\=/bin/cp
    export CREATE_INFOPLIST_SECTION_IN_BINARY\=NO
    export CURRENT_ARCH\=undefined_arch
    export CURRENT_PROJECT_VERSION\=1
    export CURRENT_VARIANT\=normal
    export DEAD_CODE_STRIPPING\=YES
    export DEBUGGING_SYMBOLS\=YES
    export DEBUG_INFORMATION_FORMAT\=dwarf
    export DEBUG_INFORMATION_VERSION\=compiler-default
    export DEFAULT_COMPILER\=com.apple.compilers.llvm.clang.1_0
    export DEFAULT_DEXT_INSTALL_PATH\=/System/Library/DriverExtensions
    export DEFAULT_KEXT_INSTALL_PATH\=/System/Library/Extensions
    export DEFINES_MODULE\=NO
    export DEPLOYMENT_LOCATION\=NO
    export DEPLOYMENT_POSTPROCESSING\=NO
    export DEPLOYMENT_TARGET_SETTING_NAME\=IPHONEOS_DEPLOYMENT_TARGET
    export DEPLOYMENT_TARGET_SUGGESTED_VALUES\=12.0\ 12.1\ 12.2\ 12.3\ 12.4\ 13.0\ 13.1\ 13.2\ 13.3\ 13.4\ 13.5\ 13.6\ 14.0\ 14.1\ 14.2\ 14.3\ 14.4\ 14.5\ 14.6\ 14.7\ 15.0\ 15.1\ 15.2\ 15.3\ 15.4\ 15.5\ 15.6\ 16.0\ 16.1\ 16.2\ 16.3\ 16.4\ 16.5\ 16.6\ 17.0\ 17.1\ 17.2\ 17.3\ 17.4\ 17.5\ 17.6\ 18.0\ 18.1\ 18.2\ 18.3\ 18.4\ 18.5\ 18.6\ 26.0\ 26.1\ 26.2
    export DERIVED_FILES_DIR\=/Users/mac/Library/Developer/Xcode/DerivedData/CleanContactsAI-guwadasdfavaytaazydfgcudqdvc/Build/Intermediates.noindex/CleanContactsAI.build/Debug-iphoneos/iosApp.build/DerivedSources
    export DERIVED_FILE_DIR\=/Users/mac/Library/Developer/Xcode/DerivedData/CleanContactsAI-guwadasdfavaytaazydfgcudqdvc/Build/Intermediates.noindex/CleanContactsAI.build/Debug-iphoneos/iosApp.build/DerivedSources
    export DERIVED_SOURCES_DIR\=/Users/mac/Library/Developer/Xcode/DerivedData/CleanContactsAI-guwadasdfavaytaazydfgcudqdvc/Build/Intermediates.noindex/CleanContactsAI.build/Debug-iphoneos/iosApp.build/DerivedSources
    export DERIVE_MACCATALYST_PRODUCT_BUNDLE_IDENTIFIER\=NO
    export DEVELOPER_APPLICATIONS_DIR\=/Applications/Xcode.app/Contents/Developer/Applications
    export DEVELOPER_BIN_DIR\=/Applications/Xcode.app/Contents/Developer/usr/bin
    export DEVELOPER_DIR\=/Applications/Xcode.app/Contents/Developer
    export DEVELOPER_FRAMEWORKS_DIR\=/Applications/Xcode.app/Contents/Developer/Library/Frameworks
    export DEVELOPER_FRAMEWORKS_DIR_QUOTED\=/Applications/Xcode.app/Contents/Developer/Library/Frameworks
    export DEVELOPER_LIBRARY_DIR\=/Applications/Xcode.app/Contents/Developer/Library
    export DEVELOPER_SDK_DIR\=/Applications/Xcode.app/Contents/Developer/Platforms/MacOSX.platform/Developer/SDKs
    export DEVELOPER_TOOLS_DIR\=/Applications/Xcode.app/Contents/Developer/Tools
    export DEVELOPER_USR_DIR\=/Applications/Xcode.app/Contents/Developer/usr
    export DEVELOPMENT_LANGUAGE\=en
    export DEVELOPMENT_TEAM\=6QLNK7TXM3
    export DIAGNOSE_MISSING_TARGET_DEPENDENCIES\=YES
    export DIFF\=/usr/bin/diff
    export DOCUMENTATION_FOLDER_PATH\=iosApp.app/en.lproj/Documentation
    export DONT_GENERATE_INFOPLIST_FILE\=NO
    export DSTROOT\=/tmp/CleanContactsAI.dst
    export DT_TOOLCHAIN_DIR\=/Applications/Xcode.app/Contents/Developer/Toolchains/XcodeDefault.xctoolchain
    export DWARF_DSYM_FILE_NAME\=iosApp.app.dSYM
    export DWARF_DSYM_FILE_SHOULD_ACCOMPANY_PRODUCT\=NO
    export DWARF_DSYM_FOLDER_PATH\=/Users/mac/Library/Developer/Xcode/DerivedData/CleanContactsAI-guwadasdfavaytaazydfgcudqdvc/Build/Products/Debug-iphoneos
    export DYNAMIC_LIBRARY_EXTENSION\=dylib
    export EAGER_COMPILATION_ALLOW_SCRIPTS\=NO
    export EAGER_LINKING\=NO
    export EFFECTIVE_PLATFORM_NAME\=-iphoneos
    export EMBEDDED_CONTENT_CONTAINS_SWIFT\=NO
    export EMBEDDED_PROFILE_NAME\=embedded.mobileprovision
    export EMBED_ASSET_PACKS_IN_PRODUCT_BUNDLE\=NO
    export ENABLE_APP_SANDBOX\=NO
    export ENABLE_CODE_COVERAGE\=YES
    export ENABLE_CPLUSPLUS_BOUNDS_SAFE_BUFFERS\=NO
    export ENABLE_C_BOUNDS_SAFETY\=NO
    export ENABLE_DEBUG_DYLIB\=YES
    export ENABLE_DEFAULT_HEADER_SEARCH_PATHS\=YES
    export ENABLE_DEFAULT_SEARCH_PATHS\=YES
    export ENABLE_ENHANCED_SECURITY\=NO
    export ENABLE_HARDENED_RUNTIME\=NO
    export ENABLE_HEADER_DEPENDENCIES\=YES
    export ENABLE_INCOMING_NETWORK_CONNECTIONS\=NO
    export ENABLE_ON_DEMAND_RESOURCES\=YES
    export ENABLE_OUTGOING_NETWORK_CONNECTIONS\=NO
    export ENABLE_POINTER_AUTHENTICATION\=NO
    export ENABLE_PREVIEWS\=NO
    export ENABLE_RESOURCE_ACCESS_AUDIO_INPUT\=NO
    export ENABLE_RESOURCE_ACCESS_BLUETOOTH\=NO
    export ENABLE_RESOURCE_ACCESS_CALENDARS\=NO
    export ENABLE_RESOURCE_ACCESS_CAMERA\=NO
    export ENABLE_RESOURCE_ACCESS_CONTACTS\=NO
    export ENABLE_RESOURCE_ACCESS_LOCATION\=NO
    export ENABLE_RESOURCE_ACCESS_PHOTO_LIBRARY\=NO
    export ENABLE_RESOURCE_ACCESS_PRINTING\=NO
    export ENABLE_RESOURCE_ACCESS_USB\=NO
    export ENABLE_SDK_IMPORTS\=NO
    export ENABLE_SECURITY_COMPILER_WARNINGS\=NO
    export ENABLE_STRICT_OBJC_MSGSEND\=YES
    export ENABLE_TESTABILITY\=YES
    export ENABLE_TESTING_SEARCH_PATHS\=NO
    export ENABLE_USER_SCRIPT_SANDBOXING\=NO
    export ENABLE_XOJIT_PREVIEWS\=YES
    export ENFORCE_VALID_ARCHS\=YES
    export ENTITLEMENTS_ALLOWED\=YES
    export ENTITLEMENTS_DESTINATION\=Signature
    export ENTITLEMENTS_REQUIRED\=NO
    export EXCLUDED_INSTALLSRC_SUBDIRECTORY_PATTERNS\=.DS_Store\ .svn\ .git\ .hg\ CVS
    export EXCLUDED_RECURSIVE_SEARCH_PATH_SUBDIRECTORIES\=\*.nib\ \*.lproj\ \*.framework\ \*.gch\ \*.xcode\*\ \*.xcassets\ \*.icon\ \(\*\)\ .DS_Store\ CVS\ .svn\ .git\ .hg\ \*.pbproj\ \*.pbxproj
    export EXECUTABLES_FOLDER_PATH\=iosApp.app/Executables
    export EXECUTABLE_BLANK_INJECTION_DYLIB_PATH\=iosApp.app/__preview.dylib
    export EXECUTABLE_DEBUG_DYLIB_INSTALL_NAME\=@rpath/iosApp.debug.dylib
    export EXECUTABLE_DEBUG_DYLIB_PATH\=iosApp.app/iosApp.debug.dylib
    export EXECUTABLE_FOLDER_PATH\=iosApp.app
    export EXECUTABLE_FOLDER_PATH_SHALLOW_BUNDLE_NO\=iosApp.app/MacOS
    export EXECUTABLE_FOLDER_PATH_SHALLOW_BUNDLE_YES\=iosApp.app
    export EXECUTABLE_NAME\=iosApp
    export EXECUTABLE_PATH\=iosApp.app/iosApp
    export EXPANDED_CODE_SIGN_IDENTITY\=DD773A8D2E8838066161A6EB47A16FC2015BD7D5
    export EXPANDED_CODE_SIGN_IDENTITY_NAME\=Apple\ Development:\ Bassey\ John\ \(J4MXAZ4X3U\)
    export EXPANDED_PROVISIONING_PROFILE\=3fa804b2-8e3b-4bd5-8c8b-c6a0248c04a7
    export EXTENSIONS_FOLDER_PATH\=iosApp.app/Extensions
    export FILE_LIST\=/Users/mac/Library/Developer/Xcode/DerivedData/CleanContactsAI-guwadasdfavaytaazydfgcudqdvc/Build/Intermediates.noindex/CleanContactsAI.build/Debug-iphoneos/iosApp.build/Objects/LinkFileList
    export FIXED_FILES_DIR\=/Users/mac/Library/Developer/Xcode/DerivedData/CleanContactsAI-guwadasdfavaytaazydfgcudqdvc/Build/Intermediates.noindex/CleanContactsAI.build/Debug-iphoneos/iosApp.build/FixedFiles
    export FRAMEWORKS_FOLDER_PATH\=iosApp.app/Frameworks
    export FRAMEWORK_FLAG_PREFIX\=-framework
    export FRAMEWORK_SEARCH_PATHS\=/Users/mac/Library/Developer/Xcode/DerivedData/CleanContactsAI-guwadasdfavaytaazydfgcudqdvc/Build/Products/Debug-iphoneos\ /Users/mac/Downloads/CleanContactsAI/iosApp/../composeApp/build/xcode-frameworks\ \"../composeApp/build/xcode-frameworks\"
    export FRAMEWORK_VERSION\=A
    export FULL_PRODUCT_NAME\=iosApp.app
    export FUSE_BUILD_PHASES\=YES
    export FUSE_BUILD_SCRIPT_PHASES\=NO
    export GCC3_VERSION\=3.3
    export GCC_C_LANGUAGE_STANDARD\=gnu11
    export GCC_DYNAMIC_NO_PIC\=NO
    export GCC_INLINES_ARE_PRIVATE_EXTERN\=YES
    export GCC_NO_COMMON_BLOCKS\=YES
    export GCC_OPTIMIZATION_LEVEL\=0
    export GCC_PFE_FILE_C_DIALECTS\=c\ objective-c\ c++\ objective-c++
    export GCC_PREPROCESSOR_DEFINITIONS\=\ DEBUG\=1
    export GCC_SYMBOLS_PRIVATE_EXTERN\=NO
    export GCC_THUMB_SUPPORT\=YES
    export GCC_TREAT_WARNINGS_AS_ERRORS\=NO
    export GCC_VERSION\=com.apple.compilers.llvm.clang.1_0
    export GCC_VERSION_IDENTIFIER\=com_apple_compilers_llvm_clang_1_0
    export GCC_WARN_64_TO_32_BIT_CONVERSION\=YES
    export GCC_WARN_ABOUT_RETURN_TYPE\=YES_ERROR
    export GCC_WARN_UNDECLARED_SELECTOR\=YES
    export GCC_WARN_UNINITIALIZED_AUTOS\=YES_AGGRESSIVE
    export GCC_WARN_UNUSED_FUNCTION\=YES
    export GCC_WARN_UNUSED_VARIABLE\=YES
    export GENERATED_MODULEMAP_DIR\=/Users/mac/Library/Developer/Xcode/DerivedData/CleanContactsAI-guwadasdfavaytaazydfgcudqdvc/Build/Intermediates.noindex/GeneratedModuleMaps-iphoneos
    export GENERATE_INFOPLIST_FILE\=NO
    export GENERATE_INTERMEDIATE_TEXT_BASED_STUBS\=YES
    export GENERATE_PKGINFO_FILE\=YES
    export GENERATE_PRELINK_OBJECT_FILE\=NO
    export GENERATE_PROFILING_CODE\=NO
    export GENERATE_TEXT_BASED_STUBS\=NO
    export GID\=20
    export GROUP\=staff
    export HEADERMAP_INCLUDES_FLAT_ENTRIES_FOR_TARGET_BEING_BUILT\=YES
    export HEADERMAP_INCLUDES_FRAMEWORK_ENTRIES_FOR_ALL_PRODUCT_TYPES\=YES
    export HEADERMAP_INCLUDES_FRAMEWORK_ENTRIES_FOR_TARGETS_NOT_BEING_BUILT\=YES
    export HEADERMAP_INCLUDES_NONPUBLIC_NONPRIVATE_HEADERS\=YES
    export HEADERMAP_INCLUDES_PROJECT_HEADERS\=YES
    export HEADERMAP_USES_FRAMEWORK_PREFIX_ENTRIES\=YES
    export HEADERMAP_USES_VFS\=NO
    export HEADER_SEARCH_PATHS\=/Users/mac/Library/Developer/Xcode/DerivedData/CleanContactsAI-guwadasdfavaytaazydfgcudqdvc/Build/Products/Debug-iphoneos/include\ 
    export HOME\=/Users/mac
    export HOST_ARCH\=arm64
    export HOST_PLATFORM\=macosx
    export ICONV\=/usr/bin/iconv
    export IMPLICIT_DEPENDENCY_DOMAIN\=default
    export INFOPLIST_ENABLE_CFBUNDLEICONS_MERGE\=YES
    export INFOPLIST_EXPAND_BUILD_SETTINGS\=YES
    export INFOPLIST_FILE\=iosApp/Info.plist
    export INFOPLIST_OUTPUT_FORMAT\=binary
    export INFOPLIST_PATH\=iosApp.app/Info.plist
    export INFOPLIST_PREPROCESS\=NO
    export INFOSTRINGS_PATH\=iosApp.app/en.lproj/InfoPlist.strings
    export INLINE_PRIVATE_FRAMEWORKS\=NO
    export INSTALLAPI_IGNORE_SKIP_INSTALL\=YES
    export INSTALLHDRS_COPY_PHASE\=NO
    export INSTALLHDRS_SCRIPT_PHASE\=NO
    export INSTALL_DIR\=/tmp/CleanContactsAI.dst/Applications
    export INSTALL_GROUP\=staff
    export INSTALL_MODE_FLAG\=u+w,go-w,a+rX
    export INSTALL_OWNER\=mac
    export INSTALL_PATH\=/Applications
    export INSTALL_ROOT\=/tmp/CleanContactsAI.dst
    export IPHONEOS_DEPLOYMENT_TARGET\=16.0
    export IS_UNOPTIMIZED_BUILD\=YES
    export JAVAC_DEFAULT_FLAGS\=-J-Xms64m\ -J-XX:NewSize\=4M\ -J-Dfile.encoding\=UTF8
    export JAVA_APP_STUB\=/System/Library/Frameworks/JavaVM.framework/Resources/MacOS/JavaApplicationStub
    export JAVA_ARCHIVE_CLASSES\=YES
    export JAVA_ARCHIVE_TYPE\=JAR
    export JAVA_COMPILER\=/usr/bin/javac
    export JAVA_FOLDER_PATH\=iosApp.app/Java
    export JAVA_FRAMEWORK_RESOURCES_DIRS\=Resources
    export JAVA_JAR_FLAGS\=cv
    export JAVA_SOURCE_SUBDIR\=.
    export JAVA_USE_DEPENDENCIES\=YES
    export JAVA_ZIP_FLAGS\=-urg
    export JIKES_DEFAULT_FLAGS\=+E\ +OLDCSO
    export KASAN_CFLAGS_CLASSIC\=-DKASAN\=1\ -DKASAN_CLASSIC\=1\ -fsanitize\=address\ -mllvm\ -asan-globals-live-support\ -mllvm\ -asan-force-dynamic-shadow
    export KASAN_CFLAGS_TBI\=-DKASAN\=1\ -DKASAN_TBI\=1\ -fsanitize\=kernel-hwaddress\ -mllvm\ -hwasan-recover\=0\ -mllvm\ -hwasan-instrument-atomics\=0\ -mllvm\ -hwasan-instrument-stack\=1\ -mllvm\ -hwasan-generate-tags-with-calls\=1\ -mllvm\ -hwasan-instrument-with-calls\=1\ -mllvm\ -hwasan-use-short-granules\=0\ -mllvm\ -hwasan-memory-access-callback-prefix\=__asan_
    export KASAN_DEFAULT_CFLAGS\=-DKASAN\=1\ -DKASAN_CLASSIC\=1\ -fsanitize\=address\ -mllvm\ -asan-globals-live-support\ -mllvm\ -asan-force-dynamic-shadow
    export KEEP_PRIVATE_EXTERNS\=NO
    export LD_DEPENDENCY_INFO_FILE\=/Users/mac/Library/Developer/Xcode/DerivedData/CleanContactsAI-guwadasdfavaytaazydfgcudqdvc/Build/Intermediates.noindex/CleanContactsAI.build/Debug-iphoneos/iosApp.build/Objects-normal/undefined_arch/iosApp_dependency_info.dat
    export LD_EXPORT_SYMBOLS\=YES
    export LD_GENERATE_MAP_FILE\=NO
    export LD_MAP_FILE_PATH\=/Users/mac/Library/Developer/Xcode/DerivedData/CleanContactsAI-guwadasdfavaytaazydfgcudqdvc/Build/Intermediates.noindex/CleanContactsAI.build/Debug-iphoneos/iosApp.build/iosApp-LinkMap-normal-undefined_arch.txt
    export LD_NO_PIE\=NO
    export LD_QUOTE_LINKER_ARGUMENTS_FOR_COMPILER_DRIVER\=YES
    export LD_RUNPATH_SEARCH_PATHS\=\ @executable_path/Frameworks
    export LD_RUNPATH_SEARCH_PATHS_YES\=@loader_path/../Frameworks
    export LD_SHARED_CACHE_ELIGIBLE\=Automatic
    export LD_WARN_DUPLICATE_LIBRARIES\=NO
    export LD_WARN_UNUSED_DYLIBS\=NO
    export LEGACY_DEVELOPER_DIR\=/Applications/Xcode.app/Contents/PlugIns/Xcode3Core.ideplugin/Contents/SharedSupport/Developer
    export LEX\=lex
    export LIBRARY_DEXT_INSTALL_PATH\=/Library/DriverExtensions
    export LIBRARY_FLAG_NOSPACE\=YES
    export LIBRARY_FLAG_PREFIX\=-l
    export LIBRARY_KEXT_INSTALL_PATH\=/Library/Extensions
    export LIBRARY_SEARCH_PATHS\=/Users/mac/Library/Developer/Xcode/DerivedData/CleanContactsAI-guwadasdfavaytaazydfgcudqdvc/Build/Products/Debug-iphoneos\ 
    export LINKER_DISPLAYS_MANGLED_NAMES\=NO
    export LINK_FILE_LIST_normal_arm64\=/Users/mac/Library/Developer/Xcode/DerivedData/CleanContactsAI-guwadasdfavaytaazydfgcudqdvc/Build/Intermediates.noindex/CleanContactsAI.build/Debug-iphoneos/iosApp.build/Objects-normal/arm64/iosApp.LinkFileList
    export LINK_OBJC_RUNTIME\=YES
    export LINK_WITH_STANDARD_LIBRARIES\=YES
    export LLVM_TARGET_TRIPLE_OS_VERSION\=ios16.0
    export LLVM_TARGET_TRIPLE_VENDOR\=apple
    export LM_AUX_CONST_METADATA_LIST_PATH_normal_arm64\=/Users/mac/Library/Developer/Xcode/DerivedData/CleanContactsAI-guwadasdfavaytaazydfgcudqdvc/Build/Intermediates.noindex/CleanContactsAI.build/Debug-iphoneos/iosApp.build/Objects-normal/arm64/iosApp.SwiftConstValuesFileList
    export LOCALIZATION_EXPORT_SUPPORTED\=YES
    export LOCALIZATION_PREFERS_STRING_CATALOGS\=NO
    export LOCALIZED_RESOURCES_FOLDER_PATH\=iosApp.app/en.lproj
    export LOCALIZED_STRING_MACRO_NAMES\=NSLocalizedString\ CFCopyLocalizedString
    export LOCALIZED_STRING_SWIFTUI_SUPPORT\=YES
    export LOCAL_ADMIN_APPS_DIR\=/Applications/Utilities
    export LOCAL_APPS_DIR\=/Applications
    export LOCAL_DEVELOPER_DIR\=/Library/Developer
    export LOCAL_LIBRARY_DIR\=/Library
    export LOCROOT\=/Users/mac/Downloads/CleanContactsAI/iosApp
    export LOCSYMROOT\=/Users/mac/Downloads/CleanContactsAI/iosApp
    export MACH_O_TYPE\=mh_execute
    export MAC_OS_X_PRODUCT_BUILD_VERSION\=25C56
    export MAC_OS_X_VERSION_ACTUAL\=260200
    export MAC_OS_X_VERSION_MAJOR\=260000
    export MAC_OS_X_VERSION_MINOR\=260200
    export MAKE_MERGEABLE\=NO
    export MARKETING_VERSION\=1.0.0
    export MERGEABLE_LIBRARY\=NO
    export MERGED_BINARY_TYPE\=none
    export MERGE_LINKED_LIBRARIES\=NO
    export METAL_LIBRARY_FILE_BASE\=default
    export METAL_LIBRARY_OUTPUT_DIR\=/Users/mac/Library/Developer/Xcode/DerivedData/CleanContactsAI-guwadasdfavaytaazydfgcudqdvc/Build/Products/Debug-iphoneos/iosApp.app
    export MODULES_FOLDER_PATH\=iosApp.app/Modules
    export MODULE_CACHE_DIR\=/Users/mac/Library/Developer/Xcode/DerivedData/ModuleCache.noindex
    export MTL_ENABLE_DEBUG_INFO\=INCLUDE_SOURCE
    export MTL_FAST_MATH\=YES
    export NATIVE_ARCH\=arm64
    export NATIVE_ARCH_32_BIT\=arm
    export NATIVE_ARCH_64_BIT\=arm64
    export NATIVE_ARCH_ACTUAL\=arm64
    export NO_COMMON\=YES
    export OBJECT_FILE_DIR\=/Users/mac/Library/Developer/Xcode/DerivedData/CleanContactsAI-guwadasdfavaytaazydfgcudqdvc/Build/Intermediates.noindex/CleanContactsAI.build/Debug-iphoneos/iosApp.build/Objects
    export OBJECT_FILE_DIR_normal\=/Users/mac/Library/Developer/Xcode/DerivedData/CleanContactsAI-guwadasdfavaytaazydfgcudqdvc/Build/Intermediates.noindex/CleanContactsAI.build/Debug-iphoneos/iosApp.build/Objects-normal
    export OBJROOT\=/Users/mac/Library/Developer/Xcode/DerivedData/CleanContactsAI-guwadasdfavaytaazydfgcudqdvc/Build/Intermediates.noindex
    export ONLY_ACTIVE_ARCH\=YES
    export OS\=MACOS
    export OSAC\=/usr/bin/osacompile
    export OTHER_LDFLAGS\=\ -framework\ composeApp
    export PACKAGE_TYPE\=com.apple.package-type.wrapper.application
    export PASCAL_STRINGS\=YES
    export PATH\=/Applications/Xcode.app/Contents/SharedFrameworks/SwiftBuild.framework/Versions/A/PlugIns/SWBBuildService.bundle/Contents/PlugIns/SWBUniversalPlatformPlugin.bundle/Contents/Frameworks/SWBUniversalPlatform.framework/Resources:/Applications/Xcode.app/Contents/Developer/Toolchains/XcodeDefault.xctoolchain/usr/bin:/Applications/Xcode.app/Contents/Developer/Toolchains/XcodeDefault.xctoolchain/usr/local/bin:/Applications/Xcode.app/Contents/Developer/Toolchains/XcodeDefault.xctoolchain/usr/libexec:/Applications/Xcode.app/Contents/Developer/Platforms/iPhoneOS.platform/usr/bin:/Applications/Xcode.app/Contents/Developer/Platforms/iPhoneOS.platform/usr/local/bin:/Applications/Xcode.app/Contents/Developer/Platforms/iPhoneOS.platform/Developer/usr/bin:/Applications/Xcode.app/Contents/Developer/Platforms/iPhoneOS.platform/Developer/usr/local/bin:/Applications/Xcode.app/Contents/Developer/usr/bin:/Applications/Xcode.app/Contents/Developer/usr/local/bin:/Users/mac/.local/bin:/Users/mac/.npm-global/bin:/usr/local/bin:/System/Cryptexes/App/usr/bin:/usr/bin:/bin:/usr/sbin:/sbin:/var/run/com.apple.security.cryptexd/codex.system/bootstrap/usr/local/bin:/var/run/com.apple.security.cryptexd/codex.system/bootstrap/usr/bin:/var/run/com.apple.security.cryptexd/codex.system/bootstrap/usr/appleinternal/bin:/opt/pmk/env/global/bin:/Library/Apple/usr/bin:/opt/homebrew/bin:/Users/mac/Library/pnpm
    export PATH_PREFIXES_EXCLUDED_FROM_HEADER_DEPENDENCIES\=/usr/include\ /usr/local/include\ /System/Library/Frameworks\ /System/Library/PrivateFrameworks\ /Applications/Xcode.app/Contents/Developer/Headers\ /Applications/Xcode.app/Contents/Developer/SDKs\ /Applications/Xcode.app/Contents/Developer/Platforms
    export PBDEVELOPMENTPLIST_PATH\=iosApp.app/pbdevelopment.plist
    export PER_ARCH_MODULE_FILE_DIR\=/Users/mac/Library/Developer/Xcode/DerivedData/CleanContactsAI-guwadasdfavaytaazydfgcudqdvc/Build/Intermediates.noindex/CleanContactsAI.build/Debug-iphoneos/iosApp.build/Objects-normal/undefined_arch
    export PER_ARCH_OBJECT_FILE_DIR\=/Users/mac/Library/Developer/Xcode/DerivedData/CleanContactsAI-guwadasdfavaytaazydfgcudqdvc/Build/Intermediates.noindex/CleanContactsAI.build/Debug-iphoneos/iosApp.build/Objects-normal/undefined_arch
    export PER_VARIANT_OBJECT_FILE_DIR\=/Users/mac/Library/Developer/Xcode/DerivedData/CleanContactsAI-guwadasdfavaytaazydfgcudqdvc/Build/Intermediates.noindex/CleanContactsAI.build/Debug-iphoneos/iosApp.build/Objects-normal
    export PKGINFO_FILE_PATH\=/Users/mac/Library/Developer/Xcode/DerivedData/CleanContactsAI-guwadasdfavaytaazydfgcudqdvc/Build/Intermediates.noindex/CleanContactsAI.build/Debug-iphoneos/iosApp.build/PkgInfo
    export PKGINFO_PATH\=iosApp.app/PkgInfo
    export PLATFORM_DEVELOPER_APPLICATIONS_DIR\=/Applications/Xcode.app/Contents/Developer/Platforms/iPhoneOS.platform/Developer/Applications
    export PLATFORM_DEVELOPER_BIN_DIR\=/Applications/Xcode.app/Contents/Developer/Platforms/iPhoneOS.platform/Developer/usr/bin
    export PLATFORM_DEVELOPER_LIBRARY_DIR\=/Applications/Xcode.app/Contents/Developer/Platforms/iPhoneOS.platform/Developer/Library
    export PLATFORM_DEVELOPER_SDK_DIR\=/Applications/Xcode.app/Contents/Developer/Platforms/iPhoneOS.platform/Developer/SDKs
    export PLATFORM_DEVELOPER_TOOLS_DIR\=/Applications/Xcode.app/Contents/Developer/Platforms/iPhoneOS.platform/Developer/Tools
    export PLATFORM_DEVELOPER_USR_DIR\=/Applications/Xcode.app/Contents/Developer/Platforms/iPhoneOS.platform/Developer/usr
    export PLATFORM_DIR\=/Applications/Xcode.app/Contents/Developer/Platforms/iPhoneOS.platform
    export PLATFORM_DISPLAY_NAME\=iOS
    export PLATFORM_FAMILY_NAME\=iOS
    export PLATFORM_NAME\=iphoneos
    export PLATFORM_PREFERRED_ARCH\=arm64
    export PLATFORM_PRODUCT_BUILD_VERSION\=23C53
    export PLATFORM_REQUIRES_SWIFT_AUTOLINK_EXTRACT\=NO
    export PLATFORM_REQUIRES_SWIFT_MODULEWRAP\=NO
    export PLIST_FILE_OUTPUT_FORMAT\=binary
    export PLUGINS_FOLDER_PATH\=iosApp.app/PlugIns
    export PRECOMPS_INCLUDE_HEADERS_FROM_BUILT_PRODUCTS_DIR\=YES
    export PRECOMP_DESTINATION_DIR\=/Users/mac/Library/Developer/Xcode/DerivedData/CleanContactsAI-guwadasdfavaytaazydfgcudqdvc/Build/Intermediates.noindex/CleanContactsAI.build/Debug-iphoneos/iosApp.build/PrefixHeaders
    export PRIVATE_HEADERS_FOLDER_PATH\=iosApp.app/PrivateHeaders
    export PROCESSED_INFOPLIST_PATH\=/Users/mac/Library/Developer/Xcode/DerivedData/CleanContactsAI-guwadasdfavaytaazydfgcudqdvc/Build/Intermediates.noindex/CleanContactsAI.build/Debug-iphoneos/iosApp.build/Objects-normal/undefined_arch/Processed-Info.plist
    export PRODUCT_BUNDLE_IDENTIFIER\=com.ogabassey.contactscleaner.iosApp
    export PRODUCT_BUNDLE_PACKAGE_TYPE\=APPL
    export PRODUCT_MODULE_NAME\=iosApp
    export PRODUCT_NAME\=iosApp
    export PRODUCT_SETTINGS_PATH\=/Users/mac/Downloads/CleanContactsAI/iosApp/iosApp/Info.plist
    export PRODUCT_TYPE\=com.apple.product-type.application
    export PROFILING_CODE\=NO
    export PROJECT\=CleanContactsAI
    export PROJECT_DERIVED_FILE_DIR\=/Users/mac/Library/Developer/Xcode/DerivedData/CleanContactsAI-guwadasdfavaytaazydfgcudqdvc/Build/Intermediates.noindex/CleanContactsAI.build/DerivedSources
    export PROJECT_DIR\=/Users/mac/Downloads/CleanContactsAI/iosApp
    export PROJECT_FILE_PATH\=/Users/mac/Downloads/CleanContactsAI/iosApp/CleanContactsAI.xcodeproj
    export PROJECT_GUID\=8bed968c0a16b1da9b66279f7fe3f785
    export PROJECT_NAME\=CleanContactsAI
    export PROJECT_TEMP_DIR\=/Users/mac/Library/Developer/Xcode/DerivedData/CleanContactsAI-guwadasdfavaytaazydfgcudqdvc/Build/Intermediates.noindex/CleanContactsAI.build
    export PROJECT_TEMP_ROOT\=/Users/mac/Library/Developer/Xcode/DerivedData/CleanContactsAI-guwadasdfavaytaazydfgcudqdvc/Build/Intermediates.noindex
    export PROVISIONING_PROFILE_REQUIRED\=YES
    export PROVISIONING_PROFILE_REQUIRED_YES_YES\=YES
    export PROVISIONING_PROFILE_SUPPORTED\=YES
    export PUBLIC_HEADERS_FOLDER_PATH\=iosApp.app/Headers
    export RECOMMENDED_IPHONEOS_DEPLOYMENT_TARGET\=15.0
    export RECURSIVE_SEARCH_PATHS_FOLLOW_SYMLINKS\=YES
    export REMOVE_CVS_FROM_RESOURCES\=YES
    export REMOVE_GIT_FROM_RESOURCES\=YES
    export REMOVE_HEADERS_FROM_EMBEDDED_BUNDLES\=YES
    export REMOVE_HG_FROM_RESOURCES\=YES
    export REMOVE_STATIC_EXECUTABLES_FROM_EMBEDDED_BUNDLES\=YES
    export REMOVE_SVN_FROM_RESOURCES\=YES
    export RESCHEDULE_INDEPENDENT_HEADERS_PHASES\=YES
    export REZ_COLLECTOR_DIR\=/Users/mac/Library/Developer/Xcode/DerivedData/CleanContactsAI-guwadasdfavaytaazydfgcudqdvc/Build/Intermediates.noindex/CleanContactsAI.build/Debug-iphoneos/iosApp.build/ResourceManagerResources
    export REZ_OBJECTS_DIR\=/Users/mac/Library/Developer/Xcode/DerivedData/CleanContactsAI-guwadasdfavaytaazydfgcudqdvc/Build/Intermediates.noindex/CleanContactsAI.build/Debug-iphoneos/iosApp.build/ResourceManagerResources/Objects
    export REZ_SEARCH_PATHS\=/Users/mac/Library/Developer/Xcode/DerivedData/CleanContactsAI-guwadasdfavaytaazydfgcudqdvc/Build/Products/Debug-iphoneos\ 
    export RUNTIME_EXCEPTION_ALLOW_DYLD_ENVIRONMENT_VARIABLES\=NO
    export RUNTIME_EXCEPTION_ALLOW_JIT\=NO
    export RUNTIME_EXCEPTION_ALLOW_UNSIGNED_EXECUTABLE_MEMORY\=NO
    export RUNTIME_EXCEPTION_DEBUGGING_TOOL\=NO
    export RUNTIME_EXCEPTION_DISABLE_EXECUTABLE_PAGE_PROTECTION\=NO
    export RUNTIME_EXCEPTION_DISABLE_LIBRARY_VALIDATION\=NO
    export SCAN_ALL_SOURCE_FILES_FOR_INCLUDES\=NO
    export SCRIPTS_FOLDER_PATH\=iosApp.app/Scripts
    export SCRIPT_INPUT_FILE_COUNT\=0
    export SCRIPT_INPUT_FILE_LIST_COUNT\=0
    export SCRIPT_OUTPUT_FILE_COUNT\=0
    export SCRIPT_OUTPUT_FILE_LIST_COUNT\=0
    export SDKROOT\=/Applications/Xcode.app/Contents/Developer/Platforms/iPhoneOS.platform/Developer/SDKs/iPhoneOS26.2.sdk
    export SDK_DIR\=/Applications/Xcode.app/Contents/Developer/Platforms/iPhoneOS.platform/Developer/SDKs/iPhoneOS26.2.sdk
    export SDK_DIR_iphoneos\=/Applications/Xcode.app/Contents/Developer/Platforms/iPhoneOS.platform/Developer/SDKs/iPhoneOS26.2.sdk
    export SDK_DIR_iphoneos26_2\=/Applications/Xcode.app/Contents/Developer/Platforms/iPhoneOS.platform/Developer/SDKs/iPhoneOS26.2.sdk
    export SDK_NAME\=iphoneos26.2
    export SDK_NAMES\=iphoneos26.2
    export SDK_PRODUCT_BUILD_VERSION\=23C53
    export SDK_STAT_CACHE_DIR\=/Users/mac/Library/Developer/Xcode/DerivedData
    export SDK_STAT_CACHE_ENABLE\=YES
    export SDK_STAT_CACHE_PATH\=/Users/mac/Library/Developer/Xcode/DerivedData/SDKStatCaches.noindex/iphoneos26.2-23C53-3794476bd08197c3e2abd9bb477ef7f7.sdkstatcache
    export SDK_VERSION\=26.2
    export SDK_VERSION_ACTUAL\=260200
    export SDK_VERSION_MAJOR\=260000
    export SDK_VERSION_MINOR\=260200
    export SED\=/usr/bin/sed
    export SEPARATE_STRIP\=NO
    export SEPARATE_SYMBOL_EDIT\=NO
    export SET_DIR_MODE_OWNER_GROUP\=YES
    export SET_FILE_MODE_OWNER_GROUP\=NO
    export SHALLOW_BUNDLE\=YES
    export SHALLOW_BUNDLE_TRIPLE\=ios
    export SHALLOW_BUNDLE_ios_macabi\=NO
    export SHALLOW_BUNDLE_macos\=NO
    export SHARED_DERIVED_FILE_DIR\=/Users/mac/Library/Developer/Xcode/DerivedData/CleanContactsAI-guwadasdfavaytaazydfgcudqdvc/Build/Products/Debug-iphoneos/DerivedSources
    export SHARED_FRAMEWORKS_FOLDER_PATH\=iosApp.app/SharedFrameworks
    export SHARED_PRECOMPS_DIR\=/Users/mac/Library/Developer/Xcode/DerivedData/CleanContactsAI-guwadasdfavaytaazydfgcudqdvc/Build/Intermediates.noindex/PrecompiledHeaders
    export SHARED_SUPPORT_FOLDER_PATH\=iosApp.app/SharedSupport
    export SKIP_INSTALL\=NO
    export SOURCE_ROOT\=/Users/mac/Downloads/CleanContactsAI/iosApp
    export SRCROOT\=/Users/mac/Downloads/CleanContactsAI/iosApp
    export STRINGSDATA_DIR\=/Users/mac/Library/Developer/Xcode/DerivedData/CleanContactsAI-guwadasdfavaytaazydfgcudqdvc/Build/Intermediates.noindex/CleanContactsAI.build/Debug-iphoneos/iosApp.build/Objects-normal/undefined_arch
    export STRINGSDATA_ROOT\=/Users/mac/Library/Developer/Xcode/DerivedData/CleanContactsAI-guwadasdfavaytaazydfgcudqdvc/Build/Intermediates.noindex/CleanContactsAI.build/Debug-iphoneos/iosApp.build
    export STRINGS_FILE_INFOPLIST_RENAME\=YES
    export STRINGS_FILE_OUTPUT_ENCODING\=binary
    export STRING_CATALOG_GENERATE_SYMBOLS\=NO
    export STRIP_BITCODE_FROM_COPIED_FILES\=YES
    export STRIP_INSTALLED_PRODUCT\=NO
    export STRIP_STYLE\=all
    export STRIP_SWIFT_SYMBOLS\=YES
    export SUPPORTED_DEVICE_FAMILIES\=1,2
    export SUPPORTED_PLATFORMS\=iphoneos\ iphonesimulator
    export SUPPORTS_MACCATALYST\=NO
    export SUPPORTS_MAC_DESIGNED_FOR_IPHONE_IPAD\=YES
    export SUPPORTS_ON_DEMAND_RESOURCES\=YES
    export SUPPORTS_TEXT_BASED_API\=NO
    export SUPPORTS_XR_DESIGNED_FOR_IPHONE_IPAD\=YES
    export SUPPRESS_WARNINGS\=NO
    export SWIFT_ACTIVE_COMPILATION_CONDITIONS\=DEBUG
    export SWIFT_EMIT_CONST_VALUE_PROTOCOLS\=AppIntent\ EntityQuery\ AppEntity\ TransientEntity\ AppEnum\ AppShortcutProviding\ AppShortcutsProvider\ AnyResolverProviding\ AppIntentsPackage\ DynamicOptionsProvider\ _IntentValueRepresentable\ _AssistantIntentsProvider\ _GenerativeFunctionExtractable\ IntentValueQuery\ Resolver\ AppExtension\ ExtensionPointDefining
    export SWIFT_EMIT_LOC_STRINGS\=NO
    export SWIFT_ENABLE_EXPLICIT_MODULES\=YES
    export SWIFT_OPTIMIZATION_LEVEL\=-Onone
    export SWIFT_PLATFORM_TARGET_PREFIX\=ios
    export SWIFT_RESPONSE_FILE_PATH_normal_arm64\=/Users/mac/Library/Developer/Xcode/DerivedData/CleanContactsAI-guwadasdfavaytaazydfgcudqdvc/Build/Intermediates.noindex/CleanContactsAI.build/Debug-iphoneos/iosApp.build/Objects-normal/arm64/iosApp.SwiftFileList
    export SWIFT_VERSION\=5.0
    export SYMROOT\=/Users/mac/Library/Developer/Xcode/DerivedData/CleanContactsAI-guwadasdfavaytaazydfgcudqdvc/Build/Products
    export SYSTEM_ADMIN_APPS_DIR\=/Applications/Utilities
    export SYSTEM_APPS_DIR\=/Applications
    export SYSTEM_CORE_SERVICES_DIR\=/System/Library/CoreServices
    export SYSTEM_DEMOS_DIR\=/Applications/Extras
    export SYSTEM_DEVELOPER_APPS_DIR\=/Applications/Xcode.app/Contents/Developer/Applications
    export SYSTEM_DEVELOPER_BIN_DIR\=/Applications/Xcode.app/Contents/Developer/usr/bin
    export SYSTEM_DEVELOPER_DEMOS_DIR\=/Applications/Xcode.app/Contents/Developer/Applications/Utilities/Built\ Examples
    export SYSTEM_DEVELOPER_DIR\=/Applications/Xcode.app/Contents/Developer
    export SYSTEM_DEVELOPER_DOC_DIR\=/Applications/Xcode.app/Contents/Developer/ADC\ Reference\ Library
    export SYSTEM_DEVELOPER_GRAPHICS_TOOLS_DIR\=/Applications/Xcode.app/Contents/Developer/Applications/Graphics\ Tools
    export SYSTEM_DEVELOPER_JAVA_TOOLS_DIR\=/Applications/Xcode.app/Contents/Developer/Applications/Java\ Tools
    export SYSTEM_DEVELOPER_PERFORMANCE_TOOLS_DIR\=/Applications/Xcode.app/Contents/Developer/Applications/Performance\ Tools
    export SYSTEM_DEVELOPER_RELEASENOTES_DIR\=/Applications/Xcode.app/Contents/Developer/ADC\ Reference\ Library/releasenotes
    export SYSTEM_DEVELOPER_TOOLS\=/Applications/Xcode.app/Contents/Developer/Tools
    export SYSTEM_DEVELOPER_TOOLS_DOC_DIR\=/Applications/Xcode.app/Contents/Developer/ADC\ Reference\ Library/documentation/DeveloperTools
    export SYSTEM_DEVELOPER_TOOLS_RELEASENOTES_DIR\=/Applications/Xcode.app/Contents/Developer/ADC\ Reference\ Library/releasenotes/DeveloperTools
    export SYSTEM_DEVELOPER_USR_DIR\=/Applications/Xcode.app/Contents/Developer/usr
    export SYSTEM_DEVELOPER_UTILITIES_DIR\=/Applications/Xcode.app/Contents/Developer/Applications/Utilities
    export SYSTEM_DEXT_INSTALL_PATH\=/System/Library/DriverExtensions
    export SYSTEM_DOCUMENTATION_DIR\=/Library/Documentation
    export SYSTEM_EXTENSIONS_FOLDER_PATH\=iosApp.app/SystemExtensions
    export SYSTEM_EXTENSIONS_FOLDER_PATH_SHALLOW_BUNDLE_NO\=iosApp.app/Library/SystemExtensions
    export SYSTEM_EXTENSIONS_FOLDER_PATH_SHALLOW_BUNDLE_YES\=iosApp.app/SystemExtensions
    export SYSTEM_KEXT_INSTALL_PATH\=/System/Library/Extensions
    export SYSTEM_LIBRARY_DIR\=/System/Library
    export TAPI_DEMANGLE\=YES
    export TAPI_ENABLE_PROJECT_HEADERS\=NO
    export TAPI_LANGUAGE\=objective-c
    export TAPI_LANGUAGE_STANDARD\=compiler-default
    export TAPI_USE_SRCROOT\=YES
    export TAPI_VERIFY_MODE\=Pedantic
    export TARGETED_DEVICE_FAMILY\=1,2
    export TARGETNAME\=iosApp
    export TARGET_BUILD_DIR\=/Users/mac/Library/Developer/Xcode/DerivedData/CleanContactsAI-guwadasdfavaytaazydfgcudqdvc/Build/Products/Debug-iphoneos
    export TARGET_DEVICE_IDENTIFIER\=00008140-000E6C2E3CC0801C
    export TARGET_DEVICE_MODEL\=iPhone17,2
    export TARGET_DEVICE_OS_VERSION\=26.2
    export TARGET_DEVICE_PLATFORM_NAME\=iphoneos
    export TARGET_NAME\=iosApp
    export TARGET_TEMP_DIR\=/Users/mac/Library/Developer/Xcode/DerivedData/CleanContactsAI-guwadasdfavaytaazydfgcudqdvc/Build/Intermediates.noindex/CleanContactsAI.build/Debug-iphoneos/iosApp.build
    export TEMP_DIR\=/Users/mac/Library/Developer/Xcode/DerivedData/CleanContactsAI-guwadasdfavaytaazydfgcudqdvc/Build/Intermediates.noindex/CleanContactsAI.build/Debug-iphoneos/iosApp.build
    export TEMP_FILES_DIR\=/Users/mac/Library/Developer/Xcode/DerivedData/CleanContactsAI-guwadasdfavaytaazydfgcudqdvc/Build/Intermediates.noindex/CleanContactsAI.build/Debug-iphoneos/iosApp.build
    export TEMP_FILE_DIR\=/Users/mac/Library/Developer/Xcode/DerivedData/CleanContactsAI-guwadasdfavaytaazydfgcudqdvc/Build/Intermediates.noindex/CleanContactsAI.build/Debug-iphoneos/iosApp.build
    export TEMP_ROOT\=/Users/mac/Library/Developer/Xcode/DerivedData/CleanContactsAI-guwadasdfavaytaazydfgcudqdvc/Build/Intermediates.noindex
    export TEMP_SANDBOX_DIR\=/Users/mac/Library/Developer/Xcode/DerivedData/CleanContactsAI-guwadasdfavaytaazydfgcudqdvc/Build/Intermediates.noindex/TemporaryTaskSandboxes
    export TEST_FRAMEWORK_SEARCH_PATHS\=\ /Applications/Xcode.app/Contents/Developer/Platforms/iPhoneOS.platform/Developer/Library/Frameworks\ /Applications/Xcode.app/Contents/Developer/Platforms/iPhoneOS.platform/Developer/SDKs/iPhoneOS26.2.sdk/Developer/Library/Frameworks
    export TEST_LIBRARY_SEARCH_PATHS\=\ /Applications/Xcode.app/Contents/Developer/Platforms/iPhoneOS.platform/Developer/usr/lib
    export TOOLCHAINS\=com.apple.dt.toolchain.XcodeDefault
    export TOOLCHAIN_DIR\=/Applications/Xcode.app/Contents/Developer/Toolchains/XcodeDefault.xctoolchain
    export TREAT_MISSING_BASELINES_AS_TEST_FAILURES\=NO
    export TREAT_MISSING_SCRIPT_PHASE_OUTPUTS_AS_ERRORS\=NO
    export TeamIdentifierPrefix\=6QLNK7TXM3.
    export UID\=501
    export UNINSTALLED_PRODUCTS_DIR\=/Users/mac/Library/Developer/Xcode/DerivedData/CleanContactsAI-guwadasdfavaytaazydfgcudqdvc/Build/Intermediates.noindex/UninstalledProducts
    export UNLOCALIZED_RESOURCES_FOLDER_PATH\=iosApp.app
    export UNLOCALIZED_RESOURCES_FOLDER_PATH_SHALLOW_BUNDLE_NO\=iosApp.app/Resources
    export UNLOCALIZED_RESOURCES_FOLDER_PATH_SHALLOW_BUNDLE_YES\=iosApp.app
    export UNSTRIPPED_PRODUCT\=NO
    export USER\=mac
    export USER_APPS_DIR\=/Users/mac/Applications
    export USER_LIBRARY_DIR\=/Users/mac/Library
    export USE_DYNAMIC_NO_PIC\=YES
    export USE_HEADERMAP\=YES
    export USE_HEADER_SYMLINKS\=NO
    export VALIDATE_DEVELOPMENT_ASSET_PATHS\=YES_ERROR
    export VALIDATE_PRODUCT\=NO
    export VALID_ARCHS\=arm64\ arm64e\ armv7\ armv7s
    export VERBOSE_PBXCP\=NO
    export VERSIONPLIST_PATH\=iosApp.app/version.plist
    export VERSION_INFO_BUILDER\=mac
    export VERSION_INFO_FILE\=iosApp_vers.c
    export VERSION_INFO_STRING\=\"@\(\#\)PROGRAM:iosApp\ \ PROJECT:CleanContactsAI-1\"
    export WORKSPACE_DIR\=/Users/mac/Downloads/CleanContactsAI/iosApp/CleanContactsAI.xcodeproj
    export WRAPPER_EXTENSION\=app
    export WRAPPER_NAME\=iosApp.app
    export WRAPPER_SUFFIX\=.app
    export WRAP_ASSET_PACKS_IN_SEPARATE_DIRECTORIES\=NO
    export XCODE_APP_SUPPORT_DIR\=/Applications/Xcode.app/Contents/Developer/Library/Xcode
    export XCODE_PRODUCT_BUILD_VERSION\=17C52
    export XCODE_VERSION_ACTUAL\=2620
    export XCODE_VERSION_MAJOR\=2600
    export XCODE_VERSION_MINOR\=2620
    export XPCSERVICES_FOLDER_PATH\=iosApp.app/XPCServices
    export YACC\=yacc
    export _DISCOVER_COMMAND_LINE_LINKER_INPUTS\=YES
    export _DISCOVER_COMMAND_LINE_LINKER_INPUTS_INCLUDE_WL\=YES
    export _LD_MULTIARCH\=YES
    export _WRAPPER_CONTENTS_DIR_SHALLOW_BUNDLE_NO\=/Contents
    export _WRAPPER_PARENT_PATH_SHALLOW_BUNDLE_NO\=/..
    export _WRAPPER_RESOURCES_DIR_SHALLOW_BUNDLE_NO\=/Resources
    export __DIAGNOSE_DEPRECATED_ARCHS\=YES
    export __IS_NOT_MACOS\=YES
    export __IS_NOT_MACOS_macosx\=NO
    export __IS_NOT_SIMULATOR\=YES
    export __IS_NOT_SIMULATOR_simulator\=NO
    export arch\=undefined_arch
    export variant\=normal
    /bin/sh -c /Users/mac/Library/Developer/Xcode/DerivedData/CleanContactsAI-guwadasdfavaytaazydfgcudqdvc/Build/Intermediates.noindex/CleanContactsAI.build/Debug-iphoneos/iosApp.build/Script-2DFF75459D1E01E37DF93A02.sh

> Configure project :androidApp
WARNING: The option setting 'android.disallowKotlinSourceSets=false' is experimental.
The current default is 'true'.

> Task :composeApp:checkSandboxAndWriteProtection
> Task :composeApp:kmpPartiallyResolvedDependenciesChecker
> Task :composeApp:checkKotlinGradlePluginConfigurationErrors SKIPPED
> Task :composeApp:downloadKotlinNativeDistribution UP-TO-DATE
> Task :composeApp:convertXmlValueResourcesForAppleMain NO-SOURCE
> Task :composeApp:copyNonXmlValueResourcesForAppleMain NO-SOURCE
> Task :composeApp:prepareComposeResourcesTaskForAppleMain NO-SOURCE
> Task :composeApp:generateResourceAccessorsForAppleMain NO-SOURCE
> Task :composeApp:convertXmlValueResourcesForCommonMain NO-SOURCE
> Task :composeApp:copyNonXmlValueResourcesForCommonMain NO-SOURCE
> Task :composeApp:prepareComposeResourcesTaskForCommonMain NO-SOURCE
> Task :composeApp:generateResourceAccessorsForCommonMain NO-SOURCE
> Task :composeApp:convertXmlValueResourcesForIosArm64Main NO-SOURCE
> Task :composeApp:copyNonXmlValueResourcesForIosArm64Main NO-SOURCE
> Task :composeApp:prepareComposeResourcesTaskForIosArm64Main NO-SOURCE
> Task :composeApp:generateResourceAccessorsForIosArm64Main NO-SOURCE
> Task :composeApp:convertXmlValueResourcesForIosMain NO-SOURCE
> Task :composeApp:copyNonXmlValueResourcesForIosMain NO-SOURCE
> Task :composeApp:prepareComposeResourcesTaskForIosMain NO-SOURCE
> Task :composeApp:generateResourceAccessorsForIosMain NO-SOURCE
> Task :composeApp:convertXmlValueResourcesForNativeMain NO-SOURCE
> Task :composeApp:copyNonXmlValueResourcesForNativeMain NO-SOURCE
> Task :composeApp:prepareComposeResourcesTaskForNativeMain NO-SOURCE
> Task :composeApp:generateResourceAccessorsForNativeMain NO-SOURCE
> Task :composeApp:generateActualResourceCollectorsForIosArm64Main UP-TO-DATE
> Task :composeApp:generateComposeResClass UP-TO-DATE
> Task :composeApp:generateExpectResourceCollectorsForCommonMain UP-TO-DATE
> Task :shared:kmpPartiallyResolvedDependenciesChecker
> Task :shared:checkKotlinGradlePluginConfigurationErrors SKIPPED
> Task :shared:downloadKotlinNativeDistribution UP-TO-DATE
> Task :composeApp:createBuildSystemDirectory
> Task :composeApp:symbolicLinkToAssembleDebugAppleFrameworkForXcodeIosArm64
> Task :composeApp:checkCanSyncComposeResourcesForIos
> Task :composeApp:iosArm64ResolveResourcesFromDependencies UP-TO-DATE
> Task :composeApp:assembleIosArm64MainResources UP-TO-DATE
> Task :composeApp:iosArm64ResolveSelfResourcesCopyHierarchicalMultiplatformResources UP-TO-DATE
> Task :composeApp:iosArm64AggregateResources UP-TO-DATE
> Task :composeApp:iosSimulatorArm64ResolveResourcesFromDependencies UP-TO-DATE
> Task :composeApp:convertXmlValueResourcesForIosSimulatorArm64Main NO-SOURCE
> Task :composeApp:copyNonXmlValueResourcesForIosSimulatorArm64Main NO-SOURCE
> Task :composeApp:prepareComposeResourcesTaskForIosSimulatorArm64Main NO-SOURCE
> Task :composeApp:assembleIosSimulatorArm64MainResources UP-TO-DATE
> Task :composeApp:iosSimulatorArm64ResolveSelfResourcesCopyHierarchicalMultiplatformResources UP-TO-DATE
> Task :composeApp:iosSimulatorArm64AggregateResources UP-TO-DATE
> Task :composeApp:iosX64ResolveResourcesFromDependencies UP-TO-DATE
> Task :composeApp:convertXmlValueResourcesForIosX64Main NO-SOURCE
> Task :composeApp:copyNonXmlValueResourcesForIosX64Main NO-SOURCE
> Task :composeApp:prepareComposeResourcesTaskForIosX64Main NO-SOURCE
> Task :composeApp:assembleIosX64MainResources UP-TO-DATE
> Task :composeApp:iosX64ResolveSelfResourcesCopyHierarchicalMultiplatformResources UP-TO-DATE
> Task :composeApp:iosX64AggregateResources UP-TO-DATE
> Task :composeApp:syncComposeResourcesForIos
> Task :shared:kspKotlinIosArm64
> Task :shared:copyRoomSchemas NO-SOURCE

> Task :shared:compileKotlinIosArm64 FAILED
/Users/mac/Downloads/CleanContactsAI/shared/src/commonMain/kotlin/com/ogabassey/contactscleaner/domain/usecase/CleanupContactsUseCase.kt:35:16: error: Return type mismatch: expected 'Boolean', actual 'Result<Unit>'.
/Users/mac/Downloads/CleanContactsAI/shared/src/commonMain/kotlin/com/ogabassey/contactscleaner/domain/usecase/CleanupContactsUseCase.kt:35:49: error: Argument type mismatch: actual type is 'List<Long>', but 'List<Contact>' was expected.
/Users/mac/Downloads/CleanContactsAI/shared/src/iosMain/kotlin/com/ogabassey/contactscleaner/data/repository/IosContactRepository.kt:152:31: error: Argument type mismatch: actual type is 'Long', but 'String?' was expected.
/Users/mac/Downloads/CleanContactsAI/shared/src/iosMain/kotlin/com/ogabassey/contactscleaner/data/repository/IosContactRepository.kt:316:38: error: Argument type mismatch: actual type is 'List<Long>', but 'List<Contact>' was expected.
/Users/mac/Downloads/CleanContactsAI/shared/src/iosMain/kotlin/com/ogabassey/contactscleaner/data/repository/IosContactRepository.kt:319:13: error: Condition type mismatch: inferred type is 'Result<Unit>' but 'Boolean' was expected.
/Users/mac/Downloads/CleanContactsAI/shared/src/iosMain/kotlin/com/ogabassey/contactscleaner/data/repository/IosContactRepository.kt:605:16: error: Return type mismatch: expected 'Boolean', actual 'Result<Unit>'.
/Users/mac/Downloads/CleanContactsAI/shared/src/iosMain/kotlin/com/ogabassey/contactscleaner/data/repository/IosContactRepository.kt:605:31: error: Argument type mismatch: actual type is 'List<Long>', but 'List<Contact>' was expected.
/Users/mac/Downloads/CleanContactsAI/shared/src/iosMain/kotlin/com/ogabassey/contactscleaner/data/repository/IosContactRepository.kt:687:27: error: Unresolved reference 'matchingKey'.
/Users/mac/Downloads/CleanContactsAI/shared/src/iosMain/kotlin/com/ogabassey/contactscleaner/data/source/IosContactsSource.kt:425:42: error: Argument type mismatch: actual type is 'List<Long>', but 'List<String>' was expected.
error: Compilation finished with errors
error: Compilation finished with errors

[Incubating] Problems report is available at: file:///Users/mac/Downloads/CleanContactsAI/build/reports/problems/problems-report.html

FAILURE: Build failed with an exception.

* What went wrong:
Execution failed for task ':shared:compileKotlinIosArm64'.
> Compilation finished with errors

* Try:
> Run with --stacktrace option to get the stack trace.
> Run with --info or --debug option to get more log output.
> Run with --scan to get full insights from a Build Scan (powered by Develocity).
> Get more help at https://help.gradle.org.

Deprecated Gradle features were used in this build, making it incompatible with Gradle 10.

You can use '--warning-mode all' to show the individual deprecation warnings and determine if they come from your own scripts or plugins.

For more on this, please refer to https://docs.gradle.org/9.3.0/userguide/command_line_interface.html#sec:command_line_warnings in the Gradle documentation.

BUILD FAILED in 13s
26 actionable tasks: 9 executed, 17 up-to-date

note: Run script build phase 'Compile Kotlin Framework' will be run during every build because the option to run the script phase "Based on dependency analysis" is unchecked. (in target 'iosApp' from project 'CleanContactsAI')
** BUILD FAILED **


The following build commands failed:
	PhaseScriptExecution Compile\ Kotlin\ Framework /Users/mac/Library/Developer/Xcode/DerivedData/CleanContactsAI-guwadasdfavaytaazydfgcudqdvc/Build/Intermediates.noindex/CleanContactsAI.build/Debug-iphoneos/iosApp.build/Script-2DFF75459D1E01E37DF93A02.sh (in target 'iosApp' from project 'CleanContactsAI')
	Building project CleanContactsAI with scheme iosApp
(2 failures)
