01-25 18:55:35.247  4018  4736 I Kumiho-Kumiho: getPackageName: com.samsung.android.app.aodservice
01-25 18:55:35.249  4018  4736 W BitmapFactory: Null Options, creating a new one.
01-25 18:55:35.249  4018  4736 I Kumiho-Kumiho: getPackageName: com.samsung.android.app.aodservice
01-25 18:55:35.249  4018  4736 I Kumiho-Kumiho: getPackageName: com.samsung.android.app.aodservice
01-25 18:55:35.251  4018  4736 W BitmapFactory: Null Options, creating a new one.
01-25 18:55:35.251  4018  4736 I Kumiho-Kumiho: getPackageName: com.samsung.android.app.aodservice
01-25 18:55:35.252  4018  4736 I Kumiho-Kumiho: getPackageName: com.samsung.android.app.aodservice
01-25 18:55:35.253  4018  4736 W BitmapFactory: Null Options, creating a new one.
01-25 18:55:35.254  4018  4736 I Kumiho-Kumiho: getPackageName: com.samsung.android.app.aodservice
01-25 18:55:35.254  4018  4736 I Kumiho-Kumiho: getPackageName: com.samsung.android.app.aodservice
01-25 18:55:35.255  4018  4736 W BitmapFactory: Null Options, creating a new one.
01-25 18:55:35.255  4018  4736 I Kumiho-Kumiho: getPackageName: com.samsung.android.app.aodservice
01-25 18:55:35.255  4018  4736 I Kumiho-Kumiho: getPackageName: com.samsung.android.app.aodservice
01-25 18:55:35.256  4018  4736 W BitmapFactory: Null Options, creating a new one.
01-25 18:55:35.257  4018  4736 I Kumiho-Kumiho: getPackageName: com.samsung.android.app.aodservice
01-25 18:55:35.257  4018  4736 I Kumiho-Kumiho: getPackageName: com.samsung.android.app.aodservice
01-25 18:55:35.259  4018  4736 W Paint   : The elegant text height cannot be turned off.
01-25 18:55:35.261  1777  1777 I SnapAlloc: Using graphics libs for alignment calculations
01-25 18:55:35.268  1777  1777 I SnapAlloc: Using graphics libs for alignment calculations
01-25 18:55:35.273  1777  1777 I SnapAlloc: Using graphics libs for alignment calculations
01-25 18:55:35.276  4018  4018 I AppIconSolution: return adaptive icon for com.whatsapp.w4b, isNight = true
01-25 18:55:35.277  1777  1777 I SnapAlloc: Using graphics libs for alignment calculations
01-25 18:55:35.280  1778  1778 W SDM     : DisplayBase::ResetDispLayerStack: Stack did not clear in PostCommit. Clear now.
01-25 18:55:35.280  1778  1778 W SDM     : DisplayBase::CommitOrPrepare: Prepare failed: 3
01-25 18:55:35.281  1888  1888 E Scheduler: trackPendingFrame: Invalid present fence
01-25 18:55:35.281  1777  1777 I SnapAlloc: Using graphics libs for alignment calculations
01-25 18:55:35.281  4018  4018 D ExpandableNotifRow: mMaxSmallHeight different before reInflateViews mMaxSmallHeight: 270 mTempSmallHeight:0 0|com.whatsapp.w4b|1|null|10347
01-25 18:55:35.281  4018  4018 D ExpandableNotifRow: mMaxSmallHeight different before reInflateViews mMaxSmallHeight: 270 mTempSmallHeight:0 0|com.whatsapp.w4b|1|null|10347
01-25 18:55:35.281  4018  4018 D ExpandableNotifRow: mMaxSmallHeight different before reInflateViews mMaxSmallHeight: 270 mTempSmallHeight:0 0|com.whatsapp.w4b|1|null|10347
01-25 18:55:35.281  4018  4018 D ExpandableNotifRow: mMaxSmallHeight different before reInflateViews mMaxSmallHeight: 270 mTempSmallHeight:0 0|com.whatsapp.w4b|1|null|10347
01-25 18:55:35.282  4018  4018 I AppIconSolution: return adaptive icon for com.whatsapp.w4b, isNight = true
01-25 18:55:35.284  1777  1777 I SnapAlloc: Using graphics libs for alignment calculations
01-25 18:55:35.287  1777  1777 I SnapAlloc: Using graphics libs for alignment calculations
01-25 18:55:35.293  1777  1777 I SnapAlloc: Using graphics libs for alignment calculations
01-25 18:55:35.294  4018  4018 I AppIconSolution: return adaptive icon for com.whatsapp.w4b, isNight = true
01-25 18:55:35.296  1777  1777 I SnapAlloc: Using graphics libs for alignment calculations
01-25 18:55:35.299  1777  1777 I SnapAlloc: Using graphics libs for alignment calculations
01-25 18:55:35.302  1777  1777 I SnapAlloc: Using graphics libs for alignment calculations
01-25 18:55:35.303  4018  4018 D ExpandableNotifRow: mMaxSmallHeight different before reInflateViews mMaxSmallHeight: 270 mTempSmallHeight:0 0|com.whatsapp.w4b|1|buEpHqiXtpaulUMxdZG7AvZsfyA0SaUmiD65EC4hBTA=|10347
01-25 18:55:35.303  4018  4018 D ExpandableNotifRow: mMaxSmallHeight different before reInflateViews mMaxSmallHeight: 270 mTempSmallHeight:0 0|com.whatsapp.w4b|1|buEpHqiXtpaulUMxdZG7AvZsfyA0SaUmiD65EC4hBTA=|10347
01-25 18:55:35.303  4018  4018 D ExpandableNotifRow: mMaxSmallHeight different before reInflateViews mMaxSmallHeight: 270 mTempSmallHeight:0 0|com.whatsapp.w4b|1|buEpHqiXtpaulUMxdZG7AvZsfyA0SaUmiD65EC4hBTA=|10347
01-25 18:55:35.303  4018  4018 D ExpandableNotifRow: mMaxSmallHeight different before reInflateViews mMaxSmallHeight: 270 mTempSmallHeight:0 0|com.whatsapp.w4b|1|buEpHqiXtpaulUMxdZG7AvZsfyA0SaUmiD65EC4hBTA=|10347
01-25 18:55:35.304  4018  4018 I AppIconSolution: return adaptive icon for com.whatsapp.w4b, isNight = true
01-25 18:55:35.305  1777  1777 I SnapAlloc: Using graphics libs for alignment calculations
01-25 18:55:35.308  1777  1777 I SnapAlloc: Using graphics libs for alignment calculations
01-25 18:55:35.311  4018  4018 I AppIconSolution: return adaptive icon for com.whatsapp.w4b, isNight = true
01-25 18:55:35.311  1777  1777 I SnapAlloc: Using graphics libs for alignment calculations
01-25 18:55:35.314  1777  1777 I SnapAlloc: Using graphics libs for alignment calculations
01-25 18:55:35.317  1777  1777 I SnapAlloc: Using graphics libs for alignment calculations
01-25 18:55:35.319  4018  4018 D ExpandableNotifRow: mMaxSmallHeight different before reInflateViews mMaxSmallHeight: 270 mTempSmallHeight:0 0|com.whatsapp.w4b|1|7GELqgG7/EW0PkOGbIcLD+6eBlB//pQ16TLWuI0oCQM=|10347
01-25 18:55:35.319  4018  4018 D ExpandableNotifRow: mMaxSmallHeight different before reInflateViews mMaxSmallHeight: 270 mTempSmallHeight:0 0|com.whatsapp.w4b|1|7GELqgG7/EW0PkOGbIcLD+6eBlB//pQ16TLWuI0oCQM=|10347
01-25 18:55:35.319  4018  4018 D ExpandableNotifRow: mMaxSmallHeight different before reInflateViews mMaxSmallHeight: 270 mTempSmallHeight:0 0|com.whatsapp.w4b|1|7GELqgG7/EW0PkOGbIcLD+6eBlB//pQ16TLWuI0oCQM=|10347
01-25 18:55:35.319  4018  4018 D ExpandableNotifRow: mMaxSmallHeight different before reInflateViews mMaxSmallHeight: 270 mTempSmallHeight:0 0|com.whatsapp.w4b|1|7GELqgG7/EW0PkOGbIcLD+6eBlB//pQ16TLWuI0oCQM=|10347
01-25 18:55:35.320  2421  3607 D VibrationThread: Playing vibration id 419 on vibrator 0 CompleteEffectVibratorStep
01-25 18:55:35.320  2421  3607 D VibrationThread: Running complete vibration step on vibrator 0
01-25 18:55:35.320  2421  3607 D VibrationThread: Playing vibration id 419 on vibrator 0 TurnOffVibratorStep
01-25 18:55:35.320  2421  3607 D VibrationThread: Turning off vibrator 0
01-25 18:55:35.320  4018  4018 I AppIconSolution: return adaptive icon for com.whatsapp.w4b, isNight = true
01-25 18:55:35.320  1792  1792 E SecVibrator-HAL-AIDL-CORE: V_2_0: Vibrator off
01-25 18:55:35.320  1792  1792 E SecVibrator-HAL-AIDL-CORE: HW_API: do_off
01-25 18:55:35.320  1792  1792 E SecVibrator-HAL-AIDL-CORE: HW_API: [triggerForceFeedbackVibration]on: 0
01-25 18:55:35.320  2421  3607 D VibrationThread: Vibration 419 finished with EndInfo{status=FINISHED, endedBy=null}
01-25 18:55:35.320  2421  3607 D VibrationThread: Playing vibration id 419 FinishSequentialEffectStep (cleanup)
01-25 18:55:35.320  2421  3607 D VibrationThread: FinishSequentialEffectStep for effect #0
01-25 18:55:35.321  2421  3607 D VibratorManagerService: VibrationThread released vibration 419
01-25 18:55:35.321  2421  3607 D VibratorManagerService: Finish AppOp mode VIBRATE for uid 1000 and package android
01-25 18:55:35.321  2421  3607 D VibratorManagerService: Vibration for uid=1000 and with attrs=VibrationAttributes{mUsage=NOTIFICATION, mAudioUsage= USAGE_UNKNOWN, mFlags=0, tags=} ended with status FINISHED
01-25 18:55:35.327  4018  4018 I AppIconSolution: return adaptive icon for com.whatsapp.w4b, isNight = true
01-25 18:55:35.335  4018  4018 D ExpandableNotifRow: mMaxSmallHeight different before reInflateViews mMaxSmallHeight: 270 mTempSmallHeight:0 0|com.whatsapp.w4b|1|yueGuDlzzjSlcNwZzrpJRyvwmziWrQD0mzOEMGpApqg=|10347
01-25 18:55:35.335  4018  4018 D ExpandableNotifRow: mMaxSmallHeight different before reInflateViews mMaxSmallHeight: 270 mTempSmallHeight:0 0|com.whatsapp.w4b|1|yueGuDlzzjSlcNwZzrpJRyvwmziWrQD0mzOEMGpApqg=|10347
01-25 18:55:35.335  4018  4018 D ExpandableNotifRow: mMaxSmallHeight different before reInflateViews mMaxSmallHeight: 270 mTempSmallHeight:0 0|com.whatsapp.w4b|1|yueGuDlzzjSlcNwZzrpJRyvwmziWrQD0mzOEMGpApqg=|10347
01-25 18:55:35.335  4018  4018 D ExpandableNotifRow: mMaxSmallHeight different before reInflateViews mMaxSmallHeight: 270 mTempSmallHeight:0 0|com.whatsapp.w4b|1|yueGuDlzzjSlcNwZzrpJRyvwmziWrQD0mzOEMGpApqg=|10347
01-25 18:55:35.335  4018  4018 I AppIconSolution: return adaptive icon for com.whatsapp.w4b, isNight = true
01-25 18:55:35.342  4018  4018 I AppIconSolution: return adaptive icon for com.whatsapp.w4b, isNight = true
01-25 18:55:35.353  4018  4018 D ExpandableNotifRow: mMaxSmallHeight different before reInflateViews mMaxSmallHeight: 270 mTempSmallHeight:0 0|com.whatsapp.w4b|1|+gFbVP9hl9ddpxw1tgo+JvNVp6+FrlWy+oHrzk0amBw=|10347
01-25 18:55:35.353  4018  4018 D ExpandableNotifRow: mMaxSmallHeight different before reInflateViews mMaxSmallHeight: 270 mTempSmallHeight:0 0|com.whatsapp.w4b|1|+gFbVP9hl9ddpxw1tgo+JvNVp6+FrlWy+oHrzk0amBw=|10347
01-25 18:55:35.353  4018  4018 D ExpandableNotifRow: mMaxSmallHeight different before reInflateViews mMaxSmallHeight: 270 mTempSmallHeight:0 0|com.whatsapp.w4b|1|+gFbVP9hl9ddpxw1tgo+JvNVp6+FrlWy+oHrzk0amBw=|10347
01-25 18:55:35.353  4018  4018 D ExpandableNotifRow: mMaxSmallHeight different before reInflateViews mMaxSmallHeight: 270 mTempSmallHeight:0 0|com.whatsapp.w4b|1|+gFbVP9hl9ddpxw1tgo+JvNVp6+FrlWy+oHrzk0amBw=|10347
01-25 18:55:35.353  4018  4018 I AppIconSolution: return adaptive icon for com.whatsapp.w4b, isNight = true
01-25 18:55:35.360  4018  4018 I AppIconSolution: return adaptive icon for com.whatsapp.w4b, isNight = true
01-25 18:55:35.368  4018  4018 D ExpandableNotifRow: mMaxSmallHeight different before reInflateViews mMaxSmallHeight: 270 mTempSmallHeight:0 0|com.whatsapp.w4b|1|HMriIaAOpyncuHdkTtHfu7B0oWUnyVQuFb6hbflbyDw=|10347
01-25 18:55:35.368  4018  4018 D ExpandableNotifRow: mMaxSmallHeight different before reInflateViews mMaxSmallHeight: 270 mTempSmallHeight:0 0|com.whatsapp.w4b|1|HMriIaAOpyncuHdkTtHfu7B0oWUnyVQuFb6hbflbyDw=|10347
01-25 18:55:35.368  4018  4018 D ExpandableNotifRow: mMaxSmallHeight different before reInflateViews mMaxSmallHeight: 270 mTempSmallHeight:0 0|com.whatsapp.w4b|1|HMriIaAOpyncuHdkTtHfu7B0oWUnyVQuFb6hbflbyDw=|10347
01-25 18:55:35.368  4018  4018 D ExpandableNotifRow: mMaxSmallHeight different before reInflateViews mMaxSmallHeight: 270 mTempSmallHeight:0 0|com.whatsapp.w4b|1|HMriIaAOpyncuHdkTtHfu7B0oWUnyVQuFb6hbflbyDw=|10347
01-25 18:55:35.369  4018  4018 I AppIconSolution: return adaptive icon for com.whatsapp.w4b, isNight = true
01-25 18:55:35.373  2421  2968 D GMR     : bg_async : 26914 com.cleancontacts.app 700->900 state:15->15
01-25 18:55:35.374 26914 26929 D Choreographer: BBA2 receive callback when in bg : 4
01-25 18:55:35.374  2421 20248 D PerProcessNandswap$NandswapMsgHandler: startNandswapProcess to-delay Cached-ppn com.cleancontacts.app
01-25 18:55:35.376  4018  4018 I AppIconSolution: return adaptive icon for com.whatsapp.w4b, isNight = true
01-25 18:55:35.384  4018  4018 D ExpandableNotifRow: mMaxSmallHeight different before reInflateViews mMaxSmallHeight: 270 mTempSmallHeight:0 0|com.whatsapp.w4b|1|BZHElz0FgNX8aFSkm4ll2ZEG/5KELlzhDCpuM+kxHew=|10347
01-25 18:55:35.384  4018  4018 D ExpandableNotifRow: mMaxSmallHeight different before reInflateViews mMaxSmallHeight: 270 mTempSmallHeight:0 0|com.whatsapp.w4b|1|BZHElz0FgNX8aFSkm4ll2ZEG/5KELlzhDCpuM+kxHew=|10347
01-25 18:55:35.384  4018  4018 D ExpandableNotifRow: mMaxSmallHeight different before reInflateViews mMaxSmallHeight: 270 mTempSmallHeight:0 0|com.whatsapp.w4b|1|BZHElz0FgNX8aFSkm4ll2ZEG/5KELlzhDCpuM+kxHew=|10347
01-25 18:55:35.384  4018  4018 D ExpandableNotifRow: mMaxSmallHeight different before reInflateViews mMaxSmallHeight: 270 mTempSmallHeight:0 0|com.whatsapp.w4b|1|BZHElz0FgNX8aFSkm4ll2ZEG/5KELlzhDCpuM+kxHew=|10347
01-25 18:55:35.384  4018  4018 I AppIconSolution: return adaptive icon for com.whatsapp.w4b, isNight = true
01-25 18:55:35.391 26914 26949 D HWUI    : CacheManager::trimMemory(40)
01-25 18:55:35.391  4018  4018 I AppIconSolution: return adaptive icon for com.whatsapp.w4b, isNight = true
01-25 18:55:35.399  4018  4018 D ExpandableNotifRow: mMaxSmallHeight different before reInflateViews mMaxSmallHeight: 270 mTempSmallHeight:0 0|com.whatsapp.w4b|1|0MmYs477Q+0aDFtNLmm7mUhUOzxKAuKZBpW2oPgVeXc=|10347
01-25 18:55:35.399  4018  4018 D ExpandableNotifRow: mMaxSmallHeight different before reInflateViews mMaxSmallHeight: 270 mTempSmallHeight:0 0|com.whatsapp.w4b|1|0MmYs477Q+0aDFtNLmm7mUhUOzxKAuKZBpW2oPgVeXc=|10347
01-25 18:55:35.399  4018  4018 D ExpandableNotifRow: mMaxSmallHeight different before reInflateViews mMaxSmallHeight: 270 mTempSmallHeight:0 0|com.whatsapp.w4b|1|0MmYs477Q+0aDFtNLmm7mUhUOzxKAuKZBpW2oPgVeXc=|10347
01-25 18:55:35.399  4018  4018 D ExpandableNotifRow: mMaxSmallHeight different before reInflateViews mMaxSmallHeight: 270 mTempSmallHeight:0 0|com.whatsapp.w4b|1|0MmYs477Q+0aDFtNLmm7mUhUOzxKAuKZBpW2oPgVeXc=|10347
01-25 18:55:35.399  1760  1760 I SS_POWER_HINT_SESSION: SS_ADPF 4018-10044-47f0 destroy
01-25 18:55:35.399  1757  1895 I HYPER-HAL: [RequestManager.cpp]acquire(): Acquired ID : 9610159  [1760 / 2623]    HINT :      list : [TID_LOW_LATENCY / 0] [TID / 4189] [TID / 4191] [TID / 4134] [TID / 4195] 
01-25 18:55:35.399  1757  1895 I HYPER-HAL: [RequestManager.cpp]releaseLocked(): Released ID : 9610159
01-25 18:55:35.399  1757  1895 I HYPER-HAL: [RequestManager.cpp]acquire(): Acquired ID : 9614544  [1760 / 2624]    HINT :      list : [UCLAMP_MIN_BOOST / 0] [TIMEOUT / 0] [TID / 4189] [TID / 4191] [TID / 4134] [TID / 4195] 
01-25 18:55:35.399  1757  1895 I HYPER-HAL: [RequestManager.cpp]releaseLocked(): Released ID : 9614544
01-25 18:55:35.399  4018  4018 I AppIconSolution: return adaptive icon for com.whatsapp.w4b, isNight = true
01-25 18:55:35.404  4018  4018 I LockscreenNotificationIconsOnlyController: onNotificationInfoUpdated 15
01-25 18:55:35.405  4018  4018 I AODNotificationManager: updateNotification() 
01-25 18:55:35.406  4018  4018 D PluginAODManager: onNotificationInfoUpdated() 15
01-25 18:55:35.406  4018  4018 D PluginAODManager: onNotificationInfoUpdated() 0|com.samsung.android.lool|2000|null|1000
01-25 18:55:35.406  4018  4018 D PluginAODManager: onNotificationInfoUpdated() 0|com.whatsapp.w4b|0|0|com.whatsapp.w4b|g:Aggregate_NormalNotificationSection|10347|0|com.whatsapp.w4b|g:Aggregate_NormalNotificationSection
01-25 18:55:35.406  4018  4018 D PluginAODManager: onNotificationInfoUpdated() 0|com.yahoo.mobile.client.android.mail|-625998616|null|10370
01-25 18:55:35.406  4018  4018 D PluginAODManager: onNotificationInfoUpdated() -1|android|32|null|1000
01-25 18:55:35.406  4018  4018 D PluginAODManager: onNotificationInfoUpdated() 0|com.google.android.gm|0|gig:-483144213:CLASSIC_INBOX_ALL_MAIL|10282
01-25 18:55:35.406  4018  4018 D PluginAODManager: onNotificationInfoUpdated() 0|com.google.android.apps.photos|0|-483144213::a:LOCAL_BACKUP_NOTIFICATION_BACKUP_STALLED:com.google.android.apps.photos:notifications:backup_stalled|10277
01-25 18:55:35.406  4018  4018 D PluginAODManager: onNotificationInfoUpdated() 0|com.twitter.android|0|0|com.twitter.android|g:Aggregate_NormalNotificationSection|10365|0|com.twitter.android|g:Aggregate_NormalNotificationSection
01-25 18:55:35.406  4018  4018 D PluginAODManager: onNotificationInfoUpdated() 0|com.linkedin.android|-984357436|null|10355
01-25 18:55:35.406  4018  4018 D PluginAODManager: onNotificationInfoUpdated() 150|com.google.android.googlequicksearchbox|0|-483144213::a:snotification:[0xbdfb645694caa370,stories.f,NOTIFICATION]|15010270
01-25 18:55:35.406  4018  4018 D PluginAODManager: onNotificationInfoUpdated() 150|com.google.android.gms|1000|a:GMSCORE_STORE_RENDERER:127:0:112438847965327322667|15010269
01-25 18:55:35.406  4018  4018 D PluginAODManager: onNotificationInfoUpdated() 0|com.google.android.apps.photos|0|-483144213::a:GUMBALL_MINER_MEMORY_AVAILABLE:2ecbde04c374914a|10277
01-25 18:55:35.406  4018  4018 D PluginAODManager: onNotificationInfoUpdated() 0|com.google.android.gm|-674510517|gig:-1221019305:CLASSIC_INBOX_ALL_MAIL|10282
01-25 18:55:35.406  4018  4018 D PluginAODManager: onNotificationInfoUpdated() 0|com.google.android.apps.messaging|7|incoming_message_group_key|10267
01-25 18:55:35.406  4018  4018 D PluginAODManager: onNotificationInfoUpdated() 0|org.telegram.messenger|1|null|10359
01-25 18:55:35.406  4018  4018 D PluginAODManager: onNotificationInfoUpdated() 0|com.google.android.gms|0|0|com.google.android.gms|g:Aggregate_NormalNotificationSection|10269|0|com.google.android.gms|g:Aggregate_NormalNotificationSection
01-25 18:55:35.406  4018  4018 I AODNotificationManager: updateVisibleNotifications: 15
01-25 18:55:35.407  4018  4018 D PluginActionManager: startListening
01-25 18:55:35.407  4018  4235 D PluginActionManager: queryAll com.android.systemui.action.PLUGIN_NOTIFICATION_MENU_ROW
01-25 18:55:35.407  4018  4235 D PluginActionManager: Found 0 plugins
01-25 18:55:35.408  4018  4018 D PluginActionManager: startListening
01-25 18:55:35.408  4018  4235 D PluginActionManager: queryAll com.android.systemui.action.PLUGIN_NOTIFICATION_MENU_ROW
01-25 18:55:35.408  4018  4235 D PluginActionManager: Found 0 plugins
01-25 18:55:35.408  4018  4018 D InsetsController: hide(ime(), fromIme=false)
01-25 18:55:35.408  4018  4018 I ImeTracker: com.android.systemui:54fb7bcc: onRequestHide at ORIGIN_CLIENT reason HIDE_SOFT_INPUT_BY_INSETS_API fromUser false
01-25 18:55:35.408  4018  4018 I ImeTracker: com.android.systemui:54fb7bcc: onCancelled at PHASE_CLIENT_ALREADY_HIDDEN
01-25 18:55:35.408  4018  4018 W NotifRow: cancelAppearDrawing childKey: 0|com.whatsapp.w4b|1|buEpHqiXtpaulUMxdZG7AvZsfyA0SaUmiD65EC4hBTA=|10347 wasDrawing:false
01-25 18:55:35.412  1777  1777 I SnapAlloc: Using graphics libs for alignment calculations
01-25 18:55:35.415  4018  4018 I AppIconSolution: return adaptive icon for com.whatsapp.w4b, isNight = true
01-25 18:55:35.419  4018  4018 D ExpandableNotifRow: mMaxSmallHeight different before reInflateViews mMaxSmallHeight: 270 mTempSmallHeight:0 0|com.whatsapp.w4b|1|null|10347
01-25 18:55:35.419  4018  4018 D ExpandableNotifRow: mMaxSmallHeight different before reInflateViews mMaxSmallHeight: 270 mTempSmallHeight:0 0|com.whatsapp.w4b|1|null|10347
01-25 18:55:35.419  4018  4018 D PluginActionManager: startListening
01-25 18:55:35.419  4018  4235 D PluginActionManager: queryAll com.android.systemui.action.PLUGIN_NOTIFICATION_MENU_ROW
01-25 18:55:35.420  4018  4235 D PluginActionManager: Found 0 plugins
01-25 18:55:35.420  4018  4018 D InsetsController: hide(ime(), fromIme=false)
01-25 18:55:35.420  4018  4018 I ImeTracker: com.android.systemui:9dc504: onRequestHide at ORIGIN_CLIENT reason HIDE_SOFT_INPUT_BY_INSETS_API fromUser false
01-25 18:55:35.420  4018  4018 I ImeTracker: com.android.systemui:9dc504: onCancelled at PHASE_CLIENT_ALREADY_HIDDEN
01-25 18:55:35.420  4018  4018 W NotifRow: cancelAppearDrawing childKey: 0|com.whatsapp.w4b|1|7GELqgG7/EW0PkOGbIcLD+6eBlB//pQ16TLWuI0oCQM=|10347 wasDrawing:false
01-25 18:55:35.420  4018  4018 D ExpandableNotifRow: mMaxSmallHeight different before reInflateViews mMaxSmallHeight: 270 mTempSmallHeight:0 0|com.whatsapp.w4b|1|null|10347
01-25 18:55:35.420  4018  4018 D ExpandableNotifRow: mMaxSmallHeight different before reInflateViews mMaxSmallHeight: 270 mTempSmallHeight:0 0|com.whatsapp.w4b|1|null|10347
01-25 18:55:35.420  4018  4018 D PluginActionManager: startListening
01-25 18:55:35.420  4018  4235 D PluginActionManager: queryAll com.android.systemui.action.PLUGIN_NOTIFICATION_MENU_ROW
01-25 18:55:35.420  4018  4235 D PluginActionManager: Found 0 plugins
01-25 18:55:35.420  4018  4018 D InsetsController: hide(ime(), fromIme=false)
01-25 18:55:35.420  4018  4018 I ImeTracker: com.android.systemui:4ab0ba35: onRequestHide at ORIGIN_CLIENT reason HIDE_SOFT_INPUT_BY_INSETS_API fromUser false
01-25 18:55:35.421  4018  4018 I ImeTracker: com.android.systemui:4ab0ba35: onCancelled at PHASE_CLIENT_ALREADY_HIDDEN
01-25 18:55:35.421  4018  4018 W NotifRow: cancelAppearDrawing childKey: 0|com.whatsapp.w4b|1|yueGuDlzzjSlcNwZzrpJRyvwmziWrQD0mzOEMGpApqg=|10347 wasDrawing:false
01-25 18:55:35.421  4018  4018 D ExpandableNotifRow: mMaxSmallHeight different before reInflateViews mMaxSmallHeight: 270 mTempSmallHeight:0 0|com.whatsapp.w4b|1|null|10347
01-25 18:55:35.421  4018  4018 D ExpandableNotifRow: mMaxSmallHeight different before reInflateViews mMaxSmallHeight: 270 mTempSmallHeight:0 0|com.whatsapp.w4b|1|null|10347
01-25 18:55:35.421  4018  4018 D PluginActionManager: startListening
01-25 18:55:35.421  4018  4235 D PluginActionManager: queryAll com.android.systemui.action.PLUGIN_NOTIFICATION_MENU_ROW
01-25 18:55:35.421  4018  4235 D PluginActionManager: Found 0 plugins
01-25 18:55:35.421  4018  4018 D InsetsController: hide(ime(), fromIme=false)
01-25 18:55:35.421  4018  4018 I ImeTracker: com.android.systemui:ee287d3f: onRequestHide at ORIGIN_CLIENT reason HIDE_SOFT_INPUT_BY_INSETS_API fromUser false
01-25 18:55:35.421  4018  4018 I ImeTracker: com.android.systemui:ee287d3f: onCancelled at PHASE_CLIENT_ALREADY_HIDDEN
01-25 18:55:35.422  4018  4018 W NotifRow: cancelAppearDrawing childKey: 0|com.whatsapp.w4b|1|+gFbVP9hl9ddpxw1tgo+JvNVp6+FrlWy+oHrzk0amBw=|10347 wasDrawing:false
01-25 18:55:35.422  4018  4018 D ExpandableNotifRow: mMaxSmallHeight different before reInflateViews mMaxSmallHeight: 270 mTempSmallHeight:0 0|com.whatsapp.w4b|1|null|10347
01-25 18:55:35.422  4018  4018 D ExpandableNotifRow: mMaxSmallHeight different before reInflateViews mMaxSmallHeight: 270 mTempSmallHeight:0 0|com.whatsapp.w4b|1|null|10347
01-25 18:55:35.422  4018  4018 D PluginActionManager: startListening
01-25 18:55:35.422  4018  4235 D PluginActionManager: queryAll com.android.systemui.action.PLUGIN_NOTIFICATION_MENU_ROW
01-25 18:55:35.422  4018  4235 D PluginActionManager: Found 0 plugins
01-25 18:55:35.422  4018  4018 D InsetsController: hide(ime(), fromIme=false)
01-25 18:55:35.422  4018  4018 I ImeTracker: com.android.systemui:fff30325: onRequestHide at ORIGIN_CLIENT reason HIDE_SOFT_INPUT_BY_INSETS_API fromUser false
01-25 18:55:35.422  4018  4018 I ImeTracker: com.android.systemui:fff30325: onCancelled at PHASE_CLIENT_ALREADY_HIDDEN
01-25 18:55:35.422  4018  4018 W NotifRow: cancelAppearDrawing childKey: 0|com.whatsapp.w4b|1|HMriIaAOpyncuHdkTtHfu7B0oWUnyVQuFb6hbflbyDw=|10347 wasDrawing:false
01-25 18:55:35.422  4018  4018 D ExpandableNotifRow: mMaxSmallHeight different before reInflateViews mMaxSmallHeight: 270 mTempSmallHeight:0 0|com.whatsapp.w4b|1|null|10347
01-25 18:55:35.422  4018  4018 D ExpandableNotifRow: mMaxSmallHeight different before reInflateViews mMaxSmallHeight: 270 mTempSmallHeight:0 0|com.whatsapp.w4b|1|null|10347
01-25 18:55:35.422  4018  4018 D PluginActionManager: startListening
01-25 18:55:35.422  4018  4235 D PluginActionManager: queryAll com.android.systemui.action.PLUGIN_NOTIFICATION_MENU_ROW
01-25 18:55:35.422  4018  4235 D PluginActionManager: Found 0 plugins
01-25 18:55:35.423  4018  4018 D InsetsController: hide(ime(), fromIme=false)
01-25 18:55:35.423  4018  4018 I ImeTracker: com.android.systemui:254009e2: onRequestHide at ORIGIN_CLIENT reason HIDE_SOFT_INPUT_BY_INSETS_API fromUser false
01-25 18:55:35.423  4018  4018 I ImeTracker: com.android.systemui:254009e2: onCancelled at PHASE_CLIENT_ALREADY_HIDDEN
01-25 18:55:35.423  4018  4018 W NotifRow: cancelAppearDrawing childKey: 0|com.whatsapp.w4b|1|BZHElz0FgNX8aFSkm4ll2ZEG/5KELlzhDCpuM+kxHew=|10347 wasDrawing:false
01-25 18:55:35.423  4018  4018 D ExpandableNotifRow: mMaxSmallHeight different before reInflateViews mMaxSmallHeight: 270 mTempSmallHeight:0 0|com.whatsapp.w4b|1|null|10347
01-25 18:55:35.423  4018  4018 D ExpandableNotifRow: mMaxSmallHeight different before reInflateViews mMaxSmallHeight: 270 mTempSmallHeight:0 0|com.whatsapp.w4b|1|null|10347
01-25 18:55:35.423  4018  4018 D PluginActionManager: startListening
01-25 18:55:35.423  4018  4235 D PluginActionManager: queryAll com.android.systemui.action.PLUGIN_NOTIFICATION_MENU_ROW
01-25 18:55:35.423  4018  4235 D PluginActionManager: Found 0 plugins
01-25 18:55:35.423  4018  4018 W NotifRow: cancelAppearDrawing childKey: 0|com.whatsapp.w4b|1|0MmYs477Q+0aDFtNLmm7mUhUOzxKAuKZBpW2oPgVeXc=|10347 wasDrawing:false
01-25 18:55:35.424  4018  4018 D ExpandableNotifRow: mMaxSmallHeight different before reInflateViews mMaxSmallHeight: 270 mTempSmallHeight:0 0|com.whatsapp.w4b|1|null|10347
01-25 18:55:35.424  4018  4018 D ExpandableNotifRow: mMaxSmallHeight different before reInflateViews mMaxSmallHeight: 270 mTempSmallHeight:0 0|com.whatsapp.w4b|1|null|10347
01-25 18:55:35.424  2421  3735 D InetDiagMessage: Destroyed 0 sockets, proto=IPPROTO_TCP, family=AF_INET, states=14
01-25 18:55:35.424  4018  4018 I View    : setRequestedFrameRate frameRate=-2.0, this=StatusBarIconView(slot='com.whatsapp.w4b/0x1' alpha=1.0 icon=StatusBarIcon(icon=Icon(typ=RESOURCE pkg=com.whatsapp.w4b id=0x7f080305) visible user=0 num=107 ) visibleState=ICON iconColor=#0 staticDrawableColor=#0 decorColor=#ff1b6cf7 animationStartColor=#0 currentSetColor=#0 notification=StatusBarNotification(pkg=com.whatsapp.w4b user=UserHandle{0} id=1 tag=null key=0|com.whatsapp.w4b|1|null|10347: Notification(channel=silent_notifications_3 shortcut=193316545138873@lid contentView=null vibrate=null sound=null tick defaults=0 flags=SHOW_LIGHTS|GROUP_SUMMARY color=0xff21c063 category=msg groupKey=group_key_messages vis=PRIVATE publicVersion=Notification(channel=null shortcut=null contentView=null vibrate=null sound=null defaults=0 flags=0 color=0xff21c063 category=msg vis=PRIVATE semFlags=0x0 semPriority=0 semMissedCount=0) semFlags=0x0 semPriority=0 semMissedCount=0))), caller=com.android.systemui.statusbar.StatusBarIconView.onAttachedToWindow:6 android.view.View.dispatchAttachedToWindow:24320 android.view.ViewGroup.addViewInner:5582 android.view.ViewGroup.addView:5358 com.android.systemui.statusbar.phone.LegacyNotificationIconAreaControllerImpl.updateIconsForLayout:468 
01-25 18:55:35.424  2421  3735 D InetDiagMessage: Destroyed 0 sockets, proto=IPPROTO_TCP, family=AF_INET6, states=14
01-25 18:55:35.424  2421  3735 D InetDiagMessage: Destroyed live tcp sockets for uids={15010312} in 2ms
01-25 18:55:35.424  4018  4018 I View    : setRequestedFrameRate frameRate=-2.0, this=StatusBarIconView(slot='com.whatsapp.w4b/0x1' alpha=1.0 icon=StatusBarIcon(icon=Icon(typ=RESOURCE pkg=com.whatsapp.w4b id=0x7f080305) visible user=0 num=107 ) visibleState=ICON iconColor=#ff21c063 staticDrawableColor=#ff21c063 decorColor=#ff1b6cf7 animationStartColor=#0 currentSetColor=#ff21c063 notification=StatusBarNotification(pkg=com.whatsapp.w4b user=UserHandle{0} id=1 tag=null key=0|com.whatsapp.w4b|1|null|10347: Notification(channel=silent_notifications_3 shortcut=193316545138873@lid contentView=null vibrate=null sound=null tick defaults=0 flags=SHOW_LIGHTS|GROUP_SUMMARY color=0xff21c063 category=msg groupKey=group_key_messages vis=PRIVATE publicVersion=Notification(channel=null shortcut=null contentView=null vibrate=null sound=null defaults=0 flags=0 color=0xff21c063 category=msg vis=PRIVATE semFlags=0x0 semPriority=0 semMissedCount=0) semFlags=0x0 semPriority=0 semMissedCount=0))), caller=com.android.systemui.statusbar.StatusBarIconView.onAttachedToWindow:6 android.view.View.dispatchAttachedToWindow:24320 android.view.ViewGroup.addViewInner:5582 android.view.ViewGroup.addView:5358 com.android.systemui.statusbar.phone.LegacyNotificationIconAreaControllerImpl.updateIconsForLayout:468 
01-25 18:55:35.425  2421  3735 D InetDiagMessage: Destroyed 0 sockets, proto=IPPROTO_TCP, family=AF_INET, states=14
01-25 18:55:35.425  2421  3735 D InetDiagMessage: Destroyed 0 sockets, proto=IPPROTO_TCP, family=AF_INET6, states=14
01-25 18:55:35.425  2421  3735 D InetDiagMessage: Destroyed live tcp sockets for uids={15020312} in 1ms
01-25 18:55:35.426  2421  3735 D InetDiagMessage: Destroyed 0 sockets, proto=IPPROTO_TCP, family=AF_INET, states=14
01-25 18:55:35.427  2421  3735 D InetDiagMessage: Destroyed 0 sockets, proto=IPPROTO_TCP, family=AF_INET6, states=14
01-25 18:55:35.427  2421  3735 D InetDiagMessage: Destroyed live tcp sockets for uids={15010270} in 1ms
01-25 18:55:35.427  2421  3735 D InetDiagMessage: Destroyed 0 sockets, proto=IPPROTO_TCP, family=AF_INET, states=14
01-25 18:55:35.428  2421  3735 D InetDiagMessage: Destroyed 0 sockets, proto=IPPROTO_TCP, family=AF_INET6, states=14
01-25 18:55:35.428  2421  3735 D InetDiagMessage: Destroyed live tcp sockets for uids={15020270} in 1ms
01-25 18:55:35.433  4018  4018 I SecKeyguardClockPositionAlgorithm: prepareClockContainerHeightChanging:
01-25 18:55:35.433  4018  4018 I PluginFaceWidgetManager: isEditMode = false
01-25 18:55:35.433  4018  4018 I NowBarItemManager: getVisibleList isScreenTurnedOn = false / aodShowState false shouldControlScreenOff false visibleList size = 0
01-25 18:55:35.433  4018  4018 I SecKeyguardClockPositionAlgorithm: prepareClockContainerHeightChanging:
01-25 18:55:35.433  4018  4018 I PluginFaceWidgetManager: isEditMode = false
01-25 18:55:35.433  4018  4018 I NowBarItemManager: getVisibleList isScreenTurnedOn = false / aodShowState false shouldControlScreenOff false visibleList size = 0
01-25 18:55:35.437  4018  4018 I LockscreenNotificationIconsOnlyController: onNotificationInfoUpdated 16
01-25 18:55:35.438  4018  4018 I AODNotificationManager: updateNotification() 
01-25 18:55:35.438  4018  4018 D PluginAODManager: onNotificationInfoUpdated() 16
01-25 18:55:35.438  4018  4018 D PluginAODManager: onNotificationInfoUpdated() 0|com.samsung.android.lool|2000|null|1000
01-25 18:55:35.438  4018  4018 D PluginAODManager: onNotificationInfoUpdated() 0|com.whatsapp.w4b|0|0|com.whatsapp.w4b|g:Aggregate_NormalNotificationSection|10347|0|com.whatsapp.w4b|g:Aggregate_NormalNotificationSection
01-25 18:55:35.438  4018  4018 D PluginAODManager: onNotificationInfoUpdated() 0|com.yahoo.mobile.client.android.mail|-625998616|null|10370
01-25 18:55:35.438  4018  4018 D PluginAODManager: onNotificationInfoUpdated() -1|android|32|null|1000
01-25 18:55:35.438  4018  4018 D PluginAODManager: onNotificationInfoUpdated() 0|com.google.android.gm|0|gig:-483144213:CLASSIC_INBOX_ALL_MAIL|10282
01-25 18:55:35.438  4018  4018 D PluginAODManager: onNotificationInfoUpdated() 0|com.google.android.apps.photos|0|-483144213::a:LOCAL_BACKUP_NOTIFICATION_BACKUP_STALLED:com.google.android.apps.photos:notifications:backup_stalled|10277
01-25 18:55:35.438  4018  4018 D PluginAODManager: onNotificationInfoUpdated() 0|com.twitter.android|0|0|com.twitter.android|g:Aggregate_NormalNotificationSection|10365|0|com.twitter.android|g:Aggregate_NormalNotificationSection
01-25 18:55:35.438  4018  4018 D PluginAODManager: onNotificationInfoUpdated() 0|com.linkedin.android|-984357436|null|10355
01-25 18:55:35.438  4018  4018 D PluginAODManager: onNotificationInfoUpdated() 150|com.google.android.googlequicksearchbox|0|-483144213::a:snotification:[0xbdfb645694caa370,stories.f,NOTIFICATION]|15010270
01-25 18:55:35.438  4018  4018 D PluginAODManager: onNotificationInfoUpdated() 150|com.google.android.gms|1000|a:GMSCORE_STORE_RENDERER:127:0:112438847965327322667|15010269
01-25 18:55:35.438  4018  4018 D PluginAODManager: onNotificationInfoUpdated() 0|com.google.android.apps.photos|0|-483144213::a:GUMBALL_MINER_MEMORY_AVAILABLE:2ecbde04c374914a|10277
01-25 18:55:35.438  4018  4018 D PluginAODManager: onNotificationInfoUpdated() 0|com.whatsapp.w4b|1|null|10347
01-25 18:55:35.438  4018  4018 D PluginAODManager: onNotificationInfoUpdated() 0|com.google.android.gm|-674510517|gig:-1221019305:CLASSIC_INBOX_ALL_MAIL|10282
01-25 18:55:35.438  4018  4018 D PluginAODManager: onNotificationInfoUpdated() 0|com.google.android.apps.messaging|7|incoming_message_group_key|10267
01-25 18:55:35.438  4018  4018 D PluginAODManager: onNotificationInfoUpdated() 0|org.telegram.messenger|1|null|10359
01-25 18:55:35.438  4018  4018 D PluginAODManager: onNotificationInfoUpdated() 0|com.google.android.gms|0|0|com.google.android.gms|g:Aggregate_NormalNotificationSection|10269|0|com.google.android.gms|g:Aggregate_NormalNotificationSection
01-25 18:55:35.438  4018  4018 I AODNotificationManager: updateVisibleNotifications: 16
01-25 18:55:35.440  4018  4018 I SecKeyguardClockPositionAlgorithm: prepareClockContainerHeightChanging:
01-25 18:55:35.440  4018  4018 I PluginFaceWidgetManager: isEditMode = false
01-25 18:55:35.440  4018  4018 I NowBarItemManager: getVisibleList isScreenTurnedOn = false / aodShowState false shouldControlScreenOff false visibleList size = 0
01-25 18:55:35.440  4018  4018 I SecKeyguardClockPositionAlgorithm: prepareClockContainerHeightChanging:
01-25 18:55:35.440  4018  4018 I PluginFaceWidgetManager: isEditMode = false
01-25 18:55:35.440  4018  4018 I NowBarItemManager: getVisibleList isScreenTurnedOn = false / aodShowState false shouldControlScreenOff false visibleList size = 0
01-25 18:55:35.447  1778  1778 W SDM     : DisplayBase::ResetDispLayerStack: Stack did not clear in PostCommit. Clear now.
01-25 18:55:35.447  1778  1778 W SDM     : DisplayBase::CommitOrPrepare: Prepare failed: 3
01-25 18:55:35.447  1888  1888 E Scheduler: trackPendingFrame: Invalid present fence
01-25 18:55:35.480  1778  1778 W SDM     : DisplayBase::ResetDispLayerStack: Stack did not clear in PostCommit. Clear now.
01-25 18:55:35.480  1778  1778 W SDM     : DisplayBase::CommitOrPrepare: Prepare failed: 3
01-25 18:55:35.480  1888  1888 E Scheduler: trackPendingFrame: Invalid present fence
01-25 18:55:35.796  4018  4018 I AOD_BRIGHTNESS@BrightnessManager: mCurrentPlatformBrightness : 2, isForceState[0, ForceStateReason[[]], mAppliedPlatformBrightness[2]
01-25 18:55:35.797  4018  4018 I AOD_BRIGHTNESS@BrightnessManager: mCurrentPlatformBrightness : 2, isForceState[0, ForceStateReason[[]], mAppliedPlatformBrightness[2]
01-25 18:55:35.855  1868  1918 E HeatmapThread: ECT Thread time in milliseconds: 1769363735
01-25 18:55:35.856  1868  1918 D HeatmapThread: !@ batteryplugType : 2
01-25 18:55:35.856  1868  1918 D HeatmapThread: !@ batteryLevel : 51  batteryTemperature : 386 
01-25 18:55:35.856  1868  1918 D HeatmapThread: !@ Heatmap currtime: 29489395
01-25 18:55:35.856  1868  1918 D HeatmapThread: !@ Heatmap prevtime: 29489370
01-25 18:55:35.856  1868  1918 D HeatmapThread: !@ Heatmap plugstarttime: 29489360
01-25 18:55:35.856  1868  1918 D HeatmapThread: !@ Heatmap prevv_dsoh_update_time: 29489322
01-25 18:55:35.856  1868  1918 E HeatmapThread: !@ CAM New BSOH: 100
01-25 18:55:36.015  4669  7247 I HoneySpace.Memory-Monitor: calTrimLevel propValue: 0
01-25 18:55:36.015  4669  7247 I HoneySpace.Memory-Monitor: time diff = 2077
01-25 18:55:36.015  4669  7247 I HoneySpace.MemoryAwait:  awaitJob is null, no need to proceed..
01-25 18:55:36.015  4669 16758 I HoneySpace.Memory-Monitor: trimMemory 20
01-25 18:55:36.070  2421  5720 D MotionRecognitionService: inject vibrator info = 0.0
01-25 18:55:36.071  1751  1751 I sensors-hal: inject_sensor_data:309, accel - vib_onoff: 0
01-25 18:55:36.071  1751  1751 I sensors-hal: inject_sensor_data:315, write vib_onoff: 0
01-25 18:55:36.071  1820  1820 I SSC_DAEMON: handleSensorTestReqMsg:88, Sensor type :0, Msg type:3
01-25 18:55:36.072  1820  4178 I SSC_DAEMON: accelMotorStateEvent:102, main: 1, 0
01-25 18:55:36.072  1820  4178 I SSC_DAEMON: ledCoverEventMotorEvent:24, motor: 0
01-25 18:55:36.141 27760 27760 I wpa_supplicant: Heartbeat 883
01-25 18:55:36.167  2421  2538 I ActivityManager: Changes in 10375 6 to 10, 128 to 0
01-25 18:55:36.170  2421  3814 D BackgroundInstallControlService: Package event received: 0
01-25 18:55:36.170  2421  3814 D BackgroundInstallControlService: Package event received: 0
01-25 18:55:36.170  2421  2538 I ActivityManager: Changes in 10375 10 to 6, 0 to 128
01-25 18:55:36.170  2421  3814 D BackgroundInstallControlService: Package event received: 0
01-25 18:55:36.170  2421  3814 D BackgroundInstallControlService: Package event received: 0
01-25 18:55:36.516  7980  7996 I om.whatsapp.w4b: Background concurrent mark compact GC freed 72MB AllocSpace bytes, 14(536KB) LOS objects, 18% free, 217MB/265MB, paused 396us,1.593ms total 1.775s
01-25 18:55:36.849  1757 27513 I HYPER-HAL: [RequestManager.cpp]releaseLocked(): Released ID : 24868904
01-25 18:55:36.849  2421  6882 E TaskPersister: File error accessing recents directory (directory doesn't exist?).
01-25 18:55:36.849  2421  6882 E TaskPersister: File error accessing recents directory (directory doesn't exist?).
01-25 18:55:36.849  2421  6882 E TaskPersister: File error accessing recents directory (directory doesn't exist?).
01-25 18:55:36.855  1868  1918 E HeatmapThread: ECT Thread time in milliseconds: 1769363736
01-25 18:55:36.856  1868  1918 D HeatmapThread: !@ batteryplugType : 2
01-25 18:55:36.856  1868  1918 D HeatmapThread: !@ batteryLevel : 51  batteryTemperature : 386 
01-25 18:55:36.856  1868  1918 D HeatmapThread: !@ Heatmap currtime: 29489395
01-25 18:55:36.856  1868  1918 D HeatmapThread: !@ Heatmap prevtime: 29489370
01-25 18:55:36.856  1868  1918 D HeatmapThread: !@ Heatmap plugstarttime: 29489360
01-25 18:55:36.856  1868  1918 D HeatmapThread: !@ Heatmap prevv_dsoh_update_time: 29489322
01-25 18:55:36.856  1868  1918 E HeatmapThread: !@ CAM New BSOH: 100
