01-25 18:54:52.668  1785 27182 E CamX    : [ERROR][FD     ] camxfdengine.cpp:763 FDEngineProcessResult() valid input parameter!-CN_07626430 hFDEHandle 0xb400007d03a944c0K, pPerFrameInfo 0x7be737fff0K, pMainResult 0x7be73548d8K, pOutputResult 0x7be734823cK, pHeadBodyResult 0x7be733b020K, pOutputResultStabilized 0x7be733bba0K, pOutputHeadBodyResult 0x7be733acd4K, pOutputHeadBodyResultStabilized 0x7be733a988K, pPetResult 0x7be73399a8K,pOutputPetResult 0x7be7339090K, pOutputPetResultStabilized 0x7be733951cK
01-25 18:54:52.668  1785 27182 E CHIFD   : [ERROR][FD     ] camxchinodefd.cpp:9009 FDDLExecution() Node[RealtimeDefault0_com.qti.node.fd8_cam5] ReqId[2] Faces 0
01-25 18:54:52.668  1785 27182 E CHIFD   : [ERROR][FD     ] camxchinodefd.cpp:10518 ProcessRequestDone() Node[RealtimeDefault0_com.qti.node.fd8_cam5] ReqId[2] ProcessRequestDone
01-25 18:54:52.698 26480 27077 I CameraV2Controller: onImageAvailable width :320 height 240
01-25 18:54:52.698 26480 27077 I SmartFaceService: Calling onPreviewFrame: Thread[Stay/Rotation Worker,5,main]/14064490
01-25 18:54:52.699 26480 27078 E SmartScreen_JNI: processImage start : prev time [ 24657 ]
01-25 18:54:52.704  1785  4541 I SS_3A   :  INFO: AWB: TsAwb_process_preview: 4050: [       6][0]TsAwb_gain_front=1.609,1.00,2.034,  BV=-6.598, dEvVideo=0.000, dEvFace=-0.016, lux=472, totalGain=82.326, expTime=0.041639, CT=3981, CT2=3981, TG=14, Ch_g=0.995, I/V=0.000, fps=(30,30), LT=0, PsnIdx=2
01-25 18:54:52.705  1785  4536 E CHIFD   : [ERROR][FD     ] camxchinodefd.cpp:2119 ExecuteProcessRequest() Node[RealtimeDefault0_com.qti.node.fd8_cam5] ReqId[3] EPR-1, bindIOBuffers=0
01-25 18:54:52.705  1785  4536 E CHIFD   : [ERROR][FD     ] camxchinodefd.cpp:2301 ExecuteProcessRequest() Node[RealtimeDefault0_com.qti.node.fd8_cam5] ReqId[3] ChiFD node publishing FD results
01-25 18:54:52.705  1785  4536 E CHIFD   : [ERROR][FD     ] camxchinodefd.cpp:2388 ExecuteProcessRequest() Processing SW Detection ReqId[3] reqhandle 0 FD type: DLFD
01-25 18:54:52.705  1785  4536 E CHIFD   : [ERROR][FD     ] camxchinodefd.cpp:7995 OnProcessRequest() Node[RealtimeDefault0_com.qti.node.fd8_cam5] ReqId[3] Request Scheduled (Pending frames 0)
01-25 18:54:52.705  1785 27181 E CHIFD   : [ERROR][FD     ] camxchinodefd.cpp:5265 ExecuteFDResultsProcessing() DL-FD Execution reqid 3
01-25 18:54:52.705  1785 27181 E CamX    : [ERROR][FD     ] camxfdengine.cpp:824 FDEngineGetFDRunFlag() Get fd run flag input parameter!-CN_07626430 hFDEHandle 0xb400007d03a944c0K, pPerFrameInfo 0x7be8b7fff0K, pFDRunFlag 0x7be8b38e74K, pRequiredFrameCyclePeriod 0x7be8b38e70K
01-25 18:54:52.705  1785 27181 E CamX    : [ERROR][FD     ] camxfdengine.cpp:842 FDEngineGetFDRunFlag() FrameId=3: -CN_07626430 FDRunFlag=1, reqdFrameCyclePeriod=1
01-25 18:54:52.707  1785  4544 E CHIFD   : [ERROR][FD     ] camxchinodefd.cpp:2134 ExecuteProcessRequest() Node[RealtimeDefault0_com.qti.node.fd8_cam5] ReqId[7] EPR-0, bindIOBuffers=0
01-25 18:54:52.711  1785 27181 E CamX    : [ERROR][FD     ] camxfdengine.cpp:763 FDEngineProcessResult() valid input parameter!-CN_07626430 hFDEHandle 0xb400007d03a944c0K, pPerFrameInfo 0x7be8b7fff0K, pMainResult 0x7be8b548d8K, pOutputResult 0x7be8b4823cK, pHeadBodyResult 0x7be8b3b020K, pOutputResultStabilized 0x7be8b3bba0K, pOutputHeadBodyResult 0x7be8b3acd4K, pOutputHeadBodyResultStabilized 0x7be8b3a988K, pPetResult 0x7be8b399a8K,pOutputPetResult 0x7be8b39090K, pOutputPetResultStabilized 0x7be8b3951cK
01-25 18:54:52.711  1785 27181 E CHIFD   : [ERROR][FD     ] camxchinodefd.cpp:9009 FDDLExecution() Node[RealtimeDefault0_com.qti.node.fd8_cam5] ReqId[3] Faces 0
01-25 18:54:52.711  1785 27181 E CHIFD   : [ERROR][FD     ] camxchinodefd.cpp:10518 ProcessRequestDone() Node[RealtimeDefault0_com.qti.node.fd8_cam5] ReqId[3] ProcessRequestDone
01-25 18:54:52.713 26480 27078 E SmartScreen_JNI: processImage end : function time [ 20022 ] [-1] 
01-25 18:54:52.713 26480 27078 I Stay/Rotation Worker: processSmartStay[14ms], ret: -1 needToStay: no mFrameCount: 1 mFixed: false
01-25 18:54:52.713  2421  6098 E SmartFaceManager: checkForSmartStay onInfo: 100: 0
01-25 18:54:52.713 26480  2617 I SmartFaceService: unregister:14064505
01-25 18:54:52.713 26480  2617 I SmartFaceService: unregister
01-25 18:54:52.713 26480  2617 I SmartFaceService: unregister client found. pid 2421 service type: 100
01-25 18:54:52.714 26480  2617 I SmartFaceService: Service Type to Worker: 0
01-25 18:54:52.714 26480  2617 I SmartFaceService: Last Active clients:1 Current Active clients: 0
01-25 18:54:52.714 26480  2617 I SmartFaceService: No active clients. close camera
01-25 18:54:52.714 26480  2617 I CameraController: closeCamera S
01-25 18:54:52.714 26480 27075 I CameraV2Controller: handleMessage(0) { when=0 what=0 obj=java.util.concurrent.CountDownLatch@36dded8[Count = 1] target=a.h }
01-25 18:54:52.714  2480  2480 D Camera3-Device: clearStreamingRequest
01-25 18:54:52.714  2480  2480 I Camera3-Device: clearStreamingRequest - Camera 1: Clearing repeating request
01-25 18:54:52.714  2480  2480 D Camera2ClientBase: Camera 1: start to disconnect
01-25 18:54:52.714  2480  2480 D Camera2ClientBase: Camera 1: serializationLock acquired
01-25 18:54:52.714  2480  2480 D Camera2ClientBase: Camera 1: Shutting down
01-25 18:54:52.714  2480  2480 D Camera2ClientBase: Camera 1: start to cacheDump
01-25 18:54:52.714  2480  2480 I CameraDeviceClient: dumpClient E [1]
01-25 18:54:52.714  2480  2480 I camera_metadata: dump_indented_camera_metadata E
01-25 18:54:52.717  2480  2480 I camera_metadata: dump_indented_camera_metadata X
01-25 18:54:52.717  2480  2480 I camera_metadata: dump_indented_camera_metadata E
01-25 18:54:52.719  2480  2480 I camera_metadata: dump_indented_camera_metadata X
01-25 18:54:52.721  2480  2480 I CameraDeviceClient: dumpClient X
01-25 18:54:52.721  2480  2480 E Camera2-FrameProcessorBase: removeListener: 
01-25 18:54:52.727  2480  2480 D Camera3-Device: flush: mInterfaceLock.lock()
01-25 18:54:52.727  2480  2480 I Camera3-Device: CameraServiceWatchDog::watchThread for flush with cycles=550, cycleLength=100ms, timer=55000ms
01-25 18:54:52.727  2480  2480 D AidlCamera3-Device: CameraPerf: flush E
01-25 18:54:52.727  1785 26600 I Unihal  : UniHal3InterfaceEntry.cpp: uni_flush: 501: [UNIKPI][1] UniHAL->flush: E
01-25 18:54:52.727  1785 26600 I Unihal  : UniHalPlusMediator.cpp: GetOpenMgrByHwDevice: 1058: Found device: 0xb400007cd3ab92a0
01-25 18:54:52.727  1785 26600 I Unihal  : UniState.cpp: SetIsAlreadyCreated: 192: isAlreadyCreated=0, val=0
01-25 18:54:52.727  1785 26600 I Unihal  : UniState.cpp: transitState: 102: Transiting to state 5
01-25 18:54:52.727  1785 26600 I Unihal  : CameraDevice.cpp: Flush: 248: [UNIKPI][1] VndHAL->flush: E
01-25 18:54:52.728  2480 27086 I Camera3-Status: markComponent: Component 1 is now idle - RequestThread
01-25 18:54:52.729  1785 27217 I Unihal  : CaptureState.h: UpdateMessage: 55: [HalCaptureMediator] ErrorMessage : frameNumber=3, errorStream=0xb400007d33a27198, errorCode=4
01-25 18:54:52.729  1785 27217 I Unihal  : CaptureState.h: UpdateMessage: 55: [FwkCaptureManager] ErrorMessage : frameNumber=3, errorStream=0xb400007d33a27198, errorCode=4
01-25 18:54:52.729  1785 27217 I Unihal  : CaptureState.h: UpdateMessage: 55: [HalCaptureMediator] ErrorMessage : frameNumber=3, errorStream=0x0, errorCode=3
01-25 18:54:52.729  2480 13828 E CameraDeviceClient: notifyError: pid=26480, errorCode=4, errorStreamId=0, frameNumber=3
01-25 18:54:52.729  2480 13828 E CameraDeviceClient: notifyError: pid=26480, skipClientNotification=false
01-25 18:54:52.730  1785 27217 I Unihal  : CaptureState.h: UpdateMessage: 55: [FwkCaptureManager] ErrorMessage : frameNumber=3, errorStream=0x0, errorCode=3
01-25 18:54:52.730  1785 27217 I Unihal  : CaptureState.h: UpdateMessage: 55: [HalCaptureMediator] ErrorMessage : frameNumber=4, errorStream=0xb400007d33a27198, errorCode=4
01-25 18:54:52.730  1785 27217 I Unihal  : CaptureState.h: UpdateMessage: 55: [FwkCaptureManager] ErrorMessage : frameNumber=4, errorStream=0xb400007d33a27198, errorCode=4
01-25 18:54:52.730  1785 27217 I Unihal  : CaptureState.h: UpdateMessage: 55: [HalCaptureMediator] ErrorMessage : frameNumber=4, errorStream=0x0, errorCode=3
01-25 18:54:52.730  2480 13828 E CameraDeviceClient: notifyError: pid=26480, errorCode=4, errorStreamId=0, frameNumber=4
01-25 18:54:52.730  2480 13828 E CameraDeviceClient: notifyError: pid=26480, skipClientNotification=false
01-25 18:54:52.730  1785 27217 I Unihal  : CaptureState.h: UpdateMessage: 55: [FwkCaptureManager] ErrorMessage : frameNumber=4, errorStream=0x0, errorCode=3
01-25 18:54:52.730  1785 27217 I Unihal  : CaptureState.h: UpdateMessage: 55: [HalCaptureMediator] ErrorMessage : frameNumber=5, errorStream=0xb400007d33a27198, errorCode=4
01-25 18:54:52.730  1785 27217 I Unihal  : CaptureState.h: UpdateMessage: 55: [FwkCaptureManager] ErrorMessage : frameNumber=5, errorStream=0xb400007d33a27198, errorCode=4
01-25 18:54:52.730  1785 27217 I Unihal  : CaptureState.h: UpdateMessage: 55: [HalCaptureMediator] ErrorMessage : frameNumber=5, errorStream=0x0, errorCode=3
01-25 18:54:52.730  2480  2565 E CameraDeviceClient: notifyError: pid=26480, errorCode=4, errorStreamId=0, frameNumber=5
01-25 18:54:52.730  2480  2565 E CameraDeviceClient: notifyError: pid=26480, skipClientNotification=false
01-25 18:54:52.730  1785 27217 I Unihal  : CaptureState.h: UpdateMessage: 55: [FwkCaptureManager] ErrorMessage : frameNumber=5, errorStream=0x0, errorCode=3
01-25 18:54:52.731  1785 27217 I Unihal  : CaptureState.h: UpdateMessage: 55: [HalCaptureMediator] ErrorMessage : frameNumber=6, errorStream=0xb400007d33a27198, errorCode=4
01-25 18:54:52.731  1785 27217 I Unihal  : CaptureState.h: UpdateMessage: 55: [FwkCaptureManager] ErrorMessage : frameNumber=6, errorStream=0xb400007d33a27198, errorCode=4
01-25 18:54:52.731  1785 27217 I Unihal  : CaptureState.h: UpdateMessage: 55: [HalCaptureMediator] ErrorMessage : frameNumber=6, errorStream=0x0, errorCode=3
01-25 18:54:52.731  2480  2565 E CameraDeviceClient: notifyError: pid=26480, errorCode=4, errorStreamId=0, frameNumber=6
01-25 18:54:52.731  2480  2565 E CameraDeviceClient: notifyError: pid=26480, skipClientNotification=false
01-25 18:54:52.731  1785 27217 I Unihal  : CaptureState.h: UpdateMessage: 55: [FwkCaptureManager] ErrorMessage : frameNumber=6, errorStream=0x0, errorCode=3
01-25 18:54:52.731  1785 27217 I Unihal  : CaptureState.h: UpdateMessage: 55: [HalCaptureMediator] ErrorMessage : frameNumber=7, errorStream=0xb400007d33a27198, errorCode=4
01-25 18:54:52.731  1785 27217 I Unihal  : CaptureState.h: UpdateMessage: 55: [FwkCaptureManager] ErrorMessage : frameNumber=7, errorStream=0xb400007d33a27198, errorCode=4
01-25 18:54:52.731  1785 27217 I Unihal  : CaptureState.h: UpdateMessage: 55: [HalCaptureMediator] ErrorMessage : frameNumber=7, errorStream=0x0, errorCode=3
01-25 18:54:52.731  2480 13828 E CameraDeviceClient: notifyError: pid=26480, errorCode=4, errorStreamId=0, frameNumber=7
01-25 18:54:52.731  2480 13828 E CameraDeviceClient: notifyError: pid=26480, skipClientNotification=false
01-25 18:54:52.731  1785 27217 I Unihal  : CaptureState.h: UpdateMessage: 55: [FwkCaptureManager] ErrorMessage : frameNumber=7, errorStream=0x0, errorCode=3
01-25 18:54:52.735  1785  4541 I Unihal  : Camera3Util.h: PrintCaptureResult: 266: [HAL][frame:2] num_output_buffers(0) partial_result(2) result(0xb400007be2c51fd0) num_physcam_metadata(0), input_buffer(0x0) 
01-25 18:54:52.735  1785  4541 I Unihal  : Camera3Util.h: PrintCaptureResult: 266: [FWK][frame:2] num_output_buffers(0) partial_result(2) result(0xb400007be083bbf0) num_physcam_metadata(0), input_buffer(0x0) 
01-25 18:54:52.739  1785  4538 I Unihal  : Camera3Util.h: PrintCaptureResult: 266: [HAL][frame:2] num_output_buffers(1) partial_result(0) result(0x0) num_physcam_metadata(0), input_buffer(0x0) 
01-25 18:54:52.739  1785  4538 I Unihal  : Camera3Util.h: PrintCaptureResult: 295: [HAL][frame:2]     output_buffers[0] : stream(0xb400007d33a27198/PREVIEWCB) width(320) height(240) status(0) buffer(0xb400007cf3e6c858/0xb400007cd3a9d050) stream minFps(0) maxFps(0) acquire_fence(-1) release_fence(-1) bufferTimestamp(0) buffer minFps(0) maxFps(0)
01-25 18:54:52.739  1785  4538 I Unihal  : Camera3Util.h: PrintCaptureResult: 266: [FWK][frame:2] num_output_buffers(1) partial_result(0) result(0x0) num_physcam_metadata(0), input_buffer(0x0) 
01-25 18:54:52.739  1785  4538 I Unihal  : Camera3Util.h: PrintCaptureResult: 295: [FWK][frame:2]     output_buffers[0] : stream(0xb400007d33a27198/PREVIEWCB) width(320) height(240) status(0) buffer(0xb400007cf3e6c858/0xb400007cd3a9d050) stream minFps(0) maxFps(0) acquire_fence(-1) release_fence(-1) bufferTimestamp(0) buffer minFps(0) maxFps(0)
01-25 18:54:52.739  1785  4538 I Unihal  : Camera3Util.h: PrintCaptureResult: 266: [HAL][frame:3] num_output_buffers(1) partial_result(0) result(0x0) num_physcam_metadata(0), input_buffer(0x0) 
01-25 18:54:52.739  1785  4538 W Unihal  : Camera3Util.h: PrintCaptureResult: 295: [HAL][frame:3]     output_buffers[0] : stream(0xb400007d33a27198/PREVIEWCB) width(320) height(240) status(1) buffer(0x7c6fcdc0f0/0x0) stream minFps(0) maxFps(0) acquire_fence(-1) release_fence(-1) bufferTimestamp(0) buffer minFps(0) maxFps(0)
01-25 18:54:52.739  1785  4538 W Unihal  : Camera3Util.h: ValidateCaptureResult: 398: [HAL_RES] Output buffer_handle is NULL(0x7c6fcdc0f0,0x0) : frameNumber=3, stream=0xb400007d33a27198(PREVIEWCB), status=1
01-25 18:54:52.739  1785  4538 W Unihal  : Camera3Util.h: ValidateCaptureResult: 398: [FWK_RES] Output buffer_handle is NULL(0x7c6fcdc0f0,0x0) : frameNumber=3, stream=0xb400007d33a27198(PREVIEWCB), status=1
01-25 18:54:52.739  1785  4538 I Unihal  : Camera3Util.h: PrintCaptureResult: 266: [FWK][frame:3] num_output_buffers(1) partial_result(0) result(0x0) num_physcam_metadata(0), input_buffer(0x0) 
01-25 18:54:52.739  1785  4538 W Unihal  : Camera3Util.h: PrintCaptureResult: 295: [FWK][frame:3]     output_buffers[0] : stream(0xb400007d33a27198/PREVIEWCB) width(320) height(240) status(1) buffer(0x7c6fcdc0f0/0x0) stream minFps(0) maxFps(0) acquire_fence(-1) release_fence(-1) bufferTimestamp(0) buffer minFps(0) maxFps(0)
01-25 18:54:52.739  2480  2565 E CameraDeviceClient: notifyError: pid=26480, errorCode=5, errorStreamId=0, frameNumber=3
01-25 18:54:52.739  2480  2565 E CameraDeviceClient: notifyError: pid=26480, skipClientNotification=false
01-25 18:54:52.739  1785  4538 I Unihal  : Camera3Util.h: PrintCaptureResult: 266: [HAL][frame:4] num_output_buffers(1) partial_result(0) result(0x0) num_physcam_metadata(0), input_buffer(0x0) 
01-25 18:54:52.739  1785  4538 W Unihal  : Camera3Util.h: PrintCaptureResult: 295: [HAL][frame:4]     output_buffers[0] : stream(0xb400007d33a27198/PREVIEWCB) width(320) height(240) status(1) buffer(0x7c6fcdc0f0/0x0) stream minFps(0) maxFps(0) acquire_fence(-1) release_fence(-1) bufferTimestamp(0) buffer minFps(0) maxFps(0)
01-25 18:54:52.739  1785  4538 W Unihal  : Camera3Util.h: ValidateCaptureResult: 398: [HAL_RES] Output buffer_handle is NULL(0x7c6fcdc0f0,0x0) : frameNumber=4, stream=0xb400007d33a27198(PREVIEWCB), status=1
01-25 18:54:52.739  1785  4538 W Unihal  : Camera3Util.h: ValidateCaptureResult: 398: [FWK_RES] Output buffer_handle is NULL(0x7c6fcdc0f0,0x0) : frameNumber=4, stream=0xb400007d33a27198(PREVIEWCB), status=1
01-25 18:54:52.739  1785  4538 I Unihal  : Camera3Util.h: PrintCaptureResult: 266: [FWK][frame:4] num_output_buffers(1) partial_result(0) result(0x0) num_physcam_metadata(0), input_buffer(0x0) 
01-25 18:54:52.739  1785  4538 W Unihal  : Camera3Util.h: PrintCaptureResult: 295: [FWK][frame:4]     output_buffers[0] : stream(0xb400007d33a27198/PREVIEWCB) width(320) height(240) status(1) buffer(0x7c6fcdc0f0/0x0) stream minFps(0) maxFps(0) acquire_fence(-1) release_fence(-1) bufferTimestamp(0) buffer minFps(0) maxFps(0)
01-25 18:54:52.739 26480 27077 I CameraV2Controller: onImageAvailable width :320 height 240
01-25 18:54:52.739  2480  2565 E CameraDeviceClient: notifyError: pid=26480, errorCode=5, errorStreamId=0, frameNumber=4
01-25 18:54:52.739  2480  2565 E CameraDeviceClient: notifyError: pid=26480, skipClientNotification=false
01-25 18:54:52.739 26480 27077 I SmartFaceService: Calling onPreviewFrame: Thread[Stay/Rotation Worker,5,main]/14064531
01-25 18:54:52.740  1785  4538 I CHI     : [SS_LOW ]: [CHI         ]: chxsecperf.cpp: ReleasePerfLock: 1334: 69 [BOOST_PREVIEW_0] Released
01-25 18:54:52.740  1785  4538 I CHI     : [SS_LOW ]: [CHI         ]: chxsecperf.cpp: AcquirePerfLock: 1275:  2] COMMON (0)
01-25 18:54:52.740  1785  4538 I CHI     : [SS_LOW ]: [CHI         ]: chxsecperf.cpp: AcquirePerfLock: 1275: 43] VT_CALL (0)
01-25 18:54:52.740  1785  4538 I Unihal  : Camera3Util.h: PrintCaptureResult: 266: [HAL][frame:5] num_output_buffers(1) partial_result(0) result(0x0) num_physcam_metadata(0), input_buffer(0x0) 
01-25 18:54:52.740  1785  4538 W Unihal  : Camera3Util.h: PrintCaptureResult: 295: [HAL][frame:5]     output_buffers[0] : stream(0xb400007d33a27198/PREVIEWCB) width(320) height(240) status(1) buffer(0x7c6fcdc0f0/0x0) stream minFps(0) maxFps(0) acquire_fence(-1) release_fence(-1) bufferTimestamp(0) buffer minFps(0) maxFps(0)
01-25 18:54:52.740  1785  4538 W Unihal  : Camera3Util.h: ValidateCaptureResult: 398: [HAL_RES] Output buffer_handle is NULL(0x7c6fcdc0f0,0x0) : frameNumber=5, stream=0xb400007d33a27198(PREVIEWCB), status=1
01-25 18:54:52.740  1785  4538 W Unihal  : Camera3Util.h: ValidateCaptureResult: 398: [FWK_RES] Output buffer_handle is NULL(0x7c6fcdc0f0,0x0) : frameNumber=5, stream=0xb400007d33a27198(PREVIEWCB), status=1
01-25 18:54:52.740  1785  4538 I Unihal  : Camera3Util.h: PrintCaptureResult: 266: [FWK][frame:5] num_output_buffers(1) partial_result(0) result(0x0) num_physcam_metadata(0), input_buffer(0x0) 
01-25 18:54:52.740  1785  4538 W Unihal  : Camera3Util.h: PrintCaptureResult: 295: [FWK][frame:5]     output_buffers[0] : stream(0xb400007d33a27198/PREVIEWCB) width(320) height(240) status(1) buffer(0x7c6fcdc0f0/0x0) stream minFps(0) maxFps(0) acquire_fence(-1) release_fence(-1) bufferTimestamp(0) buffer minFps(0) maxFps(0)
01-25 18:54:52.740  2480  2565 E CameraDeviceClient: notifyError: pid=26480, errorCode=5, errorStreamId=0, frameNumber=5
01-25 18:54:52.740  2480  2565 E CameraDeviceClient: notifyError: pid=26480, skipClientNotification=false
01-25 18:54:52.740  1785  4538 I Unihal  : Camera3Util.h: PrintCaptureResult: 266: [HAL][frame:6] num_output_buffers(1) partial_result(0) result(0x0) num_physcam_metadata(0), input_buffer(0x0) 
01-25 18:54:52.740  1785  4538 W Unihal  : Camera3Util.h: PrintCaptureResult: 295: [HAL][frame:6]     output_buffers[0] : stream(0xb400007d33a27198/PREVIEWCB) width(320) height(240) status(1) buffer(0x7c6fcdc0f0/0x0) stream minFps(0) maxFps(0) acquire_fence(-1) release_fence(-1) bufferTimestamp(0) buffer minFps(0) maxFps(0)
01-25 18:54:52.740  1785  4538 W Unihal  : Camera3Util.h: ValidateCaptureResult: 398: [HAL_RES] Output buffer_handle is NULL(0x7c6fcdc0f0,0x0) : frameNumber=6, stream=0xb400007d33a27198(PREVIEWCB), status=1
01-25 18:54:52.740  1785  4538 W Unihal  : Camera3Util.h: ValidateCaptureResult: 398: [FWK_RES] Output buffer_handle is NULL(0x7c6fcdc0f0,0x0) : frameNumber=6, stream=0xb400007d33a27198(PREVIEWCB), status=1
01-25 18:54:52.740  1785  4538 I Unihal  : Camera3Util.h: PrintCaptureResult: 266: [FWK][frame:6] num_output_buffers(1) partial_result(0) result(0x0) num_physcam_metadata(0), input_buffer(0x0) 
01-25 18:54:52.740  1785  4538 W Unihal  : Camera3Util.h: PrintCaptureResult: 295: [FWK][frame:6]     output_buffers[0] : stream(0xb400007d33a27198/PREVIEWCB) width(320) height(240) status(1) buffer(0x7c6fcdc0f0/0x0) stream minFps(0) maxFps(0) acquire_fence(-1) release_fence(-1) bufferTimestamp(0) buffer minFps(0) maxFps(0)
01-25 18:54:52.740  2480  2565 E CameraDeviceClient: notifyError: pid=26480, errorCode=5, errorStreamId=0, frameNumber=6
01-25 18:54:52.740  2480  2565 E CameraDeviceClient: notifyError: pid=26480, skipClientNotification=false
01-25 18:54:52.740  1785  4538 I Unihal  : Camera3Util.h: PrintCaptureResult: 266: [HAL][frame:7] num_output_buffers(1) partial_result(0) result(0x0) num_physcam_metadata(0), input_buffer(0x0) 
01-25 18:54:52.740  1785  4538 W Unihal  : Camera3Util.h: PrintCaptureResult: 295: [HAL][frame:7]     output_buffers[0] : stream(0xb400007d33a27198/PREVIEWCB) width(320) height(240) status(1) buffer(0x7c6fcdc0f0/0x0) stream minFps(0) maxFps(0) acquire_fence(-1) release_fence(-1) bufferTimestamp(0) buffer minFps(0) maxFps(0)
01-25 18:54:52.740  1785  4538 W Unihal  : Camera3Util.h: ValidateCaptureResult: 398: [HAL_RES] Output buffer_handle is NULL(0x7c6fcdc0f0,0x0) : frameNumber=7, stream=0xb400007d33a27198(PREVIEWCB), status=1
01-25 18:54:52.740  1785  4538 W Unihal  : Camera3Util.h: ValidateCaptureResult: 398: [FWK_RES] Output buffer_handle is NULL(0x7c6fcdc0f0,0x0) : frameNumber=7, stream=0xb400007d33a27198(PREVIEWCB), status=1
01-25 18:54:52.740  1785  4538 I Unihal  : Camera3Util.h: PrintCaptureResult: 266: [FWK][frame:7] num_output_buffers(1) partial_result(0) result(0x0) num_physcam_metadata(0), input_buffer(0x0) 
01-25 18:54:52.740  1785  4538 W Unihal  : Camera3Util.h: PrintCaptureResult: 295: [FWK][frame:7]     output_buffers[0] : stream(0xb400007d33a27198/PREVIEWCB) width(320) height(240) status(1) buffer(0x7c6fcdc0f0/0x0) stream minFps(0) maxFps(0) acquire_fence(-1) release_fence(-1) bufferTimestamp(0) buffer minFps(0) maxFps(0)
01-25 18:54:52.740  2480 13828 E CameraDeviceClient: notifyError: pid=26480, errorCode=5, errorStreamId=0, frameNumber=7
01-25 18:54:52.740  2480 13828 E CameraDeviceClient: notifyError: pid=26480, skipClientNotification=false
01-25 18:54:52.740  2480 13828 I Camera3-Status: markComponent: Component 0 is now idle - InflightRequests
01-25 18:54:52.742  1780  1927 E PERFHAL-UTIL: PERFHAL-UTIL: save_node_val() 251: Failed to read /sys/devices/system/cpu/cpu0/cpufreq/walt/target_load_shift
01-25 18:54:52.742  1780  1927 E PERFHAL-OPTSHANDLER: PERFHAL-OPTSHANDLER: modify_sysfsnode() 1154: Failed to read /sys/devices/system/cpu/cpu0/cpufreq/walt/target_load_shift
01-25 18:54:52.742  1780  1927 E PERFHAL-RESOURCEQS: PERFHAL-RESOURCEQS: AddAndApply() 159: Failed to apply optimization [5, 21]
01-25 18:54:52.742  1780  1927 E PERFHAL-UTIL: PERFHAL-UTIL: save_node_val() 251: Failed to read /sys/devices/system/cpu/cpu0/cpufreq/walt/target_load_thresh
01-25 18:54:52.742  1780  1927 E PERFHAL-OPTSHANDLER: PERFHAL-OPTSHANDLER: modify_sysfsnode() 1154: Failed to read /sys/devices/system/cpu/cpu0/cpufreq/walt/target_load_thresh
01-25 18:54:52.742  1780  1927 E PERFHAL-RESOURCEQS: PERFHAL-RESOURCEQS: AddAndApply() 159: Failed to apply optimization [5, 20]
01-25 18:54:52.744  2480  2565 I Camera3-Status: markComponent: Component 3 is now idle - streamId = 0, format = 0x23(YUV_420_888), width = 320, height = 240, option = 0x0, type = OUTPUT
01-25 18:54:52.744  2480  2565 I Camera3-IOStreamBase: FpsStats: stream 0, requested=8, received=8, valid=3, invalid=5
01-25 18:54:52.744  2480 27085 I CameraService: finishCameraStreamingOps: finish camera streaming ops, package name = com.samsung.android.smartface, client UID = 1000
01-25 18:54:52.744  2480 27085 D CameraService: finishCameraStreamingOps: finishDataDelivery for uid 1000
01-25 18:54:52.744  1785 26600 I Unihal  : CameraDevice.cpp: Flush: 248: [UNIKPI][1] VndHAL->flush: X
01-25 18:54:52.744  1785 26600 I Unihal  : Camera3Util.h: PrintCurrentStatus: 641: [HAL-WaitDrained_E] ReqStreamBuf(1): 0xb400007d33a27198/0) 
01-25 18:54:52.744  1785 26600 I Unihal  : Camera3Util.h: PrintCurrentStatus: 641: [HAL-WaitDrained_X] ReqStreamBuf(1): 0xb400007d33a27198/0) 
01-25 18:54:52.744  1785 26600 I Unihal  : Camera3Util.h: PrintCurrentStatus: 641: [FWK-WaitDrained_E] ReqStreamBuf(1): 0xb400007d33a27198/0) 
01-25 18:54:52.744  1785 26600 I Unihal  : Camera3Util.h: PrintCurrentStatus: 641: [FWK-WaitDrained_X] ReqStreamBuf(1): 0xb400007d33a27198/0) 
01-25 18:54:52.744  1785 26600 I Unihal  : UniState.cpp: transitState: 102: Transiting to state 4
01-25 18:54:52.744  1785 26600 I Unihal  : UniHal3InterfaceEntry.cpp: uni_flush: 501: [UNIKPI][1] UniHAL->flush: X
01-25 18:54:52.744  2480  2480 D AidlCamera3-Device: CameraPerf: flush X (16ms)
01-25 18:54:52.744  2480  2480 D Camera3-Device: waitUntilDrainedLocked: Camera 1: Waiting until idle (5000000000ns)
01-25 18:54:52.744  2480  2480 D Camera3-Device: waitUntilDrained: mInterfaceLock.unlock()
01-25 18:54:52.744  2480  2480 I Camera3-Device: setDeviceInjector
01-25 18:54:52.744  2480  2480 I Camera3-Device: disconnectImpl: E
01-25 18:54:52.744  2480  2480 I CameraLatencyHistogram: ProcessCaptureRequest latency histogram (8) samples:
01-25 18:54:52.744  2480  2480 I CameraLatencyHistogram:        20     40     60     80    100    120    140    160    180    inf (max ms)
01-25 18:54:52.744  2480  2480 I CameraLatencyHistogram:      50.00   12.50   12.50   0.00   12.50   0.00   12.50   0.00   0.00   0.00 (%)
01-25 18:54:52.744  2480 27085 I CameraServiceProxyWrapper: updateProxyDeviceState: notifyCameraState for Camera ID 1, newState 2, facing 1, clientName com.samsung.android.smartface, apiLevel 2
01-25 18:54:52.745  2421  3528 I CameraManagerGlobal: Camera 1 facing CAMERA_FACING_FRONT state now CAMERA_STATE_IDLE for client com.samsung.android.smartface API Level 2 User Id 0Device Id 0
01-25 18:54:52.745  4018  4975 I CameraManagerGlobal: Camera 1 facing CAMERA_FACING_FRONT state now CAMERA_STATE_IDLE for client com.samsung.android.smartface API Level 2 User Id 0Device Id 0
01-25 18:54:52.745  4326  4355 I CameraManagerGlobal: Camera 1 facing CAMERA_FACING_FRONT state now CAMERA_STATE_IDLE for client com.samsung.android.smartface API Level 2 User Id 0Device Id 0
01-25 18:54:52.745  4018  4975 I CameraManagerGlobal: onCameraDeviceStateChangedLocked: post device state update
01-25 18:54:52.745  7026  8536 I CameraManagerGlobal: Camera 1 facing CAMERA_FACING_FRONT state now CAMERA_STATE_IDLE for client com.samsung.android.smartface API Level 2 User Id 0Device Id 0
01-25 18:54:52.745  7026  8536 I CameraManagerGlobal: onCameraDeviceStateChangedLocked: post device state update
01-25 18:54:52.745  4018  4975 I CameraManagerGlobal: onCameraDeviceStateChangedLocked: post device state update
01-25 18:54:52.745 13661 24959 I AiPrivacy::SaSensorRepository: Active op +  op : android:camera uid : 1000 PackageName : com.samsung.android.smartface Active : false
01-25 18:54:52.745  7026  8536 I CameraManagerGlobal: onCameraDeviceStateChangedLocked: post device state update
01-25 18:54:52.745  2421  3528 I CameraManagerGlobal: onCameraDeviceStateChangedLocked: post device state update
01-25 18:54:52.745  2421  3528 I CameraManagerGlobal: onCameraDeviceStateChangedLocked: post device state update
01-25 18:54:52.745  2421  3616 I RequestInjectorService: Samsung Camera is opened. ignore VT Camera Setting.
01-25 18:54:52.745  7291  7321 I CameraManagerGlobal: Camera 1 facing CAMERA_FACING_FRONT state now CAMERA_STATE_IDLE for client com.samsung.android.smartface API Level 2 User Id 0Device Id 0
01-25 18:54:52.745  6996  7030 I CameraManagerGlobal: Camera 1 facing CAMERA_FACING_FRONT state now CAMERA_STATE_IDLE for client com.samsung.android.smartface API Level 2 User Id 0Device Id 0
01-25 18:54:52.745  7391 31259 I CameraManagerGlobal: Camera 1 facing CAMERA_FACING_FRONT state now CAMERA_STATE_IDLE for client com.samsung.android.smartface API Level 2 User Id 0Device Id 0
01-25 18:54:52.745  2421  3871 D SemWifiCoexManager: onCameraDeviceStateChanged:  cameraId=1 facing=1 newCameraState=2 clientName=com.samsung.android.smartface
01-25 18:54:52.745  6996  7748 I EadCameraController: onCameraDeviceStateChanged:  cameraId=1 facing=1 newCameraState=2 clientName=com.samsung.android.smartface
01-25 18:54:52.745  8094  8554 I CameraManagerGlobal: Camera 1 facing CAMERA_FACING_FRONT state now CAMERA_STATE_IDLE for client com.samsung.android.smartface API Level 2 User Id 0Device Id 0
01-25 18:54:52.745  7442 22636 I CameraManagerGlobal: Camera 1 facing CAMERA_FACING_FRONT state now CAMERA_STATE_IDLE for client com.samsung.android.smartface API Level 2 User Id 0Device Id 0
01-25 18:54:52.745 26480 27259 I CameraManagerGlobal: Camera 1 facing CAMERA_FACING_FRONT state now CAMERA_STATE_IDLE for client com.samsung.android.smartface API Level 2 User Id 0Device Id 0
01-25 18:54:52.745 28316 28328 I CameraManagerGlobal: Camera 1 facing CAMERA_FACING_FRONT state now CAMERA_STATE_IDLE for client com.samsung.android.smartface API Level 2 User Id 0Device Id 0
01-25 18:54:52.745  4147  2750 I CameraManagerGlobal: Camera 1 facing CAMERA_FACING_FRONT state now CAMERA_STATE_IDLE for client com.samsung.android.smartface API Level 2 User Id 0Device Id 0
01-25 18:54:52.745 16613 29955 I CameraManagerGlobal: Camera 1 facing CAMERA_FACING_FRONT state now CAMERA_STATE_IDLE for client com.samsung.android.smartface API Level 2 User Id 0Device Id 0
01-25 18:54:52.745  2480 27085 W IPCThreadState: Sending oneway calls to frozen process.
01-25 18:54:52.745  5698  5724 I CameraManagerGlobal: Camera 1 facing CAMERA_FACING_FRONT state now CAMERA_STATE_IDLE for client com.samsung.android.smartface API Level 2 User Id 0Device Id 0
01-25 18:54:52.745 27857 27878 I CameraManagerGlobal: Camera 1 facing CAMERA_FACING_FRONT state now CAMERA_STATE_IDLE for client com.samsung.android.smartface API Level 2 User Id 0Device Id 0
01-25 18:54:52.745 27857 27878 I CameraManagerGlobal: onCameraDeviceStateChangedLocked: post device state update
01-25 18:54:52.745  5319 12648 I CameraManagerGlobal: Camera 1 facing CAMERA_FACING_FRONT state now CAMERA_STATE_IDLE for client com.samsung.android.smartface API Level 2 User Id 0Device Id 0
01-25 18:54:52.745  2480  2480 I Camera3-Device: CameraServiceWatchDog::watchThread for disconnectImpl with cycles=550, cycleLength=100ms, timer=55000ms
01-25 18:54:52.745  2480  2480 D AidlCamera3-Device: CameraPerf: close E
01-25 18:54:52.745  1785 26600 I Samsung_CameraDeviceSession_impl: [CAMKPI] camera3->close : E
01-25 18:54:52.745  1785 26600 I Unihal  : UniHal3InterfaceEntry.cpp: uni_close_camera_hardware: 587: [UNIKPI][1] UniHAL->close: E
01-25 18:54:52.745  1785 26600 I Unihal  : UniHalPlusMediator.cpp: CloseCamera: 212: Device(0xb400007cd3ab92a0): E
01-25 18:54:52.745  1785 26600 I Unihal  : UniHalPlusMediator.cpp: GetOpenMgrByHwDevice: 1058: Found device: 0xb400007cd3ab92a0
01-25 18:54:52.745  1785 26600 I Unihal  : UniState.cpp: transitState: 102: Transiting to state 7
01-25 18:54:52.745  1785 27200 I Unihal  : GlobalMonitor.cpp: MonitoringTask: 289: Monitoring is finished
01-25 18:54:52.746  1785 26600 I Unihal  : CameraDevice.cpp: CloseCamera: 336: [UNIKPI][1] VndHAL->close: E
01-25 18:54:52.746  1785 27224 I Unihal  : Camera3Util.h: PrintCurrentStatus: 641: [HAL-WaitDrained_E] ReqStreamBuf(0): 
01-25 18:54:52.746  1785 27224 I Unihal  : Camera3Util.h: PrintCurrentStatus: 641: [HAL-WaitDrained_X] ReqStreamBuf(0): 
01-25 18:54:52.746  1785 27224 I Unihal  : Camera3Util.h: PrintCurrentStatus: 641: [FWK-WaitDrained_E] ReqStreamBuf(0): 
01-25 18:54:52.746  1785 27224 I Unihal  : Camera3Util.h: PrintCurrentStatus: 641: [FWK-WaitDrained_X] ReqStreamBuf(0): 
01-25 18:54:52.746  1785 27110 I Unihal  : FwkCaptureManager.cpp: PollingResultTask: 892: PollingResultTask is Stopped
01-25 18:54:52.746  1785 27224 I Unihal  : SensorManager.cpp: UnloadSensor: 233: E : sensorNotRequired=139
01-25 18:54:52.746  1785 27224 I Unihal  : SensorListener.cpp: DisableSensor: 436: disableSensor : numSensors=43/43, m_sen_list = 0xb400007dd39f41d0/0xb400007dd39f41d0
01-25 18:54:52.746  1788  1788 I seh_thermal_service: unregisterThermalChangedCallback ISehThermalChangedCallback: 0xb4000078fd317410
01-25 18:54:52.746  1788  1788 I BpBinder: onLastStrongRef automatically unlinking death recipients: vendor.samsung.hardware.thermal.ISehThermalChangedCallback
01-25 18:54:52.747  1751  1751 I sensors-hal: set_config:60, sample_period_ns is adjusted to 100000000 based on min/max delay_ns
01-25 18:54:52.747  1751  1751 I sensors-hal: batch:368, android.sensor.accelerometer/11, period=100000000, max_latency=0 request completed
01-25 18:54:52.747  1785 27224 I Unihal  : SensorListener.cpp: DisableSensor: 436: disableSensor : numSensors=43/43, m_sen_list = 0xb400007dd39f41d0/0xb400007dd39f41d0
01-25 18:54:52.747  1751  1751 I sensors-hal: set_config:60, sample_period_ns is adjusted to 100000000 based on min/max delay_ns
01-25 18:54:52.747  1751  1751 I sensors-hal: send_sensor_config_request:582, resampler is used, set resampler config
01-25 18:54:52.747  1751  1751 I sensors-hal: send_sync_sensor_request:515, send sync request
01-25 18:54:52.747  1751  1751 I sensors-hal: send_sync_sensor_request:544, wait for notification of response
01-25 18:54:52.748  1751 27121 I sensors-hal: qsh_conn_resp_cb:972, resp_value = 0 for gyro 
01-25 18:54:52.748  1751  1751 I sensors-hal: send_sync_sensor_request:550, takes 0 ms to receive the response with 0
01-25 18:54:52.748  1751  1751 I sensors-hal: batch:368, android.sensor.gyroscope/41, period=100000000, max_latency=0 request completed
01-25 18:54:52.748  1785 27224 I Unihal  : SensorListener.cpp: DisableSensor: 436: disableSensor : numSensors=43/43, m_sen_list = 0xb400007dd39f41d0/0xb400007dd39f41d0
01-25 18:54:52.748  1751  1751 I sensors-hal: set_config:64, no need to adjust sample_period_ns due to reporting_mode = 2
01-25 18:54:52.748  1751  1751 I sensors-hal: batch:368, android.sensor.device_orientation/271, period=20000000, max_latency=0 request completed
01-25 18:54:52.748  1785 27224 I Unihal  : SensorListener.cpp: DisableSensor: 436: disableSensor : numSensors=43/43, m_sen_list = 0xb400007dd39f41d0/0xb400007dd39f41d0
01-25 18:54:52.748 13661 24959 I AiPrivacy::SaSensorRepository: com.samsung.android.smartface 26 293
01-25 18:54:52.749  1751  1751 I sensors-hal: activate:305, android.sensor.rotation_vector/111 en=0
01-25 18:54:52.749  1751  1751 I sensors-hal: send_sync_sensor_request:515, send sync request
01-25 18:54:52.749  1751  1751 I sensors-hal: send_sync_sensor_request:544, wait for notification of response
01-25 18:54:52.749  1785 26600 I CHI     : [SS_LOW ]: [CHI         ]: chxsecadaptiveperf.cpp: GetAdaptivePowerLevel: 390: loadAvgFloat : 11.160000, loadAvgProcess : 4, AvailableMemory : 2638400, adaptivePowerLevel:0
01-25 18:54:52.749  1785 26600 I CHI     : [SS_LOW ]: [CHI         ]: chxsecadaptiveperf.cpp: GetAdaptivePowerHint: 587: perfType [78], adaptivePowerLevel [0], cpuMaxClk [0], cpuMinClk [0], boostTime[0], currOverHeatLevel[0], isOverLimit[0]
01-25 18:54:52.749  1785 26600 I CHI     : [SS_LOW ]: [CHI         ]: chxsecperf.cpp: AcquirePerfLock: 1308: 78] ADAPTIVE_OPEN_CAMERA (1000) Rel
01-25 18:54:52.749  1785 26600 I CHI     : [SS_LOW ]: [CHI         ]: chxsecperf.cpp: AcquirePerfLock: 1275: 69] BOOST_PREVIEW_0 (1800)
01-25 18:54:52.749  1751 27125 I sensors-hal: qsh_conn_resp_cb:972, resp_value = 0 for rotv 
01-25 18:54:52.749  1751  1751 I sensors-hal: send_sync_sensor_request:550, takes 0 ms to receive the response with 0
01-25 18:54:52.749  1751  1751 I sensors-hal: ~qsh_qmi:61, ~qsh_qmi
01-25 18:54:52.749  1751  1751 I sensors-hal: activate:335, android.sensor.rotation_vector/111 en=0 completed
01-25 18:54:52.749  1785 27224 W RefBase : RefBase: Explicit destruction, weak count = 0 (in 0xb400007dc3a20790). Use sp<> to manage this object.
01-25 18:54:52.749  1785 27224 W RefBase : CallStack::getCurrentInternal not linked, returning null
01-25 18:54:52.749  1785 27224 W RefBase : CallStack::logStackInternal not linked
01-25 18:54:52.749  1785 27224 I Unihal  : SensorManager.cpp: UnloadSensor: 252: X
01-25 18:54:52.749  1785 27224 I Unihal  : UniRequestBufferManager.cpp: Destroy: 744: [EXT_BUF_MGR(stream 0xb400007d33a27198)] destroying.
01-25 18:54:52.750  1785 27224 I Unihal  : UniRequestBufferManager.cpp: Flush: 731: Flush 0!!
01-25 18:54:52.750  1725  1830 E minksocket: MinkIPC ERROR: ( 1725:1830 ) MinkIPC_preProcess:272 Client down, but cannot find corresponding minksession
01-25 18:54:52.750  1725  1838 E minksocket: MinkIPC ERROR: ( 1725:1838 ) MinkIPC_preProcess:272 Client down, but cannot find corresponding minksession
01-25 18:54:52.751  1785 27224 I Unihal  : AsyncTask.cpp: Start: 46: Succeeded to create pthread : name=AUTO_FRAMING_LITE_VIDEO
01-25 18:54:52.751  1785 27228 I Unihal  : ScenarioPipeline.cpp: AsyncBaseFilterDestroy: 291: AUTO_FRAMING_LITE_VIDEO: E
01-25 18:54:52.751  1785 27228 I Unihal  : BaseFilter.cpp: Destroy: 62: [AUTO_FRAMING_LITE_VIDEO,0xb400007e44406710] Destroying.
01-25 18:54:52.752  1785 27228 I Unihal  : ScenarioPipeline.cpp: AsyncBaseFilterDestroy: 291: AUTO_FRAMING_LITE_VIDEO: X
01-25 18:54:52.752  1785 27224 I Unihal  : AsyncTask.cpp: Finish: 80: Succeeded to finish pthread : name=AUTO_FRAMING_LITE_VIDEO
01-25 18:54:52.752  1785 27224 I Unihal  : AsyncTask.cpp: Start: 46: Succeeded to create pthread : name=FUNC_UNIVERSAL_SCALER_SUB_2
01-25 18:54:52.752  1785 27164 E ChiX    : [ERROR][F2Core ] chifeature2base.cpp:6668 AsyncDestroyCb() Start Session destroy feature RealtimePostProcessor session RTPostProcessor
01-25 18:54:52.752  1785 27224 I Unihal  : AsyncTask.cpp: Start: 46: Succeeded to create pthread : name=FUNC_UNIVERSAL_SCALER
01-25 18:54:52.752  1785 27229 I Unihal  : ScenarioPipeline.cpp: AsyncBaseFilterDestroy: 291: FUNC_UNIVERSAL_SCALER_SUB_2: E
01-25 18:54:52.752  1785 27229 I Unihal  : BaseFilter.cpp: Destroy: 62: [FUNC_UNIVERSAL_SCALER_SUB_2,0xb400007e443db790] Destroying.
01-25 18:54:52.752  1785 27229 I Unihal  : scaler_sw.cpp: DeinitFunctionProcess: 248: SW Scaler DeinitFunctionProcess
01-25 18:54:52.752  1785 27164 E CamX    : [ERROR][CORE   ] camxpipeline.cpp:235 Destroy() OfflineReprocess0_0: Updated m_referenceCount=1
01-25 18:54:52.752  1785 27230 I Unihal  : ScenarioPipeline.cpp: AsyncBaseFilterDestroy: 291: FUNC_UNIVERSAL_SCALER: E
01-25 18:54:52.752  1785 27230 I Unihal  : BaseFilter.cpp: Destroy: 62: [FUNC_UNIVERSAL_SCALER,0xb400007e4439b370] Destroying.
01-25 18:54:52.752  1785 27230 I Unihal  : scaler_sw.cpp: DeinitFunctionProcess: 248: SW Scaler DeinitFunctionProcess
01-25 18:54:52.752  1785 27224 I Unihal  : AsyncTask.cpp: Start: 46: Succeeded to create pthread : name=FUNC_CROP_SCALER
01-25 18:54:52.752  1785 27224 I Unihal  : AsyncTask.cpp: Start: 46: Succeeded to create pthread : name=AUTO_FRAMING_ARC_VIDEO
01-25 18:54:52.752  1785 27164 E ChiX    : [ERROR][F2Core ] chifeature2base.cpp:6688 AsyncDestroyCb() Start Pipeline destroy, feature RealtimePostProcessor pipeline OfflineReprocess
01-25 18:54:52.752  1785 27232 I Unihal  : ScenarioPipeline.cpp: AsyncBaseFilterDestroy: 291: AUTO_FRAMING_ARC_VIDEO: E
01-25 18:54:52.752  1785 27232 I Unihal  : BaseFilter.cpp: Destroy: 62: [AUTO_FRAMING_ARC_VIDEO,0xb400007e443b4690] Destroying.
01-25 18:54:52.752  1785 27164 E CamX    : [ERROR][CORE   ] camxpipeline.cpp:235 Destroy() OfflineReprocess0_0: Updated m_referenceCount=0
01-25 18:54:52.753  1785 27224 I Unihal  : AsyncTask.cpp: Start: 46: Succeeded to create pthread : name=REACTION_PREVIEW
01-25 18:54:52.753  1785 27231 I Unihal  : ScenarioPipeline.cpp: AsyncBaseFilterDestroy: 291: FUNC_CROP_SCALER: E
01-25 18:54:52.753  1785 27231 I Unihal  : BaseFilter.cpp: Destroy: 62: [FUNC_CROP_SCALER,0xb400007e44390ab0] Destroying.
01-25 18:54:52.753  1785 27231 I Unihal  : scaler_sw.cpp: DeinitFunctionProcess: 248: SW Scaler DeinitFunctionProcess
01-25 18:54:52.753  1785 27229 I Unihal  : ScenarioPipeline.cpp: AsyncBaseFilterDestroy: 291: FUNC_UNIVERSAL_SCALER_SUB_2: X
01-25 18:54:52.753  1785 27224 I Unihal  : AsyncTask.cpp: Start: 46: Succeeded to create pthread : name=SEGMENTATION_EFFECT_MAP
01-25 18:54:52.753  1785 27233 I Unihal  : ScenarioPipeline.cpp: AsyncBaseFilterDestroy: 291: REACTION_PREVIEW: E
01-25 18:54:52.753  1785 27233 I Unihal  : BaseFilter.cpp: Destroy: 62: [REACTION_PREVIEW,0xb400007e4439aa10] Destroying.
01-25 18:54:52.753  1785 27233 I ReactionPlugin: [deinit_plugin] E
01-25 18:54:52.753  1785 27233 I ReactionPlugin: [deinit_plugin] X
01-25 18:54:52.753  1785  4555 E CamX    : [ERROR][CORE   ] camxpipeline.cpp:4967 NodeDestroy() Destroying node: OfflineReprocess0_com.qti.node.gme0_cam5
01-25 18:54:52.753  1785  4545 E CamX    : [ERROR][CORE   ] camxpipeline.cpp:4967 NodeDestroy() Destroying node: OfflineReprocess0_com.qti.node.mctfalign30_cam5
01-25 18:54:52.753  1785 27234 I Unihal  : ScenarioPipeline.cpp: AsyncBaseFilterDestroy: 291: SEGMENTATION_EFFECT_MAP: E
01-25 18:54:52.753  1785 27234 I Unihal  : BaseFilter.cpp: Destroy: 62: [SEGMENTATION_EFFECT_MAP,0xb400007e443f1590] Destroying.
01-25 18:54:52.753  1785  4554 E CamX    : [ERROR][CORE   ] camxpipeline.cpp:4967 NodeDestroy() Destroying node: OfflineReprocess0_OFE1_cam5
01-25 18:54:52.753  1785  4548 E CamX    : [ERROR][CORE   ] camxpipeline.cpp:4967 NodeDestroy() Destroying node: OfflineReprocess0_IPE0_cam5
01-25 18:54:52.754  1785 27230 I Unihal  : ScenarioPipeline.cpp: AsyncBaseFilterDestroy: 291: FUNC_UNIVERSAL_SCALER: X
01-25 18:54:52.754  1785 27232 I Unihal  : ScenarioPipeline.cpp: AsyncBaseFilterDestroy: 291: AUTO_FRAMING_ARC_VIDEO: X
01-25 18:54:52.754  1785 27233 I ReactionPlugin: [~ReactionPlugin] E
01-25 18:54:52.754  1785 27233 I ReactionPlugin: [~ReactionPlugin] X
01-25 18:54:52.754  1785 27224 I Unihal  : AsyncTask.cpp: Start: 46: Succeeded to create pthread : name=SEGMENTATION_EFFECT
01-25 18:54:52.754  1785 27234 I SegmentationMapPlugin: ~SegmentationMapPlugin: E
01-25 18:54:52.754  1785 27234 I SegmentationMapPlugin: ~SegmentationMapPlugin: X
01-25 18:54:52.754  1785 27235 I Unihal  : ScenarioPipeline.cpp: AsyncBaseFilterDestroy: 291: SEGMENTATION_EFFECT: E
01-25 18:54:52.754  1785 27235 I Unihal  : BaseFilter.cpp: Destroy: 62: [SEGMENTATION_EFFECT,0xb400007e443c2150] Destroying.
01-25 18:54:52.754  1785 27235 I SegmentationEffectPlugin: ~SegmentationEffectPlugin: E
01-25 18:54:52.754  1785 27235 I SegmentationEffectPlugin: ~SegmentationEffectPlugin: X
01-25 18:54:52.754  1785  4554 E CamX    : [ERROR][CSL    ] camxcslhw.cpp:1474 CSLReleaseDeviceHW() [SUBDEV_DBG] hCSL[0x4b0204] hDevice[0x90105] hSession[0x4b0204]
01-25 18:54:52.754  1785  4554 E CamX    : [ERROR][CSL    ] camxcslhw.cpp:1501 CSLReleaseDeviceHW() [SUBDEV_DBG] hDevice[0x90105] hAcquired[0x90105] hSession[0x4b0204]                                     devName[] deviceIdx[20] deviceType[16] refCount[0] isStreamActive[0] session_name[OfflineReprocess0]
01-25 18:54:52.754  1785 27224 I Unihal  : AsyncTask.cpp: Start: 46: Succeeded to create pthread : name=REACTION_DETECTOR
01-25 18:54:52.754  1785 27236 I Unihal  : ScenarioPipeline.cpp: AsyncBaseFilterDestroy: 291: REACTION_DETECTOR: E
01-25 18:54:52.754  1785 27224 I Unihal  : AsyncTask.cpp: Start: 46: Succeeded to create pthread : name=BEAUTY_VIDEO
01-25 18:54:52.754  1785 27236 I Unihal  : BaseFilter.cpp: Destroy: 62: [REACTION_DETECTOR,0xb400007e443f31b0] Destroying.
01-25 18:54:52.754  1785 27236 I ReactionDetectorPlugin: [~ReactionDetectorPlugin] E
01-25 18:54:52.754  1785 27236 I ReactionDetectorPlugin: [~ReactionDetectorPlugin] X
01-25 18:54:52.754  1785 27237 I Unihal  : ScenarioPipeline.cpp: AsyncBaseFilterDestroy: 291: BEAUTY_VIDEO: E
01-25 18:54:52.754  1785 27237 I Unihal  : BaseFilter.cpp: Destroy: 62: [BEAUTY_VIDEO,0xb400007e443c2790] Destroying.
01-25 18:54:52.755  1785 27224 I Unihal  : AsyncTask.cpp: Start: 46: Succeeded to create pthread : name=LOCALTM_PREVIEW
01-25 18:54:52.755  1785 27224 I Unihal  : AsyncTask.cpp: Start: 46: Succeeded to create pthread : name=IQ_SEGMENTATION
01-25 18:54:52.755  1785 27238 I Unihal  : ScenarioPipeline.cpp: AsyncBaseFilterDestroy: 291: LOCALTM_PREVIEW: E
01-25 18:54:52.755  1785 27238 I Unihal  : BaseFilter.cpp: Destroy: 62: [LOCALTM_PREVIEW,0xb400007e443dab10] Destroying.
01-25 18:54:52.755  1785 27238 I LTM_Preview: LocalTM_core_deinit called!
01-25 18:54:52.755  1785 27224 I Unihal  : AsyncTask.cpp: Finish: 80: Succeeded to finish pthread : name=FUNC_UNIVERSAL_SCALER_SUB_2
01-25 18:54:52.755  1785 27224 I Unihal  : AsyncTask.cpp: Finish: 80: Succeeded to finish pthread : name=FUNC_UNIVERSAL_SCALER
01-25 18:54:52.755  1785 27239 I Unihal  : ScenarioPipeline.cpp: AsyncBaseFilterDestroy: 291: IQ_SEGMENTATION: E
01-25 18:54:52.755  1785 27239 I Unihal  : BaseFilter.cpp: Destroy: 62: [IQ_SEGMENTATION,0xb400007e44409910] Destroying.
01-25 18:54:52.755  1785 27239 I Personalize_Plugin: [PERSONAL_INTERFACE] virtual int PersonalPlugin::deinit_plugin() is called! cv.notify_all - X
01-25 18:54:52.755  1785 27239 I Personalize_Plugin: [PERSONAL_INTERFACE] virtual int PersonalPlugin::deinit_plugin() is called! m_exec_t_join - X
01-25 18:54:52.755  1785 27239 I Personalize_Plugin: [PERSONAL_INTERFACE] virtual int PersonalPlugin::deinit_plugin() is called! m_init_t_join - X
01-25 18:54:52.755  1785 27239 E Personalize_Plugin: [PERSONAL_INTERFACE] virtual int PersonalPlugin::deinit_plugin() is done
01-25 18:54:52.756  1785 27231 I Unihal  : ScenarioPipeline.cpp: AsyncBaseFilterDestroy: 291: FUNC_CROP_SCALER: X
01-25 18:54:52.756  1785 27224 I Unihal  : AsyncTask.cpp: Finish: 80: Succeeded to finish pthread : name=FUNC_CROP_SCALER
01-25 18:54:52.756  1785 27224 I Unihal  : AsyncTask.cpp: Finish: 80: Succeeded to finish pthread : name=AUTO_FRAMING_ARC_VIDEO
01-25 18:54:52.756  1785 27192 I CV      : File: vendor/qcom/proprietary/cv-noship/eva/4.0/src/cpu/evaSessionStartStop.cpp Line: 411 Function: async_worker() Msg: Current state 0 - outstanding buffer 0
01-25 18:54:52.757  1785 27234 I Unihal  : ScenarioPipeline.cpp: AsyncBaseFilterDestroy: 291: SEGMENTATION_EFFECT_MAP: X
01-25 18:54:52.757  1785 27233 I Unihal  : ScenarioPipeline.cpp: AsyncBaseFilterDestroy: 291: REACTION_PREVIEW: X
01-25 18:54:52.757  1785 27224 I Unihal  : AsyncTask.cpp: Finish: 80: Succeeded to finish pthread : name=REACTION_PREVIEW
01-25 18:54:52.757  1785 27224 I Unihal  : AsyncTask.cpp: Finish: 80: Succeeded to finish pthread : name=SEGMENTATION_EFFECT_MAP
01-25 18:54:52.758  1785 27235 I Unihal  : ScenarioPipeline.cpp: AsyncBaseFilterDestroy: 291: SEGMENTATION_EFFECT: X
01-25 18:54:52.758  1785 27224 I Unihal  : AsyncTask.cpp: Finish: 80: Succeeded to finish pthread : name=SEGMENTATION_EFFECT
01-25 18:54:52.760  1785 27236 I Unihal  : ScenarioPipeline.cpp: AsyncBaseFilterDestroy: 291: REACTION_DETECTOR: X
01-25 18:54:52.760  1785  4548 E CamX    : [ERROR][CSL    ] camxcslhw.cpp:1474 CSLReleaseDeviceHW() [SUBDEV_DBG] hCSL[0x4b0204] hDevice[0x4f0106] hSession[0x4b0204]
01-25 18:54:52.760  1785  4548 E CamX    : [ERROR][CSL    ] camxcslhw.cpp:1501 CSLReleaseDeviceHW() [SUBDEV_DBG] hDevice[0x4f0106] hAcquired[0x4f0106] hSession[0x4b0204]                                     devName[] deviceIdx[19] deviceType[16] refCount[0] isStreamActive[0] session_name[OfflineReprocess0]
01-25 18:54:52.760  1785 27224 I Unihal  : AsyncTask.cpp: Finish: 80: Succeeded to finish pthread : name=REACTION_DETECTOR
01-25 18:54:52.760  1785 27239 I Unihal  : ScenarioPipeline.cpp: AsyncBaseFilterDestroy: 291: IQ_SEGMENTATION: X
01-25 18:54:52.761  1785 27237 I Unihal  : ScenarioPipeline.cpp: AsyncBaseFilterDestroy: 291: BEAUTY_VIDEO: X
01-25 18:54:52.761  1785 27224 I Unihal  : AsyncTask.cpp: Finish: 80: Succeeded to finish pthread : name=BEAUTY_VIDEO
01-25 18:54:52.764  1785 27238 I LTM_PREVIEW_INTERFACE: deinit_plugin X
01-25 18:54:52.764  1785 27238 I LTM_PREVIEW_INTERFACE: ~LtmPreviewPlugin pLtmCore 0xb400007d14ad5180
01-25 18:54:52.764  1785 27238 I LTM_PREVIEW_INTERFACE: ~LtmPreviewPlugin X
01-25 18:54:52.765  1785 27238 I Unihal  : ScenarioPipeline.cpp: AsyncBaseFilterDestroy: 291: LOCALTM_PREVIEW: X
01-25 18:54:52.766  1785 27224 I Unihal  : AsyncTask.cpp: Finish: 80: Succeeded to finish pthread : name=LOCALTM_PREVIEW
01-25 18:54:52.766  1785 27224 I Unihal  : AsyncTask.cpp: Finish: 80: Succeeded to finish pthread : name=IQ_SEGMENTATION
01-25 18:54:52.766  1785 27224 I Unihal  : AsyncTask.cpp: Start: 46: Succeeded to create pthread : name=FUNC_UNIVERSAL_SCALER_SUB_1
01-25 18:54:52.766  1785 27224 I Unihal  : AsyncTask.cpp: Start: 46: Succeeded to create pthread : name=FUNC_UNIVERSAL_SCALER_SUB
01-25 18:54:52.766  1785 27243 I Unihal  : ScenarioPipeline.cpp: AsyncBaseFilterDestroy: 291: FUNC_UNIVERSAL_SCALER_SUB_1: E
01-25 18:54:52.766  1785 27243 I Unihal  : BaseFilter.cpp: Destroy: 62: [FUNC_UNIVERSAL_SCALER_SUB_1,0xb400007e443b5f90] Destroying.
01-25 18:54:52.766  1785 27243 I Unihal  : scaler_sw.cpp: DeinitFunctionProcess: 248: SW Scaler DeinitFunctionProcess
01-25 18:54:52.766  1785 27244 I Unihal  : ScenarioPipeline.cpp: AsyncBaseFilterDestroy: 291: FUNC_UNIVERSAL_SCALER_SUB: E
01-25 18:54:52.766  1785 27244 I Unihal  : BaseFilter.cpp: Destroy: 62: [FUNC_UNIVERSAL_SCALER_SUB,0xb400007e443a1db0] Destroying.
01-25 18:54:52.766  1785 27244 I Unihal  : scaler_sw.cpp: DeinitFunctionProcess: 248: SW Scaler DeinitFunctionProcess
01-25 18:54:52.767  1785 27244 I Unihal  : ScenarioPipeline.cpp: AsyncBaseFilterDestroy: 291: FUNC_UNIVERSAL_SCALER_SUB: X
01-25 18:54:52.767  1785 27243 I Unihal  : ScenarioPipeline.cpp: AsyncBaseFilterDestroy: 291: FUNC_UNIVERSAL_SCALER_SUB_1: X
01-25 18:54:52.768  1785 27224 I Unihal  : AsyncTask.cpp: Finish: 80: Succeeded to finish pthread : name=FUNC_UNIVERSAL_SCALER_SUB_1
01-25 18:54:52.768  1785 27224 I Unihal  : AsyncTask.cpp: Finish: 80: Succeeded to finish pthread : name=FUNC_UNIVERSAL_SCALER_SUB
01-25 18:54:52.802  1785 27163 E ChiX    : [ERROR][F2Core ] chifeature2base.cpp:6668 AsyncDestroyCb() Start Session destroy feature RealTimeMCX session RealTime MCX Session
01-25 18:54:52.802  1785 27163 E CamX    : [ERROR][CORE   ] camxpipeline.cpp:235 Destroy() RealtimeDefault0_0: Updated m_referenceCount=1
