01-25 18:54:54.249  2421  5916 D SemWifiUsabilityStatsMonitor: onWifiUsabilityStats - seqNum 1956, isSameBssidAndFreq true
01-25 18:54:54.249  2421  3848 I SemWifiLinkQualityMonitor: Link stat: 1827 / 131 / 1.00 (26) / 433 / -55.0 || 100.0 : 433.00 / 0.5 : 1.00 / 0.55 : 0.07 / G (G) || c3777de25745: 0.096 / 83.301 / N || N N / 0 0 / N 2.0 / N X 0 / 11220859 0 || 2026-01-25 18:54:53  / 0: 0 0 0 0 0 0 / 0: 0 0 0 0 0 0 / 0: 0 0 0 0 0 0
01-25 18:54:54.250  2421  3849 D InsDataManager: onOutageCountUpdate() - Outage Data: 0, LQ : N. Outage Triggered: false
01-25 18:54:54.250  2421  3849 D SemInsManager: {"bssid": "c3777de25745","rssi": -55.0,"latency": 0.09603707133208418,"outage_count": 0,"lq_callback_triggered": false,"outage_log": "Link stat: 1827 / 131 / 1.00 (26) / 433 / -55.0 || 100.0 : 433.00 / 0.5 : 1.00 / 0.55 : 0.07 / G (G) || c3777de25745: 0.096 / 83.301 / N || N N / 0 0 / N 2.0 / N X 0 / 11220859 0 || 2026-01-25 18:54:53  / 0: 0 0 0 0 0 0 / 0: 0 0 0 0 0 0 / 0: 0 0 0 0 0 0""Magnetic Sensor Events size": "0""Pressure Sensor Events size": "0"}
01-25 18:54:54.253  2421  3866 D SGM:GameManager: identifyGamePackage. com.sec.android.app.launcher, mCurrentUserId: 0, callingMethodInfo: com.samsung.android.game.SemGameManager.isGamePackage(SemGameManager.java:106)
01-25 18:54:54.253  2421  3866 D SGM:SemGameManager: isGamePackage(), pkgName=com.sec.android.app.launcher, ret=false
01-25 18:54:54.375  2421  2421 I Telecom : SamsungTelecomServiceImpl : isInManagedCall - callingPackage : android / callingUser : UserHandle{0} / hasCrossUserAccess : true
01-25 18:54:54.378  2421  5130 D ActivityManager: unpendingScheduleServiceRestart: u=10341, drop=false
01-25 18:54:54.379  2421  5136 W LocationManagerService: onFreezeStateChanged, uid[10341]=false
01-25 18:54:54.379  2421  5136 I PowerManagerService: [PWL] SetWakeLockEnableDisable uid = 10341 , disable= false
01-25 18:54:54.379  2421  5136 I PowerManagerService: [PWL] can not change uid =  10341
01-25 18:54:54.380  2421  5128 D FreecessController: UFZ : com.samsung.android.game.gamehome(10341) [8180] reason: Binder(1)-android.service.notification.INotificatio
01-25 18:54:54.381  4669  8405 I HoneySpace.NotificationListener: onNotificationPosted com.android.systemui: -1|com.android.systemui|2131364006|charging_state|10044: 0
01-25 18:54:54.381  8326  8326 I NotificationListener: [Service]v6.1.9-eap01 Received new notification
01-25 18:54:54.381  4669  8405 I HoneySpace.NotificationListener: invalid notification: com.android.systemui UserHandle{-1}: canShowBadge is false
01-25 18:54:54.381  8326  9404 I NotificationPipeline: Processing new notification: -1|com.android.systemui|2131364006|charging_state|10044
01-25 18:54:54.381  4669 25233 I HoneySpace.BadgeDataSourceImpl: Get notification count. PK(p='com.google.android.gm', u=UserHandle{0}) - forceBadgeCount: false, notification listener: 18, badge provider: 0
01-25 18:54:54.381  8326  9404 W BridgeModeModel: Not started, default to bridging
01-25 18:54:54.381  8326  9404 E Notification4Watch7_NB: WatchFactory.getWatch-lastConnectedNodeId is null
01-25 18:54:54.381  8326  9404 W Notification4Watch7_NB: NotificationBridgeCallback.onNotificationPosted-never connected before
01-25 18:54:54.382  8326  9404 I NotificationPipeline: Discarding notification: -1|com.android.systemui|2131364006|charging_state|10044
01-25 18:54:54.384  4018  4018 I LockscreenNotificationIconsOnlyController: onNotificationInfoUpdated 0
01-25 18:54:54.384  4018  4018 I AODNotificationManager: updateNotification() 
01-25 18:54:54.389  1888  3094 I VSyncReactor: Current= 120, Period= 120, Distance= 1
01-25 18:54:54.392  1888  2245 I CompositionEngine: [setDisplaySize] size=(579, 56)
01-25 18:54:54.397  1888  3094 I VSyncReactor: Current= 120, Period= 120, Distance= 120
01-25 18:54:54.462  1778  2102 I SDM     : DisplayBase::CommitThread: Received idle timeout, panel: cmd, timeout: 70000 us
01-25 18:54:54.545  4186 27765 D ApfFilter: (wlan0): Ignoring RA RA fe80::1 -> ff02::1 0s  which matches RA fe80::1 -> ff02::1 0s 
01-25 18:54:54.550  2421  3067 D PowerManagerService: UserActivityState : 1 -> 2 groupId=0
01-25 18:54:54.550  2421  3067 D PowerManagerService: displayReady: false groupId=0
01-25 18:54:54.550  2421  3067 D DisplayPowerController[0]: animateScreenStateChange: target=ON, mIsEnabled=true
01-25 18:54:54.550  2421  3067 W DisplayPowerController[0]: Animating brightness: target=13(0.05), rate=0.706, reason=automatic[31] -> dim[13]
01-25 18:54:54.550  2421  2421 I MdnieScenarioControlService: action  :  com.samsung.server.PowerManagerService.action.USER_ACTIVITY
01-25 18:54:54.551  2421  3067 D DisplayManagerService: handleBrightnessAnimation: started=true
01-25 18:54:54.551  2421  3067 D RefreshRateModeManager: set fix=3, brightness=31, lux=0.0, mIsWirelessCharging=false
01-25 18:54:54.551  2421  3067 D RefreshRateModeManager: setPassiveMode=true, brightness=31, lux=0.0, PassiveModeToken=true
01-25 18:54:54.551  2421  3067 I RefreshRateModeManager: Schedule to change HFRmode=REFRESH_RATE_MODE_PASSIVE, mDisplayToken=android.os.BinderProxy@5188c71
01-25 18:54:54.551  2421  3067 I RefreshRateModeManager:     -1:
01-25 18:54:54.551  2421  3067 I RefreshRateModeManager:       PRIORITY_REFRESH_RATE_MODE -> CombinedVote{ mVotes=[PhysicalVote{ RefreshRateVote{  mMinRefreshRate=10.0, mMaxRefreshRate=120.0 } }, DisableRefreshRateSwitchingVote{ mDisableRefreshRateSwitching=false }] }
01-25 18:54:54.551  2421  3067 I RefreshRateModeManager:     0:
01-25 18:54:54.551  2421  3067 I RefreshRateModeManager:       PRIORITY_USER_SETTING_PEAK_RENDER_FRAME_RATE -> RenderVote{ RefreshRateVote{  mMinRefreshRate=0.0, mMaxRefreshRate=120.0 } }
01-25 18:54:54.551  2421  3067 I RefreshRateModeManager:       PRIORITY_RESOLUTION -> SizeVote{ mWidth=1440, mHeight=3120, mMinWidth=1440, mMinHeight=3120 }
01-25 18:54:54.551  2421  3067 I RefreshRateModeManager:       PRIORITY_USER_SETTING_PEAK_REFRESH_RATE -> CombinedVote{ mVotes=[PhysicalVote{ RefreshRateVote{  mMinRefreshRate=0.0, mMaxRefreshRate=120.0 } }, DisableRefreshRateSwitchingVote{ mDisableRefreshRateSwitching=false }] }
01-25 18:54:54.551  2421  3067 I RefreshRateModeManager:       PRIORITY_USER_SETTING_DISPLAY_PREFERRED_SIZE -> SizeVote{ mWidth=1440, mHeight=3120, mMinWidth=1440, mMinHeight=3120 }
01-25 18:54:54.551  2421  3067 I RefreshRateModeManager:       PRIORITY_USER_SETTING_MIN_RENDER_FRAME_RATE -> RenderVote{ RefreshRateVote{  mMinRefreshRate=0.0, mMaxRefreshRate=Infinity } }
01-25 18:54:54.551  2421  3067 I RefreshRateModeManager: 
01-25 18:54:54.551  2421  3067 I RefreshRateModeManager:  mModeSwitchingType: SWITCHING_TYPE_WITHIN_GROUPS mAlwaysRespectAppRequest: false
01-25 18:54:54.551  2421  3067 I RefreshRateModeManager:  Current Mode mReportedRefreshRateMode(toSurfaceFlinger)=REFRESH_RATE_MODE_PASSIVE, mRefreshRateMode(fromSettings)=REFRESH_RATE_MODE_SEAMLESS
01-25 18:54:54.551  2421  3067 I RefreshRateModeManager:  BrightnessState mPassive=true, PassiveModeToken=true, mLfd=3, mBrightness=31, mAmbientLux=0.0, mIsWirelessCharing=false
01-25 18:54:54.552  2421  3067 I RefreshRateTokenController: Adding refreshRateToken={ RefreshRateToken[->PassiveModeToken:BrightnessAnim, acquire at 11221162 (now)}, caller=com.android.server.display.mode.RefreshRateController.createPassiveModeToken:33 com.android.server.display.DisplayManagerService$$ExternalSyntheticLambda1.accept:365 com.android.server.display.DisplayPowerController.animateScreenBrightness:263 com.android.server.display.DisplayPowerController.updatePowerStateInternal:2573 com.android.server.display.DisplayPowerController.updatePowerState:9 
01-25 18:54:54.552  2421  2951 D SurfaceControl: notifyHFRmode, displayToken=android.os.BinderProxy@5188c71, hfrMode=REFRESH_RATE_MODE_PASSIVE
01-25 18:54:54.552  1888  2098 I SurfaceFlinger: [4630947191136750483] HFR mode : 3
01-25 18:54:54.552  2421  3067 D AdaptiveBrightnessLongtermModelBuilder[0]: notifyBrightnessChanged(brightness=11.417000, userInitiated=false)
01-25 18:54:54.552  2421  3067 D DisplayPowerController[0]: saveBrightnessInfo: brt:0.12156863 adjBrt:0.050980393 min:0.0 max:1.0 hbm:0 tp:1.0 throttler:0 isAnimating:true
01-25 18:54:54.552  2421  3067 V DisplayPowerController[0]: Brightness [0.050980393] reason changing to: 'automatic [ dim ]', previous reason: 'automatic'.
01-25 18:54:54.552  2421  3067 I DisplayPowerController[0]: BrightnessEvent: brt=0.050980393 (39.0%), nits= 11.417, lux=0.0, reason=automatic [ dim ], strat=AutomaticBrightnessStrategy, state=ON, stateReason=DEFAULT_POLICY, policy=DIM, flags=, initBrt=0.12156863, rcmdBrt=0.12156863, preBrt=NaN, preLux=NaN, wasShortTermModelActive=false, autoBrightness=true (default), unclampedBrt=0.12156863, hbmMax=1.0, hbmMode=off, thrmMax=1.0, rbcStrength=-1, powerFactor=1.0, physDisp=Built-in Screen(local:4630947191136750483), logicalId=0, slowChange=false, rampSpeed=0.7058824
01-25 18:54:54.553  2421  3067 D PowerManagerService: displayReady: true groupId=0
01-25 18:54:54.553  2421  2967 D AdaptiveBrightnessLongtermModelBuilder[0]: handleBrightnessChanged: brightness: 11.417 userInitiated: false
01-25 18:54:54.553  2421  2967 D AdaptiveBrightnessLongtermModelBuilder[0]: updateAdaptiveBrightnessStats: l:0.0 b:11.417 u: false
01-25 18:54:54.553  2421  2967 D AdaptiveBrightnessWeightStats: log: l:0.0 b:33.238 t:30.123001 u:false 
01-25 18:54:54.553  2421  2967 D AdaptiveBrightnessWeightStats: updateTransientStats: -10.0 < 0.0 < 10.0  b:33.238 t:30.123001s
01-25 18:54:54.553  2421  2967 D AdaptiveBrightnessWeightStats: updateTransientStats: b: 33.238 ambientLux:0.0 currentBucketLux:0.0 mBrightnessMapper: 33.564404
01-25 18:54:54.577  2421  3908 D HdrSolution_HdrDisplayNitMapper: updataTargetNit--------------mLightSensorData: -1.0, scaleRatio: 6.27, target: 31.893->200
01-25 18:54:54.577  2421  3908 D LocalDisplayAdapter: surface lcd : 30(0.024), 30(0.024), main +
01-25 18:54:54.577  1888  1888 I HWComposer: [4630947191136750483] ActiveConfigToHWC, ID : 0
01-25 18:54:54.577  1778  1778 I SDM     : SDMDisplay::SetActiveConfigWithConstraints: ActiveConfig: 0
01-25 18:54:54.578  1888  1888 I SurfaceFlinger: setDisplayBrightness(4630947191136750483): displayBrightness: 0.023602, displayBrightnessNits: 32.016838, sdrWhitePointNits: 32.017029 , dimmingRatio: 1.000006
01-25 18:54:54.578  2421  3908 D LocalDisplayAdapter: surface lcd : 30(0.024), 30(0.024), main -
01-25 18:54:54.578  2421  3908 D HdrSolution_HdrDisplayNitMapper: updataTargetNit--------------mLightSensorData: -1.0, scaleRatio: 7.16, target: 27.938->200
01-25 18:54:54.578  2421  2951 D BrightnessSynchronizer: onDisplayChanged() : displayId=0
01-25 18:54:54.579  2421  2951 D BrightnessSynchronizer: updateScreenBrightness: displayId=0 type=2 mPreferredSettingValue=0.12156863(31) currentBrightnessInt=31 currentBrightnessIntFromFloat=31(0.12156863)
01-25 18:54:54.579  2421  3908 D LocalDisplayAdapter: surface lcd : 27(0.021), 27(0.021), main +
01-25 18:54:54.579  1888  1888 I SurfaceFlinger: setDisplayBrightness(4630947191136750483): displayBrightness: 0.021250, displayBrightnessNits: 28.059986, sdrWhitePointNits: 28.060167 , dimmingRatio: 1.000006
01-25 18:54:54.579  2421  3908 D LocalDisplayAdapter: surface lcd : 27(0.021), 27(0.021), main -
01-25 18:54:54.579  4018  4018 D SecBrightnessController: updateSlider() - BrightnessDialog resetTimer()
01-25 18:54:54.579  4018  4018 D SecBrightnessController: updateSlider() - BrightnessDialog resetTimer()
01-25 18:54:54.579  4018  4018 D Bubbles : onEntryUpdated : shouldBubbleUp=false ,key=-1|com.android.systemui|2131364006|charging_state|10044
01-25 18:54:54.579  4018  4018 D InterruptionStateProvider:  no Heads up : edgelighting enabled app. -1|com.android.systemui|2131364006|charging_state|10044
01-25 18:54:54.579  4018  4018 I {OngoingActivityController}: onEntryUpdated and OA data is empty. So update latest task info
01-25 18:54:54.580  4018  4018 I {OngoingActivityDataHelper}: setBaseActivityComponentName:ComponentInfo{com.sec.android.app.launcher/com.sec.android.app.launcher.Launcher}
01-25 18:54:54.581  2421  3908 D HdrSolution_HdrDisplayNitMapper: updataTargetNit--------------mLightSensorData: -1.0, scaleRatio: 7.5, target: 26.649->200
01-25 18:54:54.581  2421  3908 D LocalDisplayAdapter: surface lcd : 26(0.020), 26(0.020), main +
01-25 18:54:54.581  1820  1820 I SSC_DAEMON: handleSensorTestReqMsg:88, Sensor type :4, Msg type:11
01-25 18:54:54.581  1778  1778 I SDM     : HWPeripheralDRM::SetPanelBrightness: Setting brightness to level 271 through sysfs node. primary(1), type_id(1)
01-25 18:54:54.581  1778  1778 I SDM     : SDMDisplay::FinalizeDisplayConfig: ActiveConfig changed from config 0(0) to 0(0) for display [0]-[0]
01-25 18:54:54.582  1888  1888 I SurfaceFlinger: setDisplayBrightness(4630947191136750483): displayBrightness: 0.020074, displayBrightnessNits: 26.130560, sdrWhitePointNits: 26.130737 , dimmingRatio: 1.000007
01-25 18:54:54.582  2421  3908 D LocalDisplayAdapter: surface lcd : 26(0.020), 26(0.020), main -
01-25 18:54:54.582  1888  2245 I CompositionEngine: [setDisplaySize] size=(579, 56)
01-25 18:54:54.583  1820  4180 I SSC_DAEMON: light_event_log:170, light_msg(4/11): br 27 (lux 0,idx 0) - -1,-1,13
01-25 18:54:54.584  4018  4018 W RefactorFlag: New code path expects SceneContainerFlag to be enabled.
01-25 18:54:54.584  4018  4018 D ExpandableNotifRow: mMaxSmallHeight different before reInflateViews mMaxSmallHeight: 270 mTempSmallHeight:0 -1|com.android.systemui|2131364006|charging_state|10044
01-25 18:54:54.584  4018  4018 D ExpandableNotifRow: mMaxSmallHeight different before reInflateViews mMaxSmallHeight: 270 mTempSmallHeight:0 -1|com.android.systemui|2131364006|charging_state|10044
01-25 18:54:54.585  4018  4018 I LockscreenNotificationIconsOnlyController: onNotificationInfoUpdated 0
01-25 18:54:54.585  4018  4018 I AODNotificationManager: updateNotification() 
01-25 18:54:54.590  1820  1820 I SSC_DAEMON: handleSensorTestReqMsg:88, Sensor type :4, Msg type:11
01-25 18:54:54.590  4018  4736 D LocalImageResolver: Couldn't use ImageDecoder for drawable, falling back to non-resized load.
01-25 18:54:54.590  1778  1778 I SDM     : HWPeripheralDRM::SetPanelBrightness: Setting brightness to level 256 through sysfs node. primary(1), type_id(1)
01-25 18:54:54.590  2421  3908 D HdrSolution_HdrDisplayNitMapper: updataTargetNit--------------mLightSensorData: -1.0, scaleRatio: 8.29, target: 24.114->200
01-25 18:54:54.590  2421  3908 D LocalDisplayAdapter: surface lcd : 24(0.019), 24(0.019), main +
01-25 18:54:54.590  4018  4736 D LocalImageResolver: Couldn't use ImageDecoder for drawable, falling back to non-resized load.
01-25 18:54:54.590  1888  1888 I SurfaceFlinger: setDisplayBrightness(4630947191136750483): displayBrightness: 0.018898, displayBrightnessNits: 24.233643, sdrWhitePointNits: 24.233814 , dimmingRatio: 1.000007
01-25 18:54:54.591  2421  3908 D LocalDisplayAdapter: surface lcd : 24(0.019), 24(0.019), main -
01-25 18:54:54.591  4018  4018 D LocalImageResolver: Couldn't use ImageDecoder for drawable, falling back to non-resized load.
01-25 18:54:54.594  1820  4180 I SSC_DAEMON: light_event_log:170, light_msg(4/11): br 25 (lux 0,idx 0) - -1,-1,13
01-25 18:54:54.598  2421  3908 D HdrSolution_HdrDisplayNitMapper: updataTargetNit--------------mLightSensorData: -1.0, scaleRatio: 8.75, target: 22.87->200
01-25 18:54:54.598  1820  1820 I SSC_DAEMON: handleSensorTestReqMsg:88, Sensor type :4, Msg type:11
01-25 18:54:54.598  1778  1778 I SDM     : HWPeripheralDRM::SetPanelBrightness: Setting brightness to level 241 through sysfs node. primary(1), type_id(1)
01-25 18:54:54.598  2421  3908 D LocalDisplayAdapter: surface lcd : 23(0.018), 23(0.018), main +
01-25 18:54:54.598  1888  1888 I SurfaceFlinger: setDisplayBrightness(4630947191136750483): displayBrightness: 0.017723, displayBrightnessNits: 22.372272, sdrWhitePointNits: 22.372448 , dimmingRatio: 1.000008
01-25 18:54:54.598  2421  3908 D LocalDisplayAdapter: surface lcd : 23(0.018), 23(0.018), main -
01-25 18:54:54.598  4018  4018 W RefactorFlag: New code path expects SceneContainerFlag to be enabled.
01-25 18:54:54.599  1820  4180 I SSC_DAEMON: light_event_log:170, light_msg(4/11): br 24 (lux 0,idx 0) - -1,-1,13
01-25 18:54:54.600  4018  4018 D ExpandableNotifRow: mMaxSmallHeight different before reInflateViews mMaxSmallHeight: 270 mTempSmallHeight:0 -1|com.android.systemui|2131364006|charging_state|10044
01-25 18:54:54.600  4018  4018 D ExpandableNotifRow: mMaxSmallHeight different before reInflateViews mMaxSmallHeight: 270 mTempSmallHeight:0 -1|com.android.systemui|2131364006|charging_state|10044
01-25 18:54:54.600  4018  4018 D ExpandableNotifRow: mMaxSmallHeight different before reInflateViews mMaxSmallHeight: 270 mTempSmallHeight:0 -1|com.android.systemui|2131364006|charging_state|10044
01-25 18:54:54.600  4018  4018 D ExpandableNotifRow: mMaxSmallHeight different before reInflateViews mMaxSmallHeight: 270 mTempSmallHeight:0 -1|com.android.systemui|2131364006|charging_state|10044
01-25 18:54:54.601  4018  4018 D LocalImageResolver: Couldn't use ImageDecoder for drawable, falling back to non-resized load.
01-25 18:54:54.606  2421  3908 D HdrSolution_HdrDisplayNitMapper: updataTargetNit--------------mLightSensorData: -1.0, scaleRatio: 9.79, target: 20.43->200
01-25 18:54:54.606  2421  3908 D LocalDisplayAdapter: surface lcd : 21(0.017), 21(0.017), main +
01-25 18:54:54.606  1820  1820 I SSC_DAEMON: handleSensorTestReqMsg:88, Sensor type :4, Msg type:11
01-25 18:54:54.606  1778  1778 I SDM     : HWPeripheralDRM::SetPanelBrightness: Setting brightness to level 226 through sysfs node. primary(1), type_id(1)
01-25 18:54:54.607  1888  1888 I SurfaceFlinger: setDisplayBrightness(4630947191136750483): displayBrightness: 0.016548, displayBrightnessNits: 20.548372, sdrWhitePointNits: 20.548538 , dimmingRatio: 1.000008
01-25 18:54:54.607  2421  3908 D LocalDisplayAdapter: surface lcd : 21(0.017), 21(0.017), main -
01-25 18:54:54.607  1820  4180 I SSC_DAEMON: light_event_log:170, light_msg(4/11): br 22 (lux 0,idx 0) - -1,-1,13
01-25 18:54:54.609  4018  4018 W RefactorFlag: New code path expects SceneContainerFlag to be enabled.
01-25 18:54:54.609  4018  4018 D ExpandableNotifRow: mMaxSmallHeight different before reInflateViews mMaxSmallHeight: 270 mTempSmallHeight:0 -1|com.android.systemui|2131364006|charging_state|10044
01-25 18:54:54.609  4018  4018 D ExpandableNotifRow: mMaxSmallHeight different before reInflateViews mMaxSmallHeight: 270 mTempSmallHeight:0 -1|com.android.systemui|2131364006|charging_state|10044
01-25 18:54:54.610  4018  4018 I LockscreenNotificationIconsOnlyController: onNotificationInfoUpdated 0
01-25 18:54:54.610  4018  4018 I AODNotificationManager: updateNotification() 
01-25 18:54:54.614  2421  3908 D HdrSolution_HdrDisplayNitMapper: updataTargetNit--------------mLightSensorData: -1.0, scaleRatio: 10.4, target: 19.236->200
01-25 18:54:54.614  2421  3908 D LocalDisplayAdapter: surface lcd : 20(0.015), 20(0.015), main +
01-25 18:54:54.615  1820  1820 I SSC_DAEMON: handleSensorTestReqMsg:88, Sensor type :4, Msg type:11
01-25 18:54:54.615  1778  1778 I SDM     : HWPeripheralDRM::SetPanelBrightness: Setting brightness to level 211 through sysfs node. primary(1), type_id(1)
01-25 18:54:54.615  1888  1888 I SurfaceFlinger: setDisplayBrightness(4630947191136750483): displayBrightness: 0.015372, displayBrightnessNits: 18.763176, sdrWhitePointNits: 18.763342 , dimmingRatio: 1.000009
01-25 18:54:54.615  2421  3908 D LocalDisplayAdapter: surface lcd : 20(0.015), 20(0.015), main -
01-25 18:54:54.616  1820  4180 I SSC_DAEMON: light_event_log:170, light_msg(4/11): br 21 (lux 0,idx 0) - -1,-1,13
01-25 18:54:54.623  2421  3908 D HdrSolution_HdrDisplayNitMapper: updataTargetNit--------------mLightSensorData: -1.0, scaleRatio: 11.83, target: 16.902->200
01-25 18:54:54.623  2421  3908 D LocalDisplayAdapter: surface lcd : 18(0.014), 18(0.014), main +
01-25 18:54:54.623  1820  1820 I SSC_DAEMON: handleSensorTestReqMsg:88, Sensor type :4, Msg type:11
01-25 18:54:54.623  1778  1778 I SDM     : HWPeripheralDRM::SetPanelBrightness: Setting brightness to level 196 through sysfs node. primary(1), type_id(1)
01-25 18:54:54.623  1888  1888 I SurfaceFlinger: setDisplayBrightness(4630947191136750483): displayBrightness: 0.014197, displayBrightnessNits: 17.017645, sdrWhitePointNits: 17.017807 , dimmingRatio: 1.000010
01-25 18:54:54.623  2421  3908 D LocalDisplayAdapter: surface lcd : 18(0.014), 18(0.014), main -
01-25 18:54:54.624  1820  4180 I SSC_DAEMON: light_event_log:170, light_msg(4/11): br 19 (lux 0,idx 0) - -1,-1,13
01-25 18:54:54.631  2421  3908 D HdrSolution_HdrDisplayNitMapper: updataTargetNit--------------mLightSensorData: -1.0, scaleRatio: 12.69, target: 15.763->200
01-25 18:54:54.631  2421  3908 D LocalDisplayAdapter: surface lcd : 17(0.013), 17(0.013), main +
01-25 18:54:54.631  1820  1820 I SSC_DAEMON: handleSensorTestReqMsg:88, Sensor type :4, Msg type:11
01-25 18:54:54.631  1778  1778 I SDM     : HWPeripheralDRM::SetPanelBrightness: Setting brightness to level 181 through sysfs node. primary(1), type_id(1)
01-25 18:54:54.631  1888  1888 I SurfaceFlinger: setDisplayBrightness(4630947191136750483): displayBrightness: 0.013021, displayBrightnessNits: 15.314558, sdrWhitePointNits: 15.314714 , dimmingRatio: 1.000010
01-25 18:54:54.632  2421  3908 D LocalDisplayAdapter: surface lcd : 17(0.013), 17(0.013), main -
01-25 18:54:54.632  1820  4180 I SSC_DAEMON: light_event_log:170, light_msg(4/11): br 18 (lux 1,idx 0) - -1,-1,13
01-25 18:54:54.639  2421  3908 D HdrSolution_HdrDisplayNitMapper: updataTargetNit--------------mLightSensorData: -1.0, scaleRatio: 14.76, target: 13.546->200
01-25 18:54:54.639  2421  3908 D LocalDisplayAdapter: surface lcd : 15(0.012), 15(0.012), main +
01-25 18:54:54.639  1820  1820 I SSC_DAEMON: handleSensorTestReqMsg:88, Sensor type :4, Msg type:11
01-25 18:54:54.639  1778  1778 I SDM     : HWPeripheralDRM::SetPanelBrightness: Setting brightness to level 167 through sysfs node. primary(1), type_id(1)
01-25 18:54:54.640  1888  1888 I SurfaceFlinger: setDisplayBrightness(4630947191136750483): displayBrightness: 0.011844, displayBrightnessNits: 13.656002, sdrWhitePointNits: 13.656155 , dimmingRatio: 1.000011
01-25 18:54:54.640  2421  3908 D LocalDisplayAdapter: surface lcd : 15(0.012), 15(0.012), main -
01-25 18:54:54.640  1820  4180 I SSC_DAEMON: light_event_log:170, light_msg(4/11): br 16 (lux 1,idx 0) - -1,-1,13
01-25 18:54:54.647  4226  4226 I EPDG -- SIM0 [EpdgIntfCont]: sendInterfaceMessage, not mobile, ignore
01-25 18:54:54.647  4186 27765 W AlarmManager: Unrecognized alarm listener com.android.networkstack.android.net.ip.IpClientLinkObserver$Dhcp6PdPreferredPrefixAlarmListener@76c5122
01-25 18:54:54.647  4226  4226 I EPDG -- SIM1 [EpdgIntfCont]: sendInterfaceMessage, not mobile, ignore
01-25 18:54:54.647  4226  4226 I EPDG -- SIM0 [EpdgIntfCont]: sendInterfaceMessage, not mobile, ignore
01-25 18:54:54.647  4226  4226 I EPDG -- SIM1 [EpdgIntfCont]: sendInterfaceMessage, not mobile, ignore
01-25 18:54:54.647  4186 27765 D ApfFilter: (wlan0): Ignoring RA RA fe80::3ee4:41ff:fe86:feb8 -> ff02::1 0s fdc8:1a6c:93af:2ab5::/64 1800s/1800s RIO 1800s fd60:57fc:617c:1::/64  which matches RA fe80::3ee4:41ff:fe86:feb8 -> ff02::1 0s fdc8:1a6c:93af:2ab5::/64 1800s/1800s RIO 1800s fd60:57fc:617c:1::/64 
01-25 18:54:54.648  2421  3908 D HdrSolution_HdrDisplayNitMapper: updataTargetNit--------------mLightSensorData: -1.0, scaleRatio: 16.04, target: 12.47->200
01-25 18:54:54.648  2421  3908 D LocalDisplayAdapter: surface lcd : 14(0.011), 14(0.011), main +
01-25 18:54:54.648  1820  1820 I SSC_DAEMON: handleSensorTestReqMsg:88, Sensor type :4, Msg type:11
01-25 18:54:54.648  1778  1778 I SDM     : HWPeripheralDRM::SetPanelBrightness: Setting brightness to level 151 through sysfs node. primary(1), type_id(1)
01-25 18:54:54.648  1888  1888 I SurfaceFlinger: setDisplayBrightness(4630947191136750483): displayBrightness: 0.010669, displayBrightnessNits: 12.049571, sdrWhitePointNits: 12.049719 , dimmingRatio: 1.000012
01-25 18:54:54.648  2421  3908 D LocalDisplayAdapter: surface lcd : 14(0.011), 14(0.011), main -
01-25 18:54:54.649  1820  4180 I SSC_DAEMON: light_event_log:170, light_msg(4/11): br 15 (lux 1,idx 0) - -1,-1,13
01-25 18:54:54.656  2421  3067 D DisplayPowerController[0]: animateScreenStateChange: target=ON, mIsEnabled=true
01-25 18:54:54.656  2421  3908 D HdrSolution_HdrDisplayNitMapper: updataTargetNit--------------mLightSensorData: -1.0, scaleRatio: 17.52, target: 11.417->200
01-25 18:54:54.656  2421  3908 D LocalDisplayAdapter: surface lcd : 13(0.010), 13(0.010), main +
01-25 18:54:54.656  1820  1820 I SSC_DAEMON: handleSensorTestReqMsg:88, Sensor type :4, Msg type:11
01-25 18:54:54.656  2421  3067 D DisplayPowerController[0]: saveBrightnessInfo: brt:0.12156863 adjBrt:0.050980393 min:0.0 max:1.0 hbm:0 tp:1.0 throttler:0 isAnimating:false
01-25 18:54:54.656  1778  1778 I SDM     : HWPeripheralDRM::SetPanelBrightness: Setting brightness to level 137 through sysfs node. primary(1), type_id(1)
01-25 18:54:54.656  1888  1888 I SurfaceFlinger: setDisplayBrightness(4630947191136750483): displayBrightness: 0.010196, displayBrightnessNits: 11.417000, sdrWhitePointNits: 11.417000 , dimmingRatio: 1.000000
01-25 18:54:54.656  2421  2951 D BrightnessSynchronizer: onDisplayChanged() : displayId=0
01-25 18:54:54.656  2421  2951 D BrightnessSynchronizer: updateScreenBrightness: displayId=0 type=2 mPreferredSettingValue=0.12156863(31) currentBrightnessInt=31 currentBrightnessIntFromFloat=31(0.12156863)
01-25 18:54:54.656  2421  3908 D LocalDisplayAdapter: surface lcd : 13(0.010), 13(0.010), main -
01-25 18:54:54.657  4018  4018 D SecBrightnessController: updateSlider() - BrightnessDialog resetTimer()
01-25 18:54:54.657  4018  4018 D SecBrightnessController: updateSlider() - BrightnessDialog resetTimer()
01-25 18:54:54.657  1820  4180 I SSC_DAEMON: light_event_log:170, light_msg(4/11): br 13 (lux 1,idx 0) - -1,-1,13
01-25 18:54:54.664  1778  1778 I SDM     : HWPeripheralDRM::SetPanelBrightness: brightness level is same as brightness_set_ in SDR(130, 137), (13, 13)
01-25 18:54:54.682  1888  2245 I CompositionEngine: [setDisplaySize] size=(579, 56)
01-25 18:54:54.743  1778  2102 I SDM     : DisplayBase::CommitThread: Received idle timeout, panel: cmd, timeout: 70000 us
01-25 18:54:54.855  1868  1918 E HeatmapThread: ECT Thread time in milliseconds: 1769363694
01-25 18:54:54.856  2421  3067 D DisplayManagerService: handleBrightnessAnimation: started=false
01-25 18:54:54.856  2421  3067 D RefreshRateModeManager: set fix=0, brightness=13, lux=0.0, mIsWirelessCharging=false
01-25 18:54:54.856  2421  3067 D RefreshRateModeManager: setPassiveMode=false, brightness=13, lux=0.0, PassiveModeToken=false
01-25 18:54:54.856  1868  1918 D HeatmapThread: !@ batteryplugType : 2
01-25 18:54:54.856  1868  1918 D HeatmapThread: !@ batteryLevel : 51  batteryTemperature : 387 
01-25 18:54:54.856  1868  1918 D HeatmapThread: !@ Heatmap currtime: 29489394
01-25 18:54:54.856  1868  1918 D HeatmapThread: !@ Heatmap prevtime: 29489370
01-25 18:54:54.856  1868  1918 D HeatmapThread: !@ Heatmap plugstarttime: 29489360
01-25 18:54:54.856  1868  1918 D HeatmapThread: !@ Heatmap prevv_dsoh_update_time: 29489322
01-25 18:54:54.856  1868  1918 E HeatmapThread: !@ CAM New BSOH: 100
01-25 18:54:54.856  2421  3067 I RefreshRateModeManager: Schedule to change HFRmode=REFRESH_RATE_MODE_SEAMLESS, mDisplayToken=android.os.BinderProxy@5188c71
01-25 18:54:54.856  2421  3067 I RefreshRateModeManager:     -1:
01-25 18:54:54.856  2421  3067 I RefreshRateModeManager:       PRIORITY_REFRESH_RATE_MODE -> CombinedVote{ mVotes=[PhysicalVote{ RefreshRateVote{  mMinRefreshRate=10.0, mMaxRefreshRate=120.0 } }, DisableRefreshRateSwitchingVote{ mDisableRefreshRateSwitching=false }] }
01-25 18:54:54.856  2421  3067 I RefreshRateModeManager:     0:
01-25 18:54:54.856  2421  3067 I RefreshRateModeManager:       PRIORITY_USER_SETTING_PEAK_RENDER_FRAME_RATE -> RenderVote{ RefreshRateVote{  mMinRefreshRate=0.0, mMaxRefreshRate=120.0 } }
01-25 18:54:54.856  2421  3067 I RefreshRateModeManager:       PRIORITY_RESOLUTION -> SizeVote{ mWidth=1440, mHeight=3120, mMinWidth=1440, mMinHeight=3120 }
01-25 18:54:54.856  2421  3067 I RefreshRateModeManager:       PRIORITY_USER_SETTING_PEAK_REFRESH_RATE -> CombinedVote{ mVotes=[PhysicalVote{ RefreshRateVote{  mMinRefreshRate=0.0, mMaxRefreshRate=120.0 } }, DisableRefreshRateSwitchingVote{ mDisableRefreshRateSwitching=false }] }
01-25 18:54:54.856  2421  3067 I RefreshRateModeManager:       PRIORITY_USER_SETTING_DISPLAY_PREFERRED_SIZE -> SizeVote{ mWidth=1440, mHeight=3120, mMinWidth=1440, mMinHeight=3120 }
01-25 18:54:54.856  2421  3067 I RefreshRateModeManager:       PRIORITY_USER_SETTING_MIN_RENDER_FRAME_RATE -> RenderVote{ RefreshRateVote{  mMinRefreshRate=0.0, mMaxRefreshRate=Infinity } }
01-25 18:54:54.856  2421  3067 I RefreshRateModeManager: 
01-25 18:54:54.856  2421  3067 I RefreshRateModeManager:  mModeSwitchingType: SWITCHING_TYPE_WITHIN_GROUPS mAlwaysRespectAppRequest: false
01-25 18:54:54.856  2421  3067 I RefreshRateModeManager:  Current Mode mReportedRefreshRateMode(toSurfaceFlinger)=REFRESH_RATE_MODE_SEAMLESS, mRefreshRateMode(fromSettings)=REFRESH_RATE_MODE_SEAMLESS
01-25 18:54:54.856  2421  3067 I RefreshRateModeManager:  BrightnessState mPassive=false, PassiveModeToken=false, mLfd=0, mBrightness=13, mAmbientLux=0.0, mIsWirelessCharing=false
01-25 18:54:54.856  2421  3067 I RefreshRateTokenController: Removing refreshRateToken={ RefreshRateToken[->PassiveModeToken:BrightnessAnim, acquire at 11221162 (305 ms ago)}, caller=com.android.server.display.mode.RefreshRateToken.release:5 com.android.server.display.DisplayManagerService$$ExternalSyntheticLambda1.accept:405 com.android.server.display.DisplayPowerController$3.run:24 android.os.Handler.handleCallback:995 android.os.Handler.dispatchMessage:103 
01-25 18:54:54.857  2421  2951 D SurfaceControl: notifyHFRmode, displayToken=android.os.BinderProxy@5188c71, hfrMode=REFRESH_RATE_MODE_SEAMLESS
01-25 18:54:54.858  1888  3094 I SurfaceFlinger: [4630947191136750483] HFR mode : 1
01-25 18:54:54.864  1888  1888 I HWComposer: [4630947191136750483] ActiveConfigToHWC, ID : 0
01-25 18:54:54.864  1778  1778 I SDM     : SDMDisplay::SetActiveConfigWithConstraints: ActiveConfig: 0
01-25 18:54:54.872  1778  1778 I SDM     : SDMDisplay::FinalizeDisplayConfig: ActiveConfig changed from config 0(0) to 0(0) for display [0]-[0]
01-25 18:54:54.873  1888  2245 I CompositionEngine: [setDisplaySize] size=(579, 56)
01-25 18:54:54.943  1778  2102 I SDM     : DisplayBase::CommitThread: Received idle timeout, panel: cmd, timeout: 70000 us
01-25 18:54:55.108  1751 25690 I sensors-hal: handle_sns_std_sensor_event:90, light_cct: ts = 14066895981701 ns; value = [0, 0, 80, 75, 0, 13, 0, 0, 192, 0]
01-25 18:54:55.138  1069  1069 D io_stats: !@   8,0 r 71656136 380261760 w 1457386 16394780 d 295488 8015436 f 15626 41298 iot 5989248 0 th 0 0 0 pt 0 inp 0 0 11221.749
01-25 18:54:55.139  1069  1069 D io_stats: !@ Read_top(KB): binder:1785_2:top(1785) 87688 om.whatsapp.w4b:low(7980) 40252 .android.chrome:low(4147) 6224
01-25 18:54:55.139  1069  1069 D io_stats: !@ Write_top(KB): kworker/3:2:/(20075) 1892 f2fs_ckpt-254:6:/(1311) 816 kworker/2:0:/(26794) 176
01-25 18:54:55.139  1069  1069 D io_stats: !@ fuse-log: WORST (10347 17 0 1 0) TOTAL_LATENCY (10347 0 17 0 1) TOTAL_CNT (10347 1 17 1) 
01-25 18:54:55.275  2421  3877 I SemWifiEleStateTracker: Ele Parameters BD : 13 13 13 13 13 13 MD : -89 -89 -90 -90 -90 -90 WD : -54 -54 -58 -55 -54 -55 GC : false false false false false false SC : false false false false false false SH : false false false false false false TB : false false false false false false
01-25 18:54:55.459  2421  4636 I ActivityManager: Changes in 10375 6 to 10, 128 to 0
01-25 18:54:55.461  2421  4636 I ActivityManager: Changes in 10375 10 to 6, 0 to 128
01-25 18:54:55.462  2421  3814 D BackgroundInstallControlService: Package event received: 0
01-25 18:54:55.462  2421  3814 D BackgroundInstallControlService: Package event received: 0
01-25 18:54:55.462  2421  3814 D BackgroundInstallControlService: Package event received: 0
01-25 18:54:55.462  2421  3814 D BackgroundInstallControlService: Package event received: 0
01-25 18:54:55.661  1069  1071 D io_stats: !@ cpu boost: status(OFF), traffic_level(0), io_cpus(0x0), boosted_cpus(0x0), set_freq(0)
01-25 18:54:55.855  1868  1918 E HeatmapThread: ECT Thread time in milliseconds: 1769363695
01-25 18:54:55.856  1868  1918 D HeatmapThread: !@ batteryplugType : 2
01-25 18:54:55.856  1868  1918 D HeatmapThread: !@ batteryLevel : 51  batteryTemperature : 387 
01-25 18:54:55.856  1868  1918 D HeatmapThread: !@ Heatmap currtime: 29489394
01-25 18:54:55.856  1868  1918 D HeatmapThread: !@ Heatmap prevtime: 29489370
01-25 18:54:55.856  1868  1918 D HeatmapThread: !@ Heatmap plugstarttime: 29489360
01-25 18:54:55.856  1868  1918 D HeatmapThread: !@ Heatmap prevv_dsoh_update_time: 29489322
01-25 18:54:55.856  1868  1918 E HeatmapThread: !@ CAM New BSOH: 100
01-25 18:54:56.076  2421  3881 D WifiConnectivityMonitor.NetworkStatsAnalyzer: Backhaul result - RSSI:-55, CE:18, PE:18, TI:21, PTI:21, TW:10, PTW:10, Tx:96, Rx:132, TxS:96, RxS:96, RESULT:true, IC:0, ICT:5, WC:0, WCT:5, R:0, RC:0, IE:0, EC:0
01-25 18:54:56.088  7980  7996 I om.whatsapp.w4b: Background concurrent mark compact GC freed 86MB AllocSpace bytes, 1(20KB) LOS objects, 18% free, 214MB/262MB, paused 640us,2.425ms total 2.356s
01-25 18:54:56.113  2421  2967 I ActivityManager: Changes in 10053 3 to 15, 144 to 0
01-25 18:54:56.114  5776  5793 V OsAgent : broadcastSystemEvent - 7
01-25 18:54:56.114  2421  2967 I ActivityManager: Changes in 15010053 3 to 15, 144 to 0
01-25 18:54:56.114  5776  5793 V OsAgent : broadcastSystemEvent - 7
01-25 18:54:56.123 27760 27760 I wpa_supplicant: Heartbeat 879
01-25 18:54:56.857  1868  1918 E HeatmapThread: ECT Thread time in milliseconds: 1769363696
01-25 18:54:56.859  1868  1918 D HeatmapThread: !@ batteryplugType : 2
01-25 18:54:56.859  1868  1918 D HeatmapThread: !@ batteryLevel : 51  batteryTemperature : 387 
01-25 18:54:56.859  1868  1918 D HeatmapThread: !@ Heatmap currtime: 29489394
01-25 18:54:56.859  1868  1918 D HeatmapThread: !@ Heatmap prevtime: 29489370
01-25 18:54:56.859  1868  1918 D HeatmapThread: !@ Heatmap plugstarttime: 29489360
01-25 18:54:56.859  1868  1918 D HeatmapThread: !@ Heatmap prevv_dsoh_update_time: 29489322
01-25 18:54:56.859  1868  1918 E HeatmapThread: !@ CAM New BSOH: 100
01-25 18:54:56.965  2421  3528 I ActivityManager: Changes in 10375 6 to 10, 128 to 0
01-25 18:54:56.971  2421  3528 I ActivityManager: Changes in 10375 10 to 6, 0 to 128
01-25 18:54:56.973  2421  3814 D BackgroundInstallControlService: Package event received: 0
01-25 18:54:56.973  2421  3814 D BackgroundInstallControlService: Package event received: 0
01-25 18:54:56.973  2421  3814 D BackgroundInstallControlService: Package event received: 0
01-25 18:54:56.973  2421  3814 D BackgroundInstallControlService: Package event received: 0
01-25 18:54:56.977  1888  2098 I VSyncReactor: Current= 120, Period= 120, Distance= 0
01-25 18:54:56.985  1888  2098 I VSyncReactor: Current= 120, Period= 120, Distance= 120
01-25 18:54:57.139  1069  1069 D io_stats: !@   8,0 r 71664665 380298360 w 1457404 16394912 d 295720 8030484 f 15626 41298 iot 5989800 0 th 0 0 0 pt 0 inp 0 0 11223.749
01-25 18:54:57.188  1751 25676 I sensors-hal: handle_sns_std_sensor_event:408, [SSC_LIGHT] P: 0(0),c:17,b:13,m:13,cl:0,l:0,s:0,l0:192,l1:0,s0:0,s1:0,acl:1,opr:0.29,f(r):92,u(bl):100,if:92,wi:0,si:0,0(N:0)
01-25 18:54:57.189  1751  3960 I sensors-hal: handle_sns_std_sensor_event:127, [SSC_LIGHT] A: 0(0),c:17,b:13,m:13,cl:0,l:0,s:0,l0:192,l1:0,s0:0,s1:0,acl:1,opr:0.29,f(r):92,u(bl):100,if:92,wi:0,si:0,0(N:0)
01-25 18:54:57.246  1788  2526 I thermal_core: pivot(AP) : 454, skin : 405
01-25 18:54:57.256  2421  3696 E WifiStaIfaceAidlImpl: getCachedScanData failed with service-specific exception: android.os.ServiceSpecificException:  (code 4)
01-25 18:54:57.258  2421  5916 D SemWifiUsabilityStatsMonitor: onWifiUsabilityStats - seqNum 1957, isSameBssidAndFreq true
01-25 18:54:57.259  2421  3848 I SemWifiLinkQualityMonitor: Link stat: 1743 / 108 / 1.00 (21) / 433 / -53.0 || 100.0 : 433.00 / 0.5 : 1.00 / 0.55 : 0.06 / G (G) || c3777de25745: 0.095 / 84.006 / N || N N / 0 0 / N 2.0 / N X 0 / 11223869 0 || 2026-01-25 18:54:56  / 0: 0 0 0 0 0 0 / 0: 0 0 0 0 0 0 / 0: 0 0 0 0 0 0
01-25 18:54:57.260  2421  3849 D InsDataManager: onOutageCountUpdate() - Outage Data: 0, LQ : N. Outage Triggered: false
01-25 18:54:57.260  2421  3849 D SemInsManager: {"bssid": "c3777de25745","rssi": -53.0,"latency": 0.0952317138801195,"outage_count": 0,"lq_callback_triggered": false,"outage_log": "Link stat: 1743 / 108 / 1.00 (21) / 433 / -53.0 || 100.0 : 433.00 / 0.5 : 1.00 / 0.55 : 0.06 / G (G) || c3777de25745: 0.095 / 84.006 / N || N N / 0 0 / N 2.0 / N X 0 / 11223869 0 || 2026-01-25 18:54:56  / 0: 0 0 0 0 0 0 / 0: 0 0 0 0 0 0 / 0: 0 0 0 0 0 0""Magnetic Sensor Events size": "0""Pressure Sensor Events size": "0"}
01-25 18:54:57.266  2421  3866 D SGM:GameManager: identifyGamePackage. com.sec.android.app.launcher, mCurrentUserId: 0, callingMethodInfo: com.samsung.android.game.SemGameManager.isGamePackage(SemGameManager.java:106)
01-25 18:54:57.266  2421  3866 D SGM:SemGameManager: isGamePackage(), pkgName=com.sec.android.app.launcher, ret=false
01-25 18:54:57.275  1754  1754 D AHAL_ModulePrimary_QTI: getVendorParameters: id count: 1
01-25 18:54:57.275  1754  1754 I PAL: ResourceManager: getActiveStream_l: 6569: no active streams found for device 3 ret -2
01-25 18:54:57.275  1754  1754 D AHAL_SecModulePrimary: onGetSECGenericParameters get temperature for g_hw_speaker_amp_temp_rcv: 0
01-25 18:54:57.275  1754  3126 D AHAL_ModulePrimary_QTI: getVendorParameters: id count: 1
01-25 18:54:57.275  1754  3126 I PAL: ResourceManager: getActiveStream_l: 6569: no active streams found for device 3 ret -2
01-25 18:54:57.275  1754  3126 D AHAL_SecModulePrimary: onGetSECGenericParameters get temperature for g_hw_speaker_amp_temp_spk: 0
01-25 18:54:57.276  7026  7615 I SDHMS:x : SIOP:: AP:454 BAT:387 USB:368 CHG:459 PA:456 WIFI:438 CF:421 BLK:0 SUBBAT:0 LRPTHM:403 SKIN:402 SKINF:389 SKINB:402 LRP:402 LRF:389 LRB:402 APT:389 APR:401 RCV:387 SPK:351 CHGF:385 CHGR:397 MEMF:388 MEMR:400 WIFIF:387 WIFIR:402 FCAM:368 UPSPK:402 DNSPK:368 VAP:462 VWIFI:435 AMB2:296 HIGH:0 AVGCUR:778 AVGSYS:616 POWER:3059
01-25 18:54:57.276  7026  7615 I AudioManager: setParameters keyValuePairs = g_hw_speaker_amp_temp_spk=35
01-25 18:54:57.276  1852  6091 D AudioFlinger: setParameters: filtered dev setParameters keyvalue g_hw_speaker_amp_temp_spk=35
01-25 18:54:57.277  1754  3126 D AHAL_HFP_QTI: hfp_set_parameters enter
01-25 18:54:57.277  1754  3126 D AHAL_HFP_QTI: hfp_set_parameters Exit
01-25 18:54:57.277  1754  3126 D AHAL_SecModulePrimary: processSetVendorParameters: configured g_hw_speaker_amp_temp_spk
01-25 18:54:57.277  1754  3126 D AHAL_SecModulePrimary: processSetVendorParameters: handler set on Feature:0
01-25 18:54:57.277  1754  3126 D AHAL_SecModulePrimary: onSetSECGenericParameters set temperature for g_hw_speaker_amp_temp_spk: 35
01-25 18:54:57.277  1754  3126 I PAL: API: pal_set_param: 1377: Enter: param id 3002
01-25 18:54:57.277  1754  3126 I PAL: ResourceManager: getActiveStream_l: 6569: no active streams found for device 3 ret -2
01-25 18:54:57.277  1852  6091 E ConversionHelperAidl: Function: parseAndSetVendorParameters Line: 94 Failed 
01-25 18:54:57.277  1852  6091 E ConversionHelperAidl: Function: parseAndSetVendorParameters Line: 94 Failed 
01-25 18:54:57.277  7026  7615 I AudioManager: setParameters keyValuePairs = g_hw_speaker_amp_temp_rcv=39
01-25 18:54:57.277  1852  6091 D AudioFlinger: setParameters: filtered dev setParameters keyvalue g_hw_speaker_amp_temp_rcv=39
01-25 18:54:57.277  1754  3126 D AHAL_HFP_QTI: hfp_set_parameters enter
01-25 18:54:57.277  1754  3126 D AHAL_HFP_QTI: hfp_set_parameters Exit
01-25 18:54:57.277  1754  3126 D AHAL_SecModulePrimary: processSetVendorParameters: configured g_hw_speaker_amp_temp_rcv
01-25 18:54:57.277  1754  3126 D AHAL_SecModulePrimary: processSetVendorParameters: handler set on Feature:0
01-25 18:54:57.277  1754  3126 D AHAL_SecModulePrimary: onSetSECGenericParameters set temperature for g_hw_speaker_amp_temp_rcv: 39
01-25 18:54:57.277  1754  3126 I PAL: API: pal_set_param: 1377: Enter: param id 3001
01-25 18:54:57.277  1754  3126 I PAL: ResourceManager: getActiveStream_l: 6569: no active streams found for device 3 ret -2
01-25 18:54:57.278  1852  6091 E ConversionHelperAidl: Function: parseAndSetVendorParameters Line: 94 Failed 
01-25 18:54:57.278  1852  6091 E ConversionHelperAidl: Function: parseAndSetVendorParameters Line: 94 Failed 
01-25 18:54:57.345  7980 18006 I Kumiho-Kumiho: getPackageName: com.whatsapp.w4b
01-25 18:54:57.355 26841 26841 I BadgeCountReceiver: onReceive: Intent { act=android.intent.action.BADGE_COUNT_UPDATE flg=0x1000010 xflg=0x4 cmp=com.sec.android.provider.badge/.BadgeCountReceiver (has extras) }
01-25 18:54:57.355 26841 26867 I BadgeCountReceiver: UpdateTask START: PendingResult hashCode: 21791809
01-25 18:54:57.355 26841 26867 I BadgeCountReceiver: packageName: com.whatsapp.w4b, className: com.whatsapp.Main, count: 159
01-25 18:54:57.355  2421  2968 I ActivityManager: Changes in 10053 15 to 11, 0 to 128
01-25 18:54:57.356 26841 26867 I BadgeProvider: sendNotify [uri]: content://com.sec.badge/apps, [notify]: null
01-25 18:54:57.356 26841 26867 I BadgeProvider: update, [calling package]: com.sec.android.provider.badge, [uri]: content://com.sec.badge/apps, [uri.query]: null, [BadgeCount]: badgecount=159, [UpdateCount]: 1
01-25 18:54:57.356 26841 26867 I BadgeCountReceiver: UpdateTask END: PendingResult hashCode: 21791809
01-25 18:54:57.357  2421  3528 I ActivityManager: Changes in 10053 11 to 3, 128 to 144
01-25 18:54:57.357  2421  3814 D BackgroundInstallControlService: Package event received: 0
01-25 18:54:57.358  5776  5793 V OsAgent : broadcastSystemEvent - 7
01-25 18:54:57.358 26841 10989 I BadgeProvider: query, [calling package]: com.sec.android.app.launcher, [selection]: null
01-25 18:54:57.360  2421  6955 I ActivityManager: Changes in 15010053 15 to 3, 0 to 144
01-25 18:54:57.360  2421  3814 D BackgroundInstallControlService: Package event received: 0
01-25 18:54:57.361  5776  5793 V OsAgent : broadcastSystemEvent - 7
01-25 18:54:57.362 26870 26882 I BadgeProvider: query, [calling package]: com.sec.android.app.launcher, [selection]: null
01-25 18:54:57.363 26841 10989 I BadgeProvider: query, [calling package]: com.sec.android.app.launcher, [selection]: null
01-25 18:54:57.364 26870 26882 I BadgeProvider: query, [calling package]: com.sec.android.app.launcher, [selection]: null
01-25 18:54:57.668  1751 25690 I sensors-hal: handle_sns_std_sensor_event:90, light_cct: ts = 14069455981492 ns; value = [0, 0, 80, 75, 0, 13, 0, 0, 192, 0]
01-25 18:54:57.752  2559  2894 D SemNativeCarrierFeature_vendor: getInstance
01-25 18:54:57.843  1888  2098 I VSyncReactor: Current= 120, Period= 120, Distance= 1
01-25 18:54:57.851  1888  2098 I VSyncReactor: Current= 120, Period= 120, Distance= 120
01-25 18:54:57.855  1868  1918 E HeatmapThread: ECT Thread time in milliseconds: 1769363697
01-25 18:54:57.857  1868  1918 D HeatmapThread: !@ batteryplugType : 2
01-25 18:54:57.857  1868  1918 D HeatmapThread: !@ batteryLevel : 51  batteryTemperature : 387 
01-25 18:54:57.857  1868  1918 D HeatmapThread: !@ Heatmap currtime: 29489394
01-25 18:54:57.857  1868  1918 D HeatmapThread: !@ Heatmap prevtime: 29489370
01-25 18:54:57.857  1868  1918 D HeatmapThread: !@ Heatmap plugstarttime: 29489360
01-25 18:54:57.857  1868  1918 D HeatmapThread: !@ Heatmap prevv_dsoh_update_time: 29489322
01-25 18:54:57.857  1868  1918 E HeatmapThread: !@ CAM New BSOH: 100
01-25 18:54:58.476  2421  6955 I ActivityManager: Changes in 10375 6 to 10, 128 to 0
01-25 18:54:58.480  2421  6955 I ActivityManager: Changes in 10375 10 to 6, 0 to 128
01-25 18:54:58.480  2421  3814 D BackgroundInstallControlService: Package event received: 0
01-25 18:54:58.480  2421  3814 D BackgroundInstallControlService: Package event received: 0
01-25 18:54:58.480  2421  3814 D BackgroundInstallControlService: Package event received: 0
01-25 18:54:58.481  2421  3814 D BackgroundInstallControlService: Package event received: 0
01-25 18:54:58.855  1868  1918 E HeatmapThread: ECT Thread time in milliseconds: 1769363698
01-25 18:54:58.856  1868  1918 D HeatmapThread: !@ batteryplugType : 2
01-25 18:54:58.856  1868  1918 D HeatmapThread: !@ batteryLevel : 51  batteryTemperature : 387 
01-25 18:54:58.856  1868  1918 D HeatmapThread: !@ Heatmap currtime: 29489394
01-25 18:54:58.856  1868  1918 D HeatmapThread: !@ Heatmap prevtime: 29489370
01-25 18:54:58.856  1868  1918 D HeatmapThread: !@ Heatmap plugstarttime: 29489360
01-25 18:54:58.856  1868  1918 D HeatmapThread: !@ Heatmap prevv_dsoh_update_time: 29489322
01-25 18:54:58.856  1868  1918 E HeatmapThread: !@ CAM New BSOH: 100
01-25 18:54:59.002  2463  2463 I CNSS    : /sys/wifi/max_chipset_log_size doesn't exist
01-25 18:54:59.086  4186 27765 D ApfFilter: (wlan0): Ignoring RA RA fe80::1 -> ff02::1 0s  which matches RA fe80::1 -> ff02::1 0s 
01-25 18:54:59.134  5319 27265 I GmscoreIpa: Starting mediastore instant index [CONTEXT service_id=255 ]
01-25 18:54:59.139  1069  1069 D io_stats: !@   8,0 r 71670337 380326052 w 1457412 16395000 d 296032 8034036 f 15626 41298 iot 5990312 0 th 0 0 0 pt 0 inp 0 1 11225.750
01-25 18:54:59.139  1069  1069 D io_stats: !@ Read_top(KB): om.whatsapp.w4b:low(7980) 60280 .android.chrome:low(4147) 3412 .osp.app.signin:low(28363) 320
01-25 18:54:59.139  1069  1069 D io_stats: !@ Write_top(KB): om.whatsapp.w4b:low(7980) 220
01-25 18:54:59.139  1069  1069 D io_stats: !@ fuse-log: WORST (10347 17 0 1 0) TOTAL_LATENCY (10347 0 17 0 1) TOTAL_CNT (10347 1 17 1) 
01-25 18:54:59.209  7026  7026 I SDHMS:LOAD: type: LoadsFreqs, value: 0:0:0:1393920:1958400:1017600:1372415:1996800:556800:222:222:222
01-25 18:54:59.315  1751  3960 I sensors-hal: handle_sns_client_event:202, auto_rotation_debug_2 mode,255, type,1,0 acc,0.024,0.306,9.873, ar,0, ver,14, pedo,1,e,1,i,3
01-25 18:54:59.402 26841 26841 I BadgeCountReceiver: onReceive: Intent { act=android.intent.action.BADGE_COUNT_UPDATE flg=0x1000010 xflg=0x4 cmp=com.sec.android.provider.badge/.BadgeCountReceiver (has extras) }
01-25 18:54:59.402 26841 26867 I BadgeCountReceiver: UpdateTask START: PendingResult hashCode: 153505254
01-25 18:54:59.402 26841 26867 I BadgeCountReceiver: packageName: com.whatsapp.w4b, className: com.whatsapp.Main, count: 159
01-25 18:54:59.402 26841 26867 I BadgeProvider: sendNotify [uri]: content://com.sec.badge/apps, [notify]: null
01-25 18:54:59.402 26841 26867 I BadgeProvider: update, [calling package]: com.sec.android.provider.badge, [uri]: content://com.sec.badge/apps, [uri.query]: null, [BadgeCount]: badgecount=159, [UpdateCount]: 1
01-25 18:54:59.402 26841 26867 I BadgeCountReceiver: UpdateTask END: PendingResult hashCode: 153505254
01-25 18:54:59.403 26841 10989 I BadgeProvider: query, [calling package]: com.sec.android.app.launcher, [selection]: null
01-25 18:54:59.405 26870 26882 I BadgeProvider: query, [calling package]: com.sec.android.app.launcher, [selection]: null
01-25 18:54:59.407 26841 10989 I BadgeProvider: query, [calling package]: com.sec.android.app.launcher, [selection]: null
01-25 18:54:59.408 26870 27615 I BadgeProvider: query, [calling package]: com.sec.android.app.launcher, [selection]: null
01-25 18:54:59.412  7980 18006 I Kumiho-Kumiho: getPackageName: com.whatsapp.w4b
01-25 18:54:59.429  2421 27264 D WifiConnectivityMonitor.DnsThread:  [|204] []
01-25 18:54:59.430  2421  5136 I NSLocationMonitor: getGPSUsingApps() called
01-25 18:54:59.430  2421  3881 D WifiConnectivityMonitor.NetworkStatsAnalyzer: DNS resultType : 0, responseTime : 204
01-25 18:54:59.430  2421  3877 D OpenNetworkQos[4.00]: updateBssidLatestDnsResultType - result: 0
01-25 18:54:59.430  2421  3877 D OpenNetworkQos[4.00]: updateBssidNoInternet: mBssidNoInternet = false
01-25 18:54:59.430  2421  3877 D OpenNetworkQos[4.00]: getOpenNetworkQosNoInternetStatus: false[Private DNS is active. Result is ignored.]
01-25 18:54:59.430  2421  3877 D OpenNetworkQos[4.00]: getOpenNetworkQosScores: 26 26 0 [Private DNS is active. Result is ignored.]
01-25 18:54:59.430  2421  3877 I WifiProfileShare: network QoS data was changed (internet), updateQoSData networkType: true, qosData: false
01-25 18:54:59.430  5148  5173 I NSLocationManager_FLP: getGPSUsingApps, No change
01-25 18:54:59.430  2421  5146 V WifiProfileShare.Caster: update wips network, size: 0
01-25 18:54:59.430  2421  5146 D WifiProfileShare: nearby scanning settings run
01-25 18:54:59.430  2421  5146 D WifiProfileShare: network score provider settings enabled
01-25 18:54:59.430  2421  5146 D OpenNetworkQos[4.00]: getOpenNetworkQosScores: 26 26 0 [Private DNS is active. Result is ignored.]
01-25 18:54:59.430  2421  5146 E SemWifiService: getCurrentNetworkScore - invalid score data
01-25 18:54:59.430  2421  5146 V WifiProfileShare.Caster: current network score is empty
01-25 18:54:59.430  2421  5146 E WifiProfileShare.Caster: failed to generate qos array, need to check network score data
01-25 18:54:59.430  2421  5146 D WifiProfileShare.ScanMatcher: getMcfDataList size:2
01-25 18:54:59.431  2421  5146 I WifiProfileShare.Caster: qos data was updated , before:null after:null
01-25 18:54:59.431  2421  5146 I [MCFSDK_android_1.3.7026]_4_McfCasterImpl: isNetworkEnabled - type : 1 ret : true
01-25 18:54:59.431  2421  5146 D WifiProfileShare.McfCast: -ME--- mIsNetworkEnabled :true
