01-25 18:55:33.375  2421  6906 D SGM:FgCheckThread:   sendRunningComponentFocus(), pkgName: com.sec.android.app.launcher, userId: 0
01-25 18:55:33.375  2421  3649 D SGM:FgCheckThread: onLooperPrepared(), msg: MSG_TASK_FOCUSED, pkgName: com.sec.android.app.launcher, userId: 0
01-25 18:55:33.375  2421  3649 D SGM:FgCheckThread: handleTaskFocused().
01-25 18:55:33.375  2421  3649 D SGM:FgCheckThread:   handleTaskFocused(), pkgName: com.sec.android.app.launcher, userID:0 mResumedPkgMap does not containsKey.
01-25 18:55:33.375  2421  3775 D AS.MultiSoundManager: mForegroundUid = 10152
01-25 18:55:33.375  2421  6906 D InputDispatcher: Focused application(0): ActivityRecord{229424348 u0 com.sec.android.app.launcher/.activities.LauncherActivity t8}
01-25 18:55:33.375  2421  6906 D ActivityTaskManager: scheduleTopResumedActivityChanged, onTop=true, r=ActivityRecord{229424348 u0 com.sec.android.app.launcher/.activities.LauncherActivity t8}, caller=com.android.server.wm.ActivityTaskSupervisor.scheduleTopResumedActivityStateIfNeeded:18 com.android.server.wm.ActivityTaskSupervisor.updateTopResumedActivityIfNeeded:54 com.android.server.wm.TaskFragment.setResumedActivity:30 com.android.server.wm.ActivityRecord.setState:100 com.android.server.wm.TaskFragment.resumeTopActivity:1705 com.android.server.wm.Task.resumeTopActivityInnerLocked:119 
01-25 18:55:33.375  2421  6906 V WindowManager: Collecting in transition 656: ActivityRecord{229424348 u0 com.sec.android.app.launcher/.activities.LauncherActivity t8}, caller=com.android.server.wm.TransitionController.collect:7 com.android.server.wm.ActivityRecord.setVisibility:132 com.android.server.wm.ActivityRecord.makeInvisible:32 com.android.server.wm.EnsureActivitiesVisibleHelper.process:542 com.android.server.wm.TaskFragment.updateActivityVisibilities:12 
01-25 18:55:33.375  2421  6906 V WindowManager: Computed rotation=ROTATION_0 (0) for display id=0 based on lastOrientation=SCREEN_ORIENTATION_NOSENSOR (5) and oldRotation=ROTATION_0 (0), caller=com.android.server.wm.DisplayRotation.updateOrientation:79 com.android.server.wm.DisplayContent.updateOrientation:41 com.android.server.wm.DisplayContent.updateOrientationAndComputeConfig:48 com.android.server.wm.RootWindowContainer.ensureVisibilityAndConfig:7 com.android.server.wm.TaskFragment.resumeTopActivity:1724 com.android.server.wm.Task.resumeTopActivityInnerLocked:119 
01-25 18:55:33.375  2421  6906 D ActivityTaskManager: scheduleTopResumedActivityChanged, onTop=false, r=ActivityRecord{229424348 u0 com.sec.android.app.launcher/.activities.LauncherActivity t8}, caller=com.android.server.wm.ActivityTaskSupervisor.scheduleTopResumedActivityStateLossIfNeeded:19 com.android.server.wm.ActivityTaskSupervisor.updateTopResumedActivityIfNeeded:20 com.android.server.wm.TaskFragment.setResumedActivity:30 com.android.server.wm.ActivityRecord.setState:91 com.android.server.wm.TaskFragment.startPausing$1:209 com.android.server.wm.Task$$ExternalSyntheticLambda37.accept:150 
01-25 18:55:33.375  2421  6906 D SurfaceComposerClient: setCornerRadius ## fa0141e com.ogabassey.contactscleaner.debug/com.ogabassey.contactscleaner.MainActivity#7322 cornerRadius=0.000000
01-25 18:55:33.376  4669  4669 I VRI[LauncherActivity]@ac9c2e6: stopped(false) old = true
01-25 18:55:33.376  4669  4669 I HoneySpace.Launcher: !@Boot_EBS_D: Launcher.onStart()
01-25 18:55:33.376 27520 27520 I Process : Sending signal. PID: 27520 SIG: 9
01-25 18:55:33.376  4669  4669 I HoneySpace.Launcher: !@Boot_EBS_D: Launcher.onResume()
01-25 18:55:33.376  2421  4616 V WindowManager: Starting Transition 656, caller=com.android.server.wm.WindowOrganizerController.startTransition:47 com.android.server.wm.WindowOrganizerController.startTransition:1 android.window.IWindowOrganizerController$Stub.onTransact:259 
01-25 18:55:33.376  2421  4616 D BLASTSyncEngine: SyncGroup 656: Set ready true, caller=com.android.server.wm.BLASTSyncEngine.setReady:32 com.android.server.wm.Transition.applyReady:54 com.android.server.wm.Transition.start:105 com.android.server.wm.WindowOrganizerController.startTransition:47 com.android.server.wm.WindowOrganizerController.startTransition:1 android.window.IWindowOrganizerController$Stub.onTransact:259 
01-25 18:55:33.376  4669  4669 I HoneySpace.Launcher: updateLauncherShowing false -> true
01-25 18:55:33.376  4669 25234 I HoneySpace.Memory-Monitor: cancelTrimIfNeeded
01-25 18:55:33.376  4669  4669 I HoneySpace.ShellTransitionManager: myHomeResumed
01-25 18:55:33.376  4669 25232 I HoneySpace.PredictionDataSourceImpl: requestPredictionUpdate 0 true
01-25 18:55:33.376  4669  4669 I HoneySpace.ResumeTimer: last resume updated : 11259987
01-25 18:55:33.377  4669  4669 I SearchHoneyPot: onViewCreated: onResume
01-25 18:55:33.377  2421  2952 V WindowManager: SyncGroup 656: Finished!
01-25 18:55:33.377  4669 16758 I HoneySpace.Memory-Monitor: updateMaxHeap isHighScreenSize=true
01-25 18:55:33.377  4669 16758 I HoneySpace.Memory-Monitor: PROPERTY_HOME_MEMORY_CACHE_LEVEL: -1
01-25 18:55:33.377  4669 16758 I HoneySpace.Memory-Monitor: updateGraphicResourceCache curMemoryCacheLevel=0
01-25 18:55:33.377  4669 25232 I HoneySpace.PredictionDataSourceImpl: requestPredictionUpdate 1 true
01-25 18:55:33.377  4669  7376 I HoneySpace.HoneyAppWidgetHost: called startListening, host: 2feab36, hostId: 1024
01-25 18:55:33.377  4669  7376 I AppWidgetHost: semStartListening()
01-25 18:55:33.377  2421  2952 D ChangeTransitionController: onTransactionReady: TransitionRecord{705bf39 id=656 type=CLOSE flags=0x10 c=[
01-25 18:55:33.377  2421  2952 D ChangeTransitionController:    ChangeInfo{557372c container=Task{26630e3 #8 type=home I=com.sec.android.app.launcher/.activities.LauncherActivity} flags=0x0}
01-25 18:55:33.377  2421  2952 D ChangeTransitionController:    ChangeInfo{fa15f5 container=Task{362e074 #13843 type=standard A=10245:com.ogabassey.contactscleaner.debug} flags=0x0}
01-25 18:55:33.377  2421  2952 D ChangeTransitionController:    ChangeInfo{daa2f8a container=DefaultTaskDisplayArea_d0@215174188 flags=0x0}
01-25 18:55:33.377  2421  2952 D ChangeTransitionController:    ChangeInfo{aae79fb container=Task{d17c539 #1 type=home} flags=0x0}
01-25 18:55:33.377  2421  2952 D ChangeTransitionController:    ChangeInfo{8969a18 container=Display{#0 state=DOZE_SUSPEND size=1440x3120 ROTATION_0} flags=0x0}
01-25 18:55:33.377  2421  2952 D ChangeTransitionController:    ChangeInfo{1a31c71 container=ActivityRecord{229424348 u0 com.sec.android.app.launcher/.activities.LauncherActivity t8} flags=0x0}
01-25 18:55:33.377  2421  2952 D ChangeTransitionController: ]
01-25 18:55:33.377  2421  2952 D ChangeTransitionController: }
01-25 18:55:33.377  2421  2952 V WindowManager: Start calculating TransitionInfo based on participants: {Task{26630e3 #8 type=home I=com.sec.android.app.launcher/.activities.LauncherActivity}, Task{362e074 #13843 type=standard A=10245:com.ogabassey.contactscleaner.debug}, Task{d17c539 #1 type=home}, ActivityRecord{229424348 u0 com.sec.android.app.launcher/.activities.LauncherActivity t8}}
01-25 18:55:33.377  2421  2952 V WindowManager:   Final targets: []
01-25 18:55:33.377  2421  2949 D ActivityManager: !@AM_BOOT_PROGRESS , ensureBootCompleted booting:false /enableScreen:false /caller:com.android.server.am.ActivityManagerService.ensureBootCompleted:47 com.android.server.am.ActivityManagerService$UiHandler.handleMessage$com$android$server$am$ActivityManagerService$UiHandler:614 
01-25 18:55:33.377  2421  6905 I AppWidgetServiceImpl: startListening() 
01-25 18:55:33.377  2421  2952 V WindowManager: Calling onTransitionReady: {id=656 t=CLOSE f=0x50 trk=0 r=[] c=[]}
01-25 18:55:33.377  2421  6905 I AppWidgetServiceImpl: startListening callbacks : com.android.internal.appwidget.IAppWidgetHost$Stub$Proxy@583ba56 intervalEnsure:14105168 intervalHostLock:14105168 LhostId:HostId{user:0, app:10152, hostId:1024, pkg:com.sec.android.app.launcher}
01-25 18:55:33.377  2421  6905 I AppWidgetServiceImpl: startListening() finish
01-25 18:55:33.377  4669  7376 I HoneySpace.HoneyAppWidgetHost: success hidden_semStartListening - result: true, host: 2feab36, hostId: 1024
01-25 18:55:33.377  4018  6533 V WindowManagerShell: onTransitionReady(transaction=10398115857277)
01-25 18:55:33.377  4018  4117 V WindowManagerShell: onTransitionReady (#656) android.os.BinderProxy@520377a: {id=656 t=CLOSE f=0x50 trk=0 r=[] c=[]}
01-25 18:55:33.377  4018  4117 V ShellDesktopMode: DesktopModeLogger: taskInfo map after processing changes 0
01-25 18:55:33.377  4018  4018 I {OngoingActivityController}: onTaskFocusChanged but OA data is empty
01-25 18:55:33.377  4018  4117 V WindowManagerShell: No transition roots in (#656) android.os.BinderProxy@520377a@0 so abort
01-25 18:55:33.377  4018  4117 I SurfaceControlRegistry: apply, t=StartTransaction_SyncId<656>, caller=android.view.SurfaceControl$Transaction.apply:3459 android.view.SurfaceControl$Transaction.apply:3447 android.view.SurfaceControl$Transaction.apply:3397 com.android.wm.shell.transition.Transitions.processReadyQueue:196 com.android.wm.shell.transition.Transitions.onAbort:85 com.android.wm.shell.transition.Transitions.dispatchReady:326 
01-25 18:55:33.378  4669 22436 I HoneySpace.SPayHandler: updateSpayHandler launcher activity is paused false
01-25 18:55:33.378  4669  4669 I HoneySpace.Launcher: !@Boot_EBS_D: Launcher.onPause()
01-25 18:55:33.378  4669  4669 I HoneySpace.Launcher: updateLauncherShowing true -> false
01-25 18:55:33.378  6989  6989 I DMASA[D]: [FCDetectionService]Enqueue work to FC
01-25 18:55:33.378  2421  2951 V Configuration: Updating configuration, locales updated from [] to [en_CA]
01-25 18:55:33.378  4018  4117 V WindowManagerShell: Transition animation finished (aborted=true), notifying core (#656) android.os.BinderProxy@520377a@0
01-25 18:55:33.378  4018  4117 I SurfaceControlRegistry: apply, t=FinishTransaction_SyncId<656>, caller=android.view.SurfaceControl$Transaction.apply:3459 android.view.SurfaceControl$Transaction.apply:3447 android.view.SurfaceControl$Transaction.apply:3397 com.android.wm.shell.transition.Transitions.onFinish:315 com.android.wm.shell.transition.Transitions.processReadyQueue:201 com.android.wm.shell.transition.Transitions.onAbort:85 
01-25 18:55:33.378  4669  7240 I HoneySpace.SPayHandler: updateSpayHandler, show = true, defaultPage = true
01-25 18:55:33.378  2421  6905 V WindowManager: Finish Transition: TransitionRecord{705bf39 id=656 type=CLOSE flags=0x50 c=[
01-25 18:55:33.378  2421  6905 V WindowManager:    ChangeInfo{557372c container=Task{26630e3 #8 type=home I=com.sec.android.app.launcher/.activities.LauncherActivity} flags=0x20}
01-25 18:55:33.378  2421  6905 V WindowManager:    ChangeInfo{fa15f5 container=Task{362e074 #13843 type=standard A=10245:com.ogabassey.contactscleaner.debug} flags=0x0}
01-25 18:55:33.378  2421  6905 V WindowManager:    ChangeInfo{daa2f8a container=DefaultTaskDisplayArea_d0@215174188 flags=0x0}
01-25 18:55:33.378  2421  6905 V WindowManager:    ChangeInfo{aae79fb container=Task{d17c539 #1 type=home} flags=0x20}
01-25 18:55:33.378  2421  6905 V WindowManager:    ChangeInfo{8969a18 container=Display{#0 state=DOZE_SUSPEND size=1440x3120 ROTATION_0} flags=0x0}
01-25 18:55:33.378  2421  6905 V WindowManager:    ChangeInfo{1a31c71 container=ActivityRecord{229424348 u0 com.sec.android.app.launcher/.activities.LauncherActivity t8} flags=0x0}
01-25 18:55:33.378  2421  6905 V WindowManager: ]
01-25 18:55:33.378  2421  6905 V WindowManager: }, caller=com.android.server.wm.WindowOrganizerController.finishTransitionInner:31 com.android.server.wm.WindowOrganizerController.finishAllTransitions:60 android.window.IWindowOrganizerController$Stub.onTransact:283 
01-25 18:55:33.379  2421  6955 W JobInfo : Job 'com.sec.android.diagmonagent/.dma.dropbox.FCDetectionService#11419' has a deadline with no functional constraints. The deadline won't improve job execution latency. Consider removing the deadline.
01-25 18:55:33.379  2421  6905 D PersonaActivityHelper: token.toString()  Token{afa2ae0 ActivityRecord{229424348 u0 com.sec.android.app.launcher/.activities.LauncherActivity t8}}
01-25 18:55:33.379  2421  6905 D PersonaActivityHelper: mLastResumedSFActivity getPackageName  com.android.settings
01-25 18:55:33.379  2421  6905 D PersonaActivityHelper: mLastResumedSFActivity getShortClassName  .homepage.DeepLinkHomepageActivity
01-25 18:55:33.379  2421  6905 D ChangeTransitionController: onTransitionFinished: TransitionRecord{705bf39 id=656 type=CLOSE flags=0x50 c=[
01-25 18:55:33.379  2421  6905 D ChangeTransitionController:    ChangeInfo{557372c container=Task{26630e3 #8 type=home I=com.sec.android.app.launcher/.activities.LauncherActivity} flags=0x20}
01-25 18:55:33.379  2421  6905 D ChangeTransitionController:    ChangeInfo{fa15f5 container=Task{362e074 #13843 type=standard A=10245:com.ogabassey.contactscleaner.debug} flags=0x0}
01-25 18:55:33.379  2421  6905 D ChangeTransitionController:    ChangeInfo{daa2f8a container=DefaultTaskDisplayArea_d0@215174188 flags=0x0}
01-25 18:55:33.379  2421  6905 D ChangeTransitionController:    ChangeInfo{aae79fb container=Task{d17c539 #1 type=home} flags=0x20}
01-25 18:55:33.379  2421  6905 D ChangeTransitionController:    ChangeInfo{8969a18 container=Display{#0 state=DOZE_SUSPEND size=1440x3120 ROTATION_0} flags=0x0}
01-25 18:55:33.379  2421  6905 D ChangeTransitionController:    ChangeInfo{1a31c71 container=ActivityRecord{229424348 u0 com.sec.android.app.launcher/.activities.LauncherActivity t8} flags=0x0}
01-25 18:55:33.379  2421  6905 D ChangeTransitionController: ]
01-25 18:55:33.379  2421  6905 D ChangeTransitionController: }
01-25 18:55:33.379  2421  2951 V Configuration: Updating configuration, locales updated from [] to [en_CA]
01-25 18:55:33.379  2421  2948 V WindowManager: Sent Transition (#656) createdAt=01-25 18:55:33.374 via request=TransitionRequestInfo { type = CLOSE, triggerTask = TaskInfo{userId=0 taskId=13843 effectiveUid=10245 displayId=0 isRunning=true baseIntent=Intent { flg=0x10000000 cmp=com.ogabassey.contactscleaner.debug/com.ogabassey.contactscleaner.MainActivity } baseActivity=ComponentInfo{com.ogabassey.contactscleaner.debug/com.ogabassey.contactscleaner.MainActivity} topActivity=ComponentInfo{com.ogabassey.contactscleaner.debug/com.ogabassey.contactscleaner.MainActivity} origActivity=null realActivity=ComponentInfo{com.ogabassey.contactscleaner.debug/com.ogabassey.contactscleaner.MainActivity} numActivities=1 lastActiveTime=14104983 supportsMultiWindow=true resizeMode=1 isResizeable=true minWidth=-1 minHeight=-1 maxWidth=-1 maxHeight=-1 defaultMinSize=220 desktopDefaultMinSize=304 token=WCT{RemoteToken{8dd31d3 Task{362e074 #13843 type=standard A=10245:com.ogabassey.contactscleaner.debug}}} topActivityType=1 pictureInPictureParams=null shouldDockBigOverlays=false launchIntoPipHostTaskId=-1 lastParentTaskIdBeforePip=-1 displayCutoutSafeInsets=Rect(0, 113 - 0, 0) topActivityInfo=ActivityInfo{78eb110 com.ogabassey.contactscleaner.MainActivity} launchCookies=[] positionInParent=Point(0, 0) parentTaskId=-1 isFocused=true isVisible=false isVisibleRequested=false isTopActivityNoDisplay=false isSleeping=true locusId=null displayAreaFeatureId=1 isTopActivityTransparent=false isActivityStackTransparent=false lastNonFullscreenBounds=Rect(108, 808 - 1332, 2368) capturedLink=null capturedLinkTimestamp=0 requestedVisibleTypes=-9 topActivityRequestOpenInBrowserEducationTimestamp=0 appCompatTaskInfo=AppCompatTaskInfo { topActivityInSizeCompat=false eligibleForLetterboxEducation= false isLetterboxEducationEnabled= false isLetterboxDoubleTapEnabled= false eligibleForUserAspectRatioButton= false topActivityBoundsLetterboxed= false isFromLetterboxDoubleTap= false topActivityLetterboxVerticalPosition= -1 topActivityLetterboxHorizontalPosition= -1 topActivityLetterboxWidth=-1 topActivityLetterboxHeight=-1 topActivityAppBounds=Rect(0, 0 - 1440, 3120) isUserFullscreenOverrideEnabled=false isSystemFullscreenOverrideEnabled=false hasMinAspectRatioOverride=false topActivityLetterboxBounds=null cameraCompatTaskInfo=CameraCompatTaskInfo { freeformCameraCompatMode=inactive} topActivityBounds=null topActivityInDisplayCompat=false singleTapFromLetterbox=false} topActivityMainWindowFrame=null originallySupportedMultiWindow=true hasWallpaper=false rootAffinity=10245:com.ogabassey.contactscleaner.debug isTopTaskInStage=false CoverLauncherWidgetTask=false LaunchedFromAppsCoverLauncherTask=false LaunchedFromMultistarCoverLauncherTask=false isAllowedSeamlessRotation=false isTopTransparentActivity=false isAliasManaged=false hasConfigChanged=false snappingGuideBounds=null isAiKeyRemoveAppTask=false lastDesktopWindowingBounds=null lastExternalDesktopWindowingBounds=null safeCutoutInsets=null}, pipChange = null, remoteTransition = null, displayChange = null, flags = 16, debugId = 656 }
01-25 18:55:33.379  2421  2948 V WindowManager:     startWCT=WindowContainerTransaction { changes= {} hops= [] errorCallbackToken=null taskFragmentOrganizer=null }
01-25 18:55:33.379  2421  2948 V WindowManager:     info={id=656 t=CLOSE f=0x50 trk=0 r=[] c=[]}
01-25 18:55:33.379  4018  4117 V WindowManagerShell: Track 0 became idle
01-25 18:55:33.379  4018  4117 V WindowManagerShell: All active transition animations finished
01-25 18:55:33.379  2421  2948 V WindowManager: Finish Transition (#656): created at 01-25 18:55:33.374 collect-started=0.132ms request-sent=0.23ms started=2.49ms ready=2.483ms sent=3.328ms finished=4.823ms
01-25 18:55:33.379  4669 25232 I HoneySpace.RecentTasks: onRecentTasksChanged
01-25 18:55:33.379  2421  2951 D EnterpriseDeviceManagerService: isMdmAdminPresentInternal() : MDM Admin Found - com.samsung.knox.securefolder
01-25 18:55:33.379  2421  2951 D SGM:GameManager: identifyGamePackage. com.sec.android.app.launcher, mCurrentUserId: 0, callingMethodInfo: com.samsung.android.game.SemGameManager.isGamePackage(SemGameManager.java:106)
01-25 18:55:33.379  2421  2951 D SGM:SemGameManager: isGamePackage(), pkgName=com.sec.android.app.launcher, ret=false
01-25 18:55:33.380  2421  3814 D BackgroundInstallControlService: Package event received: 0
01-25 18:55:33.380  2421  3814 D BackgroundInstallControlService: Package event received: 0
01-25 18:55:33.380  2421  4616 I ActivityManager: Changes in 99005 17 to 5, 128 to 184
01-25 18:55:33.380  2421  2949 D PkgPredictorService-SecIpmManagerServiceImpl: onForegroundActivitiesChanged pid:4669 uid:10152
01-25 18:55:33.380  2421  5061 V PkgPredictorService-SecIpmManagerServiceImpl: discard foreground app:com.sec.android.app.launcher 0|true
01-25 18:55:33.380  2421  3814 D BackgroundInstallControlService: Package event received: 0
01-25 18:55:33.380  2421  2538 W ParceledListSlice: Element #16 is 22812 bytes.
01-25 18:55:33.381  7442  7442 I bpas    : onStart
01-25 18:55:33.381  7442  7442 I bpas    : onResume
01-25 18:55:33.381  2421  4163 W ParceledListSlice: Element #19 is 21748 bytes.
01-25 18:55:33.381  2421  2968 D ActivityManager: sync unfroze 12147 com.samsung.android.dqagent for 3
01-25 18:55:33.381  2421  2951 D SGM:FgCheckThread: noteResumeComponent(), received pkgName: com.sec.android.app.launcher, userId: 0
01-25 18:55:33.381  2421  3804 I CocktailBarManagerServiceContainer: handleMessage: entry what = 5
01-25 18:55:33.381  2421  3649 D SGM:FgCheckThread: onLooperPrepared(), msg: MSG_APP_RESUME, pkgName: com.sec.android.app.launcher, userid: 0
01-25 18:55:33.381  2421  3649 D SGM:FgCheckThread: handleResume().
01-25 18:55:33.381  2421  3649 D SGM:SystemHelper: callReleaseBlock needReleaseBlock:false
01-25 18:55:33.381  2421  3649 D SGM:FgCheckThread:   handleResume(). device is locked yet. ignore
01-25 18:55:33.381  2421  3814 D BackgroundInstallControlService: Package event received: 0
01-25 18:55:33.381  7026  7390 I SDHMS:k : handleResumeComponent : put = com.sec.android.app.launcher, userid = 0 instanceid =184167136
01-25 18:55:33.382  2421  2949 D SGM:GameManager: identifyForegroundApp. com.sec.android.app.launcher, mCurrentUserId: 0, callerUserId: 0
01-25 18:55:33.382  2421  2949 D SGM:SemGameManager: isForegroundGame(), ret=false
01-25 18:55:33.382  2421  2949 D NetworkPolicy: already checked 10152
01-25 18:55:33.382  2421  2949 D FingerprintProvider/default: onForegroundActivitiesChanged: pid = 4669, uid = 10152, foregroundActivities = true
01-25 18:55:33.382  2421  2949 D SGM:GameManager: identifyForegroundApp. com.sec.android.app.launcher, mCurrentUserId: 0, callerUserId: 0
01-25 18:55:33.382  2421  2949 D SGM:SemGameManager: isForegroundGame(), ret=false
01-25 18:55:33.382  2421  2949 D NetworkPolicy: already checked 10152
01-25 18:55:33.382  2421  2949 D FingerprintProvider/default: onForegroundActivitiesChanged: pid = 4669, uid = 10152, foregroundActivities = true
01-25 18:55:33.382  2421  2949 D SGM:GameManager: identifyForegroundApp. com.sec.android.app.launcher, mCurrentUserId: 0, callerUserId: 0
01-25 18:55:33.382  2421  2949 D SGM:SemGameManager: isForegroundGame(), ret=false
01-25 18:55:33.382  2421  2949 D NetworkPolicy: already checked 10152
01-25 18:55:33.382  2421  2949 D FingerprintProvider/default: onForegroundActivitiesChanged: pid = 4669, uid = 10152, foregroundActivities = true
01-25 18:55:33.382  2421  3909 D NetdEventListenerService: DNS Requested by 103, 10245(com.ogabassey.contactscleaner.debug), SUCCESS, 137ms
01-25 18:55:33.383  1888  1888 I SurfaceFlinger: [Display 0 name="Built-in Screen"#49] setFrameRateCategory: High
01-25 18:55:33.383  1888  1888 I SurfaceFlinger: [Display 0 name="Built-in Screen"#49] setFrameRateCategory: Default
01-25 18:55:33.383  2421  2949 D PkgPredictorService-SecIpmManagerServiceImpl: bg information pid:27520 uid:10245 pkgName:com.ogabassey.contactscleaner.debug
01-25 18:55:33.383  2421  2951 I ActivityManager: Changes in 99010 12 to 19, 128 to 0
01-25 18:55:33.383  2421  2951 I ActivityManager: Changes in 10245 12 to 18, 128 to 0
01-25 18:55:33.383  2421  2951 I ActivityManager: Changes in 10117 12 to 19, 128 to 0
01-25 18:55:33.383  2421  2949 D SGM:GameManager: identifyForegroundApp. com.sec.android.app.launcher, mCurrentUserId: 0, callerUserId: 0
01-25 18:55:33.383  2421  2949 D SGM:SemGameManager: isForegroundGame(), ret=false
01-25 18:55:33.383  2421  2949 D FingerprintProvider/default: onForegroundActivitiesChanged: pid = 27520, uid = 10245, foregroundActivities = false
01-25 18:55:33.383  2421  2949 D SGM:GameManager: identifyForegroundApp. com.sec.android.app.launcher, mCurrentUserId: 0, callerUserId: 0
01-25 18:55:33.383  2421  2949 D SGM:SemGameManager: isForegroundGame(), ret=false
01-25 18:55:33.383  2421  2949 D FingerprintProvider/default: onForegroundActivitiesChanged: pid = 27520, uid = 10245, foregroundActivities = false
01-25 18:55:33.383  2421  2949 D SGM:GameManager: identifyForegroundApp. com.sec.android.app.launcher, mCurrentUserId: 0, callerUserId: 0
01-25 18:55:33.383  2421  2949 D SGM:SemGameManager: isForegroundGame(), ret=false
01-25 18:55:33.383  2421  2949 D FingerprintProvider/default: onForegroundActivitiesChanged: pid = 27520, uid = 10245, foregroundActivities = false
01-25 18:55:33.383  1778  1778 W SDM     : DisplayBase::ResetDispLayerStack: Stack did not clear in PostCommit. Clear now.
01-25 18:55:33.383  1778  1778 W SDM     : DisplayBase::CommitOrPrepare: Prepare failed: 3
01-25 18:55:33.383  1888  1888 E Scheduler: trackPendingFrame: Invalid present fence
01-25 18:55:33.384  2421  3804 I CocktailBarManagerServiceContainer: handleMessage: entry what = 6
01-25 18:55:33.384  2480  2480 I CameraService: onUidStateChanged: uid=10044, procState is changed. (0 -> 1)
01-25 18:55:33.384  2421  3814 D BackgroundInstallControlService: Package event received: 0
01-25 18:55:33.384  2480  2480 W IPCThreadState: Sending oneway calls to frozen process.
01-25 18:55:33.384  2480  2480 W IPCThreadState: Sending oneway calls to frozen process.
01-25 18:55:33.385  2849  2849 I Finsky:background: [2] Memory trim requested to level 40
01-25 18:55:33.385  2421  2951 D SGM:FgCheckThread: notePauseComponent(), received pkgName: com.sec.android.app.launcher, userId: 0
01-25 18:55:33.387  2480  2480 I CameraService: onUidStateChanged: uid=10044, procState is changed. (1 -> 0)
01-25 18:55:33.387  2480  2480 W IPCThreadState: Sending oneway calls to frozen process.
01-25 18:55:33.387  2480  2480 W IPCThreadState: Sending oneway calls to frozen process.
01-25 18:55:33.392  4669  7633 I HoneySpace.PredictionDataSourceImpl: TYPE_SUGGESTED_APPS updated: 9
01-25 18:55:33.392  4669  7634 I HoneySpace.PredictionDataSourceImpl: TYPE_RECOMMENDED_WIDGETS updated: 50
01-25 18:55:33.395  2421  3622 D InputTransport: Input channel destroyed: 'fa0141e', fd=1304
01-25 18:55:33.395  1646  1682 E FrameworkListener: read() failed (Connection reset by peer)
01-25 18:55:33.395  5455  5455 I adbd    : Remote process closed the socket (on MSG_PEEK)
01-25 18:55:33.396  2421  6905 I ActivityManager: Process com.ogabassey.contactscleaner.debug (pid 27520) has died: cch CRE (719,2011)
01-25 18:55:33.396  2421  6955 I WindowManager: WIN DEATH: Window{fa0141e u0 com.ogabassey.contactscleaner.debug/com.ogabassey.contactscleaner.MainActivity}
01-25 18:55:33.396  1649  1649 I Zygote  : Process 27520 exited due to signal 9 (Killed)
01-25 18:55:33.396  2421  6955 V WindowManager: Remove Window{fa0141e u0 com.ogabassey.contactscleaner.debug/com.ogabassey.contactscleaner.MainActivity}: mSurfaceControl=null mAnimatingExit=false mRemoveOnExit=false mHasSurface=false surfaceShowing=false animating=false app-animation=false callers=com.android.server.wm.Session.binderDied:85 android.os.IBinder$DeathRecipient.binderDied:346 android.os.BinderProxy.sendDeathNotice:848 <bottom of call stack> <bottom of call stack> <bottom of call stack> 
01-25 18:55:33.396  1760  1760 I SS_POWER_HINT_SESSION: SS_ADPF 27520-10245-6410 destroy
01-25 18:55:33.396  2421  6955 D RestrictionPolicy: isScreenCaptureEnabled : ret=true userId=0
01-25 18:55:33.396  2421  2971 I libprocessgroup: Removed cgroup /sys/fs/cgroup/apps/uid_10245/pid_27520
01-25 18:55:33.396  1757  1895 I HYPER-HAL: [RequestManager.cpp]acquire(): Acquired ID : 9618930  [1760 / 2625]    HINT :      list : [TID_LOW_LATENCY / 0] [TID / 27557] [TID / 27558] [TID / 27520] [TID / 27552] 
01-25 18:55:33.396  1757  1895 I HYPER-HAL: [RequestManager.cpp]releaseLocked(): Released ID : 9618930
01-25 18:55:33.396  1757  1895 I HYPER-HAL: [RequestManager.cpp]acquire(): Acquired ID : 9623317  [1760 / 2626]    HINT :      list : [UCLAMP_MIN_BOOST / 0] [TIMEOUT / 0] [TID / 27557] [TID / 27558] [TID / 27520] [TID / 27552] 
01-25 18:55:33.396  1757  1895 E HYPER-HAL: [HandlerUClamp.cpp]set_uclamp_min(): sched_setattr failed for thread 27557, err = -1
01-25 18:55:33.396  1757  1895 E HYPER-HAL: [HandlerUClamp.cpp]set_uclamp_min(): sched_setattr failed for thread 27558, err = -1
01-25 18:55:33.396  1757  1895 E HYPER-HAL: [HandlerUClamp.cpp]set_uclamp_min(): sched_setattr failed for thread 27520, err = -1
01-25 18:55:33.396  1757  1895 E HYPER-HAL: [HandlerUClamp.cpp]set_uclamp_min(): sched_setattr failed for thread 27552, err = -1
01-25 18:55:33.396  1757  1895 E HYPER-HAL: [HandlerUClamp.cpp]set_uclamp_min(): sched_setattr failed for thread 27557, err = -1
01-25 18:55:33.396  1757  1895 E HYPER-HAL: [HandlerUClamp.cpp]set_uclamp_min(): sched_setattr failed for thread 27558, err = -1
01-25 18:55:33.396  1757  1895 E HYPER-HAL: [HandlerUClamp.cpp]set_uclamp_min(): sched_setattr failed for thread 27520, err = -1
01-25 18:55:33.396  1757  1895 E HYPER-HAL: [HandlerUClamp.cpp]set_uclamp_min(): sched_setattr failed for thread 27552, err = -1
01-25 18:55:33.396  1757  1895 I HYPER-HAL: [RequestManager.cpp]releaseLocked(): Released ID : 9623317
01-25 18:55:33.396  2421  2538 D InputMethodManagerService: onClientRemovedInternalLocked
01-25 18:55:33.397  5319  5319 D BoundBrokerSvc: onUnbind: Intent { act=com.google.android.gms.auth.blockstore.service.START dat=chimera-action:/... xflg=0x4 cmp=com.google.android.gms/.chimera.GmsApiService }
01-25 18:55:33.397  5776  5793 V OsAgent : broadcastSystemEvent - 7
01-25 18:55:33.397  2421  6905 V WindowManager: Schedule remove starting ActivityRecord{39366727 u0 com.ogabassey.contactscleaner.debug/com.ogabassey.contactscleaner.MainActivity t13843 f}} startingWindow=Window{7b94ea4 u0 Splash Screen com.ogabassey.contactscleaner.debug} animate=true Callers=com.android.server.wm.ActivityRecord.removeStartingWindow:178 com.android.server.wm.ActivityRecord.onRemovedFromDisplay:348 com.android.server.wm.ActivityRecord.removeFromHistory:173 com.android.server.wm.WindowProcessController.handleAppDied$1:507 com.android.server.am.ActivityManagerService.handleAppDiedLocked:248 
01-25 18:55:33.397  2421  6905 D WindowManager: Starting window removed Window{7b94ea4 u0 Splash Screen com.ogabassey.contactscleaner.debug}
01-25 18:55:33.397  2421  6905 D InputTransport: Input channel destroyed: '7b94ea4', fd=965
01-25 18:55:33.397  2421  6905 V WindowManager: Remove Window{7b94ea4 u0 Splash Screen com.ogabassey.contactscleaner.debug}: mSurfaceControl=Surface(name=Splash Screen com.ogabassey.contactscleaner.debug$_4018)/@0xa26ad16 mAnimatingExit=false mRemoveOnExit=false mHasSurface=true surfaceShowing=false animating=false app-animation=false callers=com.android.server.wm.WindowToken.removeAllWindowsIfPossible:45 com.android.server.wm.WindowToken.removeIfPossible:16 com.android.server.wm.ActivityRecord.onRemovedFromDisplay:407 com.android.server.wm.ActivityRecord.removeFromHistory:173 com.android.server.wm.WindowProcessController.handleAppDied$1:507 com.android.server.am.ActivityManagerService.handleAppDiedLocked:248 
01-25 18:55:33.397  4018  4117 D ShellTaskOrganizer: removeStartingWindow, removalInfo=StartingWindowRemovalInfo{taskId=13843 frame=null playRevealAnimation=false roundedCornerRadius=0.0 deferRemoveMode=0 windowlessSurface=false removeImmediately=false}
01-25 18:55:33.398  7026  7026 I SDHMS:PowerAnomaly:Gatherer:AppError: update AppError : uid=10245, pkg=com.ogabassey.contactscleaner.debug, errorType=crash
01-25 18:55:33.398  2421  3735 D InetDiagMessage: Destroyed 0 sockets, proto=IPPROTO_TCP, family=AF_INET, states=14
01-25 18:55:33.398  1888  2098 I SurfaceFlinger: id=7323 createSurf, flag=24004, Task=13843#7323
01-25 18:55:33.398  2421  6905 D ActivityTaskManager: Top Process State changed to PROCESS_STATE_TOP_SLEEPING#2
01-25 18:55:33.398  2421  2951 W ActivityManager: setHasOverlayUi called on unknown pid: 27520
01-25 18:55:33.398  2421  2951 D SGM:FgCheckThread: getForegroundApp(), foregroundPkgName=com.sec.android.app.launcher
01-25 18:55:33.399  2421  3735 D InetDiagMessage: Destroyed 0 sockets, proto=IPPROTO_TCP, family=AF_INET6, states=14
01-25 18:55:33.399  2421  3735 D InetDiagMessage: Destroyed live tcp sockets for uids={10245} in 1ms
01-25 18:55:33.399  2421  3814 D BackgroundInstallControlService: Package event received: 0
01-25 18:55:33.399  2421  2951 D SGM:FgCheckThread: pkgName: com.ogabassey.contactscleaner.debug is not in foreground
01-25 18:55:33.399  2421  2951 D SGM:FgCheckThread: noteStopComponent(), received pkgName: com.ogabassey.contactscleaner.debug, focusedPkgName: com.sec.android.app.launcher, userId: 0
01-25 18:55:33.399  2421  3735 D InetDiagMessage: Destroyed 0 sockets, proto=IPPROTO_TCP, family=AF_INET, states=14
01-25 18:55:33.400  2421  3735 D InetDiagMessage: Destroyed 0 sockets, proto=IPPROTO_TCP, family=AF_INET6, states=14
01-25 18:55:33.400  2421  3735 D InetDiagMessage: Destroyed live tcp sockets for uids={20245} in 1ms
01-25 18:55:33.401  7026  7026 I SDHMS:PowerAnomaly:Analyzer:AppError: analyze app error : uid=10245, pkg=com.ogabassey.contactscleaner.debug, appErrorCount=10
01-25 18:55:33.401  7026  7026 I SDHMS:PowerAnomaly:Analyzer:AppError: detected app error : uid=10245, pkg=com.ogabassey.contactscleaner.debug
01-25 18:55:33.414  7026  7026 I j0      : sendAnomalyDetectionInfoEvent { Uid=10245 AnomalyType=1008 Reason=-1 Tag=com.ogabassey.contactscleaner.debug }
01-25 18:55:33.414  2421  6905 W WindowManager: Failed looking up window session=Session{d0d461c 4018:u0a10044} callers=com.android.server.wm.WindowManagerService.windowForClientLocked:1 com.android.server.wm.WindowManagerService.relayoutWindow:84 com.android.server.wm.Session.relayout:27 
01-25 18:55:33.414  2421  6955 I WindowManager: Relayout Window{f2b6b97 u0 com.sec.android.app.launcher/com.sec.android.app.launcher.activities.LauncherActivity}: viewVisibility=0 req=1440x3120 ty=1 d0
01-25 18:55:33.414  4018  4134 I VRI[debug]@d214641: onActiveControlsChanged, removed=false, mAdded=true, caller=android.view.ViewRootImpl.handleInsetsControlChanged:3002 android.view.ViewRootImpl.relayoutWindow:11629 android.view.ViewRootImpl.performTraversals:4804 android.view.ViewRootImpl.doTraversal:3924 android.view.ViewRootImpl$TraversalRunnable.run:12903 
01-25 18:55:33.414  1888  2098 I SurfaceFlinger: id=7324 createSurf, flag=44004, com.sec.android.app.launcher/com.sec.android.app.launcher.activities.LauncherActivity$_4669#7324
01-25 18:55:33.414  2421  6955 D WindowManager: makeSurface duration=0 name=com.sec.android.app.launcher/com.sec.android.app.launcher.activities.LauncherActivity$_4669
01-25 18:55:33.414  7026  7026 I j0      : AnomalyExtraInfo { usageCount=0 appPower=0.000 cpuTime=0 backgroundTime=0 }
01-25 18:55:33.414  4018  4134 I VRI[debug]@d214641: Relayout returned: old=(0,0,1440,3120) new=(0,0,1440,3120) relayoutAsync=false req=(1440,3120)8 dur=0 res=0x0 s={false 0x0} ch=true seqId=0
01-25 18:55:33.414  4018  4134 D VRI[debug]@d214641: Not drawing due to not visible. Reason=View.GONE
01-25 18:55:33.414  4018  4134 I VRI[debug]@d214641: dispatchDetachedFromWindow
01-25 18:55:33.415  4018  4117 V ShellDesktopMode: Task Vanished: #13843 closed=true
01-25 18:55:33.415  2421  6905 W WindowManager: Failed looking up window session=Session{d0d461c 4018:u0a10044} callers=com.android.server.wm.Session.remove:10 android.view.IWindowSession$Stub.onTransact:804 com.android.server.wm.Session.onTransact:1 
01-25 18:55:33.415  4018  4134 D InputTransport: Input channel destroyed: '7b94ea4', fd=728
01-25 18:55:33.415  2421  6955 I WindowManager: Relayout hash=f2b6b97, pid=4669, syncId=-1: mAttrs={(0,0)(fillxfill) sim={adjust=nothing forwardNavigation} layoutInDisplayCutoutMode=always ty=BASE_APPLICATION fmt=TRANSPARENT wanim=0x1030306
01-25 18:55:33.415  2421  6955 I WindowManager:   fl=81910100
01-25 18:55:33.415  2421  6955 I WindowManager:   pfl=10008840
01-25 18:55:33.415  2421  6955 I WindowManager:   bhv=2
01-25 18:55:33.415  2421  6955 I WindowManager:   fitSides=0
01-25 18:55:33.415  2421  6955 I WindowManager:   frameRateBoostOnTouch=true
01-25 18:55:33.415  2421  6955 I WindowManager:   dvrrWindowFrameRateHint=true naviIconColor=0}
01-25 18:55:33.415  4669 25232 I HoneySpace.RecentTasks: onRunningTaskVanished
01-25 18:55:33.415  4669 25232 I HoneySpace.RecentTasks: onRecentTasksChanged
01-25 18:55:33.415  4669  4669 I InsetsController: onStateChanged: host=com.sec.android.app.launcher/com.sec.android.app.launcher.activities.LauncherActivity, from=android.view.ViewRootImpl.onInsetsStateChanged:3026, state=InsetsState: {mDisplayFrame=Rect(0, 0 - 1440, 3120), mDisplayCutout=DisplayCutout{insets=Rect(0, 113 - 0, 0) waterfall=Insets{left=0, top=0, right=0, bottom=0} boundingRect={Bounds=[Rect(0, 0 - 0, 0), Rect(685, 0 - 755, 113), Rect(0, 0 - 0, 0), Rect(0, 0 - 0, 0)]} cutoutPathParserInfo={CutoutPathParserInfo{displayWidth=1440 displayHeight=3120 physicalDisplayWidth=1440 physicalDisplayHeight=3120 density={3.75} cutoutSpec={M 0,0 H -9.333333333333333 V 30.13333333333333 H 9.333333333333333 V 0 H 0 Z @dp} rotation={0} scale={1.0} physicalPixelDisplaySizeRatio={1.0}}} sideOverrides={}}, mRoundedCorners=RoundedCorners{[RoundedCorner{position=TopLeft, radius=56, center=Point(56, 56)}, RoundedCorner{position=TopRight, radius=56, center=Point(1384, 56)}, RoundedCorner{position=BottomRight, radius=56, center=Point(1384, 3064)}, RoundedCorner{position=BottomLeft, radius=56, center=Point(56, 3064)}]}  mRoundedCornerFrame=Rect(0, 0 - 1440, 3120), mPrivacyIndicatorBounds=PrivacyIndicatorBounds {static bounds=Rect(1275, 0 - 1440, 113) rotation=0}, mDisplayShape=DisplayShape{ spec=-311912193 displayWidth=1440 displayHeight=3120 physicalPixelDisplaySizeRatio=1.0 rotation=0 offsetX=0 offsetY=0 scale=1.0}, mSources= { InsetsSource: {e68d0001 mType=navigationBars mFrame=[0,3064][1440,3120] mVisible=false mFlags=SUPPRESS_SCRIM mSideHint=BOTTOM mBoundingRects=null}, InsetsSource: {e68d0004 mType=systemGestures mFrame=[0,0][112,3120] mVisible=true mFlags= mSideHint=LEFT mBoundingRects=null}, InsetsSource: {e68d0005 mType=mandatorySystemGestures mFrame=[0,3000][1440,3120] mVisible=true mFlags= mSideHint=BOTTOM mBoundingRects=null}, InsetsSource: {e68d0006 mType=tappableElement mFrame=[0,0][0,0] mVisible=true mFlags= mSideHint=NONE mBoundingRects=null}, InsetsSource: {e68d0024 mType=systemGestures mFrame=[1328,0][1440,3120] mVisible=true mFlags= mSideHint=RIGHT mBoundingRects=null}, InsetsSource: {3 mType=ime mFrame=[0,0][0,0] mVisible=false mFlags= mSideHint=NONE mBoundingRects=null}, InsetsSource: {27 mType=displayCutout mFrame=[0,0][1440,113] mVisible=true mFlags= mSideHint=TOP mBoundingRects=null}, InsetsSource: {56ae0000 mType=statusBars mFrame=[0,0][1440,113] mVisible=true mFlags= mSideHint=TOP mBoundingRects=null}, InsetsSource: {56ae0005 mType=mandatorySystemGestures mFrame=[0,0][1440,158] mVisible=true mFlags= mSideHint=TOP mBoundingRects=null}, InsetsSource: {56ae0006 mType=tappableElement mFrame=[0,0][1440,113] mVisible=true mFlags= mSideHint=TOP mBoundingRects=null} }
01-25 18:55:33.415  4669  4669 I BufferQueueProducer: [](id:123d000000c0,api:0,p:0,c:4669) setDequeueTimeout:2077252342
01-25 18:55:33.415  4669  4669 I BLASTBufferQueue_Java: new BLASTBufferQueue, mName= VRI[LauncherActivity]@ac9c2e6 mNativeObject= 0xb4000074fdafb470 caller= android.view.ViewRootImpl.updateBlastSurfaceIfNeeded:3585 android.view.ViewRootImpl.relayoutWindow:11685 android.view.ViewRootImpl.performTraversals:4804 android.view.ViewRootImpl.doTraversal:3924 android.view.ViewRootImpl$TraversalRunnable.run:12903 android.view.Choreographer$CallbackRecord.run:1901 android.view.Choreographer$CallbackRecord.run:1910 android.view.Choreographer.doCallbacks:1367 android.view.Choreographer.doFrame:1292 android.view.Choreographer$FrameDisplayEventReceiver.run:1870 
01-25 18:55:33.415  4669  4669 I BLASTBufferQueue_Java: update, w= 1440 h= 3120 mName = VRI[LauncherActivity]@ac9c2e6 mNativeObject= 0xb4000074fdafb470 sc.mNativeObject= 0xb40000736da00bd0 format= -2 caller= android.view.ViewRootImpl.updateBlastSurfaceIfNeeded:3590 android.view.ViewRootImpl.relayoutWindow:11685 android.view.ViewRootImpl.performTraversals:4804 android.view.ViewRootImpl.doTraversal:3924 android.view.ViewRootImpl$TraversalRunnable.run:12903 android.view.Choreographer$CallbackRecord.run:1901 
01-25 18:55:33.416  4669  4669 I VRI[LauncherActivity]@ac9c2e6: Relayout returned: old=(0,0,1440,3120) new=(0,0,1440,3120) relayoutAsync=false req=(1440,3120)0 dur=1 res=0x3 s={true 0xb4000073cd9fc150} ch=true seqId=0
01-25 18:55:33.416  4669  4669 I HoneySpace.HoneySpaceManagerContainer: getWindowBounds, key = (com.sec.android.app.launcher.Launcher, 0)
01-25 18:55:33.416  4669  4669 I HoneySpace.WindowBounds: immersiveNavigation? false
01-25 18:55:33.416  4669  4669 I HoneySpace.WindowBounds: onApplyWindowInsets, Insets{left=0, top=113, right=0, bottom=56} -> Insets{left=0, top=113, right=0, bottom=56}
01-25 18:55:33.416  1888  1888 I SurfaceFlinger: [Task=13843#7323] attach to parent Root
01-25 18:55:33.416  1888  1888 I SurfaceFlinger: [com.sec.android.app.launcher/com.sec.android.app.launcher.activities.LauncherActivity$_4669#7324] attach to parent LayerHierarchy{RequestedLayerState{f2b6b97 com.sec.android.app.launcher/com.sec.android.app.launcher.activities.LauncherActivity#126 parentId=123} 1 children}
01-25 18:55:33.416  4669  4669 I HoneySpace.WindowBounds: opposite = WindowInsets{
01-25 18:55:33.416  4669  4669 I HoneySpace.WindowBounds:     statusBars=Insets{left=0, top=113, right=0, bottom=0} max=Insets{left=0, top=113, right=0, bottom=0} vis=true boundingRects=[Rect(0, 0 - 1440, 113)] maxBoundingRects=[Rect(0, 0 - 1440, 113)]
01-25 18:55:33.416  4669  4669 I HoneySpace.WindowBounds:     navigationBars=null max=Insets{left=0, top=0, right=0, bottom=56} vis=false boundingRects=null maxBoundingRects=[Rect(0, 3064 - 1440, 3120)]
01-25 18:55:33.416  4669  4669 I HoneySpace.WindowBounds:     captionBar=null max=null vis=false boundingRects=null maxBoundingRects=null
01-25 18:55:33.416  4669  4669 I HoneySpace.WindowBounds:     ime=null max=null vis=false boundingRects=null maxBoundingRects=null
01-25 18:55:33.416  4669  4669 I HoneySpace.WindowBounds:     systemGestures=Insets{left=112, top=158, right=112, bottom=120} max=Insets{left=112, top=158, right=112, bottom=120} vis=true boundingRects=[Rect(0, 0 - 1440, 158), Rect(1328, 0 - 1440, 3120), Rect(0, 3000 - 1440, 3120), Rect(0, 0 - 112, 3120)] maxBoundingRects=[Rect(0, 0 - 1440, 158), Rect(1328, 0 - 1440, 3120), Rect(0, 3000 - 1440, 3120), Rect(0, 0 - 112, 3120)]
01-25 18:55:33.416  4669  4669 I HoneySpace.WindowBounds:     mandatorySystemGestures=Insets{left=0, top=158, right=0, bottom=120} max=Insets{left=0, top=158, right=0, bottom=120} vis=true boundingRects=[Rect(0, 0 - 1440, 158), Rect(0, 3000 - 1440, 3120)] maxBoundingRects=[Rect(0, 0 - 1440, 158), Rect(0, 3000 - 1440, 3120)]
01-25 18:55:33.416  4669  4669 I HoneySpace.WindowBounds:     tappableElement=Insets{left=0, top=113, right=0, bottom=0} max=Insets{left=0, top=113, right=0, bottom=0} vis=true boundingRects=[Rect(0, 0 - 1440, 113)] maxBoundingRects=[Rect(0, 0 - 1440, 113)]
01-25 18:55:33.416  4669  4669 I HoneySpace.WindowBounds:     displayCutout=Insets{left=0, top=113, right=0, bottom=0} max=Insets{left=0, top=113, right=0, bottom=0} vis=true boundingRects=[Rect(0, 0 - 1440, 113)] maxBoundingRects=[Rect(0, 0 - 1440, 113)]
01-25 18:55:33.416  4669  4669 I HoneySpace.WindowBounds:     windowDecor=null max=null vis=false boundingRects=null maxBoundingRects=null
01-25 18:55:33.416  4669  4669 I HoneySpace.WindowBounds:     systemOverlays=null max=null vis=false boundingRects=null maxBoundingRects=null
01-25 18:55:33.416  4669  4669 I HoneySpace.WindowBounds:     cutout=DisplayCutout{insets=Rect(0, 113 - 0, 0) waterfall=Insets{left=0, top=0, right=0, bottom=0} boundingRect={Bounds=[Rect(0, 0 - 0, 0), Rect(685, 0 - 755, 113), Rect(0, 0 - 0, 0), Rect(0, 0 - 0, 0)]} cutoutPathParserInfo={CutoutPathParserInfo{displayWidth=1440 displayHeight=3120 physicalDisplayWidth=1440 physicalDisplayHeight=3120 density={3.75} cutoutSpec={M 0,0 H -9.333333333333333 V 30.13333333333333 H 9.333333333333333 V 0 H 0 Z @dp} rotation={0} scale={1.0} physicalPixelDisplaySizeRatio={1.0}}} sideOverrides={}}
01-25 18:55:33.416  4669  4669 I HoneySpace.WindowBounds:     
01-25 18:55:33.416  4669  4669 I HoneySpace.WindowBounds:     roundedCorners=RoundedCorners{[RoundedCorner{position=TopLeft, radius=56, center=Point(56, 56)}, RoundedCorner{position=TopRight, radius=56, center=Point(1384, 56)}, RoundedCorner{position=BottomRight, radius=56, center=Point(1384, 3064)}, RoundedCorner{position=BottomLeft, radius=56, center=Point(56, 3064)}]}
01-25 18:55:33.416  4669  4669 I HoneySpace.WindowBounds:     privacyIndicatorBounds=PrivacyIndicatorBounds {static bounds=Rect(1275, 0 - 1440, 113) rotation=0}
01-25 18:55:33.416  4669  4669 I HoneySpace.WindowBounds:     displayShape=DisplayShape{ spec=-311912193 displayWidth=1440 displayHeight=3120 physicalPixelDisplaySizeRatio=1.0 rotation=0 offsetX=0 offsetY=0 scale=1.0}
01-25 18:55:33.416  4669  4669 I HoneySpace.WindowBounds:     forceConsumingTypes=
01-25 18:55:33.416  4669  4669 I HoneySpace.WindowBounds:     forceConsumingOpaqueCaptionBar=false
01-25 18:55:33.416  4669  4669 I HoneySpace.WindowBounds:     suppressScrimTypes=navigationBars
01-25 18:55:33.416  4669  4669 I HoneySpace.WindowBounds:     compatInsetsTypes=statusBars navigationBars captionBar displayCutout systemOverlays
01-25 18:55:33.416  4669  4669 I HoneySpace.WindowBounds:     compatIgnoreVisibility=false
01-25 18:55:33.416  4669  4669 I HoneySpace.WindowBounds:     systemWindowInsetsConsumed=false
01-25 18:55:33.416  4669  4669 I HoneySpace.WindowBounds:     stableInsetsConsumed=false
01-25 18:55:33.416  4669  4669 I HoneySpace.WindowBounds:     displayCutoutConsumed=false
01-25 18:55:33.416  4669  4669 I HoneySpace.WindowBounds:     
01-25 18:55:33.416  4669  4669 I HoneySpace.WindowBounds:     frameWidth=1440
01-25 18:55:33.416  4669  4669 I HoneySpace.WindowBounds:     frameHeight=3120}
01-25 18:55:33.416  4669  4669 I HoneySpace.WindowBounds: needToUpdate? false
01-25 18:55:33.416  7026  7026 I SDHMS:PowerAnomaly::Notifier: send Intent com.sec.android.sdhms.action.NOTIFY_ANOMALY package_name : [com.ogabassey.contactscleaner.debug], uid : [10245], anomaly_type : [1008]
01-25 18:55:33.416  2421  2968 D ActivityManager: sync unfroze 17114 com.samsung.android.lool for 3
01-25 18:55:33.416  4669  4669 I HoneySpace.SearchUI: updateInsets Insets{left=0, top=113, right=0, bottom=56}
01-25 18:55:33.416  4669  4669 I HoneySpace.SearchUI: insetsListener keyboardHeight : 1 0 0 false Insets{left=0, top=113, right=0, bottom=56}
01-25 18:55:33.416  2421  6905 W ParceledListSlice: Element #16 is 22812 bytes.
01-25 18:55:33.416  4669  4669 I VRI[LauncherActivity]@ac9c2e6: Creating new active sync group VRI[LauncherActivity]@ac9c2e6#48
01-25 18:55:33.416  1778  1778 W SDM     : DisplayBase::ResetDispLayerStack: Stack did not clear in PostCommit. Clear now.
01-25 18:55:33.417  1778  1778 W SDM     : DisplayBase::CommitOrPrepare: Prepare failed: 3
01-25 18:55:33.417  4669 25193 I HoneySpace.SearchUI: updateInsets Insets{left=0, top=113, right=0, bottom=56}
01-25 18:55:33.417  1888  1888 E Scheduler: trackPendingFrame: Invalid present fence
01-25 18:55:33.417  2421  6955 W ParceledListSlice: Element #19 is 21748 bytes.
01-25 18:55:33.418  4669  7188 I VRI[LauncherActivity]@ac9c2e6: mWNT: t=0xb40000735d9dfbd0 mBlastBufferQueue=0xb4000074fdafb470 fn= 1 HdrRenderState mRenderHdrSdrRatio=1.0 caller= android.view.ViewRootImpl$12.onFrameDraw:15441 android.view.ThreadedRenderer$1.onFrameDraw:718 <bottom of call stack> 
01-25 18:55:33.418  4669  7188 I VRI[LauncherActivity]@ac9c2e6: Setting up sync and frameCommitCallback
01-25 18:55:33.419  4669  7035 I BLASTBufferQueue: [VRI[LauncherActivity]@ac9c2e6#192](f:0,a:0,s:0) onFrameAvailable the first frame is available
01-25 18:55:33.419  4669  7035 I SurfaceComposerClient: apply transaction with the first frame. layerId: 7324, bufferData(ID: 20053202306280, frameNumber: 1)
01-25 18:55:33.419  4669  7035 I VRI[LauncherActivity]@ac9c2e6: Received frameCommittedCallback lastAttemptedDrawFrameNum=1 didProduceBuffer=true
01-25 18:55:33.419  1888  3093 I SurfaceFlinger: [com.sec.android.app.launcher/com.sec.android.app.launcher.activities.LauncherActivity$_4669#7324] setTransactionState with the first frame. bufferData(ID: 20053202306280, frameNumber: 1)
01-25 18:55:33.419  2421  6906 D WindowManager: finishDrawingWindow: Window{f2b6b97 u0 com.sec.android.app.launcher/com.sec.android.app.launcher.activities.LauncherActivity} mDrawState=DRAW_PENDING seqId=0
01-25 18:55:33.419  4669  4669 I HoneySpace.EdgePanel.CocktailHostRepositoryImpl: onNoteResume
01-25 18:55:33.420  4669  4669 I HoneySpace.EdgePanel.EdgePanelContainerViewModel: cocktailHostRepository.edgePanelOperation NoteResumeComponent(componentName=ComponentInfo{com.sec.android.app.launcher/com.sec.android.app.launcher.Launcher})
01-25 18:55:33.420  4669  4669 I HoneySpace.EdgePanel.ActivityUtils: HomePackage : com.sec.android.app.launcher, resumePackageName : com.sec.android.app.launcher, className : com.sec.android.app.launcher.Launcher
01-25 18:55:33.420  4669  4777 I HoneySpace.TopTaskSource: onTaskMovedToFront : taskId = 8, displayId = 0
01-25 18:55:33.420  4669  4669 I SearchHoneyPot: onViewCreated: onStop
01-25 18:55:33.420  4669  4777 I HoneySpace.TopTaskSource: onTaskFocusChanged(): taskId = 8
01-25 18:55:33.420  4669  4669 I HoneySpace.ContentsAnimator: end call
01-25 18:55:33.420  4669  4669 I HoneySpace.BlurAnimator: end
01-25 18:55:33.420  4669  4669 I HoneySpace.BlurAnimator: reset
01-25 18:55:33.420  4669  4669 I VRI[LauncherActivity]@ac9c2e6: stopped(true) old = false
01-25 18:55:33.420  4669  4780 I HoneySpace.TopTaskUseCase: topTasks 8 ComponentInfo{com.sec.android.app.launcher/com.sec.android.app.launcher.Launcher}[displayId=0]
01-25 18:55:33.420  2421  6906 I ActivityManager: Changes in 99005 5 to 17, 184 to 128
01-25 18:55:33.420  2849  2849 I Finsky:background: [2] Memory trim requested to level 40
01-25 18:55:33.421  4669  7376 I HoneySpace.HoneyAppWidgetHost: stopListening, host: @2feab36, hostId: 1024
01-25 18:55:33.421  2421  6906 I AppWidgetServiceImpl: stopListening callbacks : null
01-25 18:55:33.421  7442  7442 I bpas    : onPause
01-25 18:55:33.421  7442  7442 I bpas    : onStop
01-25 18:55:33.422  4669  4669 I HoneySpace.Launcher: !@Boot_EBS_D: Launcher.onStop()
01-25 18:55:33.422  4669  4669 I AutofillManager: onInvisibleForAutofill(): expiringResponse
01-25 18:55:33.422  4669  7247 I HoneySpace.Memory-Monitor: scheduleTrim delayTime=30000
01-25 18:55:33.422  2421  6906 W PresentationStatsEventLogger: Shouldn't be logging AutofillPresentationEventReported again for same event
01-25 18:55:33.423  4669  4669 I HoneySpace.OneUiSpace: onSaveInstanceState honeyScreen=p4.Y@5d8a37
01-25 18:55:33.423  4669  4669 I HoneySpace.TaskStackChangeRepositoryImpl: onTaskRemoved : 13843
01-25 18:55:33.423  4669  4669 I HoneySpace.TaskStackChangeRepositoryImpl: onTaskRemoved : 13843
01-25 18:55:33.423  4669  4777 I HoneySpace.TopTaskSource: onTaskRemoved: 13843
