01-25 18:55:34.879  4669  4669 I HoneySpace.PackageOperationTracker: onShortcutsChanged com.whatsapp.w4b - 27 UserHandle{0}
01-25 18:55:34.880  4669 25232 I HoneySpace.ShortcutDataSourceImpl: shortcut updated. ShortcutInfo {id=***, flags=0x6689 [DynIc-fIc-aStrRetsLiv], packageName=com.whatsapp.w4b, activity=ComponentInfo{com.whatsapp.w4b/com.whatsapp.Main}, shortLabel=***, resId=0[null], longLabel=***, resId=0[null], disabledMessage=***, resId=0[null], disabledReason=[Not disabled], categories={com.whatsapp.sharing.category.SHARE_TARGET_DEFAULT}, persons=null, icon=null, rank=11, timestamp=1769357064475, intents=null, extras=null}
01-25 18:55:34.880  4669 25232 I HoneySpace.ShortcutDataSourceImpl: shortcut updated. ShortcutInfo {id=***, flags=0x6689 [DynIc-fIc-aStrRetsLiv], packageName=com.whatsapp.w4b, activity=ComponentInfo{com.whatsapp.w4b/com.whatsapp.Main}, shortLabel=***, resId=0[null], longLabel=***, resId=0[null], disabledMessage=***, resId=0[null], disabledReason=[Not disabled], categories={com.whatsapp.sharing.category.SHARE_TARGET_DEFAULT}, persons=null, icon=null, rank=9, timestamp=1769351112657, intents=null, extras=null}
01-25 18:55:34.880  4669 25232 I HoneySpace.ShortcutDataSourceImpl: shortcut updated. ShortcutInfo {id=***, flags=0x2689 [DynIc-fIc-aStrRetsLiv], packageName=com.whatsapp.w4b, activity=ComponentInfo{com.whatsapp.w4b/com.whatsapp.Main}, shortLabel=***, resId=0[null], longLabel=***, resId=0[null], disabledMessage=***, resId=0[null], disabledReason=[Not disabled], categories={com.whatsapp.sharing.category.SHARE_TARGET_DEFAULT}, persons=null, icon=null, rank=4, timestamp=1769351110175, intents=null, extras=null}
01-25 18:55:34.880  4669 25232 I HoneySpace.ShortcutDataSourceImpl: shortcut updated. ShortcutInfo {id=***, flags=0x2689 [DynIc-fIc-aStrRetsLiv], packageName=com.whatsapp.w4b, activity=ComponentInfo{com.whatsapp.w4b/com.whatsapp.Main}, shortLabel=***, resId=0[null], longLabel=***, resId=0[null], disabledMessage=***, resId=0[null], disabledReason=[Not disabled], categories={com.whatsapp.sharing.category.SHARE_TARGET_DEFAULT}, persons=null, icon=null, rank=5, timestamp=1769351110175, intents=null, extras=null}
01-25 18:55:34.880  4669 25232 I HoneySpace.ShortcutDataSourceImpl: shortcut updated. ShortcutInfo {id=***, flags=0x6689 [DynIc-fIc-aStrRetsLiv], packageName=com.whatsapp.w4b, activity=ComponentInfo{com.whatsapp.w4b/com.whatsapp.Main}, shortLabel=***, resId=0[null], longLabel=***, resId=0[null], disabledMessage=***, resId=0[null], disabledReason=[Not disabled], categories={com.whatsapp.sharing.category.SHARE_TARGET_DEFAULT}, persons=null, icon=null, rank=2, timestamp=1769352778109, intents=null, extras=null}
01-25 18:55:34.880  4669 25232 I HoneySpace.ShortcutDataSourceImpl: shortcut updated. ShortcutInfo {id=***, flags=0x6689 [DynIc-fIc-aStrRetsLiv], packageName=com.whatsapp.w4b, activity=ComponentInfo{com.whatsapp.w4b/com.whatsapp.Main}, shortLabel=***, resId=0[null], longLabel=***, resId=0[null], disabledMessage=***, resId=0[null], disabledReason=[Not disabled], categories={com.whatsapp.sharing.category.SHARE_TARGET_DEFAULT}, persons=null, icon=null, rank=13, timestamp=1769363734726, intents=null, extras=null}
01-25 18:55:34.880  4669 25232 I HoneySpace.ShortcutDataSourceImpl: shortcut updated. ShortcutInfo {id=***, flags=0x6689 [DynIc-fIc-aStrRetsLiv], packageName=com.whatsapp.w4b, activity=ComponentInfo{com.whatsapp.w4b/com.whatsapp.Main}, shortLabel=***, resId=0[null], longLabel=***, resId=0[null], disabledMessage=***, resId=0[null], disabledReason=[Not disabled], categories={com.whatsapp.sharing.category.SHARE_TARGET_DEFAULT}, persons=null, icon=null, rank=7, timestamp=1769363734743, intents=null, extras=null}
01-25 18:55:34.880  4669 25232 I HoneySpace.ShortcutDataSourceImpl: shortcut updated. ShortcutInfo {id=***, flags=0x485 [DynIc-rStrRets], packageName=com.whatsapp.w4b, activity=ComponentInfo{com.whatsapp.w4b/com.whatsapp.Main}, shortLabel=***, resId=0[null], longLabel=***, resId=0[null], disabledMessage=***, resId=0[null], disabledReason=[Not disabled], categories=null, persons=null, icon=null, rank=0, timestamp=1769351110151, intents=null, extras=null}
01-25 18:55:34.880  4669 25232 I HoneySpace.ShortcutDataSourceImpl: shortcut updated. ShortcutInfo {id=***, flags=0x2689 [DynIc-fIc-aStrRetsLiv], packageName=com.whatsapp.w4b, activity=ComponentInfo{com.whatsapp.w4b/com.whatsapp.Main}, shortLabel=***, resId=0[null], longLabel=***, resId=0[null], disabledMessage=***, resId=0[null], disabledReason=[Not disabled], categories={com.whatsapp.sharing.category.SHARE_TARGET_DEFAULT}, persons=null, icon=null, rank=3, timestamp=1769351110175, intents=null, extras=null}
01-25 18:55:34.880  4669 25232 I HoneySpace.ShortcutDataSourceImpl: shortcut updated. ShortcutInfo {id=***, flags=0x2689 [DynIc-fIc-aStrRetsLiv], packageName=com.whatsapp.w4b, activity=ComponentInfo{com.whatsapp.w4b/com.whatsapp.Main}, shortLabel=***, resId=0[null], longLabel=***, resId=0[null], disabledMessage=***, resId=0[null], disabledReason=[Not disabled], categories={com.whatsapp.sharing.category.SHARE_TARGET_DEFAULT}, persons=null, icon=null, rank=1, timestamp=1769351110175, intents=null, extras=null}
01-25 18:55:34.880  4669 25232 I HoneySpace.ShortcutDataSourceImpl: shortcut updated. ShortcutInfo {id=***, flags=0x6689 [DynIc-fIc-aStrRetsLiv], packageName=com.whatsapp.w4b, activity=ComponentInfo{com.whatsapp.w4b/com.whatsapp.Main}, shortLabel=***, resId=0[null], longLabel=***, resId=0[null], disabledMessage=***, resId=0[null], disabledReason=[Not disabled], categories={com.whatsapp.sharing.category.SHARE_TARGET_DEFAULT}, persons=null, icon=null, rank=10, timestamp=1769352778121, intents=null, extras=null}
01-25 18:55:34.880  4669 25232 I HoneySpace.ShortcutDataSourceImpl: shortcut updated. ShortcutInfo {id=***, flags=0x6689 [DynIc-fIc-aStrRetsLiv], packageName=com.whatsapp.w4b, activity=ComponentInfo{com.whatsapp.w4b/com.whatsapp.Main}, shortLabel=***, resId=0[null], longLabel=***, resId=0[null], disabledMessage=***, resId=0[null], disabledReason=[Not disabled], categories={com.whatsapp.sharing.category.SHARE_TARGET_DEFAULT}, persons=null, icon=null, rank=6, timestamp=1769351110175, intents=null, extras=null}
01-25 18:55:34.880  4669 25232 I HoneySpace.ShortcutDataSourceImpl: shortcut updated. ShortcutInfo {id=***, flags=0x6689 [DynIc-fIc-aStrRetsLiv], packageName=com.whatsapp.w4b, activity=ComponentInfo{com.whatsapp.w4b/com.whatsapp.Main}, shortLabel=***, resId=0[null], longLabel=***, resId=0[null], disabledMessage=***, resId=0[null], disabledReason=[Not disabled], categories={com.whatsapp.sharing.category.SHARE_TARGET_DEFAULT}, persons=null, icon=null, rank=14, timestamp=1769363734773, intents=null, extras=null}
01-25 18:55:34.880  4669 25232 I HoneySpace.ShortcutDataSourceImpl: shortcut updated. ShortcutInfo {id=***, flags=0x6689 [DynIc-fIc-aStrRetsLiv], packageName=com.whatsapp.w4b, activity=ComponentInfo{com.whatsapp.w4b/com.whatsapp.Main}, shortLabel=***, resId=0[null], longLabel=***, resId=0[null], disabledMessage=***, resId=0[null], disabledReason=[Not disabled], categories={com.whatsapp.sharing.category.SHARE_TARGET_DEFAULT}, persons=null, icon=null, rank=12, timestamp=1769363734718, intents=null, extras=null}
01-25 18:55:34.880  4669 25232 I HoneySpace.ShortcutDataSourceImpl: shortcut updated. ShortcutInfo {id=***, flags=0x2689 [DynIc-fIc-aStrRetsLiv], packageName=com.whatsapp.w4b, activity=ComponentInfo{com.whatsapp.w4b/com.whatsapp.Main}, shortLabel=***, resId=0[null], longLabel=***, resId=0[null], disabledMessage=***, resId=0[null], disabledReason=[Not disabled], categories={com.whatsapp.sharing.category.SHARE_TARGET_DEFAULT}, persons=null, icon=null, rank=8, timestamp=1769351110175, intents=null, extras=null}
01-25 18:55:34.881  4669  4669 I HoneySpace.HoneySpaceManagerContainer: packageUpdateEvent - com.honeyspace.sdk.source.entity.PackageOperation$ShortcutChanged@520b843
01-25 18:55:34.881  4669 25229 I HoneySpace.HistoryViewModel@64776020@OneUI: handlePackageEvent
01-25 18:55:34.881  4669 25229 I HoneySpace.HistoryViewModel@64776020@OneUI: skip for alone
01-25 18:55:34.922  2421  2421 I Telecom : SamsungTelecomServiceImpl : isInManagedCall - callingPackage : android / callingUser : UserHandle{0} / hasCrossUserAccess : true
01-25 18:55:34.924  2421  2421 D EdgeLightingManager: showForNotification : isInteractive=false, isHeadUp=true, color=0, canBypassDnd=false, packageName = com.whatsapp.w4b
01-25 18:55:34.925  2421  3743 I ActivityManager: Changes in 15010055 19 to 5, 0 to 144
01-25 18:55:34.926  2421  3743 I ActivityManager: Changes in 10055 19 to 5, 0 to 144
01-25 18:55:34.926  2421  2421 D EdgeLightingPolicyManager: putNotification tickerText:false,titleText:true,text:true,sub:falsecn= + null
01-25 18:55:34.926  2421  2421 D EdgeLightingPolicyManager.NotificationGroup: group notification count : 2
01-25 18:55:34.926  2421  2421 D EdgeLightingManager: showForNotificationScreenOff No peeking: suppressed due to group alert behavior
01-25 18:55:34.926  2421  3814 D BackgroundInstallControlService: Package event received: 0
01-25 18:55:34.927  2421  3814 D BackgroundInstallControlService: Package event received: 0
01-25 18:55:34.928  2421  3814 D BackgroundInstallControlService: Package event received: 0
01-25 18:55:34.928  2421  3814 D BackgroundInstallControlService: Package event received: 0
01-25 18:55:34.928  2421  3814 D BackgroundInstallControlService: Package event received: 0
01-25 18:55:34.928  2421  3814 D BackgroundInstallControlService: Package event received: 0
01-25 18:55:34.929  2421  3814 D BackgroundInstallControlService: Package event received: 0
01-25 18:55:34.938  2421  2961 E Watchdog: !@Sync: 376 heap(MB): 159 / 181 FD: 1780 [2026-01-25 18:55:34.937]
01-25 18:55:34.943  2421  2421 D NotificationReminder: addNotificationRecord record com.whatsapp.w4b
01-25 18:55:34.943  2421  2421 I Telecom : SamsungTelecomServiceImpl : isInManagedCall - callingPackage : android / callingUser : UserHandle{0} / hasCrossUserAccess : true
01-25 18:55:34.943  2421  2421 D EdgeLightingManager: showForNotification : isInteractive=false, isHeadUp=true, color=0, canBypassDnd=false, packageName = com.whatsapp.w4b
01-25 18:55:34.943  2421  2421 D EdgeLightingPolicyManager: putNotification tickerText:false,titleText:true,text:true,sub:falsecn= + null
01-25 18:55:34.943  2421  2421 D EdgeLightingPolicyManager.NotificationGroup: group notification count : 2
01-25 18:55:34.943  2421  2421 D EdgeLightingManager: showForNotificationScreenOff No peeking: suppressed due to group alert behavior
01-25 18:55:34.946  2421  3814 D BackgroundInstallControlService: Package event received: 0
01-25 18:55:34.957  2421  2421 I Telecom : SamsungTelecomServiceImpl : isInManagedCall - callingPackage : android / callingUser : UserHandle{0} / hasCrossUserAccess : true
01-25 18:55:34.958  4018  4018 D InterruptionStateProvider:  no Heads up : edgelighting enabled app. 0|com.samsung.android.lool|2000|null|1000
01-25 18:55:34.958  2421  2421 D EdgeLightingManager: showForNotification : isInteractive=false, isHeadUp=true, color=0, canBypassDnd=false, packageName = com.whatsapp.w4b
01-25 18:55:34.958  2421  2421 D EdgeLightingPolicyManager: putNotification tickerText:false,titleText:true,text:true,sub:falsecn= + null
01-25 18:55:34.958  2421  2421 D EdgeLightingPolicyManager.NotificationGroup: group notification count : 2
01-25 18:55:34.958  2421  2421 D EdgeLightingManager: showForNotificationScreenOff No peeking: suppressed due to group alert behavior
01-25 18:55:34.958  4669  8405 I HoneySpace.NotificationListener: onNotificationPosted com.whatsapp.w4b: 0|com.whatsapp.w4b|1|0MmYs477Q+0aDFtNLmm7mUhUOzxKAuKZBpW2oPgVeXc=
01-25 18:55:34.958  4669  8405 I HoneySpace.NotificationListener: |10347: 1
01-25 18:55:34.958  4669  8405 I HoneySpace.BadgeDataSourceImpl: Get notification count. PK(p='com.whatsapp.w4b', u=UserHandle{0}) - forceBadgeCount: false, notification listener: 1, badge provider: 159
01-25 18:55:34.959  4669 25229 I HoneySpace.PackageEventOperator: [VerticalApplistViewModel] badge count is updated. com.whatsapp.w4b/com.whatsapp.Main#UserHandle{0}|392 : 159
01-25 18:55:34.959  4669 25193 I HoneySpace.PackageEventOperator: [WorkspaceViewModel] badge count is updated. com.whatsapp.w4b/com.whatsapp.Main#UserHandle{0}|648 : 159
01-25 18:55:34.960  4669 25229 I HoneySpace.BadgeDataSourceImpl: Get notification count. PK(p='com.google.android.gm', u=UserHandle{0}) - forceBadgeCount: false, notification listener: 18, badge provider: 0
01-25 18:55:34.960  8180  8180 W GameLauncher: NotificationListener Ignore non game notification: com.whatsapp.w4b
01-25 18:55:34.960  2421  3814 D BackgroundInstallControlService: Package event received: 0
01-25 18:55:34.961  8326  8326 I NotificationListener: [Service]v6.1.9-eap01 Received new notification
01-25 18:55:34.961  8326  9404 I NotificationPipeline: Processing new notification: 0|com.whatsapp.w4b|1|0MmYs477Q+0aDFtNLmm7mUhUOzxKAuKZBpW2oPgVeXc=
01-25 18:55:34.961  8326  9404 I NotificationPipeline: |10347
01-25 18:55:34.961  8326  9404 W BridgeModeModel: Not started, default to bridging
01-25 18:55:34.961  8326  9404 E Notification4Watch7_NB: WatchFactory.getWatch-lastConnectedNodeId is null
01-25 18:55:34.961  8326  9404 W Notification4Watch7_NB: NotificationBridgeCallback.onNotificationPosted-never connected before
01-25 18:55:34.961  8326  9404 I NotificationPipeline: Discarding notification: 0|com.whatsapp.w4b|1|0MmYs477Q+0aDFtNLmm7mUhUOzxKAuKZBpW2oPgVeXc=
01-25 18:55:34.961  8326  9404 I NotificationPipeline: |10347
01-25 18:55:34.966  2421  2421 D NotificationReminder: addNotificationRecord record com.whatsapp.w4b
01-25 18:55:34.968  2421  2421 I Telecom : SamsungTelecomServiceImpl : isInManagedCall - callingPackage : android / callingUser : UserHandle{0} / hasCrossUserAccess : true
01-25 18:55:34.968  2421  2421 D EdgeLightingManager: showForNotification : isInteractive=false, isHeadUp=true, color=0, canBypassDnd=false, packageName = com.whatsapp.w4b
01-25 18:55:34.968  2421  2421 D EdgeLightingPolicyManager: putNotification tickerText:false,titleText:true,text:true,sub:falsecn= + null
01-25 18:55:34.968  2421  2421 D EdgeLightingPolicyManager.NotificationGroup: group notification count : 2
01-25 18:55:34.968  2421  2421 D EdgeLightingManager: showForNotificationScreenOff No peeking: suppressed due to group alert behavior
01-25 18:55:34.968  4669  8405 I HoneySpace.NotificationListener: onNotificationPosted com.whatsapp.w4b: 0|com.whatsapp.w4b|1|BZHElz0FgNX8aFSkm4ll2ZEG/5KELlzhDCpuM+kxHew=
01-25 18:55:34.968  4669  8405 I HoneySpace.NotificationListener: |10347: 1
01-25 18:55:34.968  4018  4018 D InterruptionStateProvider:  no Heads up : edgelighting enabled app. 0|com.samsung.android.lool|2000|null|1000
01-25 18:55:34.968  4669  8405 I HoneySpace.BadgeDataSourceImpl: Get notification count. PK(p='com.whatsapp.w4b', u=UserHandle{0}) - forceBadgeCount: false, notification listener: 2, badge provider: 159
01-25 18:55:34.968  4669 25229 I HoneySpace.PackageEventOperator: [WorkspaceViewModel] badge count is updated. com.whatsapp.w4b/com.whatsapp.Main#UserHandle{0}|648 : 159
01-25 18:55:34.968  4669 25233 I HoneySpace.PackageEventOperator: [VerticalApplistViewModel] badge count is updated. com.whatsapp.w4b/com.whatsapp.Main#UserHandle{0}|392 : 159
01-25 18:55:34.968  4669 25233 I HoneySpace.BadgeDataSourceImpl: Get notification count. PK(p='com.google.android.gm', u=UserHandle{0}) - forceBadgeCount: false, notification listener: 18, badge provider: 0
01-25 18:55:34.969  2421  3814 D BackgroundInstallControlService: Package event received: 0
01-25 18:55:34.969  8326  8326 I NotificationListener: [Service]v6.1.9-eap01 Received new notification
01-25 18:55:34.969  8326  9404 I NotificationPipeline: Processing new notification: 0|com.whatsapp.w4b|1|BZHElz0FgNX8aFSkm4ll2ZEG/5KELlzhDCpuM+kxHew=
01-25 18:55:34.969  8326  9404 I NotificationPipeline: |10347
01-25 18:55:34.970  8326  9404 W BridgeModeModel: Not started, default to bridging
01-25 18:55:34.970  8326  9404 E Notification4Watch7_NB: WatchFactory.getWatch-lastConnectedNodeId is null
01-25 18:55:34.970  8326  9404 W Notification4Watch7_NB: NotificationBridgeCallback.onNotificationPosted-never connected before
01-25 18:55:34.970  8326  9404 I NotificationPipeline: Discarding notification: 0|com.whatsapp.w4b|1|BZHElz0FgNX8aFSkm4ll2ZEG/5KELlzhDCpuM+kxHew=
01-25 18:55:34.970  8326  9404 I NotificationPipeline: |10347
01-25 18:55:34.975  2421  2421 I Telecom : SamsungTelecomServiceImpl : isInManagedCall - callingPackage : android / callingUser : UserHandle{0} / hasCrossUserAccess : true
01-25 18:55:34.975  2421  2421 D EdgeLightingManager: showForNotification : isInteractive=false, isHeadUp=true, color=0, canBypassDnd=false, packageName = com.whatsapp.w4b
01-25 18:55:34.975  2421  2421 D EdgeLightingPolicyManager: putNotification tickerText:false,titleText:true,text:true,sub:falsecn= + null
01-25 18:55:34.975  2421  2421 D EdgeLightingPolicyManager.NotificationGroup: group notification count : 2
01-25 18:55:34.975  2421  2421 D EdgeLightingManager: showForNotificationScreenOff No peeking: suppressed due to group alert behavior
01-25 18:55:34.977  2421  3814 D BackgroundInstallControlService: Package event received: 0
01-25 18:55:34.977  2421  4636 I WindowManager: Relayout Window{f2b6b97 u0 com.sec.android.app.launcher/com.sec.android.app.launcher.activities.LauncherActivity}: viewVisibility=8 req=1440x3120 ty=1 d0
01-25 18:55:34.978  4018  4018 I LockscreenNotificationIconsOnlyController: onNotificationInfoUpdated 15
01-25 18:55:34.978  2421  4636 I WindowManager: Relayout hash=f2b6b97, pid=4669, syncId=-1: mAttrs={(0,0)(fillxfill) sim={adjust=nothing forwardNavigation} layoutInDisplayCutoutMode=always ty=BASE_APPLICATION fmt=TRANSPARENT wanim=0x1030306
01-25 18:55:34.978  2421  4636 I WindowManager:   fl=81910100
01-25 18:55:34.978  2421  4636 I WindowManager:   pfl=10008840
01-25 18:55:34.978  2421  4636 I WindowManager:   bhv=2
01-25 18:55:34.978  2421  4636 I WindowManager:   fitSides=0
01-25 18:55:34.978  2421  4636 I WindowManager:   frameRateBoostOnTouch=true
01-25 18:55:34.978  2421  4636 I WindowManager:   dvrrWindowFrameRateHint=true naviIconColor=0}
01-25 18:55:34.978  4669  4669 I VRI[LauncherActivity]@ac9c2e6: Relayout returned: old=(0,0,1440,3120) new=(0,0,1440,3120) relayoutAsync=false req=(1440,3120)8 dur=1 res=0x0 s={false 0x0} ch=false seqId=0
01-25 18:55:34.979  4018  4018 I AODNotificationManager: updateNotification() 
01-25 18:55:34.979  4018  4018 D PluginAODManager: onNotificationInfoUpdated() 15
01-25 18:55:34.979  4018  4018 D PluginAODManager: onNotificationInfoUpdated() 0|com.samsung.android.lool|2000|null|1000
01-25 18:55:34.979  4018  4018 D PluginAODManager: onNotificationInfoUpdated() 0|com.whatsapp.w4b|0|0|com.whatsapp.w4b|g:Aggregate_NormalNotificationSection|10347|0|com.whatsapp.w4b|g:Aggregate_NormalNotificationSection
01-25 18:55:34.979  4018  4018 D PluginAODManager: onNotificationInfoUpdated() 0|com.yahoo.mobile.client.android.mail|-625998616|null|10370
01-25 18:55:34.979  4018  4018 D PluginAODManager: onNotificationInfoUpdated() -1|android|32|null|1000
01-25 18:55:34.979  4018  4018 D PluginAODManager: onNotificationInfoUpdated() 0|com.google.android.gm|0|gig:-483144213:CLASSIC_INBOX_ALL_MAIL|10282
01-25 18:55:34.979  4018  4018 D PluginAODManager: onNotificationInfoUpdated() 0|com.google.android.apps.photos|0|-483144213::a:LOCAL_BACKUP_NOTIFICATION_BACKUP_STALLED:com.google.android.apps.photos:notifications:backup_stalled|10277
01-25 18:55:34.979  4018  4018 D PluginAODManager: onNotificationInfoUpdated() 0|com.twitter.android|0|0|com.twitter.android|g:Aggregate_NormalNotificationSection|10365|0|com.twitter.android|g:Aggregate_NormalNotificationSection
01-25 18:55:34.979  4018  4018 D PluginAODManager: onNotificationInfoUpdated() 0|com.linkedin.android|-984357436|null|10355
01-25 18:55:34.979  4018  4018 D PluginAODManager: onNotificationInfoUpdated() 150|com.google.android.googlequicksearchbox|0|-483144213::a:snotification:[0xbdfb645694caa370,stories.f,NOTIFICATION]|15010270
01-25 18:55:34.979  4018  4018 D PluginAODManager: onNotificationInfoUpdated() 150|com.google.android.gms|1000|a:GMSCORE_STORE_RENDERER:127:0:112438847965327322667|15010269
01-25 18:55:34.979  4018  4018 D PluginAODManager: onNotificationInfoUpdated() 0|com.google.android.apps.photos|0|-483144213::a:GUMBALL_MINER_MEMORY_AVAILABLE:2ecbde04c374914a|10277
01-25 18:55:34.979  4018  4018 D PluginAODManager: onNotificationInfoUpdated() 0|com.google.android.gm|-674510517|gig:-1221019305:CLASSIC_INBOX_ALL_MAIL|10282
01-25 18:55:34.979  4018  4018 D PluginAODManager: onNotificationInfoUpdated() 0|com.google.android.apps.messaging|7|incoming_message_group_key|10267
01-25 18:55:34.979  4018  4018 D PluginAODManager: onNotificationInfoUpdated() 0|org.telegram.messenger|1|null|10359
01-25 18:55:34.979  4018  4018 D PluginAODManager: onNotificationInfoUpdated() 0|com.google.android.gms|0|0|com.google.android.gms|g:Aggregate_NormalNotificationSection|10269|0|com.google.android.gms|g:Aggregate_NormalNotificationSection
01-25 18:55:34.979  4018  4018 I AODNotificationManager: updateVisibleNotifications: 15
01-25 18:55:34.984  2421  2421 D NotificationReminder: addNotificationRecord record com.whatsapp.w4b
01-25 18:55:34.985  2421  2421 I Telecom : SamsungTelecomServiceImpl : isInManagedCall - callingPackage : android / callingUser : UserHandle{0} / hasCrossUserAccess : true
01-25 18:55:34.986  2421  2421 D EdgeLightingManager: showForNotification : isInteractive=false, isHeadUp=true, color=0, canBypassDnd=false, packageName = com.whatsapp.w4b
01-25 18:55:34.986  2421  2421 D EdgeLightingPolicyManager: putNotification tickerText:false,titleText:true,text:true,sub:falsecn= + null
01-25 18:55:34.986  2421  2421 D EdgeLightingPolicyManager.NotificationGroup: group notification count : 2
01-25 18:55:34.986  2421  2421 D EdgeLightingManager: showForNotificationScreenOff No peeking: suppressed due to group alert behavior
01-25 18:55:34.986  8326  8326 I NotificationListener: [Service]v6.1.9-eap01 Received new notification
01-25 18:55:34.986  8326  9404 I NotificationPipeline: Processing new notification: 0|com.whatsapp.w4b|1|HMriIaAOpyncuHdkTtHfu7B0oWUnyVQuFb6hbflbyDw=
01-25 18:55:34.986  8326  9404 I NotificationPipeline: |10347
01-25 18:55:34.986  8326  9404 W BridgeModeModel: Not started, default to bridging
01-25 18:55:34.986  8326  9404 E Notification4Watch7_NB: WatchFactory.getWatch-lastConnectedNodeId is null
01-25 18:55:34.986  4669  8405 I HoneySpace.NotificationListener: onNotificationPosted com.whatsapp.w4b: 0|com.whatsapp.w4b|1|HMriIaAOpyncuHdkTtHfu7B0oWUnyVQuFb6hbflbyDw=
01-25 18:55:34.986  4669  8405 I HoneySpace.NotificationListener: |10347: 1
01-25 18:55:34.986  4669  8405 I HoneySpace.BadgeDataSourceImpl: Get notification count. PK(p='com.whatsapp.w4b', u=UserHandle{0}) - forceBadgeCount: false, notification listener: 3, badge provider: 159
01-25 18:55:34.986  8326  9404 W Notification4Watch7_NB: NotificationBridgeCallback.onNotificationPosted-never connected before
01-25 18:55:34.986  8326  9404 I NotificationPipeline: Discarding notification: 0|com.whatsapp.w4b|1|HMriIaAOpyncuHdkTtHfu7B0oWUnyVQuFb6hbflbyDw=
01-25 18:55:34.986  8326  9404 I NotificationPipeline: |10347
01-25 18:55:34.986  4669 25233 I HoneySpace.PackageEventOperator: [WorkspaceViewModel] badge count is updated. com.whatsapp.w4b/com.whatsapp.Main#UserHandle{0}|648 : 159
01-25 18:55:34.986  4669 25229 I HoneySpace.PackageEventOperator: [VerticalApplistViewModel] badge count is updated. com.whatsapp.w4b/com.whatsapp.Main#UserHandle{0}|392 : 159
01-25 18:55:34.986  4669 25229 I HoneySpace.BadgeDataSourceImpl: Get notification count. PK(p='com.google.android.gm', u=UserHandle{0}) - forceBadgeCount: false, notification listener: 18, badge provider: 0
01-25 18:55:34.989  2421  2950 D KNOX_MDM_SettingsProvider: isChangeAllowed() : name = enabled_notification_listeners
01-25 18:55:34.989  2421  2950 D KNOX_MDM_SettingsProvider: isChangeAllowed() : name = enabled_notification_listeners
01-25 18:55:34.991  2421  3814 D BackgroundInstallControlService: Package event received: 0
01-25 18:55:34.992  4018  4018 I SecKeyguardClockPositionAlgorithm: prepareClockContainerHeightChanging:
01-25 18:55:34.992  4018  4018 I PluginFaceWidgetManager: isEditMode = false
01-25 18:55:34.992  4018  4018 I NowBarItemManager: getVisibleList isScreenTurnedOn = false / aodShowState false shouldControlScreenOff false visibleList size = 0
01-25 18:55:34.993  4018  4018 I SecKeyguardClockPositionAlgorithm: prepareClockContainerHeightChanging:
01-25 18:55:34.993  4018  4018 I PluginFaceWidgetManager: isEditMode = false
01-25 18:55:34.993  4018  4018 I NowBarItemManager: getVisibleList isScreenTurnedOn = false / aodShowState false shouldControlScreenOff false visibleList size = 0
01-25 18:55:34.994  4018  4018 D InterruptionStateProvider:  no Heads up : edgelighting enabled app. 0|com.samsung.android.lool|2000|null|1000
01-25 18:55:34.994  2421  2421 D NotificationReminder: addNotificationRecord record com.whatsapp.w4b
01-25 18:55:34.995  2421  2421 I Telecom : SamsungTelecomServiceImpl : isInManagedCall - callingPackage : android / callingUser : UserHandle{0} / hasCrossUserAccess : true
01-25 18:55:34.995  2421  2421 D EdgeLightingManager: showForNotification : isInteractive=false, isHeadUp=true, color=0, canBypassDnd=false, packageName = com.whatsapp.w4b
01-25 18:55:34.995  2421  2421 D EdgeLightingPolicyManager: putNotification tickerText:false,titleText:true,text:true,sub:falsecn= + null
01-25 18:55:34.995  2421  2421 D EdgeLightingPolicyManager.NotificationGroup: group notification count : 2
01-25 18:55:34.995  2421  2421 D EdgeLightingManager: showForNotificationScreenOff No peeking: suppressed due to group alert behavior
01-25 18:55:34.995  4018  4018 D InterruptionStateProvider:  no Heads up : edgelighting enabled app. 0|com.samsung.android.lool|2000|null|1000
01-25 18:55:34.996  8326  8326 I NotificationListener: [Service]v6.1.9-eap01 Received new notification
01-25 18:55:34.996  2421  3814 D BackgroundInstallControlService: Package event received: 0
01-25 18:55:34.997  8326  9404 I NotificationPipeline: Processing new notification: 0|com.whatsapp.w4b|1|+gFbVP9hl9ddpxw1tgo+JvNVp6+FrlWy+oHrzk0amBw=
01-25 18:55:34.997  8326  9404 I NotificationPipeline: |10347
01-25 18:55:34.997  8326  9404 W BridgeModeModel: Not started, default to bridging
01-25 18:55:34.997  8326  9404 E Notification4Watch7_NB: WatchFactory.getWatch-lastConnectedNodeId is null
01-25 18:55:34.997  8326  9404 W Notification4Watch7_NB: NotificationBridgeCallback.onNotificationPosted-never connected before
01-25 18:55:34.997  8326  9404 I NotificationPipeline: Discarding notification: 0|com.whatsapp.w4b|1|+gFbVP9hl9ddpxw1tgo+JvNVp6+FrlWy+oHrzk0amBw=
01-25 18:55:34.997  8326  9404 I NotificationPipeline: |10347
01-25 18:55:34.997  4669  8405 I HoneySpace.NotificationListener: onNotificationPosted com.whatsapp.w4b: 0|com.whatsapp.w4b|1|+gFbVP9hl9ddpxw1tgo+JvNVp6+FrlWy+oHrzk0amBw=
01-25 18:55:34.997  4669  8405 I HoneySpace.NotificationListener: |10347: 2
01-25 18:55:34.997  4669  8405 I HoneySpace.BadgeDataSourceImpl: Get notification count. PK(p='com.whatsapp.w4b', u=UserHandle{0}) - forceBadgeCount: false, notification listener: 5, badge provider: 159
01-25 18:55:34.997  4669 25233 I HoneySpace.PackageEventOperator: [WorkspaceViewModel] badge count is updated. com.whatsapp.w4b/com.whatsapp.Main#UserHandle{0}|648 : 159
01-25 18:55:34.998  4669 25229 I HoneySpace.PackageEventOperator: [VerticalApplistViewModel] badge count is updated. com.whatsapp.w4b/com.whatsapp.Main#UserHandle{0}|392 : 159
01-25 18:55:34.998  4669 25229 I HoneySpace.BadgeDataSourceImpl: Get notification count. PK(p='com.google.android.gm', u=UserHandle{0}) - forceBadgeCount: false, notification listener: 18, badge provider: 0
01-25 18:55:35.001  2421  2421 D NotificationReminder: addNotificationRecord record com.whatsapp.w4b
01-25 18:55:35.001  2421  2421 I Telecom : SamsungTelecomServiceImpl : isInManagedCall - callingPackage : android / callingUser : UserHandle{0} / hasCrossUserAccess : true
01-25 18:55:35.003  2421  2421 D NotificationReminder: addNotificationRecord record com.whatsapp.w4b
01-25 18:55:35.004  2421  2421 D NotificationReminder: addNotificationRecord record com.whatsapp.w4b
01-25 18:55:35.004  4018  4018 D InterruptionStateProvider:  no Heads up : edgelighting enabled app. 0|com.samsung.android.lool|2000|null|1000
01-25 18:55:35.004  4018  4018 D InterruptionStateProvider:  no Heads up : edgelighting enabled app. 0|com.samsung.android.lool|2000|null|1000
01-25 18:55:35.005  2421  2421 D NotificationReminder: addNotificationRecord record com.whatsapp.w4b
01-25 18:55:35.005  4018  4018 D InterruptionStateProvider:  no Heads up : edgelighting enabled app. 0|com.samsung.android.lool|2000|null|1000
01-25 18:55:35.006  4018  4018 D InterruptionStateProvider:  no Heads up : edgelighting enabled app. 0|com.samsung.android.lool|2000|null|1000
01-25 18:55:35.006  8326  8326 I NotificationListener: [Service]v6.1.9-eap01 Received new notification
01-25 18:55:35.006  4669  8405 I HoneySpace.NotificationListener: onNotificationPosted com.whatsapp.w4b: 0|com.whatsapp.w4b|1|yueGuDlzzjSlcNwZzrpJRyvwmziWrQD0mzOEMGpApqg=
01-25 18:55:35.006  4669  8405 I HoneySpace.NotificationListener: |10347: 2
01-25 18:55:35.006  4669  8405 I HoneySpace.BadgeDataSourceImpl: Get notification count. PK(p='com.whatsapp.w4b', u=UserHandle{0}) - forceBadgeCount: false, notification listener: 7, badge provider: 159
01-25 18:55:35.007  4669 26640 I HoneySpace.PackageEventOperator: [WorkspaceViewModel] badge count is updated. com.whatsapp.w4b/com.whatsapp.Main#UserHandle{0}|648 : 159
01-25 18:55:35.007  4669 22436 I HoneySpace.PackageEventOperator: [VerticalApplistViewModel] badge count is updated. com.whatsapp.w4b/com.whatsapp.Main#UserHandle{0}|392 : 159
01-25 18:55:35.007  4669  8405 I HoneySpace.NotificationListener: onNotificationPosted com.whatsapp.w4b: 0|com.whatsapp.w4b|1|7GELqgG7/EW0PkOGbIcLD+6eBlB//pQ16TLWuI0oCQM=
01-25 18:55:35.007  4669  8405 I HoneySpace.NotificationListener: |10347: 2
01-25 18:55:35.007  4669  8405 I HoneySpace.BadgeDataSourceImpl: Get notification count. PK(p='com.whatsapp.w4b', u=UserHandle{0}) - forceBadgeCount: false, notification listener: 9, badge provider: 159
01-25 18:55:35.007  8326  9404 I NotificationPipeline: Processing new notification: 0|com.whatsapp.w4b|1|yueGuDlzzjSlcNwZzrpJRyvwmziWrQD0mzOEMGpApqg=
01-25 18:55:35.007  8326  9404 I NotificationPipeline: |10347
01-25 18:55:35.007  8326  9404 W BridgeModeModel: Not started, default to bridging
01-25 18:55:35.007  8326  9404 E Notification4Watch7_NB: WatchFactory.getWatch-lastConnectedNodeId is null
01-25 18:55:35.007  4669 22436 I HoneySpace.BadgeDataSourceImpl: Get notification count. PK(p='com.google.android.gm', u=UserHandle{0}) - forceBadgeCount: false, notification listener: 18, badge provider: 0
01-25 18:55:35.007  4669 22436 I HoneySpace.PackageEventOperator: [VerticalApplistViewModel] badge count is updated. com.whatsapp.w4b/com.whatsapp.Main#UserHandle{0}|392 : 159
01-25 18:55:35.007  4669 26640 I HoneySpace.PackageEventOperator: [WorkspaceViewModel] badge count is updated. com.whatsapp.w4b/com.whatsapp.Main#UserHandle{0}|648 : 159
01-25 18:55:35.007  4669 22436 I HoneySpace.BadgeDataSourceImpl: Get notification count. PK(p='com.google.android.gm', u=UserHandle{0}) - forceBadgeCount: false, notification listener: 18, badge provider: 0
01-25 18:55:35.008  4669  7247 I id.app.launcher: Explicit concurrent mark compact GC freed 12MB AllocSpace bytes, 15(952KB) LOS objects, 66% free, 19MB/59MB, paused 420us,1.019ms total 61.070ms
01-25 18:55:35.008  8326  9404 W Notification4Watch7_NB: NotificationBridgeCallback.onNotificationPosted-never connected before
01-25 18:55:35.008  8326  9404 I NotificationPipeline: Discarding notification: 0|com.whatsapp.w4b|1|yueGuDlzzjSlcNwZzrpJRyvwmziWrQD0mzOEMGpApqg=
01-25 18:55:35.008  8326  9404 I NotificationPipeline: |10347
01-25 18:55:35.008  4669  8405 I HoneySpace.NotificationListener: onNotificationPosted com.whatsapp.w4b: 0|com.whatsapp.w4b|1|buEpHqiXtpaulUMxdZG7AvZsfyA0SaUmiD65EC4hBTA=
01-25 18:55:35.008  4669  8405 I HoneySpace.NotificationListener: |10347: 1
01-25 18:55:35.008  4669  8405 I HoneySpace.BadgeDataSourceImpl: Get notification count. PK(p='com.whatsapp.w4b', u=UserHandle{0}) - forceBadgeCount: false, notification listener: 10, badge provider: 159
01-25 18:55:35.008  4669 16758 I HoneySpace.PackageEventOperator: [WorkspaceViewModel] badge count is updated. com.whatsapp.w4b/com.whatsapp.Main#UserHandle{0}|648 : 159
01-25 18:55:35.009  4669 26640 I HoneySpace.PackageEventOperator: [VerticalApplistViewModel] badge count is updated. com.whatsapp.w4b/com.whatsapp.Main#UserHandle{0}|392 : 159
01-25 18:55:35.009  4669 26640 I HoneySpace.BadgeDataSourceImpl: Get notification count. PK(p='com.google.android.gm', u=UserHandle{0}) - forceBadgeCount: false, notification listener: 18, badge provider: 0
01-25 18:55:35.010  8326  8326 I NotificationListener: [Service]v6.1.9-eap01 Received new notification
01-25 18:55:35.010  8326  9404 I NotificationPipeline: Processing new notification: 0|com.whatsapp.w4b|1|7GELqgG7/EW0PkOGbIcLD+6eBlB//pQ16TLWuI0oCQM=
01-25 18:55:35.010  8326  9404 I NotificationPipeline: |10347
01-25 18:55:35.010  8326  9404 W BridgeModeModel: Not started, default to bridging
01-25 18:55:35.010  8326  9404 E Notification4Watch7_NB: WatchFactory.getWatch-lastConnectedNodeId is null
01-25 18:55:35.010  8326  9404 W Notification4Watch7_NB: NotificationBridgeCallback.onNotificationPosted-never connected before
01-25 18:55:35.010  8326  9404 I NotificationPipeline: Discarding notification: 0|com.whatsapp.w4b|1|7GELqgG7/EW0PkOGbIcLD+6eBlB//pQ16TLWuI0oCQM=
01-25 18:55:35.010  8326  9404 I NotificationPipeline: |10347
01-25 18:55:35.010  4018  4018 I LockscreenNotificationIconsOnlyController: onNotificationInfoUpdated 15
01-25 18:55:35.010  4669  8405 I HoneySpace.NotificationListener: onNotificationPosted com.whatsapp.w4b: 0|com.whatsapp.w4b|1|null|10347: 107
01-25 18:55:35.010  4669  8405 I HoneySpace.NotificationListener: invalid notification: com.whatsapp.w4b UserHandle{0}: isGroup=true, isMissing=false
01-25 18:55:35.010  4669  8405 I HoneySpace.BadgeDataSourceImpl: Get notification count. PK(p='com.whatsapp.w4b', u=UserHandle{0}) - forceBadgeCount: false, notification listener: 10, badge provider: 159
01-25 18:55:35.010  4669 22436 I HoneySpace.PackageEventOperator: [WorkspaceViewModel] badge count is updated. com.whatsapp.w4b/com.whatsapp.Main#UserHandle{0}|648 : 159
01-25 18:55:35.010  4669 22436 I HoneySpace.PackageEventOperator: [VerticalApplistViewModel] badge count is updated. com.whatsapp.w4b/com.whatsapp.Main#UserHandle{0}|392 : 159
01-25 18:55:35.010  4669 22436 I HoneySpace.BadgeDataSourceImpl: Get notification count. PK(p='com.google.android.gm', u=UserHandle{0}) - forceBadgeCount: false, notification listener: 18, badge provider: 0
01-25 18:55:35.010  8326  8326 I NotificationListener: [Service]v6.1.9-eap01 Received new notification
01-25 18:55:35.011  8326  9404 I NotificationPipeline: Processing new notification: 0|com.whatsapp.w4b|1|buEpHqiXtpaulUMxdZG7AvZsfyA0SaUmiD65EC4hBTA=
01-25 18:55:35.011  8326  9404 I NotificationPipeline: |10347
01-25 18:55:35.011  4018  4018 I AODNotificationManager: updateNotification() 
01-25 18:55:35.011  8326  9404 W BridgeModeModel: Not started, default to bridging
01-25 18:55:35.011  8326  9404 E Notification4Watch7_NB: WatchFactory.getWatch-lastConnectedNodeId is null
01-25 18:55:35.011  8326  9404 W Notification4Watch7_NB: NotificationBridgeCallback.onNotificationPosted-never connected before
01-25 18:55:35.011  8326  9404 I NotificationPipeline: Discarding notification: 0|com.whatsapp.w4b|1|buEpHqiXtpaulUMxdZG7AvZsfyA0SaUmiD65EC4hBTA=
01-25 18:55:35.011  8326  9404 I NotificationPipeline: |10347
01-25 18:55:35.011  4018  4018 D PluginAODManager: onNotificationInfoUpdated() 15
01-25 18:55:35.011  4018  4018 D PluginAODManager: onNotificationInfoUpdated() 0|com.samsung.android.lool|2000|null|1000
01-25 18:55:35.011  4018  4018 D PluginAODManager: onNotificationInfoUpdated() 0|com.whatsapp.w4b|0|0|com.whatsapp.w4b|g:Aggregate_NormalNotificationSection|10347|0|com.whatsapp.w4b|g:Aggregate_NormalNotificationSection
01-25 18:55:35.011  4018  4018 D PluginAODManager: onNotificationInfoUpdated() 0|com.yahoo.mobile.client.android.mail|-625998616|null|10370
01-25 18:55:35.011  4018  4018 D PluginAODManager: onNotificationInfoUpdated() -1|android|32|null|1000
01-25 18:55:35.011  8326  8326 I NotificationListener: [Service]v6.1.9-eap01 Received new notification
01-25 18:55:35.011  4018  4018 D PluginAODManager: onNotificationInfoUpdated() 0|com.google.android.gm|0|gig:-483144213:CLASSIC_INBOX_ALL_MAIL|10282
01-25 18:55:35.011  4018  4018 D PluginAODManager: onNotificationInfoUpdated() 0|com.google.android.apps.photos|0|-483144213::a:LOCAL_BACKUP_NOTIFICATION_BACKUP_STALLED:com.google.android.apps.photos:notifications:backup_stalled|10277
01-25 18:55:35.011  4018  4018 D PluginAODManager: onNotificationInfoUpdated() 0|com.twitter.android|0|0|com.twitter.android|g:Aggregate_NormalNotificationSection|10365|0|com.twitter.android|g:Aggregate_NormalNotificationSection
01-25 18:55:35.011  4018  4018 D PluginAODManager: onNotificationInfoUpdated() 0|com.linkedin.android|-984357436|null|10355
01-25 18:55:35.011  4018  4018 D PluginAODManager: onNotificationInfoUpdated() 150|com.google.android.googlequicksearchbox|0|-483144213::a:snotification:[0xbdfb645694caa370,stories.f,NOTIFICATION]|15010270
01-25 18:55:35.011  4018  4018 D PluginAODManager: onNotificationInfoUpdated() 150|com.google.android.gms|1000|a:GMSCORE_STORE_RENDERER:127:0:112438847965327322667|15010269
01-25 18:55:35.011  4018  4018 D PluginAODManager: onNotificationInfoUpdated() 0|com.google.android.apps.photos|0|-483144213::a:GUMBALL_MINER_MEMORY_AVAILABLE:2ecbde04c374914a|10277
01-25 18:55:35.011  4018  4018 D PluginAODManager: onNotificationInfoUpdated() 0|com.google.android.gm|-674510517|gig:-1221019305:CLASSIC_INBOX_ALL_MAIL|10282
01-25 18:55:35.011  4018  4018 D PluginAODManager: onNotificationInfoUpdated() 0|com.google.android.apps.messaging|7|incoming_message_group_key|10267
01-25 18:55:35.011  4018  4018 D PluginAODManager: onNotificationInfoUpdated() 0|org.telegram.messenger|1|null|10359
01-25 18:55:35.011  4018  4018 D PluginAODManager: onNotificationInfoUpdated() 0|com.google.android.gms|0|0|com.google.android.gms|g:Aggregate_NormalNotificationSection|10269|0|com.google.android.gms|g:Aggregate_NormalNotificationSection
01-25 18:55:35.011  4018  4018 I AODNotificationManager: updateVisibleNotifications: 15
01-25 18:55:35.011  8326  9404 I NotificationPipeline: Processing new notification: 0|com.whatsapp.w4b|1|null|10347
01-25 18:55:35.011  8326  9404 W BridgeModeModel: Not started, default to bridging
01-25 18:55:35.011  8326  9404 E Notification4Watch7_NB: WatchFactory.getWatch-lastConnectedNodeId is null
01-25 18:55:35.011  8326  9404 W Notification4Watch7_NB: NotificationBridgeCallback.onNotificationPosted-never connected before
01-25 18:55:35.011  8326  9404 I NotificationPipeline: Discarding notification: 0|com.whatsapp.w4b|1|null|10347
01-25 18:55:35.013  1888  1888 I SurfaceFlinger: SFWD update time=11261624451535
01-25 18:55:35.014  4669  4689 W System  : A resource failed to call release. 
01-25 18:55:35.014  4669  4689 W System  : A resource failed to call release. 
01-25 18:55:35.014  4669  4689 W System  : A resource failed to call release. 
01-25 18:55:35.014  4669  4689 W System  : A resource failed to call release. 
01-25 18:55:35.014  4669  4689 W System  : A resource failed to call release. 
01-25 18:55:35.014  1778  1778 W SDM     : DisplayBase::ResetDispLayerStack: Stack did not clear in PostCommit. Clear now.
01-25 18:55:35.014  1778  1778 W SDM     : DisplayBase::CommitOrPrepare: Prepare failed: 3
01-25 18:55:35.014  1888  1888 E Scheduler: trackPendingFrame: Invalid present fence
01-25 18:55:35.024  4018  4018 I SecKeyguardClockPositionAlgorithm: prepareClockContainerHeightChanging:
01-25 18:55:35.025  4018  4018 I PluginFaceWidgetManager: isEditMode = false
01-25 18:55:35.025  4018  4018 I NowBarItemManager: getVisibleList isScreenTurnedOn = false / aodShowState false shouldControlScreenOff false visibleList size = 0
01-25 18:55:35.025  4018  4018 I SecKeyguardClockPositionAlgorithm: prepareClockContainerHeightChanging:
01-25 18:55:35.025  4018  4018 I PluginFaceWidgetManager: isEditMode = false
01-25 18:55:35.025  4018  4018 I NowBarItemManager: getVisibleList isScreenTurnedOn = false / aodShowState false shouldControlScreenOff false visibleList size = 0
01-25 18:55:35.047  1778  1778 W SDM     : DisplayBase::ResetDispLayerStack: Stack did not clear in PostCommit. Clear now.
01-25 18:55:35.047  1778  1778 W SDM     : DisplayBase::CommitOrPrepare: Prepare failed: 3
01-25 18:55:35.047  1888  1888 E Scheduler: trackPendingFrame: Invalid present fence
01-25 18:55:35.152  1069  1069 D io_stats: !@   8,0 r 71800650 381418840 w 1463502 16439388 d 296137 8035144 f 15690 41507 iot 6000704 0 th 0 0 0 pt 0 inp 0 1 11261.762
01-25 18:55:35.152  1069  1069 D io_stats: !@ Read_top(KB): d.process.acore:low(5677) 81396 om.whatsapp.w4b:low(7980) 45624 id.ext.services:high(5125) 9716
01-25 18:55:35.152  1069  1069 D io_stats: !@ Write_top(KB): kworker/7:1:/(25643) 1468 om.whatsapp.w4b:low(7980) 640 f2fs_ckpt-254:6:/(1311) 476
01-25 18:55:35.191  1780  1927 E PERFHAL-UTIL: PERFHAL-UTIL: change_node_val() 204: Failed to update node /proc/sys/walt/sched_per_task_boost with value 27520 0
01-25 18:55:35.191  1780  1927 E PERFHAL-OPTSHANDLER: PERFHAL-OPTSHANDLER: sched_reset_task_boost() 3696: can't reset task 27520
01-25 18:55:35.191  1780  1927 E PERFHAL-RESOURCEQS: PERFHAL-RESOURCEQS: RemoveAndApply() 372: Failed to reset optimization [3, 32]
01-25 18:55:35.206  4018  4018 D InterruptionStateProvider:  no Heads up : edgelighting enabled app. 0|com.whatsapp.w4b|1|null|10347
01-25 18:55:35.206  4018  4018 I {OngoingActivityController}: onEntryUpdated and OA data is empty. So update latest task info
01-25 18:55:35.207  4018  4018 D PluginAODManager: onEntryAdded: 
01-25 18:55:35.207  4018  4018 D InterruptionStateProvider:  no Heads up : edgelighting enabled app. 0|com.whatsapp.w4b|1|0MmYs477Q+0aDFtNLmm7mUhUOzxKAuKZBpW2oPgVeXc=
01-25 18:55:35.207  4018  4018 D InterruptionStateProvider: |10347
01-25 18:55:35.207  4018  4018 I {OngoingActivityController}: onEntryUpdated and OA data is empty. So update latest task info
01-25 18:55:35.207  4018  4018 D PluginAODManager: onEntryAdded: 
01-25 18:55:35.207  4018  4018 D InterruptionStateProvider:  no Heads up : edgelighting enabled app. 0|com.whatsapp.w4b|1|BZHElz0FgNX8aFSkm4ll2ZEG/5KELlzhDCpuM+kxHew=
01-25 18:55:35.207  4018  4018 D InterruptionStateProvider: |10347
01-25 18:55:35.207  4018  4018 I {OngoingActivityController}: onEntryUpdated and OA data is empty. So update latest task info
01-25 18:55:35.208  4018  4018 D PluginAODManager: onEntryAdded: 
01-25 18:55:35.208  4669  4669 I HoneySpace.EdgePanel.EdgeVisibilityRepository: getComputedTrayVisible : keyguardState = 3
01-25 18:55:35.208  4669  4669 I HoneySpace.EdgePanel.EdgeVisibilityRepository: updateTrayVisible: State = 0x3, visible = false, current containerState = 4, specificMode = 0
01-25 18:55:35.208  4669  4669 I HoneySpace.EdgePanel.DumpHelper: Tray State
01-25 18:55:35.208  4018  4018 D InterruptionStateProvider:  no Heads up : edgelighting enabled app. 0|com.whatsapp.w4b|1|HMriIaAOpyncuHdkTtHfu7B0oWUnyVQuFb6hbflbyDw=
01-25 18:55:35.208  4018  4018 D InterruptionStateProvider: |10347
01-25 18:55:35.208  4018  4018 I {OngoingActivityController}: onEntryUpdated and OA data is empty. So update latest task info
01-25 18:55:35.208  4669  4669 I HoneySpace.EdgePanel.EdgeVisibilityRepository: Same container state 4
01-25 18:55:35.208  4018  4018 D PluginAODManager: onEntryAdded: 
01-25 18:55:35.208  4018  4018 D InterruptionStateProvider:  no Heads up : edgelighting enabled app. 0|com.whatsapp.w4b|1|+gFbVP9hl9ddpxw1tgo+JvNVp6+FrlWy+oHrzk0amBw=
01-25 18:55:35.208  4018  4018 D InterruptionStateProvider: |10347
01-25 18:55:35.208  4018  4018 I {OngoingActivityController}: onEntryUpdated and OA data is empty. So update latest task info
01-25 18:55:35.209  4018  4018 D PluginAODManager: onEntryAdded: 
01-25 18:55:35.209  4018  4018 D InterruptionStateProvider:  no Heads up : edgelighting enabled app. 0|com.whatsapp.w4b|1|yueGuDlzzjSlcNwZzrpJRyvwmziWrQD0mzOEMGpApqg=
01-25 18:55:35.209  4018  4018 D InterruptionStateProvider: |10347
01-25 18:55:35.209  4018  4018 I {OngoingActivityController}: onEntryUpdated and OA data is empty. So update latest task info
01-25 18:55:35.209  4018  4018 D PluginAODManager: onEntryAdded: 
01-25 18:55:35.209  4018  4018 D InterruptionStateProvider:  no Heads up : edgelighting enabled app. 0|com.whatsapp.w4b|1|7GELqgG7/EW0PkOGbIcLD+6eBlB//pQ16TLWuI0oCQM=
01-25 18:55:35.209  4018  4018 D InterruptionStateProvider: |10347
01-25 18:55:35.209  4018  4018 I {OngoingActivityController}: onEntryUpdated and OA data is empty. So update latest task info
01-25 18:55:35.209  4018  4018 D PluginAODManager: onEntryAdded: 
01-25 18:55:35.209  4018  4018 D InterruptionStateProvider:  no Heads up : edgelighting enabled app. 0|com.whatsapp.w4b|1|buEpHqiXtpaulUMxdZG7AvZsfyA0SaUmiD65EC4hBTA=
01-25 18:55:35.209  4018  4018 D InterruptionStateProvider: |10347
01-25 18:55:35.209  4018  4018 I {OngoingActivityController}: onEntryUpdated and OA data is empty. So update latest task info
01-25 18:55:35.210  4018  4018 D PluginAODManager: onEntryAdded: 
01-25 18:55:35.235  4018  4018 I LockscreenNotificationIconsOnlyController: onNotificationInfoUpdated 15
01-25 18:55:35.237  4018  4018 I AODNotificationManager: updateNotification() 
01-25 18:55:35.237  4018  4018 D PluginAODManager: onNotificationInfoUpdated() 15
01-25 18:55:35.237  4018  4018 D PluginAODManager: onNotificationInfoUpdated() 0|com.samsung.android.lool|2000|null|1000
01-25 18:55:35.237  4018  4018 D PluginAODManager: onNotificationInfoUpdated() 0|com.whatsapp.w4b|0|0|com.whatsapp.w4b|g:Aggregate_NormalNotificationSection|10347|0|com.whatsapp.w4b|g:Aggregate_NormalNotificationSection
01-25 18:55:35.237  4018  4018 D PluginAODManager: onNotificationInfoUpdated() 0|com.yahoo.mobile.client.android.mail|-625998616|null|10370
01-25 18:55:35.237  4018  4018 D PluginAODManager: onNotificationInfoUpdated() -1|android|32|null|1000
01-25 18:55:35.237  4018  4018 D PluginAODManager: onNotificationInfoUpdated() 0|com.google.android.gm|0|gig:-483144213:CLASSIC_INBOX_ALL_MAIL|10282
01-25 18:55:35.237  4018  4018 D PluginAODManager: onNotificationInfoUpdated() 0|com.google.android.apps.photos|0|-483144213::a:LOCAL_BACKUP_NOTIFICATION_BACKUP_STALLED:com.google.android.apps.photos:notifications:backup_stalled|10277
01-25 18:55:35.237  4018  4018 D PluginAODManager: onNotificationInfoUpdated() 0|com.twitter.android|0|0|com.twitter.android|g:Aggregate_NormalNotificationSection|10365|0|com.twitter.android|g:Aggregate_NormalNotificationSection
01-25 18:55:35.237  4018  4018 D PluginAODManager: onNotificationInfoUpdated() 0|com.linkedin.android|-984357436|null|10355
01-25 18:55:35.237  4018  4018 D PluginAODManager: onNotificationInfoUpdated() 150|com.google.android.googlequicksearchbox|0|-483144213::a:snotification:[0xbdfb645694caa370,stories.f,NOTIFICATION]|15010270
01-25 18:55:35.237  4018  4018 D PluginAODManager: onNotificationInfoUpdated() 150|com.google.android.gms|1000|a:GMSCORE_STORE_RENDERER:127:0:112438847965327322667|15010269
01-25 18:55:35.237  4018  4018 D PluginAODManager: onNotificationInfoUpdated() 0|com.google.android.apps.photos|0|-483144213::a:GUMBALL_MINER_MEMORY_AVAILABLE:2ecbde04c374914a|10277
01-25 18:55:35.238  4018  4018 D PluginAODManager: onNotificationInfoUpdated() 0|com.google.android.gm|-674510517|gig:-1221019305:CLASSIC_INBOX_ALL_MAIL|10282
01-25 18:55:35.238  4018  4018 D PluginAODManager: onNotificationInfoUpdated() 0|com.google.android.apps.messaging|7|incoming_message_group_key|10267
01-25 18:55:35.238  4018  4018 D PluginAODManager: onNotificationInfoUpdated() 0|org.telegram.messenger|1|null|10359
01-25 18:55:35.238  4018  4018 D PluginAODManager: onNotificationInfoUpdated() 0|com.google.android.gms|0|0|com.google.android.gms|g:Aggregate_NormalNotificationSection|10269|0|com.google.android.gms|g:Aggregate_NormalNotificationSection
01-25 18:55:35.238  4018  4018 I AODNotificationManager: updateVisibleNotifications: 15
01-25 18:55:35.239  4018  4736 W BitmapFactory: Null Options, creating a new one.
01-25 18:55:35.239  4018  4736 I Kumiho-Kumiho: getPackageName: com.samsung.android.app.aodservice
01-25 18:55:35.240  4018  4736 I Kumiho-Kumiho: getPackageName: com.samsung.android.app.aodservice
01-25 18:55:35.243  4018  4018 I SecKeyguardClockPositionAlgorithm: prepareClockContainerHeightChanging:
01-25 18:55:35.243  4018  4018 I PluginFaceWidgetManager: isEditMode = false
01-25 18:55:35.243  4018  4018 I NowBarItemManager: getVisibleList isScreenTurnedOn = false / aodShowState false shouldControlScreenOff false visibleList size = 0
01-25 18:55:35.243  4018  4018 I SecKeyguardClockPositionAlgorithm: prepareClockContainerHeightChanging:
01-25 18:55:35.243  4018  4018 I PluginFaceWidgetManager: isEditMode = false
01-25 18:55:35.243  4018  4018 I NowBarItemManager: getVisibleList isScreenTurnedOn = false / aodShowState false shouldControlScreenOff false visibleList size = 0
01-25 18:55:35.247  4018  4736 W BitmapFactory: Null Options, creating a new one.
01-25 18:55:35.247  4018  4736 I Kumiho-Kumiho: getPackageName: com.samsung.android.app.aodservice
