01-25 19:01:30.026  4669  7187 I VRI[LauncherActivity]@ac9c2e6: mWNT: t=0xb40000735dba6150 mBlastBufferQueue=0xb4000074fdb91dd0 fn= 425 HdrRenderState mRenderHdrSdrRatio=1.0 caller= com.android.systemui.shared.launcher.ViewRootImplCompat.mergeWithNextTransaction:4 com.honeyspace.transition.utils.SurfaceTransactionApplier.scheduleApply$lambda$1:16 com.honeyspace.transition.utils.SurfaceTransactionApplier.b:0 
01-25 19:01:30.033  1888  1888 I SurfaceFlinger: SFWD update time=11616644320670
01-25 19:01:30.034  4669  4669 I HoneySpace.FloatingAnimator: [Player:A(28.787)] container x: 98.42497, y: 1530.6423, scale : 0.164189
01-25 19:01:30.034  4669  4669 I HoneySpace.FloatingAnimator: [Player:A(28.787)] container x: 98.46532, y: 1530.6558, scale : 0.16413295
01-25 19:01:30.034  4669  4669 I HoneySpace.FloatingAnimator: [Player:A(28.787)] container x: 98.67932, y: 1530.6558, scale : 0.16413294
01-25 19:01:30.034  4669  7188 I VRI[LauncherActivity]@ac9c2e6: mWNT: t=0xb40000735db3c190 mBlastBufferQueue=0xb4000074fdb91dd0 fn= 426 HdrRenderState mRenderHdrSdrRatio=1.0 caller= com.android.systemui.shared.launcher.ViewRootImplCompat.mergeWithNextTransaction:4 com.honeyspace.transition.utils.SurfaceTransactionApplier.scheduleApply$lambda$1:16 com.honeyspace.transition.utils.SurfaceTransactionApplier.b:0 
01-25 19:01:30.034  4669  7188 I VRI[LauncherActivity]@ac9c2e6: mWNT: t=0xb40000735dba1290 mBlastBufferQueue=0xb4000074fdb91dd0 fn= 426 HdrRenderState mRenderHdrSdrRatio=1.0 caller= com.android.systemui.shared.launcher.ViewRootImplCompat.mergeWithNextTransaction:4 com.honeyspace.transition.utils.SurfaceTransactionApplier.scheduleApply$lambda$1:16 com.honeyspace.transition.utils.SurfaceTransactionApplier.b:0 
01-25 19:01:30.034  4669  7188 I VRI[LauncherActivity]@ac9c2e6: mWNT: t=0xb40000735dadf3d0 mBlastBufferQueue=0xb4000074fdb91dd0 fn= 426 HdrRenderState mRenderHdrSdrRatio=1.0 caller= com.android.systemui.shared.launcher.ViewRootImplCompat.mergeWithNextTransaction:4 com.honeyspace.transition.utils.SurfaceTransactionApplier.scheduleApply$lambda$1:16 com.honeyspace.transition.utils.SurfaceTransactionApplier.b:0 
01-25 19:01:30.042  1888  1888 E SurfaceFlinger: alpha changed 0.000 -> 0.000 - Surface(name=Task=13850)/@0x10f66a3_transition-leash#7607
01-25 19:01:30.042  4669  4669 I HoneySpace.FloatingAnimator: [Player:A(28.787)] container x: 98.67932, y: 1530.3441, scale : 0.16413294
01-25 19:01:30.042  4669  4669 I HoneySpace.FloatingAnimator: [Player:A(28.787)] container x: 98.85504, y: 1530.4026, scale : 0.16388889
01-25 19:01:30.042  4669  4669 I HoneySpace.FloatingAnimator: [Player:A(28.787)] container x: 99.07265, y: 1530.4026, scale : 0.16388887
01-25 19:01:30.042  4669  7187 I VRI[LauncherActivity]@ac9c2e6: mWNT: t=0xb40000735db83310 mBlastBufferQueue=0xb4000074fdb91dd0 fn= 427 HdrRenderState mRenderHdrSdrRatio=1.0 caller= com.android.systemui.shared.launcher.ViewRootImplCompat.mergeWithNextTransaction:4 com.honeyspace.transition.utils.SurfaceTransactionApplier.scheduleApply$lambda$1:16 com.honeyspace.transition.utils.SurfaceTransactionApplier.b:0 
01-25 19:01:30.042  4669  7187 I VRI[LauncherActivity]@ac9c2e6: mWNT: t=0xb40000735dac80d0 mBlastBufferQueue=0xb4000074fdb91dd0 fn= 427 HdrRenderState mRenderHdrSdrRatio=1.0 caller= com.android.systemui.shared.launcher.ViewRootImplCompat.mergeWithNextTransaction:4 com.honeyspace.transition.utils.SurfaceTransactionApplier.scheduleApply$lambda$1:16 com.honeyspace.transition.utils.SurfaceTransactionApplier.b:0 
01-25 19:01:30.042  4669  7187 I VRI[LauncherActivity]@ac9c2e6: mWNT: t=0xb40000735db0f250 mBlastBufferQueue=0xb4000074fdb91dd0 fn= 427 HdrRenderState mRenderHdrSdrRatio=1.0 caller= com.android.systemui.shared.launcher.ViewRootImplCompat.mergeWithNextTransaction:4 com.honeyspace.transition.utils.SurfaceTransactionApplier.scheduleApply$lambda$1:16 com.honeyspace.transition.utils.SurfaceTransactionApplier.b:0 
01-25 19:01:30.050  4669  4669 I HoneySpace.FloatingAnimator: [Player:A(28.787)] container x: 99.07265, y: 1530.0521, scale : 0.16388887
01-25 19:01:30.050  4669  4669 I HoneySpace.FloatingAnimator: [Player:A(28.787)] container x: 99.31889, y: 1530.0521, scale : 0.1638889
01-25 19:01:30.050  4669  7188 I VRI[LauncherActivity]@ac9c2e6: mWNT: t=0xb40000735db811d0 mBlastBufferQueue=0xb4000074fdb91dd0 fn= 428 HdrRenderState mRenderHdrSdrRatio=1.0 caller= com.android.systemui.shared.launcher.ViewRootImplCompat.mergeWithNextTransaction:4 com.honeyspace.transition.utils.SurfaceTransactionApplier.scheduleApply$lambda$1:16 com.honeyspace.transition.utils.SurfaceTransactionApplier.b:0 
01-25 19:01:30.050  4669  7188 I VRI[LauncherActivity]@ac9c2e6: mWNT: t=0xb40000735db41910 mBlastBufferQueue=0xb4000074fdb91dd0 fn= 428 HdrRenderState mRenderHdrSdrRatio=1.0 caller= com.android.systemui.shared.launcher.ViewRootImplCompat.mergeWithNextTransaction:4 com.honeyspace.transition.utils.SurfaceTransactionApplier.scheduleApply$lambda$1:16 com.honeyspace.transition.utils.SurfaceTransactionApplier.b:0 
01-25 19:01:30.059  4669  4669 I HoneySpace.FloatingAnimator: [Player:A(28.787)] container x: 99.31889, y: 1529.7435, scale : 0.1638889
01-25 19:01:30.059  4669  4669 I HoneySpace.FloatingAnimator: [Player:A(28.787)] container x: 99.53685, y: 1529.7435, scale : 0.1638889
01-25 19:01:30.059  4669  7187 I VRI[LauncherActivity]@ac9c2e6: mWNT: t=0xb40000735dba64d0 mBlastBufferQueue=0xb4000074fdb91dd0 fn= 429 HdrRenderState mRenderHdrSdrRatio=1.0 caller= com.android.systemui.shared.launcher.ViewRootImplCompat.mergeWithNextTransaction:4 com.honeyspace.transition.utils.SurfaceTransactionApplier.scheduleApply$lambda$1:16 com.honeyspace.transition.utils.SurfaceTransactionApplier.b:0 
01-25 19:01:30.059  4669  7187 I VRI[LauncherActivity]@ac9c2e6: mWNT: t=0xb40000735dae5090 mBlastBufferQueue=0xb4000074fdb91dd0 fn= 429 HdrRenderState mRenderHdrSdrRatio=1.0 caller= com.android.systemui.shared.launcher.ViewRootImplCompat.mergeWithNextTransaction:4 com.honeyspace.transition.utils.SurfaceTransactionApplier.scheduleApply$lambda$1:16 com.honeyspace.transition.utils.SurfaceTransactionApplier.b:0 
01-25 19:01:30.067  4669  4669 I HoneySpace.FloatingAnimator: [Player:A(28.787)] container x: 99.53685, y: 1529.4401, scale : 0.1638889
01-25 19:01:30.067  4669  4669 I HoneySpace.FloatingAnimator: [Player:A(28.787)] container x: 99.75218, y: 1529.4401, scale : 0.1638889
01-25 19:01:30.067  4669  7188 I VRI[LauncherActivity]@ac9c2e6: mWNT: t=0xb40000735db1d5d0 mBlastBufferQueue=0xb4000074fdb91dd0 fn= 430 HdrRenderState mRenderHdrSdrRatio=1.0 caller= com.android.systemui.shared.launcher.ViewRootImplCompat.mergeWithNextTransaction:4 com.honeyspace.transition.utils.SurfaceTransactionApplier.scheduleApply$lambda$1:16 com.honeyspace.transition.utils.SurfaceTransactionApplier.b:0 
01-25 19:01:30.067  4669  7188 I VRI[LauncherActivity]@ac9c2e6: mWNT: t=0xb40000735db97f90 mBlastBufferQueue=0xb4000074fdb91dd0 fn= 430 HdrRenderState mRenderHdrSdrRatio=1.0 caller= com.android.systemui.shared.launcher.ViewRootImplCompat.mergeWithNextTransaction:4 com.honeyspace.transition.utils.SurfaceTransactionApplier.scheduleApply$lambda$1:16 com.honeyspace.transition.utils.SurfaceTransactionApplier.b:0 
01-25 19:01:30.075  4669  4669 I HoneySpace.FloatingAnimator: [Player:A(28.787)] container x: 99.75218, y: 1529.1068, scale : 0.1638889
01-25 19:01:30.075  4669  4669 I HoneySpace.FloatingAnimator: [Player:A(28.787)] container x: 99.98956, y: 1529.1068, scale : 0.16388889
01-25 19:01:30.075  4669  7187 I VRI[LauncherActivity]@ac9c2e6: mWNT: t=0xb40000735dac1450 mBlastBufferQueue=0xb4000074fdb91dd0 fn= 431 HdrRenderState mRenderHdrSdrRatio=1.0 caller= com.android.systemui.shared.launcher.ViewRootImplCompat.mergeWithNextTransaction:4 com.honeyspace.transition.utils.SurfaceTransactionApplier.scheduleApply$lambda$1:16 com.honeyspace.transition.utils.SurfaceTransactionApplier.b:0 
01-25 19:01:30.075  4669  7187 I VRI[LauncherActivity]@ac9c2e6: mWNT: t=0xb40000735db9a990 mBlastBufferQueue=0xb4000074fdb91dd0 fn= 431 HdrRenderState mRenderHdrSdrRatio=1.0 caller= com.android.systemui.shared.launcher.ViewRootImplCompat.mergeWithNextTransaction:4 com.honeyspace.transition.utils.SurfaceTransactionApplier.scheduleApply$lambda$1:16 com.honeyspace.transition.utils.SurfaceTransactionApplier.b:0 
01-25 19:01:30.083  4669  4669 I HoneySpace.FloatingAnimator: [Player:A(28.787)] container x: 99.98956, y: 1528.8196, scale : 0.16388889
01-25 19:01:30.084  4669  4669 I HoneySpace.FloatingAnimator: [Player:A(28.787)] container x: 100.19495, y: 1528.8196, scale : 0.16388889
01-25 19:01:30.084  4669  7188 I VRI[LauncherActivity]@ac9c2e6: mWNT: t=0xb40000735dbb28d0 mBlastBufferQueue=0xb4000074fdb91dd0 fn= 432 HdrRenderState mRenderHdrSdrRatio=1.0 caller= com.android.systemui.shared.launcher.ViewRootImplCompat.mergeWithNextTransaction:4 com.honeyspace.transition.utils.SurfaceTransactionApplier.scheduleApply$lambda$1:16 com.honeyspace.transition.utils.SurfaceTransactionApplier.b:0 
01-25 19:01:30.084  4669  7188 I VRI[LauncherActivity]@ac9c2e6: mWNT: t=0xb40000735dbaf290 mBlastBufferQueue=0xb4000074fdb91dd0 fn= 432 HdrRenderState mRenderHdrSdrRatio=1.0 caller= com.android.systemui.shared.launcher.ViewRootImplCompat.mergeWithNextTransaction:4 com.honeyspace.transition.utils.SurfaceTransactionApplier.scheduleApply$lambda$1:16 com.honeyspace.transition.utils.SurfaceTransactionApplier.b:0 
01-25 19:01:30.085  1888  2245 I CompositionEngine: [setDisplaySize] size=(579, 56)
01-25 19:01:30.092  4669  4669 I HoneySpace.FloatingAnimator: [Player:A(28.787)] container x: 100.19495, y: 1528.542, scale : 0.16388889
01-25 19:01:30.092  4669  4669 I HoneySpace.FloatingAnimator: [Player:A(28.787)] container x: 100.39406, y: 1528.542, scale : 0.16388887
01-25 19:01:30.092  4669  7187 I VRI[LauncherActivity]@ac9c2e6: mWNT: t=0xb40000735daf5a90 mBlastBufferQueue=0xb4000074fdb91dd0 fn= 433 HdrRenderState mRenderHdrSdrRatio=1.0 caller= com.android.systemui.shared.launcher.ViewRootImplCompat.mergeWithNextTransaction:4 com.honeyspace.transition.utils.SurfaceTransactionApplier.scheduleApply$lambda$1:16 com.honeyspace.transition.utils.SurfaceTransactionApplier.b:0 
01-25 19:01:30.092  4669  7187 I VRI[LauncherActivity]@ac9c2e6: mWNT: t=0xb40000735dbab8d0 mBlastBufferQueue=0xb4000074fdb91dd0 fn= 433 HdrRenderState mRenderHdrSdrRatio=1.0 caller= com.android.systemui.shared.launcher.ViewRootImplCompat.mergeWithNextTransaction:4 com.honeyspace.transition.utils.SurfaceTransactionApplier.scheduleApply$lambda$1:16 com.honeyspace.transition.utils.SurfaceTransactionApplier.b:0 
01-25 19:01:30.100  4669  4669 I HoneySpace.FloatingAnimator: [Player:A(28.787)] container x: 100.39406, y: 1528.2423, scale : 0.16388887
01-25 19:01:30.100  4669  4669 I HoneySpace.FloatingAnimator: [Player:A(28.787)] container x: 100.609634, y: 1528.2423, scale : 0.16388887
01-25 19:01:30.100  4669  7188 I VRI[LauncherActivity]@ac9c2e6: mWNT: t=0xb40000735db39cd0 mBlastBufferQueue=0xb4000074fdb91dd0 fn= 434 HdrRenderState mRenderHdrSdrRatio=1.0 caller= com.android.systemui.shared.launcher.ViewRootImplCompat.mergeWithNextTransaction:4 com.honeyspace.transition.utils.SurfaceTransactionApplier.scheduleApply$lambda$1:16 com.honeyspace.transition.utils.SurfaceTransactionApplier.b:0 
01-25 19:01:30.100  4669  7188 I VRI[LauncherActivity]@ac9c2e6: mWNT: t=0xb40000735dad2710 mBlastBufferQueue=0xb4000074fdb91dd0 fn= 434 HdrRenderState mRenderHdrSdrRatio=1.0 caller= com.android.systemui.shared.launcher.ViewRootImplCompat.mergeWithNextTransaction:4 com.honeyspace.transition.utils.SurfaceTransactionApplier.scheduleApply$lambda$1:16 com.honeyspace.transition.utils.SurfaceTransactionApplier.b:0 
01-25 19:01:30.108  4669  4669 I HoneySpace.FloatingAnimator: [Player:A(28.787)] container x: 100.609634, y: 1527.9879, scale : 0.16388887
01-25 19:01:30.109  4669  4669 I HoneySpace.FloatingAnimator: [Player:A(28.787)] container x: 100.79314, y: 1527.9879, scale : 0.1638889
01-25 19:01:30.109  4669  7187 I VRI[LauncherActivity]@ac9c2e6: mWNT: t=0xb40000735db53d50 mBlastBufferQueue=0xb4000074fdb91dd0 fn= 435 HdrRenderState mRenderHdrSdrRatio=1.0 caller= com.android.systemui.shared.launcher.ViewRootImplCompat.mergeWithNextTransaction:4 com.honeyspace.transition.utils.SurfaceTransactionApplier.scheduleApply$lambda$1:16 com.honeyspace.transition.utils.SurfaceTransactionApplier.b:0 
01-25 19:01:30.109  4669  7187 I VRI[LauncherActivity]@ac9c2e6: mWNT: t=0xb40000735dba0f10 mBlastBufferQueue=0xb4000074fdb91dd0 fn= 435 HdrRenderState mRenderHdrSdrRatio=1.0 caller= com.android.systemui.shared.launcher.ViewRootImplCompat.mergeWithNextTransaction:4 com.honeyspace.transition.utils.SurfaceTransactionApplier.scheduleApply$lambda$1:16 com.honeyspace.transition.utils.SurfaceTransactionApplier.b:0 
01-25 19:01:30.117  4669  4669 I HoneySpace.FloatingAnimator: [Player:A(28.787)] container x: 100.79314, y: 1527.7454, scale : 0.1638889
01-25 19:01:30.117  4669  4669 I HoneySpace.FloatingAnimator: [Player:A(28.787)] container x: 100.96857, y: 1527.7454, scale : 0.16388889
01-25 19:01:30.117  4669  7188 I VRI[LauncherActivity]@ac9c2e6: mWNT: t=0xb40000735db0a390 mBlastBufferQueue=0xb4000074fdb91dd0 fn= 436 HdrRenderState mRenderHdrSdrRatio=1.0 caller= com.android.systemui.shared.launcher.ViewRootImplCompat.mergeWithNextTransaction:4 com.honeyspace.transition.utils.SurfaceTransactionApplier.scheduleApply$lambda$1:16 com.honeyspace.transition.utils.SurfaceTransactionApplier.b:0 
01-25 19:01:30.117  4669  7188 I VRI[LauncherActivity]@ac9c2e6: mWNT: t=0xb40000735db42fd0 mBlastBufferQueue=0xb4000074fdb91dd0 fn= 436 HdrRenderState mRenderHdrSdrRatio=1.0 caller= com.android.systemui.shared.launcher.ViewRootImplCompat.mergeWithNextTransaction:4 com.honeyspace.transition.utils.SurfaceTransactionApplier.scheduleApply$lambda$1:16 com.honeyspace.transition.utils.SurfaceTransactionApplier.b:0 
01-25 19:01:30.125  4669  4669 I HoneySpace.FloatingAnimator: [Player:A(28.787)] container x: 100.96857, y: 1527.4869, scale : 0.16388889
01-25 19:01:30.125  4669  4669 I HoneySpace.FloatingAnimator: [Player:A(28.787)] container x: 101.1559, y: 1527.4869, scale : 0.16388887
01-25 19:01:30.125  4669  7187 I VRI[LauncherActivity]@ac9c2e6: mWNT: t=0xb40000735dacdbd0 mBlastBufferQueue=0xb4000074fdb91dd0 fn= 437 HdrRenderState mRenderHdrSdrRatio=1.0 caller= com.android.systemui.shared.launcher.ViewRootImplCompat.mergeWithNextTransaction:4 com.honeyspace.transition.utils.SurfaceTransactionApplier.scheduleApply$lambda$1:16 com.honeyspace.transition.utils.SurfaceTransactionApplier.b:0 
01-25 19:01:30.126  4669  7187 I VRI[LauncherActivity]@ac9c2e6: mWNT: t=0xb40000735db76b90 mBlastBufferQueue=0xb4000074fdb91dd0 fn= 437 HdrRenderState mRenderHdrSdrRatio=1.0 caller= com.android.systemui.shared.launcher.ViewRootImplCompat.mergeWithNextTransaction:4 com.honeyspace.transition.utils.SurfaceTransactionApplier.scheduleApply$lambda$1:16 com.honeyspace.transition.utils.SurfaceTransactionApplier.b:0 
01-25 19:01:30.130 12121 12121 I ContactsProvider: [P] onTrimMemory-success
01-25 19:01:30.130  5677  5677 I ContactsProvider: [P] onTrimMemory-success
01-25 19:01:30.133  4669  4669 I HoneySpace.FloatingAnimator: [Player:A(28.787)] container x: 101.1559, y: 1527.2703, scale : 0.16388887
01-25 19:01:30.134  4669  4669 I HoneySpace.FloatingAnimator: [Player:A(28.787)] container x: 101.31331, y: 1527.2703, scale : 0.16388887
01-25 19:01:30.134  4669  7188 I VRI[LauncherActivity]@ac9c2e6: mWNT: t=0xb40000735dad75d0 mBlastBufferQueue=0xb4000074fdb91dd0 fn= 438 HdrRenderState mRenderHdrSdrRatio=1.0 caller= com.android.systemui.shared.launcher.ViewRootImplCompat.mergeWithNextTransaction:4 com.honeyspace.transition.utils.SurfaceTransactionApplier.scheduleApply$lambda$1:16 com.honeyspace.transition.utils.SurfaceTransactionApplier.b:0 
01-25 19:01:30.134  4669  7188 I VRI[LauncherActivity]@ac9c2e6: mWNT: t=0xb40000735db8b110 mBlastBufferQueue=0xb4000074fdb91dd0 fn= 438 HdrRenderState mRenderHdrSdrRatio=1.0 caller= com.android.systemui.shared.launcher.ViewRootImplCompat.mergeWithNextTransaction:4 com.honeyspace.transition.utils.SurfaceTransactionApplier.scheduleApply$lambda$1:16 com.honeyspace.transition.utils.SurfaceTransactionApplier.b:0 
01-25 19:01:30.142  4669  4669 I HoneySpace.FloatingAnimator: [Player:A(28.787)] container x: 101.31331, y: 1527.0659, scale : 0.16388887
01-25 19:01:30.142  4669  4669 I HoneySpace.FloatingAnimator: [Player:A(28.787)] container x: 101.46207, y: 1527.0659, scale : 0.16388889
01-25 19:01:30.142  4669  7187 I VRI[LauncherActivity]@ac9c2e6: mWNT: t=0xb40000735db77ed0 mBlastBufferQueue=0xb4000074fdb91dd0 fn= 439 HdrRenderState mRenderHdrSdrRatio=1.0 caller= com.android.systemui.shared.launcher.ViewRootImplCompat.mergeWithNextTransaction:4 com.honeyspace.transition.utils.SurfaceTransactionApplier.scheduleApply$lambda$1:16 com.honeyspace.transition.utils.SurfaceTransactionApplier.b:0 
01-25 19:01:30.142  4669  7187 I VRI[LauncherActivity]@ac9c2e6: mWNT: t=0xb40000735db13bd0 mBlastBufferQueue=0xb4000074fdb91dd0 fn= 439 HdrRenderState mRenderHdrSdrRatio=1.0 caller= com.android.systemui.shared.launcher.ViewRootImplCompat.mergeWithNextTransaction:4 com.honeyspace.transition.utils.SurfaceTransactionApplier.scheduleApply$lambda$1:16 com.honeyspace.transition.utils.SurfaceTransactionApplier.b:0 
01-25 19:01:30.150  4669  4669 I HoneySpace.FloatingAnimator: [Player:A(28.787)] container x: 101.46207, y: 1526.8738, scale : 0.16388889
01-25 19:01:30.150  4669  4669 I HoneySpace.FloatingAnimator: [Player:A(28.787)] container x: 101.60219, y: 1526.8738, scale : 0.16388887
01-25 19:01:30.150  4669  7188 I VRI[LauncherActivity]@ac9c2e6: mWNT: t=0xb40000735db3c510 mBlastBufferQueue=0xb4000074fdb91dd0 fn= 440 HdrRenderState mRenderHdrSdrRatio=1.0 caller= com.android.systemui.shared.launcher.ViewRootImplCompat.mergeWithNextTransaction:4 com.honeyspace.transition.utils.SurfaceTransactionApplier.scheduleApply$lambda$1:16 com.honeyspace.transition.utils.SurfaceTransactionApplier.b:0 
01-25 19:01:30.150  4669  7188 I VRI[LauncherActivity]@ac9c2e6: mWNT: t=0xb40000735daff110 mBlastBufferQueue=0xb4000074fdb91dd0 fn= 440 HdrRenderState mRenderHdrSdrRatio=1.0 caller= com.android.systemui.shared.launcher.ViewRootImplCompat.mergeWithNextTransaction:4 com.honeyspace.transition.utils.SurfaceTransactionApplier.scheduleApply$lambda$1:16 com.honeyspace.transition.utils.SurfaceTransactionApplier.b:0 
01-25 19:01:30.159  4669  4669 I HoneySpace.FloatingAnimator: [Player:A(28.787)] container x: 101.60219, y: 1526.6721, scale : 0.16388887
01-25 19:01:30.159  4669  4669 I HoneySpace.FloatingAnimator: [Player:A(28.787)] container x: 101.7496, y: 1526.6721, scale : 0.16388889
01-25 19:01:30.159  4669  7187 I VRI[LauncherActivity]@ac9c2e6: mWNT: t=0xb40000735dac02d0 mBlastBufferQueue=0xb4000074fdb91dd0 fn= 441 HdrRenderState mRenderHdrSdrRatio=1.0 caller= com.android.systemui.shared.launcher.ViewRootImplCompat.mergeWithNextTransaction:4 com.honeyspace.transition.utils.SurfaceTransactionApplier.scheduleApply$lambda$1:16 com.honeyspace.transition.utils.SurfaceTransactionApplier.b:0 
01-25 19:01:30.159  4669  7187 I VRI[LauncherActivity]@ac9c2e6: mWNT: t=0xb40000735dadcd50 mBlastBufferQueue=0xb4000074fdb91dd0 fn= 441 HdrRenderState mRenderHdrSdrRatio=1.0 caller= com.android.systemui.shared.launcher.ViewRootImplCompat.mergeWithNextTransaction:4 com.honeyspace.transition.utils.SurfaceTransactionApplier.scheduleApply$lambda$1:16 com.honeyspace.transition.utils.SurfaceTransactionApplier.b:0 
01-25 19:01:30.164  2421  4636 I ActivityManager: Changes in 10375 6 to 10, 128 to 0
01-25 19:01:30.166  2421  6907 I ActivityManager: Changes in 10375 10 to 6, 0 to 128
01-25 19:01:30.166  2421  3814 D BackgroundInstallControlService: Package event received: 0
01-25 19:01:30.166  2421  3814 D BackgroundInstallControlService: Package event received: 0
01-25 19:01:30.166  2421  3814 D BackgroundInstallControlService: Package event received: 0
01-25 19:01:30.166  2421  3814 D BackgroundInstallControlService: Package event received: 0
01-25 19:01:30.167  4669  4669 I HoneySpace.FloatingAnimator: [Player:A(28.787)] container x: 101.7496, y: 1526.5054, scale : 0.16388889
01-25 19:01:30.167  4669  4669 I HoneySpace.FloatingAnimator: [Player:A(28.787)] container x: 101.87172, y: 1526.5054, scale : 0.16388887
01-25 19:01:30.167  4669  7188 I VRI[LauncherActivity]@ac9c2e6: mWNT: t=0xb40000735dab9650 mBlastBufferQueue=0xb4000074fdb91dd0 fn= 442 HdrRenderState mRenderHdrSdrRatio=1.0 caller= com.android.systemui.shared.launcher.ViewRootImplCompat.mergeWithNextTransaction:4 com.honeyspace.transition.utils.SurfaceTransactionApplier.scheduleApply$lambda$1:16 com.honeyspace.transition.utils.SurfaceTransactionApplier.b:0 
01-25 19:01:30.167  4669  7188 I VRI[LauncherActivity]@ac9c2e6: mWNT: t=0xb40000735db8a690 mBlastBufferQueue=0xb4000074fdb91dd0 fn= 442 HdrRenderState mRenderHdrSdrRatio=1.0 caller= com.android.systemui.shared.launcher.ViewRootImplCompat.mergeWithNextTransaction:4 com.honeyspace.transition.utils.SurfaceTransactionApplier.scheduleApply$lambda$1:16 com.honeyspace.transition.utils.SurfaceTransactionApplier.b:0 
01-25 19:01:30.175  4669  4669 I HoneySpace.FloatingAnimator: [Player:A(28.787)] container x: 101.87172, y: 1526.3315, scale : 0.16388887
01-25 19:01:30.175  4669  4669 I HoneySpace.FloatingAnimator: [Player:A(28.787)] container x: 101.9993, y: 1526.3315, scale : 0.16388889
01-25 19:01:30.175  4669  7187 I VRI[LauncherActivity]@ac9c2e6: mWNT: t=0xb40000735db88710 mBlastBufferQueue=0xb4000074fdb91dd0 fn= 443 HdrRenderState mRenderHdrSdrRatio=1.0 caller= com.android.systemui.shared.launcher.ViewRootImplCompat.mergeWithNextTransaction:4 com.honeyspace.transition.utils.SurfaceTransactionApplier.scheduleApply$lambda$1:16 com.honeyspace.transition.utils.SurfaceTransactionApplier.b:0 
01-25 19:01:30.175  4669  7187 I VRI[LauncherActivity]@ac9c2e6: mWNT: t=0xb40000735db03010 mBlastBufferQueue=0xb4000074fdb91dd0 fn= 443 HdrRenderState mRenderHdrSdrRatio=1.0 caller= com.android.systemui.shared.launcher.ViewRootImplCompat.mergeWithNextTransaction:4 com.honeyspace.transition.utils.SurfaceTransactionApplier.scheduleApply$lambda$1:16 com.honeyspace.transition.utils.SurfaceTransactionApplier.b:0 
01-25 19:01:30.183  4669  4669 I HoneySpace.FloatingAnimator: [Player:A(28.787)] container x: 101.9993, y: 1526.1888, scale : 0.16388889
01-25 19:01:30.184  4669  4669 I HoneySpace.FloatingAnimator: [Player:A(28.787)] container x: 102.10426, y: 1526.1888, scale : 0.16388887
01-25 19:01:30.184  4669  7188 I VRI[LauncherActivity]@ac9c2e6: mWNT: t=0xb40000735db070d0 mBlastBufferQueue=0xb4000074fdb91dd0 fn= 444 HdrRenderState mRenderHdrSdrRatio=1.0 caller= com.android.systemui.shared.launcher.ViewRootImplCompat.mergeWithNextTransaction:4 com.honeyspace.transition.utils.SurfaceTransactionApplier.scheduleApply$lambda$1:16 com.honeyspace.transition.utils.SurfaceTransactionApplier.b:0 
01-25 19:01:30.184  4669  7188 I VRI[LauncherActivity]@ac9c2e6: mWNT: t=0xb40000735db82c10 mBlastBufferQueue=0xb4000074fdb91dd0 fn= 444 HdrRenderState mRenderHdrSdrRatio=1.0 caller= com.android.systemui.shared.launcher.ViewRootImplCompat.mergeWithNextTransaction:4 com.honeyspace.transition.utils.SurfaceTransactionApplier.scheduleApply$lambda$1:16 com.honeyspace.transition.utils.SurfaceTransactionApplier.b:0 
01-25 19:01:30.185  1888  2245 I CompositionEngine: [setDisplaySize] size=(579, 56)
01-25 19:01:30.192  4669  4669 I HoneySpace.AppscreenViewModel: endGestureHint
01-25 19:01:30.192  4669  4669 I HoneySpace.AppscreenViewModel: resetAnimatedValues
01-25 19:01:30.192  4669  4669 I HoneySpace.HoneyScreenManagerImpl: transitionAnimator is ended, onCancel: false
01-25 19:01:30.192  4669  4669 I HoneySpace.ContentsAnimator: ContentsAnimator end [126954593]
01-25 19:01:30.192  4669  4669 I HoneySpace.FloatingAnimator: [Player:A(28.787)] container x: 102.10426, y: 1526.0568, scale : 0.16388887
01-25 19:01:30.192  4669  4669 I HoneySpace.FloatingAnimator: [Player:A(28.787)] container x: 102.20157, y: 1526.0568, scale : 0.16388889
01-25 19:01:30.192  4669  7187 I VRI[LauncherActivity]@ac9c2e6: mWNT: t=0xb40000735dad1ad0 mBlastBufferQueue=0xb4000074fdb91dd0 fn= 445 HdrRenderState mRenderHdrSdrRatio=1.0 caller= com.android.systemui.shared.launcher.ViewRootImplCompat.mergeWithNextTransaction:4 com.honeyspace.transition.utils.SurfaceTransactionApplier.scheduleApply$lambda$1:16 com.honeyspace.transition.utils.SurfaceTransactionApplier.b:0 
01-25 19:01:30.192  4669  7187 I VRI[LauncherActivity]@ac9c2e6: mWNT: t=0xb40000735daced50 mBlastBufferQueue=0xb4000074fdb91dd0 fn= 445 HdrRenderState mRenderHdrSdrRatio=1.0 caller= com.android.systemui.shared.launcher.ViewRootImplCompat.mergeWithNextTransaction:4 com.honeyspace.transition.utils.SurfaceTransactionApplier.scheduleApply$lambda$1:16 com.honeyspace.transition.utils.SurfaceTransactionApplier.b:0 
01-25 19:01:30.200  4669  4669 I HoneySpace.FloatingAnimator: [Player:A(28.787)] container x: 102.20157, y: 1525.9204, scale : 0.16388889
01-25 19:01:30.200  4669  4669 I HoneySpace.FloatingAnimator: [Player:A(28.787)] container x: 103.0, y: 1525.9204, scale : 0.16388889
01-25 19:01:30.200  4669  7188 I VRI[LauncherActivity]@ac9c2e6: mWNT: t=0xb40000735dac2250 mBlastBufferQueue=0xb4000074fdb91dd0 fn= 446 HdrRenderState mRenderHdrSdrRatio=1.0 caller= com.android.systemui.shared.launcher.ViewRootImplCompat.mergeWithNextTransaction:4 com.honeyspace.transition.utils.SurfaceTransactionApplier.scheduleApply$lambda$1:16 com.honeyspace.transition.utils.SurfaceTransactionApplier.b:0 
01-25 19:01:30.200  4669  7188 I VRI[LauncherActivity]@ac9c2e6: mWNT: t=0xb40000735dad1910 mBlastBufferQueue=0xb4000074fdb91dd0 fn= 446 HdrRenderState mRenderHdrSdrRatio=1.0 caller= com.android.systemui.shared.launcher.ViewRootImplCompat.mergeWithNextTransaction:4 com.honeyspace.transition.utils.SurfaceTransactionApplier.scheduleApply$lambda$1:16 com.honeyspace.transition.utils.SurfaceTransactionApplier.b:0 
01-25 19:01:30.208  4669  4669 I HoneySpace.FloatingAnimator: [Player:A(28.787)] container x: 103.0, y: 1525.8096, scale : 0.16388889
01-25 19:01:30.209  4669  7187 I VRI[LauncherActivity]@ac9c2e6: mWNT: t=0xb40000735dad2fd0 mBlastBufferQueue=0xb4000074fdb91dd0 fn= 447 HdrRenderState mRenderHdrSdrRatio=1.0 caller= com.android.systemui.shared.launcher.ViewRootImplCompat.mergeWithNextTransaction:4 com.honeyspace.transition.utils.SurfaceTransactionApplier.scheduleApply$lambda$1:16 com.honeyspace.transition.utils.SurfaceTransactionApplier.b:0 
01-25 19:01:30.210  7026  7026 I SDHMS:LOAD: type: LoadsFreqs, value: 7:3:4:1597823:3072000:1017600:1862783:2745600:1555200:525:525:525
01-25 19:01:30.217  4669  4669 I HoneySpace.FloatingAnimator: [Player:A(28.787)] container x: 103.0, y: 1525.0, scale : 0.16388889
01-25 19:01:30.217  4669  4669 I HoneySpace.SpringAnimPlayer: [Player:A(28.787)] spring onAnimationEnd
01-25 19:01:30.217  4669  7188 I VRI[LauncherActivity]@ac9c2e6: mWNT: t=0xb40000735db8a150 mBlastBufferQueue=0xb4000074fdb91dd0 fn= 448 HdrRenderState mRenderHdrSdrRatio=1.0 caller= com.android.systemui.shared.launcher.ViewRootImplCompat.mergeWithNextTransaction:4 com.honeyspace.transition.utils.SurfaceTransactionApplier.scheduleApply$lambda$1:16 com.honeyspace.transition.utils.SurfaceTransactionApplier.b:0 
01-25 19:01:30.225  4669  4669 I HoneySpace.SpringAnimPlayer: [Player:A(28.787)] floating spring animator end
01-25 19:01:30.225  4669  4669 I HoneySpace.FloatingAnimator: reset containerView, com.honeyspace.transition.anim.floating.ContainerView{f9d73f1 V.E...... ........ 0,0-1440,1440}
01-25 19:01:30.225  4669  4669 I HoneySpace.FloatingAnimator: remove positionListener - com.honeyspace.transition.anim.floating.c@5198234
01-25 19:01:30.225  4669  4669 I HoneySpace.FloatingAnimator: [Player:A(28.787)] reset
01-25 19:01:30.225  4669  4669 I HoneySpace.IconView: setIconVisible : visible-true, currentForceHideBadge-true
01-25 19:01:30.225  4669  4669 I HoneySpace.IconView: updateInvisibleState true APP_CLOSING current:2 new:0
01-25 19:01:30.225  4669  4669 I HoneySpace.FloatingAnimator: playerCount : 0
01-25 19:01:30.225  4669  4669 I HoneySpace.FloatingFinishHelper: finishInProgress: true
01-25 19:01:30.226  4669  4669 I HoneySpace.AppLaunchAnimationDelegate: mainAnimatorSet end
01-25 19:01:30.226  4669  4669 I HoneySpace.AnimationResult: finish, false
01-25 19:01:30.226  4669  4669 I HoneySpace.FloatingFinishHelper: isAppShow reset, immediate
01-25 19:01:30.226  4669  4669 I HoneySpace.FloatingAnimator: [Player:A(28.787)] spring set end called
01-25 19:01:30.226  4669 10334 I HoneySpace.AnimationResult: asyncFinishRunnable run
01-25 19:01:30.226  4018  4117 V WindowManagerShell: Transition animation finished (aborted=false), notifying core (#683) android.os.BinderProxy@c6c28b5@0
01-25 19:01:30.226  4018  4117 I SurfaceControlRegistry: apply, t=FinishTransaction_SyncId<683>, FinishTransaction_SyncId<684>, caller=android.view.SurfaceControl$Transaction.apply:3459 android.view.SurfaceControl$Transaction.apply:3447 android.view.SurfaceControl$Transaction.apply:3397 com.android.wm.shell.transition.Transitions.onFinish:315 com.android.wm.shell.transition.Transitions$$ExternalSyntheticLambda7.onTransitionFinished:18 com.android.wm.shell.transition.DefaultMixedHandler$$ExternalSyntheticLambda4.onTransitionFinished:17 
01-25 19:01:30.227  4669  4669 I HoneySpace.ShellTransitionManager: open normal end
01-25 19:01:30.227  4669  4669 I HoneySpace.ShellAnimationRunner: setDelegate, delegate-null, strong-false
01-25 19:01:30.227  4669  4669 I HoneySpace.RunnableList: executeAllAndClear() called, size: 1
01-25 19:01:30.227  4669  4669 I HoneySpace.AnimationResult: completeCallback run
01-25 19:01:30.227  4669  4669 I HoneySpace.RunnableList: executeAllAndClear() called, size: 1
01-25 19:01:30.227  4669 26860 I HoneySpace.ShellAnimationRunner: cleanUp: null, null
01-25 19:01:30.227  1888  3093 I SurfaceFlinger: id=7608 Removed Surface(name=Task=1)/@0x113d59_transition-leash#7608 (260)
01-25 19:01:30.227  1888  3093 I SurfaceFlinger: id=7607 Removed Surface(name=Task=13850)/@0x10f66a3_transition-leash#7607 (260)
01-25 19:01:30.227  2421  6952 V WindowManager: Finish Transition: TransitionRecord{eed2588 id=683 type=OPEN flags=0x0 c=[
01-25 19:01:30.227  2421  6952 V WindowManager:    ChangeInfo{581a2cf container=Task{26630e3 #8 type=home I=com.sec.android.app.launcher/.activities.LauncherActivity} flags=0x10}
01-25 19:01:30.227  2421  6952 V WindowManager:    ChangeInfo{2e7945c container=WallpaperWindowToken{5cc8a37 showWhenLocked=true}_<lock> flags=0x0}
01-25 19:01:30.227  2421  6952 V WindowManager:    ChangeInfo{5688d59 container=ActivityRecord{194550561 u0 com.ogabassey.contactscleaner.debug/com.ogabassey.contactscleaner.MainActivity t13850 f} isExiting} flags=0x0}
01-25 19:01:30.227  2421  6952 V WindowManager:    ChangeInfo{46b7d1e container=Task{bc44b46 #13850 type=standard A=10245:com.ogabassey.contactscleaner.debug} flags=0x10}
01-25 19:01:30.227  2421  6952 V WindowManager:    ChangeInfo{51799ff container=DefaultTaskDisplayArea_d0@215174188 flags=0x0}
01-25 19:01:30.227  2421  6952 V WindowManager:    ChangeInfo{6f66365 container=Task{d17c539 #1 type=home} flags=0x10}
01-25 19:01:30.227  2421  6952 V WindowManager:    ChangeInfo{63273cc container=Display{#0 state=ON size=1440x3120 ROTATION_0} flags=0x0}
01-25 19:01:30.227  2421  6952 V WindowManager:    ChangeInfo{e4f483a container=RemoteWallpaperAnim:1:1@223049196 flags=0x0}
01-25 19:01:30.227  2421  6952 V WindowManager:    ChangeInfo{69f9ceb container=ActivityRecord{229424348 u0 com.sec.android.app.launcher/.activities.LauncherActivity t8} flags=0x0}
01-25 19:01:30.227  2421  6952 V WindowManager: ]
01-25 19:01:30.227  2421  6952 V WindowManager: }, caller=com.android.server.wm.WindowOrganizerController.finishTransitionInner:31 com.android.server.wm.WindowOrganizerController.finishAllTransitions:60 android.window.IWindowOrganizerController$Stub.onTransact:283 
01-25 19:01:30.228  1888  3093 I SurfaceFlinger: id=7603 Removed Splash Screen com.ogabassey.contactscleaner.debug$_4018#7603 (260)
01-25 19:01:30.228  2421  2948 V WindowManager: Finish Transition (#683): created at 01-25 19:01:28.789 collect-started=0.237ms request-sent=3.951ms started=10.424ms ready=25.802ms sent=27.093ms commit=11.687ms finished=1437.924ms
01-25 19:01:30.228  2421  6952 D PersonaActivityHelper: token.toString()  Token{fa79107 ActivityRecord{194550561 u0 com.ogabassey.contactscleaner.debug/com.ogabassey.contactscleaner.MainActivity t13850 f} isExiting}}
01-25 19:01:30.228  2421  6952 D PersonaActivityHelper: mLastResumedSFActivity getPackageName  com.android.settings
01-25 19:01:30.228  2421  6952 D PersonaActivityHelper: mLastResumedSFActivity getShortClassName  .SubSettings
01-25 19:01:30.228  2421  6952 D PersonaActivityHelper: token.toString()  Token{afa2ae0 ActivityRecord{229424348 u0 com.sec.android.app.launcher/.activities.LauncherActivity t8}}
01-25 19:01:30.228  2421  6952 D PersonaActivityHelper: mLastResumedSFActivity getPackageName  com.android.settings
01-25 19:01:30.228  2421  6952 D PersonaActivityHelper: mLastResumedSFActivity getShortClassName  .SubSettings
01-25 19:01:30.228  2421  6952 D ChangeTransitionController: onTransitionFinished: TransitionRecord{eed2588 id=683 type=OPEN flags=0x0 c=[
01-25 19:01:30.228  2421  6952 D ChangeTransitionController:    ChangeInfo{581a2cf container=Task{26630e3 #8 type=home I=com.sec.android.app.launcher/.activities.LauncherActivity} flags=0x10}
01-25 19:01:30.228  2421  6952 D ChangeTransitionController:    ChangeInfo{2e7945c container=WallpaperWindowToken{5cc8a37 showWhenLocked=true}_<lock> flags=0x0}
01-25 19:01:30.228  2421  6952 D ChangeTransitionController:    ChangeInfo{5688d59 container=ActivityRecord{194550561 u0 com.ogabassey.contactscleaner.debug/com.ogabassey.contactscleaner.MainActivity t13850 f} isExiting} flags=0x0}
01-25 19:01:30.228  2421  6952 D ChangeTransitionController:    ChangeInfo{46b7d1e container=Task{bc44b46 #13850 type=standard A=10245:com.ogabassey.contactscleaner.debug} flags=0x10}
01-25 19:01:30.228  2421  6952 D ChangeTransitionController:    ChangeInfo{51799ff container=DefaultTaskDisplayArea_d0@215174188 flags=0x0}
01-25 19:01:30.228  2421  6952 D ChangeTransitionController:    ChangeInfo{6f66365 container=Task{d17c539 #1 type=home} flags=0x10}
01-25 19:01:30.228  2421  6952 D ChangeTransitionController:    ChangeInfo{63273cc container=Display{#0 state=ON size=1440x3120 ROTATION_0} flags=0x0}
01-25 19:01:30.228  2421  6952 D ChangeTransitionController:    ChangeInfo{e4f483a container=RemoteWallpaperAnim:1:1@223049196 flags=0x0}
01-25 19:01:30.228  2421  6952 D ChangeTransitionController:    ChangeInfo{69f9ceb container=ActivityRecord{229424348 u0 com.sec.android.app.launcher/.activities.LauncherActivity t8} flags=0x0}
01-25 19:01:30.228  2421  6952 D ChangeTransitionController: ]
01-25 19:01:30.228  2421  6952 D ChangeTransitionController: }
01-25 19:01:30.228  2421  6952 V WindowManager: Finish Transition: TransitionRecord{b46b386 id=684 type=CLOSE flags=0x10 c=[
01-25 19:01:30.228  2421  6952 V WindowManager:    ChangeInfo{ce3fd1 container=Task{26630e3 #8 type=home I=com.sec.android.app.launcher/.activities.LauncherActivity} flags=0x30}
01-25 19:01:30.228  2421  6952 V WindowManager:    ChangeInfo{be90a36 container=WallpaperWindowToken{5cc8a37 showWhenLocked=true}_<lock> flags=0x0}
01-25 19:01:30.228  2421  6952 V WindowManager:    ChangeInfo{f19fd37 container=ActivityRecord{194550561 u0 com.ogabassey.contactscleaner.debug/com.ogabassey.contactscleaner.MainActivity t13850 f} isExiting} flags=0x0}
01-25 19:01:30.228  2421  6952 V WindowManager:    ChangeInfo{8c1c2a4 container=Task{bc44b46 #13850 type=standard A=10245:com.ogabassey.contactscleaner.debug} flags=0x10}
01-25 19:01:30.228  2421  6952 V WindowManager:    ChangeInfo{2a6080d container=DefaultTaskDisplayArea_d0@215174188 flags=0x0}
01-25 19:01:30.228  2421  6952 V WindowManager:    ChangeInfo{e3393c2 container=Task{d17c539 #1 type=home} flags=0x30}
01-25 19:01:30.228  2421  6952 V WindowManager:    ChangeInfo{d0735d3 container=Display{#0 state=ON size=1440x3120 ROTATION_0} flags=0x0}
01-25 19:01:30.228  2421  6952 V WindowManager:    ChangeInfo{2aa6510 container=RemoteWallpaperAnim:1:1@223049196 flags=0x0}
01-25 19:01:30.228  2421  6952 V WindowManager:    ChangeInfo{7b81809 container=ActivityRecord{229424348 u0 com.sec.android.app.launcher/.activities.LauncherActivity t8} flags=0x0}
01-25 19:01:30.228  2421  6952 V WindowManager: ]
01-25 19:01:30.228  2421  6952 V WindowManager: }, caller=com.android.server.wm.WindowOrganizerController.finishTransitionInner:31 com.android.server.wm.WindowOrganizerController.finishAllTransitions:77 android.window.IWindowOrganizerController$Stub.onTransact:283 
01-25 19:01:30.228  1888  3094 I SurfaceFlinger: id=7611 Removed d522981 com.ogabassey.contactscleaner.debug/com.ogabassey.contactscleaner.MainActivity#7611 (260)
01-25 19:01:30.229  2421  2948 V WindowManager: Finish Transition (#684): created at 01-25 19:01:29.453 collect-started=0.163ms request-sent=0.345ms started=2.831ms ready=30.067ms sent=31.604ms commit=9.031ms finished=775.8ms
01-25 19:01:30.229  2421  6952 D PersonaActivityHelper: token.toString()  Token{fa79107 ActivityRecord{194550561 u0 com.ogabassey.contactscleaner.debug/com.ogabassey.contactscleaner.MainActivity t13850 f} isExiting}}
01-25 19:01:30.229  2421  6952 D PersonaActivityHelper: mLastResumedSFActivity getPackageName  com.android.settings
01-25 19:01:30.229  2421  6952 D PersonaActivityHelper: mLastResumedSFActivity getShortClassName  .SubSettings
01-25 19:01:30.229  2421  6952 D PersonaActivityHelper: token.toString()  Token{afa2ae0 ActivityRecord{229424348 u0 com.sec.android.app.launcher/.activities.LauncherActivity t8}}
01-25 19:01:30.229  2421  6952 D PersonaActivityHelper: mLastResumedSFActivity getPackageName  com.android.settings
01-25 19:01:30.229  2421  6952 D PersonaActivityHelper: mLastResumedSFActivity getShortClassName  .SubSettings
01-25 19:01:30.229  4669  4669 I HoneySpace.Launcher: onEnterAnimationComplete
01-25 19:01:30.229  1888  3093 I SurfaceFlinger: id=7609 Removed c34d2b ActivityRecordInputSink com.ogabassey.contactscleaner.debug/com.ogabassey.contactscleaner.MainActivity#7609 (260)
01-25 19:01:30.229  1888  3093 I SurfaceFlinger: id=7615 createSurf, flag=24004, Task=13850#7615
01-25 19:01:30.230  2421  6952 D ChangeTransitionController: onTransitionFinished: TransitionRecord{b46b386 id=684 type=CLOSE flags=0x10 c=[
01-25 19:01:30.230  2421  6952 D ChangeTransitionController:    ChangeInfo{ce3fd1 container=Task{26630e3 #8 type=home I=com.sec.android.app.launcher/.activities.LauncherActivity} flags=0x30}
01-25 19:01:30.230  2421  6952 D ChangeTransitionController:    ChangeInfo{be90a36 container=WallpaperWindowToken{5cc8a37 showWhenLocked=true}_<lock> flags=0x0}
01-25 19:01:30.230  2421  6952 D ChangeTransitionController:    ChangeInfo{f19fd37 container=ActivityRecord{194550561 u0 com.ogabassey.contactscleaner.debug/com.ogabassey.contactscleaner.MainActivity t-1 f}} flags=0x0}
01-25 19:01:30.230  2421  6952 D ChangeTransitionController:    ChangeInfo{8c1c2a4 container=Task{bc44b46 #13850 type=standard A=10245:com.ogabassey.contactscleaner.debug} flags=0x10}
01-25 19:01:30.230  2421  6952 D ChangeTransitionController:    ChangeInfo{2a6080d container=DefaultTaskDisplayArea_d0@215174188 flags=0x0}
01-25 19:01:30.230  2421  6952 D ChangeTransitionController:    ChangeInfo{e3393c2 container=Task{d17c539 #1 type=home} flags=0x30}
01-25 19:01:30.230  2421  6952 D ChangeTransitionController:    ChangeInfo{d0735d3 container=Display{#0 state=ON size=1440x3120 ROTATION_0} flags=0x0}
01-25 19:01:30.230  2421  6952 D ChangeTransitionController:    ChangeInfo{2aa6510 container=RemoteWallpaperAnim:1:1@223049196 flags=0x0}
01-25 19:01:30.230  2421  6952 D ChangeTransitionController:    ChangeInfo{7b81809 container=ActivityRecord{229424348 u0 com.sec.android.app.launcher/.activities.LauncherActivity t8} flags=0x0}
01-25 19:01:30.230  2421  6952 D ChangeTransitionController: ]
01-25 19:01:30.230  2421  6952 D ChangeTransitionController: }
01-25 19:01:30.230  4018  4117 V WindowManagerShell: Track 0 became idle
01-25 19:01:30.230  4018  4117 V WindowManagerShell: All active transition animations finished
01-25 19:01:30.230  2421  2952 D SurfaceComposerClient: setCornerRadius ## f2b6b97 com.sec.android.app.launcher/com.sec.android.app.launcher.activities.LauncherActivity#126 cornerRadius=0.000000
01-25 19:01:30.230  4018  4117 V ShellDesktopMode: Task Vanished: #13850 closed=true
01-25 19:01:30.231  4669  4669 I HoneySpace.TaskStackChangeRepositoryImpl: onTaskRemoved : 13850
01-25 19:01:30.231  4669 26860 I HoneySpace.RecentTasks: onRunningTaskVanished
01-25 19:01:30.231  4669  4669 I HoneySpace.TaskStackChangeRepositoryImpl: onTaskRemoved : 13850
01-25 19:01:30.231  4669 26860 I HoneySpace.RecentTasks: onRecentTasksChanged
01-25 19:01:30.231  4669  4669 I HoneySpace.TaskListViewModel[195850066]: taskRemoveId, 13850
01-25 19:01:30.231  4669  4777 I HoneySpace.TopTaskSource: onTaskRemoved: 13850
01-25 19:01:30.231  4669  4669 W HoneySpace.TaskListViewModel[195850066]: task is already removed: 13850
01-25 19:01:30.231  4669  4669 I HoneySpace.TaskListViewModel[195850066]: taskRemoveId, 13850
01-25 19:01:30.231  4669  4669 W HoneySpace.TaskListViewModel[195850066]: task is already removed: 13850
01-25 19:01:30.231  4669  4777 I HoneySpace.TopTaskSource: onTaskRemoved: 13850
01-25 19:01:30.233  2421  4636 W ParceledListSlice: Element #17 is 22812 bytes.
01-25 19:01:30.233  2421  4636 W ParceledListSlice: Element #20 is 21748 bytes.
01-25 19:01:30.233  1888  1888 I SurfaceFlinger: RequestedLayer [Task=13850#7600] hidden!! flag  from(0) --> to(1)
01-25 19:01:30.233  1888  1888 I SurfaceFlinger: [Display 0 name="Built-in Screen"#49] setFrameRateCategory: Default
01-25 19:01:30.233  1888  1888 I SurfaceFlinger: destroyed Splash Screen com.ogabassey.contactscleaner.debug$_4018#7603 form LifecycleManager
01-25 19:01:30.233  1888  1888 I SurfaceFlinger: destroyed d522981 com.ogabassey.contactscleaner.debug/com.ogabassey.contactscleaner.MainActivity#7611 form LifecycleManager
01-25 19:01:30.233  1888  1888 I SurfaceFlinger: [LayerHierarchy{RequestedLayerState{Task=1#53 parentId=10} 2 children}] reparent to LayerHierarchy{RequestedLayerState{DefaultTaskDisplayArea_d0#10 parentId=9} 29 children}
01-25 19:01:30.233  1888  1888 I SurfaceFlinger: [LayerHierarchy{RequestedLayerState{WallpaperWindowToken{5cc8a37 showWhenLocked=false}#73 parentId=8} 1 children}] reparent to LayerHierarchy{RequestedLayerState{Leaf:1:1#8 parentId=7} 1 children}
01-25 19:01:30.233  1888  1888 I SurfaceFlinger: [LayerHierarchy{RequestedLayerState{Task=13850#7600 parentId=10 z=25} 1 children}] reparent to LayerHierarchy{RequestedLayerState{DefaultTaskDisplayArea_d0#10 parentId=9} 30 children}
01-25 19:01:30.233  1888  1888 I SurfaceFlinger: [Task=13850#7615] attach to parent Root
01-25 19:01:30.233  1888  1888 I SurfaceFlinger: [LayerHierarchy{RequestedLayerState{Transition Root: Task=13850#7604 z=25} 2 children}] reparent to OffscreenRoot
01-25 19:01:30.233  1888  1888 I SurfaceFlinger: [LayerHierarchy{RequestedLayerState{Transition Root: Task=13850#7604 z=25} 2 children}] RelativeParent to null
01-25 19:01:30.233  1888  1888 I SurfaceFlinger: [LayerHierarchy{RequestedLayerState{Transition Root: Task=1#7614} no children}] reparent to OffscreenRoot
01-25 19:01:30.233  1888  1888 I SurfaceFlinger: [LayerHierarchy{RequestedLayerState{Transition Root: Task=1#7614} no children}] RelativeParent to null
01-25 19:01:30.233  4018  4018 D SystemUIService: SYSUI_RAM_OPTIMIZATION onTrimMemory=20
01-25 19:01:30.233  1888  1888 I SurfaceFlinger: id=7603 onLayerDestroyed from LayerHierarchyBuilder(RequestedLayerState{Splash Screen com.ogabassey.contactscleaner.debug$_4018#7603 !handle})
01-25 19:01:30.233  1888  1888 I SurfaceFlinger: id=7611 onLayerDestroyed from LayerHierarchyBuilder(RequestedLayerState{d522981 com.ogabassey.contactscleaner.debug/com.ogabassey.contactscleaner.MainActivity#7611 !handle})
01-25 19:01:30.233  4018  4018 D CentralSurfaces: SYSUI_RAM_OPTIMIZATION onTrimMemory=20
01-25 19:01:30.233  4018  4195 D HWUI    : CacheManager::trimMemory(20)
01-25 19:01:30.234  1888  1888 I Layer   : id=7603 Destroyed Splash Screen com.ogabassey.contactscleaner.debug$_4018#7603
01-25 19:01:30.234  1888  1888 I Layer   : id=7611 Destroyed d522981 com.ogabassey.contactscleaner.debug/com.ogabassey.contactscleaner.MainActivity#7611
01-25 19:01:30.235  1888  1888 I SurfaceFlinger: id=7614 Removed Transition Root: Task=1#7614 (259)
01-25 19:01:30.235  1888  1888 I SurfaceFlinger: id=7604 Removed Transition Root: Task=13850#7604 (259)
01-25 19:01:30.235  1888  1888 I SurfaceFlinger: id=7602 Removed 5de0e93 Splash Screen com.ogabassey.contactscleaner.debug#7602 (259)
01-25 19:01:30.235  2421  2951 I DisplayDeviceRepository: Display device changed render timings: "Built-in Screen", renderFrameRate=120.00001, presentationDeadlineNanos=9333333, appVsyncOffsetNanos=8333333, frameRateOverrides=[]
01-25 19:01:30.235  4669  4669 I HoneySpace.FloatingFinishHelper: finishInProgress: false
01-25 19:01:30.236  4669 29907 I HoneySpace.Memory-Monitor: current state = 2, didTrim = false
01-25 19:01:30.236  4018  4148 D StackScroller: onDisplayChanged for predraw skip to 2
01-25 19:01:30.236  4018  4018 D DisplayLifecycle: updateDisplay id = 0
01-25 19:01:30.236  2421  2952 D SurfaceComposerClient: setCornerRadius ## f2b6b97 com.sec.android.app.launcher/com.sec.android.app.launcher.activities.LauncherActivity#126 cornerRadius=0.000000
01-25 19:01:30.237  2421  4636 D WifiDisplayAdapter: isFitToActiveDisplayLocked : false
01-25 19:01:30.241  1888  1888 I SurfaceFlinger: destroyed 5de0e93 Splash Screen com.ogabassey.contactscleaner.debug#7602 form LifecycleManager
01-25 19:01:30.241  1888  1888 I SurfaceFlinger: destroyed Transition Root: Task=1#7614 form LifecycleManager
01-25 19:01:30.242  1888  1888 I SurfaceFlinger: destroyed Surface(name=Task=1)/@0x113d59_transition-leash#7608 form LifecycleManager
01-25 19:01:30.242  1888  1888 I SurfaceFlinger: destroyed Surface(name=Task=13850)/@0x10f66a3_transition-leash#7607 form LifecycleManager
01-25 19:01:30.242  1888  1888 I SurfaceFlinger: destroyed Transition Root: Task=13850#7604 form LifecycleManager
01-25 19:01:30.242  1888  1888 I SurfaceFlinger: [LayerHierarchy{RequestedLayerState{Task=13850#7600 z=25} 1 children}] reparent to OffscreenRoot
01-25 19:01:30.242  1888  1888 I SurfaceFlinger: [LayerHierarchy{RequestedLayerState{Task=13850#7600 z=25} 1 children}] RelativeParent to null
01-25 19:01:30.242  1888  1888 I SurfaceFlinger: [LayerHierarchy{RequestedLayerState{ActivityRecord{194550561 u0 com.ogabassey.contactscleaner.debug/com.ogabassey.contactscleaner.MainActivity t13850}#7601} 1 children}] reparent to OffscreenRoot
01-25 19:01:30.242  1888  1888 I SurfaceFlinger: [LayerHierarchy{RequestedLayerState{ActivityRecord{194550561 u0 com.ogabassey.contactscleaner.debug/com.ogabassey.contactscleaner.MainActivity t13850}#7601} 1 children}] RelativeParent to null
01-25 19:01:30.242  1888  1888 I SurfaceFlinger: [LayerHierarchy{RequestedLayerState{Task=13850#7615 z=25} no children}] reparent to OffscreenRoot
01-25 19:01:30.242  1888  1888 I SurfaceFlinger: [LayerHierarchy{RequestedLayerState{Task=13850#7615 z=25} no children}] RelativeParent to null
01-25 19:01:30.242  1888  1888 I SurfaceFlinger: id=7602 onLayerDestroyed from LayerHierarchyBuilder(RequestedLayerState{5de0e93 Splash Screen com.ogabassey.contactscleaner.debug#7602 !handle z=2147483647})
01-25 19:01:30.242  1888  1888 I SurfaceFlinger: id=7614 onLayerDestroyed from LayerHierarchyBuilder(RequestedLayerState{Transition Root: Task=1#7614 !handle})
01-25 19:01:30.242  1888  1888 I SurfaceFlinger: id=7608 onLayerDestroyed from LayerHierarchyBuilder(RequestedLayerState{Surface(name=Task=1)/@0x113d59_transition-leash#7608 !handle z=1})
01-25 19:01:30.242  1888  1888 I SurfaceFlinger: id=7607 onLayerDestroyed from LayerHierarchyBuilder(RequestedLayerState{Surface(name=Task=13850)/@0x10f66a3_transition-leash#7607 !handle z=4})
01-25 19:01:30.242  1888  1888 I SurfaceFlinger: id=7604 onLayerDestroyed from LayerHierarchyBuilder(RequestedLayerState{Transition Root: Task=13850#7604 !handle z=25})
01-25 19:01:30.242  1888  1888 I Layer   : id=7602 Destroyed 5de0e93 Splash Screen com.ogabassey.contactscleaner.debug#7602
01-25 19:01:30.242  1888  1888 I Layer   : id=7614 Destroyed Transition Root: Task=1#7614
01-25 19:01:30.242  1888  1888 I Layer   : id=7608 Destroyed Surface(name=Task=1)/@0x113d59_transition-leash#7608
01-25 19:01:30.242  1888  1888 I Layer   : id=7607 Destroyed Surface(name=Task=13850)/@0x10f66a3_transition-leash#7607
01-25 19:01:30.242  1888  1888 I Layer   : id=7604 Destroyed Transition Root: Task=13850#7604
01-25 19:01:30.242  1888  1888 I SurfaceFlinger: id=7615 Removed Task=13850#7615 (254)
01-25 19:01:30.242  1888  1888 I SurfaceFlinger: id=7601 Removed ActivityRecord{194550561 u0 com.ogabassey.contactscleaner.debug/com.ogabassey.contactscleaner.MainActivity t13850}#7601 (254)
01-25 19:01:30.250  1888  1888 I SurfaceFlinger: destroyed c34d2b ActivityRecordInputSink com.ogabassey.contactscleaner.debug/com.ogabassey.contactscleaner.MainActivity#7609 form LifecycleManager
01-25 19:01:30.250  1888  1888 I SurfaceFlinger: destroyed ActivityRecord{194550561 u0 com.ogabassey.contactscleaner.debug/com.ogabassey.contactscleaner.MainActivity t13850}#7601 form LifecycleManager
01-25 19:01:30.250  1888  1888 I SurfaceFlinger: destroyed Task=13850#7615 form LifecycleManager
