01-25 19:01:28.822  2421  4675 W ParceledListSlice: Element #17 is 22812 bytes.
01-25 19:01:28.822  2421  4675 W ParceledListSlice: Element #20 is 21748 bytes.
01-25 19:01:28.824 30786 30786 D nativeloader: Load libframework-connectivity-tiramisu-jni.so using APEX ns com_android_tethering for caller /apex/com.android.tethering/javalib/framework-connectivity-t.jar: ok
01-25 19:01:28.827 30786 30786 D ActivityThread: setConscryptValidator
01-25 19:01:28.827 30786 30786 D ActivityThread: setConscryptValidator - put
01-25 19:01:28.827  1888  1888 I SurfaceFlinger: RequestedLayer [5de0e93 Splash Screen com.ogabassey.contactscleaner.debug#7602] hidden!! flag  from(1) --> to(0)
01-25 19:01:28.827  1888  1888 I SurfaceFlinger: RequestedLayer [Splash Screen com.ogabassey.contactscleaner.debug$_4018#7603] hidden!! flag  from(1) --> to(0)
01-25 19:01:28.827  1888  1888 I SurfaceFlinger: RequestedLayer [Task=13850#7600] hidden!! flag  from(1) --> to(0)
01-25 19:01:28.827  1888  1888 I SurfaceFlinger: RequestedLayer [Transition Root: Task=13850#7604] hidden!! flag  from(1) --> to(0)
01-25 19:01:28.827  1888  1888 I SurfaceFlinger: RequestedLayer [ActivityRecord{194550561 u0 com.ogab[...]ctscleaner.MainActivity t13850}#7601] hidden!! flag  from(1) --> to(0)
01-25 19:01:28.827  1888  1888 E SurfaceFlinger: alpha changed 1.000 -> 0.000 - Surface(name=Task=13850)/@0x10f66a3_transition-leash#7607
01-25 19:01:28.827  1888  1888 I SurfaceFlinger: [LayerHierarchy{RequestedLayerState{Task=1#53 parentId=7608} 2 children}] reparent to LayerHierarchy{RequestedLayerState{Surface(name=Task=1)/@0x113d59_transition-leash#7608 parentId=7604 z=1} 1 children}
01-25 19:01:28.827  1888  1888 I SurfaceFlinger: [LayerHierarchy{RequestedLayerState{158d7e1 NavigationBar0#88 parentId=7606} 1 children}] reparent to LayerHierarchy{RequestedLayerState{Surface(name=158d7e1 NavigationBar0)/@0xd1ffe2c - animation-leash of insets_animation#7606 parentId=87} 1 children}
01-25 19:01:28.827  1888  1888 I SurfaceFlinger: [LayerHierarchy{RequestedLayerState{dc6a07f StatusBar#95 parentId=7605} 1 children}] reparent to LayerHierarchy{RequestedLayerState{Surface(name=dc6a07f StatusBar)/@0xc0a3083 - animation-leash of insets_animation#7605 parentId=94} 1 children}
01-25 19:01:28.827  1888  1888 I SurfaceFlinger: [LayerHierarchy{RequestedLayerState{Surface(name=158d7e1 NavigationBar0)/@0xd1ffe2c - animation-leash of insets_animation#7595} no children}] reparent to OffscreenRoot
01-25 19:01:28.827  1888  1888 I SurfaceFlinger: [LayerHierarchy{RequestedLayerState{Surface(name=158d7e1 NavigationBar0)/@0xd1ffe2c - animation-leash of insets_animation#7595} no children}] RelativeParent to null
01-25 19:01:28.827  1888  1888 I SurfaceFlinger: [LayerHierarchy{RequestedLayerState{Surface(name=dc6a07f StatusBar)/@0xc0a3083 - animation-leash of insets_animation#7594} no children}] reparent to OffscreenRoot
01-25 19:01:28.827  1888  1888 I SurfaceFlinger: [LayerHierarchy{RequestedLayerState{Surface(name=dc6a07f StatusBar)/@0xc0a3083 - animation-leash of insets_animation#7594} no children}] RelativeParent to null
01-25 19:01:28.827  1888  1888 I SurfaceFlinger: [LayerHierarchy{RequestedLayerState{Task=13850#7600 parentId=7607} 1 children}] reparent to LayerHierarchy{RequestedLayerState{Surface(name=Task=13850)/@0x10f66a3_transition-leash#7607 parentId=7604 z=4} 1 children}
01-25 19:01:28.827  1888  1888 I SurfaceFlinger: [LayerHierarchy{RequestedLayerState{Surface(name=Task=13850)/@0x10f66a3_transition-leash#7607 parentId=7604 z=4} 1 children}] reparent to LayerHierarchy{RequestedLayerState{Transition Root: Task=13850#7604 parentId=10 z=25} 2 children}
01-25 19:01:28.827  1888  1888 I SurfaceFlinger: [LayerHierarchy{RequestedLayerState{Surface(name=Task=1)/@0x113d59_transition-leash#7608 parentId=7604 z=1} 1 children}] reparent to LayerHierarchy{RequestedLayerState{Transition Root: Task=13850#7604 parentId=10 z=25} 2 children}
01-25 19:01:28.827  1888  1888 I SurfaceFlinger: [c34d2b ActivityRecordInputSink com.ogabassey.contactscleaner.debug/com.ogabassey.contactscleaner.MainActivity#7609] attach to parent LayerHierarchy{RequestedLayerState{ActivityRecord{194550561 u0 com.ogabassey.contactscleaner.debug/com.ogabassey.contactscleaner.MainActivity t13850}#7601 parentId=7600} 2 children}
01-25 19:01:28.828  4669  4669 I HoneySpace.IconView: setIconVisible : visible-false, currentForceHideBadge-false
01-25 19:01:28.828  4669  4669 I HoneySpace.IconView: updateInvisibleState false APP_CLOSING current:0 new:2
01-25 19:01:28.828  4669  4669 I HoneySpace.AppLaunchAnimationDelegate: hasWallpaperFlags:false
01-25 19:01:28.828  4669  4669 I HoneySpace.ContentsAnimator: from : 0.0
01-25 19:01:28.828  4669  4669 I HoneySpace.ContentsAnimator: ContentsAnimator start [154481357]
01-25 19:01:28.828  4669 10334 I HoneySpace.WallpaperAnimator: createWallpaperSurface
01-25 19:01:28.829  2421  2952 I WindowManager: notifyInsetsControlChanged, removed=false, win=Window{5de0e93 u0 Splash Screen com.ogabassey.contactscleaner.debug}, caller=com.android.server.wm.InsetsStateController$$ExternalSyntheticLambda1.run:137 com.android.server.wm.WindowAnimator$$ExternalSyntheticLambda2.onTransactionCommitted:26 android.view.SurfaceControl$Transaction$$ExternalSyntheticLambda4.run:0 android.os.Handler.handleCallback:995 android.os.Handler.dispatchMessage:103 android.os.Looper.loopOnce:273 
01-25 19:01:28.829  2421  4636 I WindowManager: Reparenting to leash, surface=Surface(name=RemoteWallpaperAnim:1:1)/@0xa4d2b18, leashParent=Surface(name=OneHanded:0:14)/@0x28cd971
01-25 19:01:28.829  1888  3094 I SurfaceFlinger: id=7610 createSurf, flag=24000, Surface(name=RemoteWallpaperAnim:1:1)/@0xa4d2b18 - animation-leash of remote_wallpaper#7610
01-25 19:01:28.829  2421  4636 D WindowManager: makeSurface duration=0 leash=Surface(name=Surface(name=RemoteWallpaperAnim:1:1)/@0xa4d2b18 - animation-leash of remote_wallpaper)/@0x8281b54
01-25 19:01:28.829  2421  4636 D WindowManager: startAnimation for remote wallpaper, leash=Surface(name=Surface(name=RemoteWallpaperAnim:1:1)/@0xa4d2b18 - animation-leash of remote_wallpaper)/@0x8281b54
01-25 19:01:28.829  4018  4134 I VRI[debug]@d4edcec: onActiveControlsChanged, removed=false, mAdded=true, caller=android.view.ViewRootImpl.handleInsetsControlChanged:3002 android.view.ViewRootImpl$ViewRootHandler.handleMessageImpl:8352 android.view.ViewRootImpl$ViewRootHandler.handleMessage:8301 android.os.Handler.dispatchMessage:110 android.os.Looper.loopOnce:273 
01-25 19:01:28.829  2421  4636 D WindowManager: startRemoteWallpaperAnimation, d=0, leash=Surface(name=Surface(name=RemoteWallpaperAnim:1:1)/@0xa4d2b18 - animation-leash of remote_wallpaper)/@0x8281b54
01-25 19:01:28.829  4018  4134 I InsetsSourceConsumer: applyRequestedVisibilityToControl: visible=true, type=statusBars, host=Splash Screen com.ogabassey.contactscleaner.debug
01-25 19:01:28.830  4018  4134 I InsetsSourceConsumer: applyRequestedVisibilityToControl: visible=true, type=navigationBars, host=Splash Screen com.ogabassey.contactscleaner.debug
01-25 19:01:28.835  1888  1888 I SurfaceFlinger: [Surface(name=RemoteWallpaperAnim:1:1)/@0xa4d2b18 - animation-leash of remote_wallpaper#7610] attach to parent LayerHierarchy{RequestedLayerState{OneHanded:0:14#4 parentId=3} 4 children}
01-25 19:01:28.835  4669  4669 I HoneySpace.FloatingAnimator: [Player:A(28.787)] container x: 96.895004, y: 1434.6105, scale : 0.21344672
01-25 19:01:28.836  2421  2952 I SurfaceControl: apply, lowDebugName=startRemoteWallpaperAnimation_140471037, caller=android.view.SurfaceControl$Transaction.apply:3447 android.view.SurfaceControl$Transaction.apply:3397 com.android.server.wm.WindowAnimator.animate:307 com.android.server.wm.WindowAnimator$$ExternalSyntheticLambda1.doFrame:14 android.view.Choreographer$CallbackRecord.run:1899 android.view.Choreographer$CallbackRecord.run:1910 
01-25 19:01:28.836  1888  5024 I SurfaceFlinger: id=7594 Removed Surface(name=dc6a07f StatusBar)/@0xc0a3083 - animation-leash of insets_animation#7594 (260)
01-25 19:01:28.836  1888  5024 I SurfaceFlinger: id=7595 Removed Surface(name=158d7e1 NavigationBar0)/@0xd1ffe2c - animation-leash of insets_animation#7595 (260)
01-25 19:01:28.836  4669  7188 I VRI[LauncherActivity]@ac9c2e6: mWNT: t=0xb40000735db7c150 mBlastBufferQueue=0xb4000074fdb91dd0 fn= 282 HdrRenderState mRenderHdrSdrRatio=1.0 caller= com.android.systemui.shared.launcher.ViewRootImplCompat.mergeWithNextTransaction:4 com.honeyspace.transition.utils.SurfaceTransactionApplier.scheduleApply$lambda$1:16 com.honeyspace.transition.utils.SurfaceTransactionApplier.b:0 
01-25 19:01:28.844  1888  1888 I SurfaceFlinger: destroyed Surface(name=158d7e1 NavigationBar0)/@0xd1ffe2c - animation-leash of insets_animation#7595 form LifecycleManager
01-25 19:01:28.844  1888  1888 I SurfaceFlinger: destroyed Surface(name=dc6a07f StatusBar)/@0xc0a3083 - animation-leash of insets_animation#7594 form LifecycleManager
01-25 19:01:28.844  1888  1888 I SurfaceFlinger: [LayerHierarchy{RequestedLayerState{RemoteWallpaperAnim:1:1#7 parentId=7610 z=1} 1 children}] reparent to LayerHierarchy{RequestedLayerState{Surface(name=RemoteWallpaperAnim:1:1)/@0xa4d2b18 - animation-leash of remote_wallpaper#7610 parentId=4} 1 children}
01-25 19:01:28.844  1888  1888 I SurfaceFlinger: id=7595 onLayerDestroyed from LayerHierarchyBuilder(RequestedLayerState{Surface(name=158d7e1 NavigationBar0)/@0xd1ffe2c - animation-leash of insets_animation#7595 !handle})
01-25 19:01:28.844  1888  1888 I SurfaceFlinger: id=7594 onLayerDestroyed from LayerHierarchyBuilder(RequestedLayerState{Surface(name=dc6a07f StatusBar)/@0xc0a3083 - animation-leash of insets_animation#7594 !handle})
01-25 19:01:28.844  4669  4669 I HoneySpace.FloatingAnimator: [Player:A(28.787)] container x: 89.83282, y: 1330.0491, scale : 0.27077457
01-25 19:01:28.844  1888  1888 I Layer   : id=7595 Destroyed Surface(name=158d7e1 NavigationBar0)/@0xd1ffe2c - animation-leash of insets_animation#7595
01-25 19:01:28.844  1888  1888 I Layer   : id=7594 Destroyed Surface(name=dc6a07f StatusBar)/@0xc0a3083 - animation-leash of insets_animation#7594
01-25 19:01:28.844  4669  7187 I VRI[LauncherActivity]@ac9c2e6: mWNT: t=0xb40000735db7f5d0 mBlastBufferQueue=0xb4000074fdb91dd0 fn= 283 HdrRenderState mRenderHdrSdrRatio=1.0 caller= com.android.systemui.shared.launcher.ViewRootImplCompat.mergeWithNextTransaction:4 com.honeyspace.transition.utils.SurfaceTransactionApplier.scheduleApply$lambda$1:16 com.honeyspace.transition.utils.SurfaceTransactionApplier.b:0 
01-25 19:01:28.844  2421  2951 D WindowManager: mRunner#onAnimationStart for remote wallpaper=[android.view.RemoteAnimationTarget@d9b80ec], transaction=startRemoteWallpaperAnimation_140471037
01-25 19:01:28.844  4669 23413 I HoneySpace.WallpaperAnimator: onAnimationStart, wallpapers: Surface(name=Surface(name=RemoteWallpaperAnim:1:1)/@0xa4d2b18 - animation-leash of remote_wallpaper)/@0xfa0d7fc
01-25 19:01:28.844  4669  4669 I HoneySpace.WallpaperAnimator: startWallpaperAnimation, isOpen-true, from:1.0, to:1.3, duration:800
01-25 19:01:28.844  4669  4669 I HoneySpace.WallpaperAnimator: wallpaper animation start [36892293]
01-25 19:01:28.852  1888  1888 E SurfaceFlinger: alpha changed 0.000 -> 0.681 - Surface(name=Task=13850)/@0x10f66a3_transition-leash#7607
01-25 19:01:28.852  4669  4669 I HoneySpace.FloatingAnimator: [Player:A(28.787)] container x: 83.34892, y: 1234.0496, scale : 0.32340813
01-25 19:01:28.852  4669  7188 I VRI[LauncherActivity]@ac9c2e6: mWNT: t=0xb40000735db66510 mBlastBufferQueue=0xb4000074fdb91dd0 fn= 284 HdrRenderState mRenderHdrSdrRatio=1.0 caller= com.android.systemui.shared.launcher.ViewRootImplCompat.mergeWithNextTransaction:4 com.honeyspace.transition.utils.SurfaceTransactionApplier.scheduleApply$lambda$1:16 com.honeyspace.transition.utils.SurfaceTransactionApplier.b:0 
01-25 19:01:28.853  1757 30793 I HYPER-HAL: [RequestManager.cpp]releaseLocked(): Released ID : 9995395
01-25 19:01:28.854  1888  1888 D SurfaceFlinger: Display 4630947191136750483 HWC layers:
01-25 19:01:28.854  1888  1888 D SurfaceFlinger:        CLIENT |           17957258272793 | 00000100 | 0x7fa30c09   |    0.0    0.0 1440.0 3120.0 |    0    0 1440 3120 | Wallpaper BBQ wrapper 7_systemlock#76 (7521)
01-25 19:01:28.854  1888  1888 D SurfaceFlinger:        CLIENT |           20053202306335 | 00002100 | RGBA_8888    |    0.0    0.0 1440.0 3120.0 |    0    0 1440 3120 | com.sec.android.app.launcher/com.sec[...]tivities.LauncherActivity$_4669#7573 (blurRegions) (283)
01-25 19:01:28.854  1888  1888 D SurfaceFlinger:        CLIENT |           17257178598836 | 00002100 | RGBA_8888    |    0.0   99.0 1440.0 2332.0 |   90 1330  480 1935 | Splash Screen com.ogabassey.contactscleaner.debug$_4018#7603 (1)
01-25 19:01:28.854  1888  1888 D SurfaceFlinger:        DEVICE |           17257178598759 | 00002100 | RGBA_8888    |    0.0    0.0 1440.0  113.0 |    0    0 1440  113 | StatusBar$_4018#106 (8323)
01-25 19:01:28.854  1888  1888 D SurfaceFlinger:        DEVICE |           20053202306317 | 00002100 | RGBA_8888    |    0.0    0.0   67.0  450.0 |    0  680   67 1130 | com.sec.android.app.launcher/com.sam[...]el.app.CocktailBarService$_4669#7446 (1)
01-25 19:01:28.854  1888  1888 D SurfaceFlinger:        DEVICE |           17257178598776 | 00002100 | RGBA_88
01-25 19:01:28.854  1888  1888 D SurfaceFlinger: 88    |    0.0    0.0 1440.0  180.0 |    0 2940 1440 3120 | NavigationBar0$_4018#102 (12614)
01-25 19:01:28.854  1888  1888 D SurfaceFlinger: 
01-25 19:01:28.855  1868  1918 E HeatmapThread: ECT Thread time in milliseconds: 1769364088
01-25 19:01:28.856  1868  1918 D HeatmapThread: !@ batteryplugType : 2
01-25 19:01:28.856  1868  1918 D HeatmapThread: !@ batteryLevel : 53  batteryTemperature : 404 
01-25 19:01:28.856  1868  1918 D HeatmapThread: !@ Heatmap currtime: 29489401
01-25 19:01:28.856  1868  1918 D HeatmapThread: !@ Heatmap prevtime: 29489400
01-25 19:01:28.856  1868  1918 D HeatmapThread: !@ Heatmap plugstarttime: 29489360
01-25 19:01:28.856  1868  1918 D HeatmapThread: !@ Heatmap prevv_dsoh_update_time: 29489322
01-25 19:01:28.856  1868  1918 E HeatmapThread: !@ CAM New BSOH: 100
01-25 19:01:28.860  4669  4669 I HoneySpace.FloatingAnimator: [Player:A(28.787)] container x: 76.676254, y: 1135.2552, scale : 0.3775741
01-25 19:01:28.861  4669  7187 I VRI[LauncherActivity]@ac9c2e6: mWNT: t=0xb40000735dad0950 mBlastBufferQueue=0xb4000074fdb91dd0 fn= 285 HdrRenderState mRenderHdrSdrRatio=1.0 caller= com.android.systemui.shared.launcher.ViewRootImplCompat.mergeWithNextTransaction:4 com.honeyspace.transition.utils.SurfaceTransactionApplier.scheduleApply$lambda$1:16 com.honeyspace.transition.utils.SurfaceTransactionApplier.b:0 
01-25 19:01:28.869  4669  4669 I HoneySpace.FloatingAnimator: [Player:A(28.787)] container x: 68.98997, y: 1021.4534, scale : 0.43996814
01-25 19:01:28.869  4669  7188 I VRI[LauncherActivity]@ac9c2e6: mWNT: t=0xb40000735db9c750 mBlastBufferQueue=0xb4000074fdb91dd0 fn= 286 HdrRenderState mRenderHdrSdrRatio=1.0 caller= com.android.systemui.shared.launcher.ViewRootImplCompat.mergeWithNextTransaction:4 com.honeyspace.transition.utils.SurfaceTransactionApplier.scheduleApply$lambda$1:16 com.honeyspace.transition.utils.SurfaceTransactionApplier.b:0 
01-25 19:01:28.877  4669  4669 I HoneySpace.FloatingAnimator: [Player:A(28.787)] container x: 62.11098, y: 919.6043, scale : 0.49580896
01-25 19:01:28.877  4669  7187 I VRI[LauncherActivity]@ac9c2e6: mWNT: t=0xb40000735dad0090 mBlastBufferQueue=0xb4000074fdb91dd0 fn= 287 HdrRenderState mRenderHdrSdrRatio=1.0 caller= com.android.systemui.shared.launcher.ViewRootImplCompat.mergeWithNextTransaction:4 com.honeyspace.transition.utils.SurfaceTransactionApplier.scheduleApply$lambda$1:16 com.honeyspace.transition.utils.SurfaceTransactionApplier.b:0 
01-25 19:01:28.879  1888  2245 I CompositionEngine: [setDisplaySize] size=(579, 56)
01-25 19:01:28.885  4669  4669 I HoneySpace.FloatingAnimator: [Player:A(28.787)] container x: 55.338326, y: 819.3296, scale : 0.55078655
01-25 19:01:28.886  4669  7188 I VRI[LauncherActivity]@ac9c2e6: mWNT: t=0xb40000735db5a490 mBlastBufferQueue=0xb4000074fdb91dd0 fn= 288 HdrRenderState mRenderHdrSdrRatio=1.0 caller= com.android.systemui.shared.launcher.ViewRootImplCompat.mergeWithNextTransaction:4 com.honeyspace.transition.utils.SurfaceTransactionApplier.scheduleApply$lambda$1:16 com.honeyspace.transition.utils.SurfaceTransactionApplier.b:0 
01-25 19:01:28.893  4669  4669 I HoneySpace.FloatingAnimator: [Player:A(28.787)] container x: 48.07595, y: 711.80414, scale : 0.6097394
01-25 19:01:28.894  4669  7187 I VRI[LauncherActivity]@ac9c2e6: mWNT: t=0xb40000735daff2d0 mBlastBufferQueue=0xb4000074fdb91dd0 fn= 289 HdrRenderState mRenderHdrSdrRatio=1.0 caller= com.android.systemui.shared.launcher.ViewRootImplCompat.mergeWithNextTransaction:4 com.honeyspace.transition.utils.SurfaceTransactionApplier.scheduleApply$lambda$1:16 com.honeyspace.transition.utils.SurfaceTransactionApplier.b:0 
01-25 19:01:28.897  7442  7442 I bpas    : onPause
01-25 19:01:28.898  4669 29905 I HoneySpace.RecentTasks: onRecentTasksChanged
01-25 19:01:28.898  7026  7389 I SDHMS:k : onTaskStackChanged
01-25 19:01:28.898  7026  7410 I SDHMS:k : no app is Resumed!!! mResumedPackages.size = 0
01-25 19:01:28.900  2421  4636 W ParceledListSlice: Element #17 is 22812 bytes.
01-25 19:01:28.900  2421  4636 W ParceledListSlice: Element #20 is 21748 bytes.
01-25 19:01:28.902  4669  4669 I HoneySpace.FloatingAnimator: [Player:A(28.787)] container x: 42.349953, y: 627.026, scale : 0.6562207
01-25 19:01:28.902  4669  7188 I VRI[LauncherActivity]@ac9c2e6: mWNT: t=0xb40000735dabd710 mBlastBufferQueue=0xb4000074fdb91dd0 fn= 290 HdrRenderState mRenderHdrSdrRatio=1.0 caller= com.android.systemui.shared.launcher.ViewRootImplCompat.mergeWithNextTransaction:4 com.honeyspace.transition.utils.SurfaceTransactionApplier.scheduleApply$lambda$1:16 com.honeyspace.transition.utils.SurfaceTransactionApplier.b:0 
01-25 19:01:28.910  4669  4669 I HoneySpace.FloatingAnimator: [Player:A(28.787)] container x: 36.883175, y: 546.0859, scale : 0.7005977
01-25 19:01:28.911  4669  7187 I VRI[LauncherActivity]@ac9c2e6: mWNT: t=0xb40000735dadc2d0 mBlastBufferQueue=0xb4000074fdb91dd0 fn= 291 HdrRenderState mRenderHdrSdrRatio=1.0 caller= com.android.systemui.shared.launcher.ViewRootImplCompat.mergeWithNextTransaction:4 com.honeyspace.transition.utils.SurfaceTransactionApplier.scheduleApply$lambda$1:16 com.honeyspace.transition.utils.SurfaceTransactionApplier.b:0 
01-25 19:01:28.918  4669  4669 I HoneySpace.FloatingAnimator: [Player:A(28.787)] container x: 32.02571, y: 474.16708, scale : 0.74002856
01-25 19:01:28.919  4669  7188 I VRI[LauncherActivity]@ac9c2e6: mWNT: t=0xb40000735db45d50 mBlastBufferQueue=0xb4000074fdb91dd0 fn= 292 HdrRenderState mRenderHdrSdrRatio=1.0 caller= com.android.systemui.shared.launcher.ViewRootImplCompat.mergeWithNextTransaction:4 com.honeyspace.transition.utils.SurfaceTransactionApplier.scheduleApply$lambda$1:16 com.honeyspace.transition.utils.SurfaceTransactionApplier.b:0 
01-25 19:01:28.927  4669  4669 I HoneySpace.FloatingAnimator: [Player:A(28.787)] container x: 27.853329, y: 412.3915, scale : 0.7738983
01-25 19:01:28.927  4669  7187 I VRI[LauncherActivity]@ac9c2e6: mWNT: t=0xb40000735db6c8d0 mBlastBufferQueue=0xb4000074fdb91dd0 fn= 293 HdrRenderState mRenderHdrSdrRatio=1.0 caller= com.android.systemui.shared.launcher.ViewRootImplCompat.mergeWithNextTransaction:4 com.honeyspace.transition.utils.SurfaceTransactionApplier.scheduleApply$lambda$1:16 com.honeyspace.transition.utils.SurfaceTransactionApplier.b:0 
01-25 19:01:28.935  4669  4669 I HoneySpace.FloatingAnimator: [Player:A(28.787)] container x: 24.911774, y: 368.83936, scale : 0.79777664
01-25 19:01:28.935  4669  7188 I VRI[LauncherActivity]@ac9c2e6: mWNT: t=0xb40000735db78e90 mBlastBufferQueue=0xb4000074fdb91dd0 fn= 294 HdrRenderState mRenderHdrSdrRatio=1.0 caller= com.android.systemui.shared.launcher.ViewRootImplCompat.mergeWithNextTransaction:4 com.honeyspace.transition.utils.SurfaceTransactionApplier.scheduleApply$lambda$1:16 com.honeyspace.transition.utils.SurfaceTransactionApplier.b:0 
01-25 19:01:28.943  4669  4669 I HoneySpace.FloatingAnimator: [Player:A(28.787)] container x: 21.602518, y: 319.8431, scale : 0.82463974
01-25 19:01:28.944  4669  7187 I VRI[LauncherActivity]@ac9c2e6: mWNT: t=0xb40000735dac95d0 mBlastBufferQueue=0xb4000074fdb91dd0 fn= 295 HdrRenderState mRenderHdrSdrRatio=1.0 caller= com.android.systemui.shared.launcher.ViewRootImplCompat.mergeWithNextTransaction:4 com.honeyspace.transition.utils.SurfaceTransactionApplier.scheduleApply$lambda$1:16 com.honeyspace.transition.utils.SurfaceTransactionApplier.b:0 
01-25 19:01:28.952  4669  4669 I HoneySpace.FloatingAnimator: [Player:A(28.787)] container x: 19.40645, y: 287.3285, scale : 0.8424665
01-25 19:01:28.952  4669  7188 I VRI[LauncherActivity]@ac9c2e6: mWNT: t=0xb40000735db578d0 mBlastBufferQueue=0xb4000074fdb91dd0 fn= 296 HdrRenderState mRenderHdrSdrRatio=1.0 caller= com.android.systemui.shared.launcher.ViewRootImplCompat.mergeWithNextTransaction:4 com.honeyspace.transition.utils.SurfaceTransactionApplier.scheduleApply$lambda$1:16 com.honeyspace.transition.utils.SurfaceTransactionApplier.b:0 
01-25 19:01:28.960  4669  4669 I HoneySpace.FloatingAnimator: [Player:A(28.787)] container x: 17.445047, y: 258.28833, scale : 0.85838836
01-25 19:01:28.960  4669  7187 I VRI[LauncherActivity]@ac9c2e6: mWNT: t=0xb40000735dad3890 mBlastBufferQueue=0xb4000074fdb91dd0 fn= 297 HdrRenderState mRenderHdrSdrRatio=1.0 caller= com.android.systemui.shared.launcher.ViewRootImplCompat.mergeWithNextTransaction:4 com.honeyspace.transition.utils.SurfaceTransactionApplier.scheduleApply$lambda$1:16 com.honeyspace.transition.utils.SurfaceTransactionApplier.b:0 
01-25 19:01:28.969  4669  4669 I HoneySpace.FloatingAnimator: [Player:A(28.787)] container x: 15.238475, y: 225.6182, scale : 0.8763004
01-25 19:01:28.969  4669  7188 I VRI[LauncherActivity]@ac9c2e6: mWNT: t=0xb40000735daea9d0 mBlastBufferQueue=0xb4000074fdb91dd0 fn= 298 HdrRenderState mRenderHdrSdrRatio=1.0 caller= com.android.systemui.shared.launcher.ViewRootImplCompat.mergeWithNextTransaction:4 com.honeyspace.transition.utils.SurfaceTransactionApplier.scheduleApply$lambda$1:16 com.honeyspace.transition.utils.SurfaceTransactionApplier.b:0 
01-25 19:01:28.973  1751 29850 I sensors-hal: handle_sns_std_sensor_event:90, light_cct: ts = 14460760947805 ns; value = [0, 0, 37, 36, 0, 31, 0, 0, 224, 0]
01-25 19:01:28.977  4669  4669 I HoneySpace.FloatingAnimator: [Player:A(28.787)] container x: 13.960419, y: 206.69551, scale : 0.8866751
01-25 19:01:28.977  4669  7187 I VRI[LauncherActivity]@ac9c2e6: mWNT: t=0xb40000735dad4850 mBlastBufferQueue=0xb4000074fdb91dd0 fn= 299 HdrRenderState mRenderHdrSdrRatio=1.0 caller= com.android.systemui.shared.launcher.ViewRootImplCompat.mergeWithNextTransaction:4 com.honeyspace.transition.utils.SurfaceTransactionApplier.scheduleApply$lambda$1:16 com.honeyspace.transition.utils.SurfaceTransactionApplier.b:0 
01-25 19:01:28.979  1888  2245 I CompositionEngine: [setDisplaySize] size=(579, 56)
01-25 19:01:28.985  4669  4669 I HoneySpace.FloatingAnimator: [Player:A(28.787)] container x: 12.698766, y: 188.0157, scale : 0.8969167
01-25 19:01:28.986  4669  7188 I VRI[LauncherActivity]@ac9c2e6: mWNT: t=0xb40000735db5f510 mBlastBufferQueue=0xb4000074fdb91dd0 fn= 300 HdrRenderState mRenderHdrSdrRatio=1.0 caller= com.android.systemui.shared.launcher.ViewRootImplCompat.mergeWithNextTransaction:4 com.honeyspace.transition.utils.SurfaceTransactionApplier.scheduleApply$lambda$1:16 com.honeyspace.transition.utils.SurfaceTransactionApplier.b:0 
01-25 19:01:28.987  1757 30788 I HYPER-HAL: [RequestManager.cpp]releaseLocked(): Released ID : 10911458
01-25 19:01:28.994  4669  4669 I HoneySpace.FloatingAnimator: [Player:A(28.787)] container x: 11.279402, y: 167.00085, scale : 0.90843844
01-25 19:01:28.994  4669  7187 I VRI[LauncherActivity]@ac9c2e6: mWNT: t=0xb40000735db05850 mBlastBufferQueue=0xb4000074fdb91dd0 fn= 301 HdrRenderState mRenderHdrSdrRatio=1.0 caller= com.android.systemui.shared.launcher.ViewRootImplCompat.mergeWithNextTransaction:4 com.honeyspace.transition.utils.SurfaceTransactionApplier.scheduleApply$lambda$1:16 com.honeyspace.transition.utils.SurfaceTransactionApplier.b:0 
01-25 19:01:29.002  4669  4669 I HoneySpace.FloatingAnimator: [Player:A(28.787)] container x: 10.243669, y: 151.66597, scale : 0.9168462
01-25 19:01:29.002  4669  7188 I VRI[LauncherActivity]@ac9c2e6: mWNT: t=0xb40000735db75690 mBlastBufferQueue=0xb4000074fdb91dd0 fn= 302 HdrRenderState mRenderHdrSdrRatio=1.0 caller= com.android.systemui.shared.launcher.ViewRootImplCompat.mergeWithNextTransaction:4 com.honeyspace.transition.utils.SurfaceTransactionApplier.scheduleApply$lambda$1:16 com.honeyspace.transition.utils.SurfaceTransactionApplier.b:0 
01-25 19:01:29.004  1786  1907 E BatteryDump: !@new_battery_dump : 3936,548,1200,1800,53,406,370,505,406,0,422,505,0,Charging,NO_CHARGING,Normal,Good,PDIC,0,Normal,0,0,8787,0x0,0x10000,0x0,0,0,946,v0002,0000,0000,ffff0700,0,0,0,0,412,3915,5274,991,0,
01-25 19:01:29.005  2421  4636 D [SS]BattFunctions: [sendRemainingChargingTimeChangedIntent]remainingChargingTime:3676 ,mLastRemainingChargingTime:3683
01-25 19:01:29.005  1788  1788 I seh_thermal_service: getTemperaturesWithType SehTemperatureType: 3
01-25 19:01:29.005  1786  1786 I sehhealth-service: updateLrpSysfs: write: 423
01-25 19:01:29.006  4018  4018 I AODBatteryManager: updateBatteryData: ACTION_BATTERY_CHANGED: false, isSleepModeChanged:false ,isRemainingTimeChanged: true, isUSBRestriction: false
01-25 19:01:29.006  4018  4018 I ChargingInfoManager: updateChargingInfo: newState = AOD ChargingInfo [mState=BATTERY_AND_REMAIN_TIME, mIsCharging=true, mIsPlugged=true, mIsFullyCharged=false, mIsBatteryProtectMode=false, mBetteryLevel=53, mBetteryProtectModeType0, mIsSlowChargingfalse], oldState = AOD ChargingInfo [mState=BATTERY_AND_REMAIN_TIME, mIsCharging=true, mIsPlugged=true, mIsFullyCharged=false, mIsBatteryProtectMode=false, mBetteryLevel=53, mBetteryProtectModeType0, mIsSlowChargingfalse]
01-25 19:01:29.006  4018  4018 D PowerUI : Remaining charging time : 3676
01-25 19:01:29.006  4018  4018 D PowerUI : Charging time is changed, check charging notification
01-25 19:01:29.007  4018  4018 D PowerUI.Notification: showChargingNotice - Battery Level : 53 -> 53, Charging Type : 11 -> 11, Charging Time : 3683 -> 3676, Maximum protection : false -> false, Maximum threshold : 80 -> 80
01-25 19:01:29.008  4018  4018 I NotificationManager: com.android.systemui: notify(2131364006, charging_state, Notification(channel=CHR shortcut=null contentView=null vibrate=null sound=null defaults=0 flags=ONGOING_EVENT|ONLY_ALERT_ONCE color=0x00000000 category=sys groupKey=CHARGING vis=PUBLIC semFlags=0x0 semPriority=0 semMissedCount=0)) as user
01-25 19:01:29.008  2421  4636 W PermissionService: getPermissionFlags: Unknown user -1
01-25 19:01:29.008  2421  4636 W PermissionService: getPermissionFlags: Unknown user -1
01-25 19:01:29.010  4669  4669 I HoneySpace.FloatingAnimator: [Player:A(28.787)] container x: 9.454225, y: 139.9776, scale : 0.92325455
01-25 19:01:29.011  4669  7187 I VRI[LauncherActivity]@ac9c2e6: mWNT: t=0xb40000735db88010 mBlastBufferQueue=0xb4000074fdb91dd0 fn= 303 HdrRenderState mRenderHdrSdrRatio=1.0 caller= com.android.systemui.shared.launcher.ViewRootImplCompat.mergeWithNextTransaction:4 com.honeyspace.transition.utils.SurfaceTransactionApplier.scheduleApply$lambda$1:16 com.honeyspace.transition.utils.SurfaceTransactionApplier.b:0 
01-25 19:01:29.018  4669  4669 I HoneySpace.FloatingAnimator: [Player:A(28.787)] container x: 8.566105, y: 126.82825, scale : 0.93046385
01-25 19:01:29.019  4669  7188 I VRI[LauncherActivity]@ac9c2e6: mWNT: t=0xb40000735db59850 mBlastBufferQueue=0xb4000074fdb91dd0 fn= 304 HdrRenderState mRenderHdrSdrRatio=1.0 caller= com.android.systemui.shared.launcher.ViewRootImplCompat.mergeWithNextTransaction:4 com.honeyspace.transition.utils.SurfaceTransactionApplier.scheduleApply$lambda$1:16 com.honeyspace.transition.utils.SurfaceTransactionApplier.b:0 
01-25 19:01:29.027  4669  4669 I HoneySpace.FloatingAnimator: [Player:A(28.787)] container x: 7.776661, y: 115.13988, scale : 0.93687224
01-25 19:01:29.027  4669  7187 I VRI[LauncherActivity]@ac9c2e6: mWNT: t=0xb40000735daf1490 mBlastBufferQueue=0xb4000074fdb91dd0 fn= 305 HdrRenderState mRenderHdrSdrRatio=1.0 caller= com.android.systemui.shared.launcher.ViewRootImplCompat.mergeWithNextTransaction:4 com.honeyspace.transition.utils.SurfaceTransactionApplier.scheduleApply$lambda$1:16 com.honeyspace.transition.utils.SurfaceTransactionApplier.b:0 
01-25 19:01:29.035  4669  4669 I HoneySpace.FloatingAnimator: [Player:A(28.787)] container x: 7.0100985, y: 103.79029, scale : 0.9430949
01-25 19:01:29.035  4669  7188 I VRI[LauncherActivity]@ac9c2e6: mWNT: t=0xb40000735dab9490 mBlastBufferQueue=0xb4000074fdb91dd0 fn= 306 HdrRenderState mRenderHdrSdrRatio=1.0 caller= com.android.systemui.shared.launcher.ViewRootImplCompat.mergeWithNextTransaction:4 com.honeyspace.transition.utils.SurfaceTransactionApplier.scheduleApply$lambda$1:16 com.honeyspace.transition.utils.SurfaceTransactionApplier.b:0 
01-25 19:01:29.036  2421  4636 D SGM:GameManager: identifyGamePackage. com.ogabassey.contactscleaner.debug, mCurrentUserId: 0, callingMethodInfo: com.samsung.android.game.IGameManagerService$Stub.onTransact(IGameManagerService.java:247)
01-25 19:01:29.043  4669  4669 I HoneySpace.FloatingAnimator: [Player:A(28.787)] container x: 6.396901, y: 94.711395, scale : 0.9480727
01-25 19:01:29.044  4669  7187 I VRI[LauncherActivity]@ac9c2e6: mWNT: t=0xb40000735dacfed0 mBlastBufferQueue=0xb4000074fdb91dd0 fn= 307 HdrRenderState mRenderHdrSdrRatio=1.0 caller= com.android.systemui.shared.launcher.ViewRootImplCompat.mergeWithNextTransaction:4 com.honeyspace.transition.utils.SurfaceTransactionApplier.scheduleApply$lambda$1:16 com.honeyspace.transition.utils.SurfaceTransactionApplier.b:0 
01-25 19:01:29.052  4669  4669 I HoneySpace.FloatingAnimator: [Player:A(28.787)] container x: 5.851837, y: 86.64128, scale : 0.9524972
01-25 19:01:29.052  4669  7188 I VRI[LauncherActivity]@ac9c2e6: mWNT: t=0xb40000735db8ffd0 mBlastBufferQueue=0xb4000074fdb91dd0 fn= 308 HdrRenderState mRenderHdrSdrRatio=1.0 caller= com.android.systemui.shared.launcher.ViewRootImplCompat.mergeWithNextTransaction:4 com.honeyspace.transition.utils.SurfaceTransactionApplier.scheduleApply$lambda$1:16 com.honeyspace.transition.utils.SurfaceTransactionApplier.b:0 
01-25 19:01:29.060  4669  4669 I HoneySpace.FloatingAnimator: [Player:A(28.787)] container x: 5.378235, y: 79.62921, scale : 0.95634174
01-25 19:01:29.060  4669  7187 I VRI[LauncherActivity]@ac9c2e6: mWNT: t=0xb40000735db9d550 mBlastBufferQueue=0xb4000074fdb91dd0 fn= 309 HdrRenderState mRenderHdrSdrRatio=1.0 caller= com.android.systemui.shared.launcher.ViewRootImplCompat.mergeWithNextTransaction:4 com.honeyspace.transition.utils.SurfaceTransactionApplier.scheduleApply$lambda$1:16 com.honeyspace.transition.utils.SurfaceTransactionApplier.b:0 
01-25 19:01:29.065  2421  2949 I GestureDetector: handleMessage TAP
01-25 19:01:29.066  2421  2421 I GestureDetector: handleMessage TAP
01-25 19:01:29.068  4669  4669 I HoneySpace.FloatingAnimator: [Player:A(28.787)] container x: 4.956964, y: 73.391945, scale : 0.9597615
01-25 19:01:29.069  4669  7188 I VRI[LauncherActivity]@ac9c2e6: mWNT: t=0xb40000735db96390 mBlastBufferQueue=0xb4000074fdb91dd0 fn= 310 HdrRenderState mRenderHdrSdrRatio=1.0 caller= com.android.systemui.shared.launcher.ViewRootImplCompat.mergeWithNextTransaction:4 com.honeyspace.transition.utils.SurfaceTransactionApplier.scheduleApply$lambda$1:16 com.honeyspace.transition.utils.SurfaceTransactionApplier.b:0 
01-25 19:01:29.077  4669  4669 I HoneySpace.FloatingAnimator: [Player:A(28.787)] container x: 4.483036, y: 66.37505, scale : 0.9636086
01-25 19:01:29.077  4669  7187 I VRI[LauncherActivity]@ac9c2e6: mWNT: t=0xb40000735dbadbd0 mBlastBufferQueue=0xb4000074fdb91dd0 fn= 311 HdrRenderState mRenderHdrSdrRatio=1.0 caller= com.android.systemui.shared.launcher.ViewRootImplCompat.mergeWithNextTransaction:4 com.honeyspace.transition.utils.SurfaceTransactionApplier.scheduleApply$lambda$1:16 com.honeyspace.transition.utils.SurfaceTransactionApplier.b:0 
01-25 19:01:29.079  1888  2245 I CompositionEngine: [setDisplaySize] size=(579, 56)
01-25 19:01:29.085  4669  4669 I HoneySpace.FloatingAnimator: [Player:A(28.787)] container x: 4.138506, y: 61.274, scale : 0.9664052
01-25 19:01:29.085  4669  7188 I VRI[LauncherActivity]@ac9c2e6: mWNT: t=0xb40000735daf58d0 mBlastBufferQueue=0xb4000074fdb91dd0 fn= 312 HdrRenderState mRenderHdrSdrRatio=1.0 caller= com.android.systemui.shared.launcher.ViewRootImplCompat.mergeWithNextTransaction:4 com.honeyspace.transition.utils.SurfaceTransactionApplier.scheduleApply$lambda$1:16 com.honeyspace.transition.utils.SurfaceTransactionApplier.b:0 
01-25 19:01:29.093  4669  4669 I HoneySpace.FloatingAnimator: [Player:A(28.787)] container x: 3.8163166, y: 56.50372, scale : 0.9690208
01-25 19:01:29.094  4669  7187 I VRI[LauncherActivity]@ac9c2e6: mWNT: t=0xb40000735daf89d0 mBlastBufferQueue=0xb4000074fdb91dd0 fn= 313 HdrRenderState mRenderHdrSdrRatio=1.0 caller= com.android.systemui.shared.launcher.ViewRootImplCompat.mergeWithNextTransaction:4 com.honeyspace.transition.utils.SurfaceTransactionApplier.scheduleApply$lambda$1:16 com.honeyspace.transition.utils.SurfaceTransactionApplier.b:0 
01-25 19:01:29.102  4669  4669 I HoneySpace.FloatingAnimator: [Player:A(28.787)] container x: 3.4538536, y: 51.137154, scale : 0.97196305
01-25 19:01:29.102  4669  7188 I VRI[LauncherActivity]@ac9c2e6: mWNT: t=0xb40000735dad1210 mBlastBufferQueue=0xb4000074fdb91dd0 fn= 314 HdrRenderState mRenderHdrSdrRatio=1.0 caller= com.android.systemui.shared.launcher.ViewRootImplCompat.mergeWithNextTransaction:4 com.honeyspace.transition.utils.SurfaceTransactionApplier.scheduleApply$lambda$1:16 com.honeyspace.transition.utils.SurfaceTransactionApplier.b:0 
01-25 19:01:29.110  4669  4669 I HoneySpace.FloatingAnimator: [Player:A(28.787)] container x: 3.1840937, y: 47.143135, scale : 0.97415286
01-25 19:01:29.110  4669  7187 I VRI[LauncherActivity]@ac9c2e6: mWNT: t=0xb40000735db41c90 mBlastBufferQueue=0xb4000074fdb91dd0 fn= 315 HdrRenderState mRenderHdrSdrRatio=1.0 caller= com.android.systemui.shared.launcher.ViewRootImplCompat.mergeWithNextTransaction:4 com.honeyspace.transition.utils.SurfaceTransactionApplier.scheduleApply$lambda$1:16 com.honeyspace.transition.utils.SurfaceTransactionApplier.b:0 
01-25 19:01:29.114 12121 12271 V CpEventLog(u150): [P] cp_state: [                 contacts = {contacts=26806, raw_contacts=26830, data=140635, account={secphone(1)=0, sim(3)=0, sim2(4)=0, agg(5)=0, vnd.sec.contact.phone_personal(6)=0, google(7)=26830}, trash=0, trash_acc={}, trash_sync=0, database=contacts2.db} ]
01-25 19:01:29.114 12121 12271 V CpEventLog(u150): [P] cp_state: [               aggregated = {[7,7,7]=1, [7,7]=22, [7]=26783} ]
01-25 19:01:29.114 12121 12271 V CpEventLog(u150): [P] cp_state: [                  request = {} ]
01-25 19:01:29.114 12121 12271 V CpEventLog(u150): [P] cp_state: [                    calls = {types={}, database=calllog.db} ]
01-25 19:01:29.114 12121 12271 V CpEventLog(u150): [P] cp_state: [                  profile = {contacts=0, raw_contacts=0, data=0, account={secphone(1)=0, sim(3)=0, sim2(4)=0, agg(5)=0, vnd.sec.contact.phone_personal(6)=0, google(7)=0}, trash=0, trash_acc={}, trash_sync=0, database=profile.db} ]
01-25 19:01:29.114 12121 12271 V CpEventLog(u150): [P] cp_state: [               sa_profile = {contacts=0, raw_contacts=0, data=0, account={secphone(1)=0, sim(3)=0, sim2(4)=0, agg(5)=0, vnd.sec.contact.phone_personal(6)=0, google(7)=0}, trash=0, trash_acc={}, trash_sync=0, database=profile_sa.db} ]
01-25 19:01:29.114 12121 12271 V CpEventLog(u150): [P] cp_state: [                      etc = {binders=0, country_iso=NG, version=15.6.28, db_version=2000, db_size=59, db_wal_size=0, csc=CAN/XAC, sec_enabled=false, is_roaming=false} ]
01-25 19:01:29.114 12121 12271 V CpEventLog(u150): [P] cp_state: ------------------------------------------------------------------------------
01-25 19:01:29.118  4669  4669 I HoneySpace.FloatingAnimator: [Player:A(28.787)] container x: 2.94088, y: 43.542156, scale : 0.9761271
01-25 19:01:29.118  4669  7188 I VRI[LauncherActivity]@ac9c2e6: mWNT: t=0xb40000735db299d0 mBlastBufferQueue=0xb4000074fdb91dd0 fn= 316 HdrRenderState mRenderHdrSdrRatio=1.0 caller= com.android.systemui.shared.launcher.ViewRootImplCompat.mergeWithNextTransaction:4 com.honeyspace.transition.utils.SurfaceTransactionApplier.scheduleApply$lambda$1:16 com.honeyspace.transition.utils.SurfaceTransactionApplier.b:0 
01-25 19:01:29.126  4669  4669 I HoneySpace.FloatingAnimator: [Player:A(28.787)] container x: 2.6672647, y: 39.491055, scale : 0.9783483
01-25 19:01:29.127  4669  7187 I VRI[LauncherActivity]@ac9c2e6: mWNT: t=0xb40000735db95590 mBlastBufferQueue=0xb4000074fdb91dd0 fn= 317 HdrRenderState mRenderHdrSdrRatio=1.0 caller= com.android.systemui.shared.launcher.ViewRootImplCompat.mergeWithNextTransaction:4 com.honeyspace.transition.utils.SurfaceTransactionApplier.scheduleApply$lambda$1:16 com.honeyspace.transition.utils.SurfaceTransactionApplier.b:0 
01-25 19:01:29.135  4669  4669 I HoneySpace.FloatingAnimator: [Player:A(28.787)] container x: 2.4380548, y: 36.097412, scale : 0.9802088
01-25 19:01:29.135  4669  7188 I VRI[LauncherActivity]@ac9c2e6: mWNT: t=0xb40000735db86950 mBlastBufferQueue=0xb4000074fdb91dd0 fn= 318 HdrRenderState mRenderHdrSdrRatio=1.0 caller= com.android.systemui.shared.launcher.ViewRootImplCompat.mergeWithNextTransaction:4 com.honeyspace.transition.utils.SurfaceTransactionApplier.scheduleApply$lambda$1:16 com.honeyspace.transition.utils.SurfaceTransactionApplier.b:0 
01-25 19:01:29.143  4669  4669 I HoneySpace.FloatingAnimator: [Player:A(28.787)] container x: 2.2574863, y: 33.42395, scale : 0.9816746
01-25 19:01:29.143  4669  7187 I VRI[LauncherActivity]@ac9c2e6: mWNT: t=0xb40000735db0a010 mBlastBufferQueue=0xb4000074fdb91dd0 fn= 319 HdrRenderState mRenderHdrSdrRatio=1.0 caller= com.android.systemui.shared.launcher.ViewRootImplCompat.mergeWithNextTransaction:4 com.honeyspace.transition.utils.SurfaceTransactionApplier.scheduleApply$lambda$1:16 com.honeyspace.transition.utils.SurfaceTransactionApplier.b:0 
01-25 19:01:29.151  4669  4669 I HoneySpace.FloatingAnimator: [Player:A(28.787)] container x: 2.0543375, y: 30.416164, scale : 0.98332375
01-25 19:01:29.152  4669  7188 I VRI[LauncherActivity]@ac9c2e6: mWNT: t=0xb40000735db9b090 mBlastBufferQueue=0xb4000074fdb91dd0 fn= 320 HdrRenderState mRenderHdrSdrRatio=1.0 caller= com.android.systemui.shared.launcher.ViewRootImplCompat.mergeWithNextTransaction:4 com.honeyspace.transition.utils.SurfaceTransactionApplier.scheduleApply$lambda$1:16 com.honeyspace.transition.utils.SurfaceTransactionApplier.b:0 
01-25 19:01:29.160  4669  4669 I HoneySpace.FloatingAnimator: [Player:A(28.787)] container x: 1.8737692, y: 27.742699, scale : 0.98478955
01-25 19:01:29.160  4669  7187 I VRI[LauncherActivity]@ac9c2e6: mWNT: t=0xb40000735db74190 mBlastBufferQueue=0xb4000074fdb91dd0 fn= 321 HdrRenderState mRenderHdrSdrRatio=1.0 caller= com.android.systemui.shared.launcher.ViewRootImplCompat.mergeWithNextTransaction:4 com.honeyspace.transition.utils.SurfaceTransactionApplier.scheduleApply$lambda$1:16 com.honeyspace.transition.utils.SurfaceTransactionApplier.b:0 
01-25 19:01:29.168  4669  4669 I HoneySpace.FloatingAnimator: [Player:A(28.787)] container x: 1.7145348, y: 25.385101, scale : 0.98608214
01-25 19:01:29.168  4669  7188 I VRI[LauncherActivity]@ac9c2e6: mWNT: t=0xb40000735dba6bd0 mBlastBufferQueue=0xb4000074fdb91dd0 fn= 322 HdrRenderState mRenderHdrSdrRatio=1.0 caller= com.android.systemui.shared.launcher.ViewRootImplCompat.mergeWithNextTransaction:4 com.honeyspace.transition.utils.SurfaceTransactionApplier.scheduleApply$lambda$1:16 com.honeyspace.transition.utils.SurfaceTransactionApplier.b:0 
01-25 19:01:29.176  4669  4669 I HoneySpace.FloatingAnimator: [Player:A(28.787)] container x: 1.5669403, y: 23.199844, scale : 0.98728025
01-25 19:01:29.177  4669  7187 I VRI[LauncherActivity]@ac9c2e6: mWNT: t=0xb40000735dac7d50 mBlastBufferQueue=0xb4000074fdb91dd0 fn= 323 HdrRenderState mRenderHdrSdrRatio=1.0 caller= com.android.systemui.shared.launcher.ViewRootImplCompat.mergeWithNextTransaction:4 com.honeyspace.transition.utils.SurfaceTransactionApplier.scheduleApply$lambda$1:16 com.honeyspace.transition.utils.SurfaceTransactionApplier.b:0 
01-25 19:01:29.179  1888  2245 I CompositionEngine: [setDisplaySize] size=(579, 56)
01-25 19:01:29.185  4669  4669 I HoneySpace.FloatingAnimator: [Player:A(28.787)] container x: 1.4357378, y: 21.257282, scale : 0.98834515
01-25 19:01:29.185  4669  7188 I VRI[LauncherActivity]@ac9c2e6: mWNT: t=0xb40000735db7e0d0 mBlastBufferQueue=0xb4000074fdb91dd0 fn= 324 HdrRenderState mRenderHdrSdrRatio=1.0 caller= com.android.systemui.shared.launcher.ViewRootImplCompat.mergeWithNextTransaction:4 com.honeyspace.transition.utils.SurfaceTransactionApplier.scheduleApply$lambda$1:16 com.honeyspace.transition.utils.SurfaceTransactionApplier.b:0 
01-25 19:01:29.193  4669  4669 I HoneySpace.FloatingAnimator: [Player:A(28.787)] container x: 1.3045413, y: 19.314812, scale : 0.9894102
01-25 19:01:29.193  4669  7187 I VRI[LauncherActivity]@ac9c2e6: mWNT: t=0xb40000735db25ad0 mBlastBufferQueue=0xb4000074fdb91dd0 fn= 325 HdrRenderState mRenderHdrSdrRatio=1.0 caller= com.android.systemui.shared.launcher.ViewRootImplCompat.mergeWithNextTransaction:4 com.honeyspace.transition.utils.SurfaceTransactionApplier.scheduleApply$lambda$1:16 com.honeyspace.transition.utils.SurfaceTransactionApplier.b:0 
01-25 19:01:29.201  4669  4669 I HoneySpace.FloatingAnimator: [Player:A(28.787)] container x: 1.1721172, y: 17.354162, scale : 0.9904853
01-25 19:01:29.202  4669  7188 I VRI[LauncherActivity]@ac9c2e6: mWNT: t=0xb40000735db80050 mBlastBufferQueue=0xb4000074fdb91dd0 fn= 326 HdrRenderState mRenderHdrSdrRatio=1.0 caller= com.android.systemui.shared.launcher.ViewRootImplCompat.mergeWithNextTransaction:4 com.honeyspace.transition.utils.SurfaceTransactionApplier.scheduleApply$lambda$1:16 com.honeyspace.transition.utils.SurfaceTransactionApplier.b:0 
01-25 19:01:29.210  4669  4669 I HoneySpace.FloatingAnimator: [Player:A(28.787)] container x: 1.0795062, y: 15.98298, scale : 0.99123704
01-25 19:01:29.210  2421  2421 I Telecom : SamsungTelecomServiceImpl : isInManagedCall - callingPackage : android / callingUser : UserHandle{0} / hasCrossUserAccess : true
01-25 19:01:29.210  4669  7187 I VRI[LauncherActivity]@ac9c2e6: mWNT: t=0xb40000735db26a90 mBlastBufferQueue=0xb4000074fdb91dd0 fn= 327 HdrRenderState mRenderHdrSdrRatio=1.0 caller= com.android.systemui.shared.launcher.ViewRootImplCompat.mergeWithNextTransaction:4 com.honeyspace.transition.utils.SurfaceTransactionApplier.scheduleApply$lambda$1:16 com.honeyspace.transition.utils.SurfaceTransactionApplier.b:0 
01-25 19:01:29.212 30786 30786 D nativeloader: Configuring clns-9 for other apk /data/app/~~u-uEE9eQexqDF5LCsSeycA==/com.ogabassey.contactscleaner.debug-j6srWuoMFfFQUZxllUcHtg==/base.apk. target_sdk_version=36, uses_libraries=, library_path=/data/app/~~u-uEE9eQexqDF5LCsSeycA==/com.ogabassey.contactscleaner.debug-j6srWuoMFfFQUZxllUcHtg==/lib/arm64:/data/app/~~u-uEE9eQexqDF5LCsSeycA==/com.ogabassey.contactscleaner.debug-j6srWuoMFfFQUZxllUcHtg==/base.apk!/lib/arm64-v8a, permitted_path=/data:/mnt/expand:/data/user/0/com.ogabassey.contactscleaner.debug
01-25 19:01:29.213  2421  5130 D ActivityManager: unpendingScheduleServiceRestart: u=10341, drop=false
01-25 19:01:29.213  2421  5130 D ActivityManager: unpendingScheduleServiceRestart: u=10315, drop=false
01-25 19:01:29.213  4669  8405 I HoneySpace.NotificationListener: onNotificationPosted com.android.systemui: -1|com.android.systemui|2131364006|charging_state|10044: 0
01-25 19:01:29.213  4669  8405 I HoneySpace.NotificationListener: invalid notification: com.android.systemui UserHandle{-1}: canShowBadge is false
01-25 19:01:29.213  4669 25233 I HoneySpace.BadgeDataSourceImpl: Get notification count. PK(p='com.google.android.gm', u=UserHandle{0}) - forceBadgeCount: false, notification listener: 18, badge provider: 0
01-25 19:01:29.214  2421  5130 D ActivityManager: unpendingScheduleServiceRestart: u=15010315, drop=false
01-25 19:01:29.214  8326  8326 I NotificationListener: [Service]v6.1.9-eap01 Received new notification
01-25 19:01:29.214  8326  9404 I NotificationPipeline: Processing new notification: -1|com.android.systemui|2131364006|charging_state|10044
01-25 19:01:29.214  8326  9404 W BridgeModeModel: Not started, default to bridging
01-25 19:01:29.214  8326  9404 E Notification4Watch7_NB: WatchFactory.getWatch-lastConnectedNodeId is null
01-25 19:01:29.214  8326  9404 W Notification4Watch7_NB: NotificationBridgeCallback.onNotificationPosted-never connected before
01-25 19:01:29.214  8326  9404 I NotificationPipeline: Discarding notification: -1|com.android.systemui|2131364006|charging_state|10044
01-25 19:01:29.216 30786 30786 V GraphicsEnvironment: Currently set values for:
01-25 19:01:29.216 30786 30786 V GraphicsEnvironment:   angle_gl_driver_selection_pkgs=[]
01-25 19:01:29.216 30786 30786 V GraphicsEnvironment:   angle_gl_driver_selection_values=[]
01-25 19:01:29.216 30786 30786 V GraphicsEnvironment: com.ogabassey.contactscleaner.debug is not listed in per-application setting
01-25 19:01:29.216 30786 30786 V GraphicsEnvironment: ANGLE allowlist from config: 
01-25 19:01:29.216 30786 30786 V GraphicsEnvironment: com.ogabassey.contactscleaner.debug is not listed in ANGLE allowlist or settings, returning default
01-25 19:01:29.216 30786 30786 V GraphicsEnvironment: App is not on the allowlist for updatable production driver.
01-25 19:01:29.218  4669  4669 I HoneySpace.FloatingAnimator: [Player:A(28.787)] container x: 0.9869013, y: 14.611888, scale : 0.9919887
01-25 19:01:29.218  4669  7188 I VRI[LauncherActivity]@ac9c2e6: mWNT: t=0xb40000735db093d0 mBlastBufferQueue=0xb4000074fdb91dd0 fn= 328 HdrRenderState mRenderHdrSdrRatio=1.0 caller= com.android.systemui.shared.launcher.ViewRootImplCompat.mergeWithNextTransaction:4 com.honeyspace.transition.utils.SurfaceTransactionApplier.scheduleApply$lambda$1:16 com.honeyspace.transition.utils.SurfaceTransactionApplier.b:0 
01-25 19:01:29.221  4018  4018 I LockscreenNotificationIconsOnlyController: onNotificationInfoUpdated 0
01-25 19:01:29.221  4018  4018 I AODNotificationManager: updateNotification() 
01-25 19:01:29.226  4669  4669 I HoneySpace.FloatingAnimator: [Player:A(28.787)] container x: 0.8827116, y: 13.069274, scale : 0.99283457
01-25 19:01:29.227  4669  7187 I VRI[LauncherActivity]@ac9c2e6: mWNT: t=0xb40000735db7f790 mBlastBufferQueue=0xb4000074fdb91dd0 fn= 329 HdrRenderState mRenderHdrSdrRatio=1.0 caller= com.android.systemui.shared.launcher.ViewRootImplCompat.mergeWithNextTransaction:4 com.honeyspace.transition.utils.SurfaceTransactionApplier.scheduleApply$lambda$1:16 com.honeyspace.transition.utils.SurfaceTransactionApplier.b:0 
01-25 19:01:29.235  4669  4669 I HoneySpace.FloatingAnimator: [Player:A(28.787)] container x: 0.7901006, y: 11.6980915, scale : 0.9935863
01-25 19:01:29.235  4669  7188 I VRI[LauncherActivity]@ac9c2e6: mWNT: t=0xb40000735db3a210 mBlastBufferQueue=0xb4000074fdb91dd0 fn= 330 HdrRenderState mRenderHdrSdrRatio=1.0 caller= com.android.systemui.shared.launcher.ViewRootImplCompat.mergeWithNextTransaction:4 com.honeyspace.transition.utils.SurfaceTransactionApplier.scheduleApply$lambda$1:16 com.honeyspace.transition.utils.SurfaceTransactionApplier.b:0 
01-25 19:01:29.239  1069  1069 D io_stats: !@   8,0 r 74111332 393170728 w 1520381 16943044 d 298752 8207448 f 16141 42830 iot 6186160 0 th 0 0 0 pt 0 inp 0 0 11615.850
01-25 19:01:29.240 30786 30786 I [Koin]  : [init] declare Android Context
01-25 19:01:29.243  4669  4669 I HoneySpace.FloatingAnimator: [Player:A(28.787)] container x: 0.7223905, y: 10.695587, scale : 0.99413586
01-25 19:01:29.243  4669  7187 I VRI[LauncherActivity]@ac9c2e6: mWNT: t=0xb40000735dafcfd0 mBlastBufferQueue=0xb4000074fdb91dd0 fn= 331 HdrRenderState mRenderHdrSdrRatio=1.0 caller= com.android.systemui.shared.launcher.ViewRootImplCompat.mergeWithNextTransaction:4 com.honeyspace.transition.utils.SurfaceTransactionApplier.scheduleApply$lambda$1:16 com.honeyspace.transition.utils.SurfaceTransactionApplier.b:0 
01-25 19:01:29.251  4669  4669 I HoneySpace.FloatingAnimator: [Player:A(28.787)] container x: 0.65175194, y: 9.649725, scale : 0.99470943
01-25 19:01:29.251  4669  7188 I VRI[LauncherActivity]@ac9c2e6: mWNT: t=0xb40000735dae6ad0 mBlastBufferQueue=0xb4000074fdb91dd0 fn= 332 HdrRenderState mRenderHdrSdrRatio=1.0 caller= com.android.systemui.shared.launcher.ViewRootImplCompat.mergeWithNextTransaction:4 com.honeyspace.transition.utils.SurfaceTransactionApplier.scheduleApply$lambda$1:16 com.honeyspace.transition.utils.SurfaceTransactionApplier.b:0 
01-25 19:01:29.252 30786 30786 I [Koin]  : Started 14 definitions in 0.247 ms
01-25 19:01:29.260  4669  4669 I HoneySpace.FloatingAnimator: [Player:A(28.787)] container x: 0.5889594, y: 8.72003, scale : 0.9952191
01-25 19:01:29.260  4669  7187 I VRI[LauncherActivity]@ac9c2e6: mWNT: t=0xb40000735dabf4d0 mBlastBufferQueue=0xb4000074fdb91dd0 fn= 333 HdrRenderState mRenderHdrSdrRatio=1.0 caller= com.android.systemui.shared.launcher.ViewRootImplCompat.mergeWithNextTransaction:4 com.honeyspace.transition.utils.SurfaceTransactionApplier.scheduleApply$lambda$1:16 com.honeyspace.transition.utils.SurfaceTransactionApplier.b:0 
01-25 19:01:29.268  4669  4669 I HoneySpace.FloatingAnimator: [Player:A(28.787)] container x: 0.526173, y: 7.7904253, scale : 0.9957288
