--------- beginning of main
01-25 19:07:37.604  5698  8600 I CameraManagerGlobal: Camera 1 facing CAMERA_FACING_FRONT state now CAMERA_STATE_OPENING for client com.samsung.android.smartface API Level 2 User Id 0Device Id 0
01-25 19:07:37.604  4018  4867 I CameraManagerGlobal: onCameraDeviceStateChangedLocked: post device state update
01-25 19:07:37.604  4018  4867 I CameraManagerGlobal: onCameraDeviceStateChangedLocked: post device state update
01-25 19:07:37.605  1755  1955 I sec_fr_SehFace: SehFace::getServicePid
01-25 19:07:37.605  1755  1955 I sec_fr_SehFace: FaceServicePID : 1755
01-25 19:07:37.605  4147 29762 I CameraManagerGlobal: Camera 1 facing CAMERA_FACING_FRONT state now CAMERA_STATE_OPENING for client com.samsung.android.smartface API Level 2 User Id 0Device Id 0
01-25 19:07:37.605  2480  2564 E cameraserver: isBiometricsFaceService : face AIDL HAL Pid(1755) is not same with callingPid(26480)
01-25 19:07:37.605  8094 19292 I CameraManagerGlobal: Camera 1 facing CAMERA_FACING_FRONT state now CAMERA_STATE_OPENING for client com.samsung.android.smartface API Level 2 User Id 0Device Id 0
01-25 19:07:37.605 27857 27878 I CameraManagerGlobal: Camera 1 facing CAMERA_FACING_FRONT state now CAMERA_STATE_OPENING for client com.samsung.android.smartface API Level 2 User Id 0Device Id 0
01-25 19:07:37.605 28316 28605 I CameraManagerGlobal: Camera 1 facing CAMERA_FACING_FRONT state now CAMERA_STATE_OPENING for client com.samsung.android.smartface API Level 2 User Id 0Device Id 0
01-25 19:07:37.605 27857 27878 I CameraManagerGlobal: onCameraDeviceStateChangedLocked: post device state update
01-25 19:07:37.605  2480  2564 D CameraService: notifyCameraOpening: Bypassing checkOp for uid 1000
01-25 19:07:37.605  2480  2564 I CameraService: increaseCamConnRef: ref=1
01-25 19:07:37.605 32667 32679 I CameraManagerGlobal: Camera 1 facing CAMERA_FACING_FRONT state now CAMERA_STATE_OPENING for client com.samsung.android.smartface API Level 2 User Id 0Device Id 0
01-25 19:07:37.605  2480  2564 I CameraService: increaseCamConnRef: service.camera.running set to 1
01-25 19:07:37.605  2480  2564 I CameraService: Translate updateStatus callback for camera id 1
01-25 19:07:37.605  2480  2564 I CameraService:  to 1
01-25 19:07:37.605  7291  7321 I CameraManagerGlobal: postSingleUpdate device: camera id 1 status STATUS_NOT_AVAILABLE
01-25 19:07:37.605  2480  2564 W IPCThreadState: Sending oneway calls to frozen process.
01-25 19:07:37.605  7391  7415 I CameraManagerGlobal: postSingleUpdate device: camera id 1 status STATUS_NOT_AVAILABLE
01-25 19:07:37.605  5319 12601 I CameraManagerGlobal: postSingleUpdate device: camera id 1 status STATUS_NOT_AVAILABLE
01-25 19:07:37.605  7442 14029 I CameraManagerGlobal: postSingleUpdate device: camera id 1 status STATUS_NOT_AVAILABLE
01-25 19:07:37.605  2480  2564 D AidlCamera3-Device: CameraPerf: initialize E
01-25 19:07:37.605  2480  2564 D AidlCamera3-Device: initialize: mInterfaceLock.lock()
01-25 19:07:37.605  2480  2564 D CameraProviderManager: CameraPerf: openAidlSession E
01-25 19:07:37.605 32667 32679 I CameraManagerGlobal: postSingleUpdate device: camera id 1 status STATUS_NOT_AVAILABLE
01-25 19:07:37.605  2421  6948 I CameraManagerGlobal: postSingleUpdate device: camera id 1 status STATUS_NOT_AVAILABLE
01-25 19:07:37.605  2421  6948 I CameraManagerGlobal: postSingleUpdate device: camera id 1 status STATUS_NOT_AVAILABLE
01-25 19:07:37.605 27857 27878 I CameraManagerGlobal: postSingleUpdate device: camera id 1 status STATUS_NOT_AVAILABLE
01-25 19:07:37.606  9616   487 I CameraManagerGlobal: postSingleUpdate device: camera id 1 status STATUS_NOT_AVAILABLE
--------- beginning of system
01-25 19:07:37.606  2421  3616 I RequestInjectorService: Samsung Camera is opened. ignore VT Camera Setting.
01-25 19:07:37.606  2421  3616 I CameraService_worker: DeviceInjector, onSemCameraDeviceRawStatus 1 -2
01-25 19:07:37.606  1785 26600 I Samsung_CameraDevice_impl: [CAMKPI] camera3->open : E
01-25 19:07:37.606  7026 10352 I CameraManagerGlobal: postSingleUpdate device: camera id 1 status STATUS_NOT_AVAILABLE
01-25 19:07:37.606  1785 26600 I Unihal  : UniDebugLog.cpp: __unihal_log_status_update: 60: UpdateLogStatus 0000000d ERR 1 PERF 0 WARN 4 INFO 8 DEBUG 0 DUMP 0 STRACE 0 META 0
01-25 19:07:37.606  7026 10352 I CameraManagerGlobal: postSingleUpdate device: camera id 1 status STATUS_NOT_AVAILABLE
01-25 19:07:37.606  1785 26600 I Unihal  : UniHal3InterfaceEntry.cpp: uni_open_camera_hardware: 655: [UNIKPI][1] UniHAL->open: E
01-25 19:07:37.606  1785 26600 I Unihal  : UniHal3InterfaceEntry.cpp: uni_open_camera_hardware: 658: UNIHAL_VERSION = "plus2.0"
01-25 19:07:37.606  1785 26600 I Unihal  : UniHalPlusMediator.cpp: CheckFakeOpen: 1021: camid: 1, device: 0xb400007cd3ab3050
01-25 19:07:37.606  1785 26600 I Unihal  : UniHalPlusMediator.cpp: CheckFakeOpen: 1049: Is fake open : FALSE
01-25 19:07:37.606  1785 26600 I Unihal  : UniHalPlusMediator.cpp: OpenCamera: 81: Device:0xb400007cd3ab3050: E
01-25 19:07:37.606  1785 26600 I Unihal  : CameraDevice.cpp: OpenCameraHardware_v3: 425: name : 1 camera id : 1
01-25 19:07:37.606  1785 26600 I Unihal  : CameraDevice.cpp: OpenCameraHardware_v3: 448: [UNIKPI][1] VndHAL->open: E
01-25 19:07:37.606  7291  7291 I HBD     : EagleEye EagleEyeHoneyBee Camera is used by another app, camId = 1 
01-25 19:07:37.606  7391  7391 I [MCFDs]_RemoteMediaHandler: onCameraUnavailable - 
01-25 19:07:37.606  4147 29762 I CameraManagerGlobal: postSingleUpdate device: camera id 1 status STATUS_NOT_AVAILABLE
01-25 19:07:37.606  4018  4867 I CameraManagerGlobal: postSingleUpdate device: camera id 1 status STATUS_NOT_AVAILABLE
01-25 19:07:37.606  4018  4867 I CameraManagerGlobal: postSingleUpdate device: camera id 1 status STATUS_NOT_AVAILABLE
01-25 19:07:37.606  4018  4148 D CollapsedStatusBarFragmentExt: onCameraOpened(cId:1, pId:com.samsung.android.smartface)    shouldHideIconsForNextAppWindow:false, lastFullscreen(pkg:, flag:false),    keyguard(fa:false, ga:false, oc:false, show:false)
01-25 19:07:37.606 16613 14211 I CameraManagerGlobal: postSingleUpdate device: camera id 1 status STATUS_NOT_AVAILABLE
01-25 19:07:37.606  5698  8600 I CameraManagerGlobal: postSingleUpdate device: camera id 1 status STATUS_NOT_AVAILABLE
01-25 19:07:37.608  1785  6521 E CamX    : [ERROR][HAL    ] camxhal3.cpp:1962 LoadLibFadvise() Open failed for /vendor/lib64/libarcsoft_triple_sat.so, error : No such file or directory
01-25 19:07:37.608  1785  6521 E CamX    : [ERROR][HAL    ] camxhal3.cpp:1962 LoadLibFadvise() Open failed for /vendor/lib64/libarcsoft_triple_fusion.so, error : No such file or directory
01-25 19:07:37.609  1788  1788 I seh_thermal_service: registerThermalChangedCallback ISehThermalChangedCallback: 0xb4000078fd3170b0
01-25 19:07:37.609  1788  1788 W vendor.samsung.hardware.thermal-service: AIBinder_linkToDeath is being called with a non-null cookie and no onUnlink callback set. This might not be intended. AIBinder_DeathRecipient_setOnUnlinked should be called first.
01-25 19:07:37.609  1785 26600 W vendor.samsung.hardware.camera.provider-service_64: AIBinder_linkToDeath is being called with a non-null cookie and no onUnlink callback set. This might not be intended. AIBinder_DeathRecipient_setOnUnlinked should be called first.
01-25 19:07:37.609  1785 26600 I CHI     : [SS_LOW ]: [CHI         ]: chxextensionmodule.cpp: ExecuteMemBoost: 29841: Set MemBoost(2) by 0
01-25 19:07:37.610  1778  2255 I SDM     : ResourceImpl::SetMaxBandwidthMode: new bandwidth mode=1
01-25 19:07:37.610  1778  2255 I SDM     : ResourceAlloc::SetMaxBandwidthMode: new bandwidth mode=1
01-25 19:07:37.612  1785 26600 I CHI     : [SS_LOW ]: [CHI         ]: chxextensionmodule.cpp: InitializeSensorSession: 19186: InitializeSensorSession E
01-25 19:07:37.612  1785 26600 E ChiX    : [ERROR][CORE   ] chxextensionmodule.cpp:19196 InitializeSensorSession() Skip SensorInit on CAM_FRONT_FULL(logicalCameraId:2)
01-25 19:07:37.612  1785 26600 I Unihal  : CameraDevice.cpp: OpenCameraHardware_v3: 448: [UNIKPI][1] VndHAL->open: X
01-25 19:07:37.612  1785 26600 I Unihal  : UniState.cpp: transitState: 102: Transiting to state 1
01-25 19:07:37.612  1785 26600 I Unihal  : ParameterManager.cpp: SetCharacteristics: 194: Registered camera characteristics successfully : cameraId=1, characteristics=0xb400007c83a07680
01-25 19:07:37.612  1785 26600 I Unihal  : ScenarioManager.cpp: ScenarioManager: 98: Use latest front segmentation mode = 0
01-25 19:07:37.612  1785 26600 I Unihal  : ScenarioManager.cpp: ScenarioManager: 107: Use latest rear segmentation mode = 0
01-25 19:07:37.612  1785 26600 I Unihal  : UniHalPlusMediator.cpp: CreateOpenManager: 203: Device:0xb400007cd3abdfa0: E
01-25 19:07:37.612  1785 26600 I Unihal  : UniHalPlusMediator.h: PrintOpenDeviceInfo: 190: CreateOpenManager
01-25 19:07:37.612  1785 26600 I Unihal  : UniHalPlusMediator.h: operator(): 199: HwDevice=0xb400007cd3abdfa0, FWK ID=1, OpenMgr(0)=0xb400007e63b01500, state=0, newDev=0x0
01-25 19:07:37.612  1785 26600 I Unihal  : UniHalPlusMediator.cpp: CreateOpenManager: 203: Device:0xb400007cd3abdfa0: X
01-25 19:07:37.612  1785 26600 I Unihal  : UniHalPlusMediator.h: PrintOpenDeviceInfo: 190: OpenCamera
01-25 19:07:37.612  1785 26600 I Unihal  : UniHalPlusMediator.h: operator(): 199: HwDevice=0xb400007cd3abdfa0, FWK ID=1, OpenMgr(0)=0xb400007e63b01500, state=0, newDev=0x0
01-25 19:07:37.612  1785 26600 I Unihal  : UniHalPlusMediator.cpp: OpenCamera: 81: Device:0xb400007cd3ab3050: X
01-25 19:07:37.613  1785 26600 I Unihal  : UniHal3InterfaceEntry.cpp: uni_open_camera_hardware: 655: [UNIKPI][1] UniHAL->open: X
01-25 19:07:37.613  1785 26600 I Samsung_CameraDevice_impl: [CAMKPI] camera3->open : X
01-25 19:07:37.613  1785 26600 I Unihal  : UniDebugLog.cpp: __unihal_log_status_update: 60: UpdateLogStatus 0000000d ERR 1 PERF 0 WARN 4 INFO 8 DEBUG 0 DUMP 0 STRACE 0 META 0
01-25 19:07:37.613  1785 26600 I Unihal  : UniHalPlusMediator.cpp: Initialize: 391: Device:0xb400007cd3abdfa0: E
01-25 19:07:37.613  1785 26600 I Unihal  : UniState.cpp: transitState: 102: Transiting to state 2
01-25 19:07:37.613  1785 26600 E CamX    : [ERROR][HAL    ] camxhal3.cpp:1990 initialize() initialize(): 0xb400007f06a2a690, 0xb400007d23d87050
01-25 19:07:37.613  1785 26600 E CamX    : [ERROR][HAL    ] camxhal3.cpp:1999 initialize() haldevice: 0xb400007f06a2a680
01-25 19:07:37.613  1785 26600 E CamX    : [ERROR][HAL    ] camxhaldevice.h:200 SetCallbackOps() device: 0xb400007f06a2a680 callback: 0xb400007d23d87050
01-25 19:07:37.613  1785 26600 I Unihal  : UniHalPlusMediator.cpp: Initialize: 391: Device:0xb400007cd3abdfa0: X
01-25 19:07:37.614  1785 26600 I SCH_AidlCameraDeviceSession: SEH CameraDevice callback extension acquired.
01-25 19:07:37.614  1785 26600 I SCH_AidlCameraDeviceSession: SEH Success to set CameraDeviceSession Extention
01-25 19:07:37.614  2480  2564 D CameraProviderManager: CameraPerf: openAidlSession X (8ms)
01-25 19:07:37.614  2480  2564 D AidlCamera3-Device: CameraPerf: initialize X (9ms)
01-25 19:07:37.614  2480  2564 D Camera3-Device: CameraPerf: initializeCommonLocked: E
01-25 19:07:37.615  2480  2564 I Camera3-Status: addComponent: Adding new component 0 - InflightRequests
01-25 19:07:37.615  2480  2564 I Camera3-Status: addComponent: Adding new component 1 - RequestThread
01-25 19:07:37.615  2480  2564 I Camera3-Device: setCameraMute, enabled = false, supported = true
01-25 19:07:37.615  2480  2564 D Camera3-Device: initializeCommonLocked mTimestampOffset = 2845180833544ns.
01-25 19:07:37.615  2480  2564 D Camera3-Device: CameraPerf: initializeCommonLocked: X (0ms)
01-25 19:07:37.615  2480  2564 E Camera2-FrameProcessorBase: FrameProcessorBase: created
01-25 19:07:37.615  2480  2564 E Camera2-FrameProcessorBase: registerListener: Registering listener for frame id range 0 - 2147483647
01-25 19:07:37.616  2480  2564 I CameraService: connectHelper: overrideCameraMuteMode = false, isCameraPrivacyEnabled = false
01-25 19:07:37.616  2480  2564 I Camera3-Device: setCameraMute, enabled = false, supported = true
01-25 19:07:37.616  2480  2564 I CameraService: CameraService::finishConnectLocked E
01-25 19:07:37.616  2480  2564 I CameraService: wouldEvictLocked: [incoming client] owner = 26480, priority-score=990, cost=51, returnIncompatibleClients=false
01-25 19:07:37.616  2480  2564 I CameraService: wouldEvictLocked: [cost info] current cost=0, adding cost=51, total cost=51, max cost=100
01-25 19:07:37.616  2480  2564 I CameraService: wouldEvictLocked: [highestPriority] owner=26480, score=990
01-25 19:07:37.617  2480  2564 I CameraService: addAndEvict: push the client(owner 26480, priorityScore 990, state 0) to mClients
01-25 19:07:37.617  2480  2564 I CameraService: CameraService::finishConnectLocked X
01-25 19:07:37.617  2480  2564 I CameraDeviceClient: notifyAppPackageName
01-25 19:07:37.617  2480  2564 D AidlCamera3-Device: CameraPerf: setParameters E
01-25 19:07:37.617  1785  4862 I Unihal  : UniHal3InterfaceEntry.cpp: uni_set_parameters: 524: set_parameters : pkgName=com.samsung.android.smartface;
01-25 19:07:37.618  2480  2564 D AidlCamera3-Device: CameraPerf: setParameters X (0ms)
01-25 19:07:37.618  2480  2564 I CameraService: Notified package name to HAL.
01-25 19:07:37.618  2480  2564 I CameraServiceProxyWrapper: updateProxyDeviceState: notifyCameraState for Camera ID 1, newState 0, facing 1, clientName com.samsung.android.smartface, apiLevel 2
01-25 19:07:37.618  1785  6532 I CHI     : [SS_LOW ]: [CHI_FAST_AEC]: chxextensionmodule.cpp: ChxFastAecRunUseCase: 19843: [CAMKPI] FastAecThread: E
01-25 19:07:37.618  2421  2538 I AudioManager: setParameters keyValuePairs = cameraFacing=front
01-25 19:07:37.618  1785  6532 I CHI     : [SS_LOW ]: [CHI_FAST_AEC]: chxextensionmodule.cpp: ChxFastAecConfigureStreams: 19875: [CAMKPI] ChxFastAecConfigureStreams: E
01-25 19:07:37.618  1785  6532 I CHI     : [SS_INFO]: [SS_LOG_LEVEL]: 1, [DEVELOPER_LOG_LEVEL]: 0
01-25 19:07:37.618  1785  6532 I CHI     : [SS_LOW ]: [CHI         ]: chxextensionmodule.cpp: CheckIsAebEnableFor3rd: 29000: [AEB_DBG_3P] is3rdAEBClient=0, hasCaptureStream=0, chiCameraId=8, hasBinningStream=1, MultiRatioMode=0, hasLowResSnapshotStream=0
01-25 19:07:37.618  7026 10352 I CameraManagerGlobal: Camera 1 facing CAMERA_FACING_FRONT state now CAMERA_STATE_OPEN for client com.samsung.android.smartface API Level 2 User Id 0Device Id 0
01-25 19:07:37.618  4018  4867 I CameraManagerGlobal: Camera 1 facing CAMERA_FACING_FRONT state now CAMERA_STATE_OPEN for client com.samsung.android.smartface API Level 2 User Id 0Device Id 0
01-25 19:07:37.618  7026 10352 I CameraManagerGlobal: onCameraDeviceStateChangedLocked: post device state update
01-25 19:07:37.618  7026 10352 I CameraManagerGlobal: onCameraDeviceStateChangedLocked: post device state update
01-25 19:07:37.618  4018  4867 I CameraManagerGlobal: onCameraDeviceStateChangedLocked: post device state update
01-25 19:07:37.618  2421  6948 I CameraManagerGlobal: Camera 1 facing CAMERA_FACING_FRONT state now CAMERA_STATE_OPEN for client com.samsung.android.smartface API Level 2 User Id 0Device Id 0
01-25 19:07:37.618  4018  4867 I CameraManagerGlobal: onCameraDeviceStateChangedLocked: post device state update
01-25 19:07:37.618  2421  6948 I CameraManagerGlobal: onCameraDeviceStateChangedLocked: post device state update
01-25 19:07:37.618  2480  2564 W IPCThreadState: Sending oneway calls to frozen process.
01-25 19:07:37.618  2421  6948 I CameraManagerGlobal: onCameraDeviceStateChangedLocked: post device state update
01-25 19:07:37.618  7291  7321 I CameraManagerGlobal: Camera 1 facing CAMERA_FACING_FRONT state now CAMERA_STATE_OPEN for client com.samsung.android.smartface API Level 2 User Id 0Device Id 0
01-25 19:07:37.618  2421  3616 I RequestInjectorService: Samsung Camera is opened. ignore VT Camera Setting.
01-25 19:07:37.618 26480 26642 I CameraManagerGlobal: Camera 1 facing CAMERA_FACING_FRONT state now CAMERA_STATE_OPEN for client com.samsung.android.smartface API Level 2 User Id 0Device Id 0
01-25 19:07:37.618 28316 28605 I CameraManagerGlobal: Camera 1 facing CAMERA_FACING_FRONT state now CAMERA_STATE_OPEN for client com.samsung.android.smartface API Level 2 User Id 0Device Id 0
01-25 19:07:37.618  4147 29762 I CameraManagerGlobal: Camera 1 facing CAMERA_FACING_FRONT state now CAMERA_STATE_OPEN for client com.samsung.android.smartface API Level 2 User Id 0Device Id 0
01-25 19:07:37.618  5319 12601 I CameraManagerGlobal: Camera 1 facing CAMERA_FACING_FRONT state now CAMERA_STATE_OPEN for client com.samsung.android.smartface API Level 2 User Id 0Device Id 0
01-25 19:07:37.619  7442 14029 I CameraManagerGlobal: Camera 1 facing CAMERA_FACING_FRONT state now CAMERA_STATE_OPEN for client com.samsung.android.smartface API Level 2 User Id 0Device Id 0
01-25 19:07:37.619  5698  8600 I CameraManagerGlobal: Camera 1 facing CAMERA_FACING_FRONT state now CAMERA_STATE_OPEN for client com.samsung.android.smartface API Level 2 User Id 0Device Id 0
01-25 19:07:37.619  4326  4355 I CameraManagerGlobal: Camera 1 facing CAMERA_FACING_FRONT state now CAMERA_STATE_OPEN for client com.samsung.android.smartface API Level 2 User Id 0Device Id 0
01-25 19:07:37.619  2421  3871 D SemWifiCoexManager: onCameraDeviceStateChanged:  cameraId=1 facing=1 newCameraState=0 clientName=com.samsung.android.smartface
01-25 19:07:37.619 27857 27880 I CameraManagerGlobal: Camera 1 facing CAMERA_FACING_FRONT state now CAMERA_STATE_OPEN for client com.samsung.android.smartface API Level 2 User Id 0Device Id 0
01-25 19:07:37.619 27857 27880 I CameraManagerGlobal: onCameraDeviceStateChangedLocked: post device state update
01-25 19:07:37.619  2480  2564 D Camera3-Utils: Set regular priority for thread (tid 2564)
01-25 19:07:37.619 16613 14211 I CameraManagerGlobal: Camera 1 facing CAMERA_FACING_FRONT state now CAMERA_STATE_OPEN for client com.samsung.android.smartface API Level 2 User Id 0Device Id 0
01-25 19:07:37.619 32667 32679 I CameraManagerGlobal: Camera 1 facing CAMERA_FACING_FRONT state now CAMERA_STATE_OPEN for client com.samsung.android.smartface API Level 2 User Id 0Device Id 0
01-25 19:07:37.619  1785  6532 E ChiX    : [ERROR][CORE   ] chxextensionmodule.cpp:2713 SetHALOps() SetHALOps being set for CameraID:2 pHalOps: 0x0
01-25 19:07:37.619  6996  7023 I CameraManagerGlobal: Camera 1 facing CAMERA_FACING_FRONT state now CAMERA_STATE_OPEN for client com.samsung.android.smartface API Level 2 User Id 0Device Id 0
01-25 19:07:37.619  1785  6532 E ChiX    : [ERROR][CORE   ] chxextensionmodule.cpp:8514 InitializeOverrideSession() logicalCam: 2 pCamera3Device: 0xb400007dd39fe880
01-25 19:07:37.619  6996  7748 I EadCameraController: onCameraDeviceStateChanged:  cameraId=1 facing=1 newCameraState=0 clientName=com.samsung.android.smartface
01-25 19:07:37.620  7391  7415 I CameraManagerGlobal: Camera 1 facing CAMERA_FACING_FRONT state now CAMERA_STATE_OPEN for client com.samsung.android.smartface API Level 2 User Id 0Device Id 0
01-25 19:07:37.620  9616   487 I CameraManagerGlobal: Camera 1 facing CAMERA_FACING_FRONT state now CAMERA_STATE_OPEN for client com.samsung.android.smartface API Level 2 User Id 0Device Id 0
01-25 19:07:37.620  1785  6532 I CHI     : [SS_LOW ]: [CHI         ]: chxsecadaptiveperf.cpp: GetAdaptivePowerLevel: 390: loadAvgFloat : 14.190000, loadAvgProcess : 15, AvailableMemory : 2531680, adaptivePowerLevel:0
01-25 19:07:37.620  8094 19292 I CameraManagerGlobal: Camera 1 facing CAMERA_FACING_FRONT state now CAMERA_STATE_OPEN for client com.samsung.android.smartface API Level 2 User Id 0Device Id 0
01-25 19:07:37.620  1785  6532 I CHI     : [SS_LOW ]: [CHI         ]: chxsecadaptiveperf.cpp: GetAdaptivePowerHint: 587: perfType [0], adaptivePowerLevel [0], cpuMaxClk [0], cpuMinClk [2246400], boostTime[1000], currOverHeatLevel[0], isOverLimit[1]
01-25 19:07:37.620  1785  6532 I CHI     : [SS_LOW ]: [CHI         ]: chxextensionmodule.cpp: ExecuteMemBoost: 29841: Set MemBoost(2) by 0
01-25 19:07:37.620  1785  6532 I CHI     : [SS_LOW ]: [CHI         ]: chxsecperf.cpp: AcquirePerfLock: 1308:  0] OPEN_CAMERA (1000) Rel
01-25 19:07:37.620 26480  6519 I CameraV2Controller: onOpened
01-25 19:07:37.621  2480  6678 D AidlCamera3-Device: CameraPerf: setParameters E
01-25 19:07:37.621  1785  4862 I Unihal  : UniHal3InterfaceEntry.cpp: uni_set_parameters: 524: set_parameters : operation_mode=smartstay
01-25 19:07:37.622  1852 13306 D AudioFlinger: setParameters: filtered dev setParameters keyvalue cameraFacing=front
01-25 19:07:37.622  2480  6678 D AidlCamera3-Device: CameraPerf: setParameters X (1ms)
01-25 19:07:37.623  1754 22934 D AHAL_HFP_QTI: hfp_set_parameters enter
01-25 19:07:37.623  1754 22934 D AHAL_HFP_QTI: hfp_set_parameters Exit
01-25 19:07:37.623  1754 22934 D AHAL_SecModulePrimary: processSetVendorParameters: not configured cameraFacing
01-25 19:07:37.623 26480  6517 I CameraV2Controller: Preview size: 320x240
01-25 19:07:37.624  1852 13306 E ConversionHelperAidl: Function: parseAndSetVendorParameters Line: 94 Failed 
01-25 19:07:37.624  1888  5032 D NativeSemDvfsManager: acquire:: timeout = 2000 mIsAcquired = 1  mTagName : SurfaceFlinger 
01-25 19:07:37.624  2480 13828 D AidlCamera3-Device: CameraPerf: constructDefaultRequestSettings templateId: 1 E
01-25 19:07:37.624  1852 13306 E ConversionHelperAidl: Function: parseAndSetVendorParameters Line: 94 Failed 
01-25 19:07:37.624  1888  2245 I CompositionEngine: [setDisplaySize] size=(579, 56)
01-25 19:07:37.624  1785  4862 I Unihal  : UniHalPlusMediator.cpp: ConstructDefaultRequestSettings: 617: Device(0xb400007cd3abdfa0), type=1: E
01-25 19:07:37.624  1785  4862 I Unihal  : UniHalPlusMediator.cpp: ConstructDefaultRequestSettings: 617: Device(0xb400007cd3abdfa0), type=1: X
01-25 19:07:37.624  2480 13828 D AidlCamera3-Device: CameraPerf: constructDefaultRequestSettings X (0ms)
01-25 19:07:37.624  1757  1895 I HYPER-HAL: [RequestManager.cpp]acquire(): Acquired ID : 4172716  [1888 / 1000]    HINT : SF_GPU_MINLOCK    list : [TIMEOUT / 2000] 
01-25 19:07:37.624  1888  5032 E NativeCustomFrequencyManager: [NativeCFMS] BpCustomFrequencyManager::acquire()
01-25 19:07:37.624  2480  6678 D Camera3-Device: waitUntilDrained: mInterfaceLock.unlock()
01-25 19:07:37.627  2480 13828 D CameraDeviceClient: createStream E
01-25 19:07:37.627  2480 13828 D SessionConfigUtils: createConfiguredSurface E: logicalCameraId=1, isStreamInfoValid=0, useCase=0, option=0x0, mirrorMode=0
01-25 19:07:37.627  2480 13828 D SessionConfigUtils: createConfiguredSurface: consumer usage flag: 3, useAsync: 0
01-25 19:07:37.628  2480 13828 W libc    : Access denied finding property "vendor.display.enable_optimal_refresh_rate"
01-25 19:07:37.628  2480 13828 W libc    : Access denied finding property "vendor.gpp.create_frc_extension"
01-25 19:07:37.628  2480 13828 D SessionConfigUtils: createConfiguredSurface: width=320, height=240, format=35, dataSpace=146931712
01-25 19:07:37.628  2480 13828 D SessionConfigUtils: roundBufferDimensionNearest  inWidth=320 inHeight=240, outWidth=320 outHeight=240 X
01-25 19:07:37.628  2480 13828 D SessionConfigUtils: createConfiguredSurface X
01-25 19:07:37.628  2480 13828 D Camera3-Device: createStream: mInterfaceLock.lock()
01-25 19:07:37.628  2480 13828 D Camera3-Device: createStream: Camera 1: Creating new stream 0: 320 x 240, format 0x23(YUV_420_888), dataspace 146931712 rotation 0 consumer usage 0, isShared 0, physicalCameraId , isMultiResolution 0 dynamicRangeProfile 0x1, streamUseCase 0, option 0x0, timestampBase 0, colorSpace -1, useReadoutTimestamp 0
01-25 19:07:37.628  2480 13828 D Camera3-Device: createStream: mInterfaceLock.unlock()
01-25 19:07:37.629  2480 13828 D CameraDeviceClient: createStream: Camera 1: Successfully created a new stream ID 0 for output surface (320 x 240) with format 0x23.
01-25 19:07:37.629  2480 13828 D CameraDeviceClient: createStream X
01-25 19:07:37.629  2480 13828 D Camera3-Device: filterParamsAndConfigureLocked : operatingMode=0
01-25 19:07:37.629  2480 13828 D Camera3-Utils: Set real time priority for thread (tid 13828)
01-25 19:07:37.629  2480 13828 D Camera3-Device: CameraPerf: configureStreamsLocked: Camera 1: Stream configuration E
01-25 19:07:37.629  2480 13828 I AidlCamera3-Device: configureStreams : Before configuration Stream[0] : [320 x 240], format = 0x23(YUV_420_888), data_space = 146931712, color_space = -1, usage flag = 0x3, physical_camera_id = null
01-25 19:07:37.629  1785 26600 I Samsung_CameraDeviceSession_impl: [CAMKPI] camera3->configure_streams : E
01-25 19:07:37.629  1785 26600 I Unihal  : UniHal3InterfaceEntry.cpp: uni_configure_streams: 331: [UNIKPI][1] UniHAL->configure_streams: E
01-25 19:07:37.629  1785 26600 I Unihal  : UniHal3InterfaceEntry.cpp: uni_configure_streams: 341: operation_mode: 0, num_streams: 1, session_param: 0xb400007d53db0f80
01-25 19:07:37.629  1785 26600 I Unihal  : UniHal3InterfaceEntry.cpp: uni_configure_streams: 348: stream[0]: stream(0xb400007d33a09eb8) : streamId(0x0), scenarioType(PREVIEWCB), format(0x23), grallocUsage(0x3), size(320x240), streamType(0), option(0x0), maxBuffers(0), priv(0x0), dataspace(146931712), rotation(0), fps(0, 0), physCamId(), groupId(-1), sensorPixelModes(0), multi_resolution_input_image(0), stream_use_case(0), dynamic_range_profile(1), stream_timestamp(0), color_space(-1), reserved Ptr(0x0, 0x0)
01-25 19:07:37.629  1785 26600 I Unihal  : CameraMetadata.cpp: Print: 238: [FWK][SESSION] 001/004 [0x812800A2] samsung.android.control.colorSpaceMode[1](INT32) : 0
01-25 19:07:37.629  1785 26600 I Unihal  : CameraMetadata.cpp: Print: 238: [FWK][SESSION] 002/004 [0x00010011] android.control.videoStabilizationMode[1](BYTE) : 0
01-25 19:07:37.629  1785 26600 I Unihal  : CameraMetadata.cpp: Print: 238: [FWK][SESSION] 003/004 [0x8128007F] samsung.android.control.recordingExtraMode[1](INT32) : 0
01-25 19:07:37.629  1785 26600 I Unihal  : CameraMetadata.cpp: Print: 238: [FWK][SESSION] 004/004 [0x8128000D] samsung.android.control.shootingMode[1](INT32) : 1
01-25 19:07:37.629  1785 26600 I Unihal  : UniHalPlusMediator.cpp: ConfigureStreams: 433: Device(0xb400007cd3abdfa0): E
01-25 19:07:37.629  1785 26600 I Unihal  : UniHalPlusMediator.h: PrintOpenDeviceInfo: 190: Configurestreams
01-25 19:07:37.629  1785 26600 I Unihal  : UniHalPlusMediator.h: operator(): 199: HwDevice=0xb400007cd3abdfa0, FWK ID=1, OpenMgr(0)=0xb400007e63b01500, state=2, newDev=0x0
01-25 19:07:37.629  1785 26600 I Unihal  : UniState.cpp: transitState: 102: Transiting to state 3
01-25 19:07:37.629  1785 26600 I Unihal  : CameraHalUnit.cpp: ConfigureStreams: 264: cameraId=1, GetIsAlreadyCreated=0 m_isSetParamNull=0
01-25 19:07:37.629  1785 26600 I Unihal  : UniHalPlusExtension.cpp: IsAllowedUniHalPlus: 633: Unable to get PARAMETER_SAMSUNG_ANDROID_CONTROL_CAMERA_CLIENT
01-25 19:07:37.629  1785 26600 I Unihal  : UniHalPlusExtension.cpp: IsAllowedUniHalPlus: 649: UniHalPlus is not applied to this application. (invalid app)
01-25 19:07:37.629  1785 26600 I Unihal  : ScenarioManager.cpp: IsAllowed3rdParty: 2198: VDIS is supported by HAL
01-25 19:07:37.629  1785 26600 I Unihal  : ScenarioManager.cpp: IsSupported3rdPartyApp: 1555: SAMSUNG_ANDROID_CONTROL_UNIHAL_ENABLE_MODE doesn't exist.
01-25 19:07:37.629  1785 26600 I Unihal  : ScenarioManager.cpp: IsSupported3rdPartyVideoHdr: 1166: SAMSUNG_ANDROID_UNIHAL_VIDEO_MODE doesn't exist.
01-25 19:07:37.630  1785 26600 I Unihal  : ScenarioManager.cpp: IsSupported3rdPartyIQSegmentation: 1324: 3rdParty IQ Segmentation supported: FALSE
01-25 19:07:37.630  1785 26600 I Unihal  : ScenarioManager.cpp: IsSupported3rdPartyMoire: 1298: 3rdParty Moire supported: FALSE
01-25 19:07:37.630  1785 26600 I Unihal  : ScenarioManager.cpp: IsSupported3rdPartyAutoFraming: 1941: SAMSUNG_ANDROID_UNIHAL_VIDEO_MODE doesn't exist.
01-25 19:07:37.630  1785 26600 I Unihal  : ScenarioManager.cpp: IsSupported3rdPartyVDIS: 985: VDIS is not supported, since VDIS modes are not available.
01-25 19:07:37.630  1785 26600 I Unihal  : ScenarioManager.cpp: IsSupported3rdPartyVideoHdr: 1166: SAMSUNG_ANDROID_UNIHAL_VIDEO_MODE doesn't exist.
01-25 19:07:37.630  1785 26600 I Unihal  : ScenarioManager.cpp: IsSupported3rdPartySdkVdis: 1252: SAMSUNG_ANDROID_UNIHAL_VIDEO_MODE doesn't exist.
01-25 19:07:37.630  1785 26600 I Unihal  : ScenarioManager.cpp: IsSupported3rdPartyAutoFramingLite: 2053: PARAMETER_SAMSUNG_EXTRA_UNIHAL_ENABLE_MODE doesn't exist
01-25 19:07:37.630  1785 26600 I Unihal  : ScenarioManager.cpp: IsAllowed3rdParty: 2447: Android Auto Framing is supported
01-25 19:07:37.630  1785 26600 I Unihal  : ScenarioManager.cpp: FindScenarioInfo: 2579: Scenario Lib Path : /vendor/lib64/unihal_scenario.so
01-25 19:07:37.630  1785 26600 I Unihal  : ScenarioManager.cpp: FindScenarioInfo: 2686: High resolution mode(0)
01-25 19:07:37.630  1785 26600 I Unihal  : ScenarioManager.cpp: FindScenarioInfo: 2743: Current shootingMode=0x00010018(UNI_SHOOTING_MODE_3RD_PARTY_DEFAULT), cameraId=1(FRONT_FULL)
01-25 19:07:37.630  1785 26600 I Unihal  : ScenarioManager.cpp: CheckEnableCondition: 3055: Unihal is enabled. : isSamsungCamera=false, isFactoryTest=false, isGalaxyRaw = false, isAllowedUniHalPlus=false, isAllowed3rdParty=true, foundScenario=true, isValidStreamConfiguration=true, isSamsungVdisEnabled=false, isSamsungSelfieToneTo3rdParty=true, shootingMode=UNI_SHOOTING_MODE_3RD_PARTY_DEFAULT
01-25 19:07:37.630  1785 26600 I Unihal  : ScenarioManager.cpp: ConfigureStreams: 3478: New session_parameters!
01-25 19:07:37.630  1785 26600 I Unihal  : ScenarioManager.cpp: FindScenarioInfo: 2579: Scenario Lib Path : /vendor/lib64/unihal_scenario.so
01-25 19:07:37.630  1785 26600 I Unihal  : ScenarioManager.cpp: FindScenarioInfo: 2686: High resolution mode(0)
01-25 19:07:37.630  1785 26600 I Unihal  : ScenarioManager.cpp: FindScenarioInfo: 2743: Current shootingMode=0x00010018(UNI_SHOOTING_MODE_3RD_PARTY_DEFAULT), cameraId=1(FRONT_FULL)
01-25 19:07:37.630  1785 26600 I Unihal  : ScenarioFactory3rdParty.cpp: CreateScenarioUnit: 71: Third Party Combination Front for 1(0xb400007dd39f0490), supportScenarioType(3):PREVIEW,PREVIEWCB,RECORD, FnUpdateCaptureRequestNum(3), NumOfPipelines(1024)
01-25 19:07:37.630  1785 26600 E Unihal  : BeautyVideoUnit.cpp: BeautyVideoUnit: 38: Failed to Fetch Samsung Camera Value
01-25 19:07:37.631  1785  4543 E CamX    : [ERROR][SENSOR ] camxsensornode.cpp:1779 SensorThreadJobCallback() Sensor[5][FastAECRealtime_Sensor0_cam5] currConfigStatus:1
01-25 19:07:37.631  1785  4543 E CamX    : [ERROR][SENSOR ] camxsensor.cpp:10233 AcquireDevice() Sensor[5][FastAECRealtime_Sensor0_cam5] hCSL:0xe00200 hDev:0xab0101 devIdx:35 isAcquired:0 pipelineRefCount:0
01-25 19:07:37.631  1785  6539 E CamX    : [ERROR][ISP    ] camxmctfenode.cpp:5426 ConfigureInputResolution() FastAECRealtime_MCTFE0_cam5: IPP Input Resolution WxH = [2000 x 1500], RDI Resolution WxH = [2000 x 1500]binningFactor 1, CSIDBinning Enabled 0, bIsXCFANonRemosaicData: 0 SensorMode Index 7,isQPDMode:0
01-25 19:07:37.631  1785  6539 E CamX    : [ERROR][ISP    ] camxmctfenode.cpp:4195 PostUsecaseMetadata() FastAECRealtime_MCTFE0_cam5: IPP Resolution WxH = [2000 x 1500], RDI Resolution WxH = [2000 x 1500] SensorMode Index 7
01-25 19:07:37.632  1785  6541 I 3A_PLTFM: MetaStoreManager: init: 65: AWB: Already initialized, returning 0x7be8e0af70
01-25 19:07:37.632  1785  6541 I vendor.samsung.hardware.camera.provider-service_64: vendor/qcom/proprietary/adsprpc/src/fastrpc_pm.c:170: fastrpc_wake_lock_init done for vendor.samsung.hardware.:1785
01-25 19:07:37.632  1785  6541 I vendor.samsung.hardware.camera.provider-service_64: vendor/qcom/proprietary/adsprpc/src/fastrpc_apps_user.c:2385: update_kernel_wakelock_status: updated kernel wakelock control status to 1 for domain 0
01-25 19:07:37.632  1785  6541 I vendor.samsung.hardware.camera.provider-service_64: vendor/qcom/proprietary/adsprpc/src/fastrpc_apps_user.c:2410: wakelock_control: enabled wakelock control for domain 0
01-25 19:07:37.636  1785  6541 I SS_3A   :  INFO: AWB: CreateAWBAlgorithm: 813: statsStreamInitConfig operationMode 1
01-25 19:07:37.636  1785  6541 I SS_3A   :  INFO: AWB: CreateAWBAlgorithm: 730: StaticAWB algo sizeOfParam for CHISTATSHANDLE is 24
01-25 19:07:37.636  1785  6541 I SS_3A   :  INFO: AWB: CreateAWBAlgorithm: 742: Lens Facing = 0
01-25 19:07:37.636  1785  6541 I SS_3A   :  INFO: AWB: CreateAWBAlgorithm: 794: StaticAWB algo create: overrideCameraOpen is 32
01-25 19:07:37.636  1785  6541 I SS_3A   :  INFO: AWB: CreateAWBAlgorithm: 804: cameraInfo algoRole 0, cameraId 5
01-25 19:07:37.636  1785  6541 I SS_3A   :  INFO: AWB: TsCommonFillSensorIdMap: 26: Already filled, cameraId(5) driverSensorId(12)
01-25 19:07:37.636  1785  6541 I SS_3A   :  INFO: AWB: CreateAWBAlgorithm: 831: CreateAWBAlgorithm (refcnt:0 cameraId 5 OverrideCameraOpen 1 lensFacing 0 pAWBSingletonWrapper->pAWB 0x0
01-25 19:07:37.636  1785  6541 I SS_3A   :  INFO: AWB: CreateAWBAlgorithm: 861: Create AWBAlgorithm, pAWB 0xb400007e139adfb0
01-25 19:07:37.636  1785  6541 I SS_3A   :  INFO: AWB: LoadAlgorithmAndSymbols: 666: [DBG_APEX] Loading AWB lib: libTsAwbFront_PA23.so
01-25 19:07:37.638  1785  6541 I SS_3A   :  INFO: AWB: LoadAlgorithmAndSymbols: 696: pInstance->hAWBAlgorithm 0xb400007be8661cd0
01-25 19:07:37.638  1785  6541 I SS_3A   :  INFO: AWB: TsAwb_get_cal_data_front: 138: module[0] 355 745 750 377
01-25 19:07:37.638  1785  6541 I SS_3A   :  INFO: AWB: TsAwb_get_cal_data_front: 140: module[0] RG 0.474916 , BG 0.504348
01-25 19:07:37.638  1785  6541 I 3A_PLTFM: TransactionManagerImpl: init: 39: E
01-25 19:07:37.638  1785  6541 I 3A_PLTFM: TransactionManagerImpl: init: 41: X
01-25 19:07:37.638  1785  6541 I SS_3A   :  INFO: AWB: TsAwb_init_with_mode: 181: TuningVersion 0xD0A1325
01-25 19:07:37.638  1785  6541 I SS_3A   :  INFO: AWB: TsAwb_init_with_mode: 225: [eLensType 0] Adjust_gain = 1.007413, 1.010085
01-25 19:07:37.638  1785  6541 I 3A_PLTFM: MetaStoreManager: init: 65: AEC: Already initialized, returning 0x7be8e0af80
01-25 19:07:37.638  1785  6541 I SS_3A   :  INFO: AEC: AECAlgoSetNodeInterface: 1147: AEC vendorTagBase 0x80760000
01-25 19:07:37.638  1785  6541 I SS_3A   :  INFO: AEC: AECAlgoSetNodeInterface: 1157: AWB vendorTagBase 0x80780000
01-25 19:07:37.638  1785  6541 I SS_3A   :  INFO: AEC: AECAlgoSetNodeInterface: 1167: AF vendorTagBase 0x80770000
01-25 19:07:37.638  1785  6541 I 3A_PLTFM: SolutionInterfaceAEC: Sec3APlatformCreateAEC: 418: AEC_VendorTag:: Shooting Mode = 1 chiSessionHandle = 0xb400007d13ec56e0
01-25 19:07:37.638  1785  6541 I 3A_PLTFM: SolutionInterfaceAEC: Sec3APlatformCreateAEC: 430: Lens Facing = 0 chiSessionHandle = 0xb400007d13ec56e0
01-25 19:07:37.638  1785  6541 I SS_3A   :  INFO: AEC: CreateAEC: 820: StaticAEC algo sizeOfParam for CHISTATSHANDLE is 24
01-25 19:07:37.638  1785  6541 I SS_3A   :  INFO: AEC: CreateAEC: 837: AEC_VendorTag:: Lens Facing = 0 chiSessionHandle = 0xb400007d13ec56e0
01-25 19:07:37.638  1785  6541 I SS_3A   :  INFO: AEC: CreateAEC: 916: StaticAEC algo create: camera open mask 32 
01-25 19:07:37.638  1785  6541 I SS_3A   :  INFO: AEC: CreateAEC: 814: aec_camera_info 0 5
01-25 19:07:37.638  1785  6541 I SS_3A   :  INFO: AEC: CreateAEC: 923: flicker CSC:60 
01-25 19:07:37.638  1785  6541 I SS_3A   :  INFO: AEC: TsCommonFillSensorIdMap: 26: Already filled, cameraId(5) driverSensorId(12)
01-25 19:07:37.638  1785  6541 I SS_3A   :  INFO: AEC: CreateAEC: 941: CreateAECAlgorithm (refcnt:0 cameraId 5 OverrideCameraOpen 1 lensFacing 0 pAECSingletonWrapper->pAECSingleton 0x0 [sensor:S5K3LU]
01-25 19:07:37.639  1785  6541 I SS_3A   :  INFO: AEC: LoadAlgorithmAndSymbols: 682: [DBG_APEX] Loading AEC lib: /vendor/lib64/camera/components/libTsAeFront_pa3.so
01-25 19:07:37.639  1785  6541 I SS_3A   :  INFO: AEC: TsAecFront_load_lib: 180: TsAec_ptr 0x81cde55a605de107
01-25 19:07:37.639  1785  6541 I 3A_PLTFM: TransactionManagerImpl: init: 39: E
01-25 19:07:37.639  1785  6541 I 3A_PLTFM: TransactionManagerImpl: init: 41: X
01-25 19:07:37.639  1785  6541 I SS_3A   :  INFO: AEC: GetMemTotal: 587: memTotal : 11381328
01-25 19:07:37.639  1785  6541 I SS_3A   :  INFO: AEC: LoadAlgorithmAndSymbols: 719: [AEC] Custom Algo handle 0xb400007c6fb6afa0 
01-25 19:07:37.639  1785  6541 I SS_3A   :  INFO: AEC: CreateAEC: 1013: CreateAECAlgorithm 0xb400007e139bd850 libName libTsAeFront_pa3.so sensorName S5K3LU
01-25 19:07:37.639  1785  6541 W 3A_PLTFM: AndroidSensorDataRequest: init: 52: sensorListenerHandle address -> 0xb400007dc3a43bd0
01-25 19:07:37.639  1785  6541 E CamX    : [ERROR][STATS_AEC] camxcaecstatsprocessor.cpp:7084 GetCropWindow() Wrong input: HALCropWindow left(0),top(0) width,height = 0x0
01-25 19:07:37.639  1785  6542 W 3A_PLTFM: AndroidSensorDataRequest: execute: 76: E sensorEnableBit:0, requestFlags:3B
01-25 19:07:37.639  1785  6542 I SensorListener: enableSensor : numSensors=43/43, sen_list = 0xb400007dd39f41d0/0xb400007dd39f41d0
01-25 19:07:37.639  1785  6542 W vendor.samsung.hardware.camera.provider-service_64: Binder 0xb400007d53d68238 destroyed after setMinSchedulerPolicy before being parceled.
01-25 19:07:37.639  1785  6542 W vendor.samsung.hardware.camera.provider-service_64: Binder 0xb400007d53d68238 destroyed after setMinSchedulerPolicy before being parceled.
01-25 19:07:37.640  1785 26600 I Unihal  : ScenarioFactory3rdParty.cpp: CreateScenarioUnit: 71: Third Party Combination Front for 2(0xb400007dd39fc6d0), supportScenarioType(3):PREVIEW,PREVIEWCB,RECORD, FnUpdateCaptureRequestNum(3), NumOfPipelines(513)
01-25 19:07:37.641  1751  1751 D SensorsFlicker: Als_common::setDelay, handle : 1 time : 10000000ns
01-25 19:07:37.641  1751  1751 D SensorsFlicker: Als_common::enable, handle : 1, mode : 1, en : 1
01-25 19:07:37.641  1751  6545 D SensorsFlicker: Als_common::sendCommand, send enable command
01-25 19:07:37.641  1785  6542 E SensorListener: ERR(initSensor[1078]):failed to open hrm alc sensor's name
01-25 19:07:37.642  1785  6542 I SensorListener: enableSensor : numSensors=43/43, sen_list = 0xb400007dd39f41d0/0xb400007dd39f41d0
01-25 19:07:37.642  1785  6546 E CamX    : [ERROR][ISP    ] camxmctfenode.cpp:1815 PostPipelineCreate() FastAECRealtime_MCTFE0_cam5: numProcessingExposures 1  usecaseNumExposures 1
01-25 19:07:37.642  1785  6542 I SensorListener: enableSensor : numSensors=43/43, sen_list = 0xb400007dd39f41d0/0xb400007dd39f41d0
01-25 19:07:37.642  1751  1751 I sensors-hal: set_config:60, sample_period_ns is adjusted to 120000000 based on min/max delay_ns
01-25 19:07:37.642  1751  1751 I sensors-hal: batch:368, com.samsung.sensor.light_ir/1421, period=120000000, max_latency=0 request completed
01-25 19:07:37.642  1751  1751 I sensors-hal: activate:305, com.samsung.sensor.light_ir/1421 en=1
01-25 19:07:37.642  1751  1751 I sensors-hal: activate:53, light_ir: Activate!
01-25 19:07:37.642  1751  1751 I sensors-hal: acquire_qsh_interface:140, acquire_qsh_interface with sensor_id 6 , conn_type 3 
01-25 19:07:37.642  1820  1820 I SSC_DAEMON: handleSensorTestReqMsg:88, Sensor type :4, Msg type:10
01-25 19:07:37.643  1725  1838 E minksocket: MinkIPC ERROR: ( 1725:1838 ) MinkIPC_preProcess:272 Client down, but cannot find corresponding minksession
01-25 19:07:37.643  1725  1830 E minksocket: MinkIPC ERROR: ( 1725:1830 ) MinkIPC_preProcess:272 Client down, but cannot find corresponding minksession
01-25 19:07:37.643  1725  1830 E minksocket: MinkIPC ERROR: ( 1725:1830 ) MinkIPC_preProcess:272 Client down, but cannot find corresponding minksession
01-25 19:07:37.643  1725  1838 E minksocket: MinkIPC ERROR: ( 1725:1838 ) MinkIPC_preProcess:272 Client down, but cannot find corresponding minksession
01-25 19:07:37.644  1820  4180 I SSC_DAEMON: light_event_log:214, light_msg(4/10): 0,0,0,0,0,0
01-25 19:07:37.644  1785  6532 I CHI     : [SS_LOW ]: [CHI         ]: chxextensionmodule.cpp: InitializeOverrideSession: 9436: [DUAL_MODE_DBG] m_isFrontCameraOpened=1
01-25 19:07:37.644  1785  6532 I CHI     : [SS_LOW ]: [CHI_FAST_AEC]: chxextensionmodule.cpp: ChxFastAecConfigureStreams: 19914: [CAMKPI] ChxFastAecConfigureStreams: X
01-25 19:07:37.644  1785  6532 I CHI     : [SS_LOW ]: [CHI_FAST_AEC]: chxextensionmodule.cpp: ChxFastAecProcessRequest: 19924: [CAMKPI] ChxFastAecProcessRequest: E
01-25 19:07:37.644  1785  6532 I CHI     : [SS_LOW ]: [CHI_FAST_AEC]: chxextensionmodule.cpp: ChxFastAecProcessRequest: 19976: [CAMKPI] currentFrameCount: 0, m_maxFrameCount : 8
01-25 19:07:37.644  1725  1838 E minksocket: MinkIPC ERROR: ( 1725:1838 ) MinkIPC_preProcess:272 Client down, but cannot find corresponding minksession
01-25 19:07:37.644  1725  1830 E minksocket: MinkIPC ERROR: ( 1725:1830 ) MinkIPC_preProcess:272 Client down, but cannot find corresponding minksession
01-25 19:07:37.644  1785  6532 E CamX    : [ERROR][META   ] camxmetabuffer.cpp:4183 SetTag() Cannot set org.quic.camera2.streamconfigs.HDRVideoMode(80830000) size 4 max 1
01-25 19:07:37.644  1751  1673 I sensors-hal: handle_sns_client_event:379, [0][6866] accel_sample [ 0.082,  0.173,  9.868] 14828204685262
01-25 19:07:37.644  1785  6532 I CHI     : [SS_LOW ]: [CHI         ]: chxutils.cpp: FillTuningModeDebug: 8321: [FRONT_FULL] sensorModeIndex 7  Sensor:NORMAL(0)  usecase:Third_party_preview(8)  feature1:ADRC(2)  feature2:None(0)  scene:None(0)   [chxsecusecasefastaec.cpp]
01-25 19:07:37.644  1751  1751 I sensors-hal: qsh_qmi:34, qsh_qmi
01-25 19:07:37.644  1751  1751 I sensors-hal: send_sync_sensor_request:515, send sync request
01-25 19:07:37.644  1751  1751 I sensors-hal: send_sync_sensor_request:544, wait for notification of response
01-25 19:07:37.644  1725  1830 E minksocket: MinkIPC ERROR: ( 1725:1830 ) MinkIPC_preProcess:272 Client down, but cannot find corresponding minksession
01-25 19:07:37.644  1725  1838 E minksocket: MinkIPC ERROR: ( 1725:1838 ) MinkIPC_preProcess:272 Client down, but cannot find corresponding minksession
01-25 19:07:37.645  1751  6548 I sensors-hal: qsh_conn_resp_cb:972, resp_value = 0 for light_cct 
01-25 19:07:37.645  1751  1751 I sensors-hal: send_sync_sensor_request:550, takes 0 ms to receive the response with 0
01-25 19:07:37.645  1751  1751 I sensors-hal: activate:335, com.samsung.sensor.light_ir/1421 en=1 completed
01-25 19:07:37.645  1785  6542 I SensorListener: enableSensor : numSensors=43/43, sen_list = 0xb400007dd39f41d0/0xb400007dd39f41d0
01-25 19:07:37.645  1751  1751 I sensors-hal: set_config:60, sample_period_ns is adjusted to 100000000 based on min/max delay_ns
01-25 19:07:37.645  1751  1751 I sensors-hal: batch:368, android.sensor.gyroscope/41, period=100000000, max_latency=0 request completed
01-25 19:07:37.645  1785 26600 I Unihal  : ScenarioFactory3rdParty.cpp: CreateScenarioUnit: 71: Third Party Combination Front for 3(0xb400007dd3a24e50), supportScenarioType(3):PREVIEW,PREVIEWCB,RECORD, FnUpdateCaptureRequestNum(3), NumOfPipelines(513)
01-25 19:07:37.646  1751  1751 I sensors-hal: activate:305, android.sensor.gyroscope/41 en=1
01-25 19:07:37.646  1751  1751 I sensors-hal: acquire_qsh_interface:140, acquire_qsh_interface with sensor_id 29 , conn_type 3 
01-25 19:07:37.646  1725  1830 E minksocket: MinkIPC ERROR: ( 1725:1830 ) MinkIPC_preProcess:272 Client down, but cannot find corresponding minksession
01-25 19:07:37.647  1725  1838 E minksocket: MinkIPC ERROR: ( 1725:1838 ) MinkIPC_preProcess:272 Client down, but cannot find corresponding minksession
01-25 19:07:37.647  1725  1830 E minksocket: MinkIPC ERROR: ( 1725:1830 ) MinkIPC_preProcess:272 Client down, but cannot find corresponding minksession
01-25 19:07:37.647  1725  1838 E minksocket: MinkIPC ERROR: ( 1725:1838 ) MinkIPC_preProcess:272 Client down, but cannot find corresponding minksession
01-25 19:07:37.647  1725  1830 E minksocket: MinkIPC ERROR: ( 1725:1830 ) MinkIPC_preProcess:272 Client down, but cannot find corresponding minksession
01-25 19:07:37.648  1725  1838 E minksocket: MinkIPC ERROR: ( 1725:1838 ) MinkIPC_preProcess:272 Client down, but cannot find corresponding minksession
01-25 19:07:37.648  1751  1751 I sensors-hal: qsh_qmi:34, qsh_qmi
01-25 19:07:37.648  1751  1751 I sensors-hal: acquire_qsh_interface:140, acquire_qsh_interface with sensor_id 29 , conn_type 3 
01-25 19:07:37.648  1751  1751 I sensors-hal: activate:169, registered callback for gyro_cal
01-25 19:07:37.648  1751  1751 I sensors-hal: send_req:263, sent request to gyro_cal (low=10025908976994887838high=13187306796670928542), reqeuest_count = 1
01-25 19:07:37.648  1751  1751 I sensors-hal: set_config:60, sample_period_ns is adjusted to 1000000000 based on min/max delay_ns
01-25 19:07:37.648  1751  1751 I sensors-hal: acquire_qsh_interface:140, acquire_qsh_interface with sensor_id 29 , conn_type 3 
01-25 19:07:37.648  1751  1751 I sensors-hal: send_sync_sensor_request:515, send sync request
01-25 19:07:37.648  1751  1751 I sensors-hal: send_sync_sensor_request:544, wait for notification of response
01-25 19:07:37.648  1725  1830 E minksocket: MinkIPC ERROR: ( 1725:1830 ) MinkIPC_preProcess:272 Client down, but cannot find corresponding minksession
01-25 19:07:37.648  1725  1838 E minksocket: MinkIPC ERROR: ( 1725:1838 ) MinkIPC_preProcess:272 Client down, but cannot find corresponding minksession
01-25 19:07:37.649  1751  6564 I sensors-hal: handle_resp_cb:269, resp_value = 0 for gyro_cal before acuiring the lock, pending request = 1
01-25 19:07:37.649  1751  6564 I sensors-hal: handle_resp_cb:283, response received but, no need to notify caller, _is_disable_progress = 0, _request_count = 0
01-25 19:07:37.649  1751  6564 I sensors-hal: qsh_conn_resp_cb:972, resp_value = 0 for sensor_temperature 
01-25 19:07:37.649  1751  1751 I sensors-hal: send_sync_sensor_request:550, takes 0 ms to receive the response with 0
01-25 19:07:37.649  1751  1751 I sensors-hal: send_sensor_config_request:582, resampler is used, set resampler config
01-25 19:07:37.649  1751  1751 I sensors-hal: send_sync_sensor_request:515, send sync request
01-25 19:07:37.649  1751  1751 I sensors-hal: send_sync_sensor_request:544, wait for notification of response
01-25 19:07:37.650  1751  6564 I sensors-hal: qsh_conn_resp_cb:972, resp_value = 0 for gyro 
01-25 19:07:37.650  1751  1751 I sensors-hal: send_sync_sensor_request:550, takes 0 ms to receive the response with 0
01-25 19:07:37.650  1751  1751 I sensors-hal: activate:335, android.sensor.gyroscope/41 en=1 completed
01-25 19:07:37.650  1751  6564 I sensors-hal: qsh_conn_event_cb:894, SCHED_FIFO(10) for qmi_cbk
01-25 19:07:37.650  1785  6542 I SensorListener: enableSensor : numSensors=43/43, sen_list = 0xb400007dd39f41d0/0xb400007dd39f41d0
01-25 19:07:37.650  1751  1751 I sensors-hal: set_config:60, sample_period_ns is adjusted to 20000000 based on min/max delay_ns
01-25 19:07:37.650  1751  1751 I sensors-hal: send_sensor_config_request:582, resampler is used, set resampler config
01-25 19:07:37.650  1751  1751 I sensors-hal: send_sync_sensor_request:515, send sync request
01-25 19:07:37.650  1751  1751 I sensors-hal: send_sync_sensor_request:544, wait for notification of response
01-25 19:07:37.650  1751  1673 I sensors-hal: qsh_conn_resp_cb:972, resp_value = 0 for accel 
01-25 19:07:37.650  1751  1751 I sensors-hal: send_sync_sensor_request:550, takes 0 ms to receive the response with 0
01-25 19:07:37.650  1751  1751 I sensors-hal: batch:368, android.sensor.accelerometer/11, period=20000000, max_latency=100000000 request completed
01-25 19:07:37.651  1751  1751 I sensors-hal: flush:388, android.sensor.accelerometer/11
01-25 19:07:37.651  1751  1751 I sensors-hal: send_sync_sensor_request:515, send sync request
01-25 19:07:37.651  1751  1751 I sensors-hal: send_sync_sensor_request:544, wait for notification of response
01-25 19:07:37.651  1785 26600 I Unihal  : ScenarioFactory3rdParty.cpp: CreateScenarioUnit: 71: BYPASS(0xb400007dd3a0d450), supportScenarioType(1):BYPASS_STREAM, FnUpdateCaptureRequestNum(0), NumOfPipelines(1)
01-25 19:07:37.651  1751  1673 I sensors-hal: qsh_conn_resp_cb:972, resp_value = 0 for accel 
01-25 19:07:37.651  1751  1751 I sensors-hal: send_sync_sensor_request:550, takes 0 ms to receive the response with 0
01-25 19:07:37.651  1751  1751 I sensors-hal: flush:394, android.sensor.accelerometer/11 completed
01-25 19:07:37.651  1785  6542 W 3A_PLTFM: AndroidSensorDataRequest: execute: 171: X 3B
01-25 19:07:37.653  1751  1673 I sensors-hal: handle_sns_std_flush_event:840, dt=accel, META_DATA_FLUSH_COMPLETE, _pending_flush_requests=1, _wakeup_type=0
01-25 19:07:37.655  1785 26600 I Unihal  : ScenarioUnit3rdParty.cpp: GenerateUniStreams: 559: [Third Party Combination Front for 1] delayed meta setting: UNI_DELAYED_META_SETTING_DEFAULT, apply reducing filter: FALSE, use metadata cache: FALSE
01-25 19:07:37.655  1785 26600 I Unihal  : ScenarioSelector3rdParty.cpp: operator(): 406: Reg Main Stream 0xb400007e139d4950(0xb400007d33a09eb8,0xb400007e139d4950) PREVIEWCB
01-25 19:07:37.657  1785 26600 I Unihal  : ScenarioUnit3rdParty.cpp: GenerateUniStreams: 559: [Third Party Combination Front for 2] delayed meta setting: UNI_DELAYED_META_SETTING_DEFAULT, apply reducing filter: FALSE, use metadata cache: FALSE
01-25 19:07:37.659  1785 26600 I Unihal  : ScenarioUnit3rdParty.cpp: GenerateUniStreams: 559: [Third Party Combination Front for 3] delayed meta setting: UNI_DELAYED_META_SETTING_DEFAULT, apply reducing filter: FALSE, use metadata cache: FALSE
01-25 19:07:37.659  1785 26600 I Unihal  : ScenarioUnit3rdParty.cpp: GenerateUniStreams: 559: [BYPASS] delayed meta setting: UNI_DELAYED_META_SETTING_DEFAULT, apply reducing filter: FALSE, use metadata cache: FALSE
01-25 19:07:37.659  1785 26600 I Unihal  : CameraHalUnit.cpp: ConfigureStreams: 291: Handle delayed meta frame : FALSE, Use metadata cache : FALSE 
01-25 19:07:37.660  1785  6569 I Unihal  : SensorManager.cpp: LoadSensor: 178: E : sensorsRequired=139
01-25 19:07:37.660  1785  6569 I Unihal  : SensorListener.cpp: EnableSensor: 360: enableSensor : numSensors=43/43, m_sen_list = 0xb400007dd39f41d0/0xb400007dd39f41d0
