01-25 19:07:39.131  2421  5136 I NSLocationMonitor: getGPSUsingApps() called
01-25 19:07:39.131  5148 10538 I NSLocationManager_FLP: getGPSUsingApps, No change
01-25 19:07:39.133  2421  5136 D MARs:ActiveTrafficFilter: filter : com.google.android.gm(0)
01-25 19:07:39.133  2421  5136 D FreecessHandler: freeze com.google.android.gm(10282) result : 8
01-25 19:07:39.133  2421  5136 I NSLocationMonitor: getGPSUsingApps() called
01-25 19:07:39.133  5148 10538 I NSLocationManager_FLP: getGPSUsingApps, No change
01-25 19:07:39.135  2421  5136 D MARs:ActiveTrafficFilter: filter : com.sec.android.app.popupcalculator(0)
01-25 19:07:39.135  2421  5136 D FreecessHandler: freeze com.sec.android.app.popupcalculator(10322) result : 8
01-25 19:07:39.135  2421  5136 I NSLocationMonitor: getGPSUsingApps() called
01-25 19:07:39.135  5148 10538 I NSLocationManager_FLP: getGPSUsingApps, No change
01-25 19:07:39.137  2421  5136 D MARs:ActiveTrafficFilter: filter : com.samsung.android.voc(0)
01-25 19:07:39.137  2421  5136 D FreecessHandler: freeze com.samsung.android.voc(10332) result : 8
01-25 19:07:39.137  2421  5136 I NSLocationMonitor: getGPSUsingApps() called
01-25 19:07:39.137  5148 10538 I NSLocationManager_FLP: getGPSUsingApps, No change
01-25 19:07:39.138  2421  5136 D MARs:ActiveTrafficFilter: filter : com.instagram.android(0)
01-25 19:07:39.138  2421  5136 D FreecessHandler: freeze com.instagram.android(10353) result : 8
01-25 19:07:39.138  2421  5136 I NSLocationMonitor: getGPSUsingApps() called
01-25 19:07:39.138  5148 10538 I NSLocationManager_FLP: getGPSUsingApps, No change
01-25 19:07:39.140  2421  5136 D MARs:ActiveTrafficFilter: filter : com.linkedin.android(0)
01-25 19:07:39.140  2421  5136 D FreecessHandler: freeze com.linkedin.android(10355) result : 8
01-25 19:07:39.140  2421  5136 I NSLocationMonitor: getGPSUsingApps() called
01-25 19:07:39.140  5148 10538 I NSLocationManager_FLP: getGPSUsingApps, No change
01-25 19:07:39.142  2421  5136 D MARs:ActiveTrafficFilter: filter : com.truecaller(0)
01-25 19:07:39.142  2421  5136 D FreecessHandler: freeze com.truecaller(10373) result : 8
01-25 19:07:39.142  2421  5136 I NSLocationMonitor: getGPSUsingApps() called
01-25 19:07:39.142  5148 10538 I NSLocationManager_FLP: getGPSUsingApps, No change
01-25 19:07:39.143  2421  5136 D MARs:ActiveTrafficFilter: filter : com.cleancontacts.app(0)
01-25 19:07:39.143  2421  5136 D FreecessHandler: freeze com.cleancontacts.app(10427) result : 8
01-25 19:07:39.317  1069  1069 D io_stats: !@   8,0 r 76538998 407491072 w 1602687 17827476 d 305782 8480380 f 17188 46881 iot 6372924 0 th 0 0 0 pt 0 inp 0 0 11985.928
01-25 19:07:39.318  1069  1069 D io_stats: !@ Read_top(KB): om.whatsapp.w4b:low(7980) 27436 ng.android.scpm:high(6453) 10776 d.process.acore:low(5677) 2892
01-25 19:07:39.318  1069  1069 D io_stats: !@ Write_top(KB): kworker/u17:0:/(22582) 6704 om.whatsapp.w4b:low(7980) 432 android.youtube:low(16912) 92
01-25 19:07:39.318  1069  1069 D io_stats: !@ fuse-log: WORST (10347 35 14 3 6) (10347 1 6 6 3) (0 18 0 6 0) TOTAL_LATENCY (10347 20 35 14 3 1 6 6 3 0 6) (0 0 18 0 6) TOTAL_CNT (10347 53 34 16 1 6 3 6) (0 6 18 6) 
01-25 19:07:39.338  2421  2967 I ActivityManager: Changes in 15010137 5 to 15, 144 to 0
01-25 19:07:39.338  2421  2967 I ActivityManager: Changes in 15010134 5 to 15, 144 to 0
01-25 19:07:39.338  2421  2967 I ActivityManager: Changes in 15005009 5 to 15, 144 to 0
01-25 19:07:39.338  2421  2967 I ActivityManager: Changes in 10137 5 to 15, 144 to 0
01-25 19:07:39.338  2421  2967 I ActivityManager: Changes in 5009 5 to 15, 144 to 0
01-25 19:07:39.339  2480 11211 I CameraService: onUidStateChanged: uid=5009, procState is changed. (5 -> 15)
01-25 19:07:39.340  2480 11211 W IPCThreadState: Sending oneway calls to frozen process.
01-25 19:07:39.421  2421  2967 I ActivityManager: Changes in 10086 5 to 15, 144 to 0
01-25 19:07:39.436  7980  7996 I om.whatsapp.w4b: Background concurrent mark compact GC freed 66MB AllocSpace bytes, 18(444KB) LOS objects, 16% free, 249MB/297MB, paused 891us,3.242ms total 4.003s
01-25 19:07:39.446  7980 18006 I Kumiho-Kumiho: getPackageName: com.whatsapp.w4b
01-25 19:07:39.625  1757  6538 I HYPER-HAL: [RequestManager.cpp]releaseLocked(): Released ID : 4172716
01-25 19:07:39.639  1788  2526 I thermal_core: pivot(AP) : 506, skin : 429
01-25 19:07:39.666  1754 22934 D AHAL_ModulePrimary_QTI: getVendorParameters: id count: 1
01-25 19:07:39.666  1754 22934 I PAL: ResourceManager: getActiveStream_l: 6569: no active streams found for device 3 ret -2
01-25 19:07:39.666  1754 22934 D AHAL_SecModulePrimary: onGetSECGenericParameters get temperature for g_hw_speaker_amp_temp_rcv: 0
01-25 19:07:39.666  1754  1754 D AHAL_ModulePrimary_QTI: getVendorParameters: id count: 1
01-25 19:07:39.666  1754  1754 I PAL: ResourceManager: getActiveStream_l: 6569: no active streams found for device 3 ret -2
01-25 19:07:39.666  1754  1754 D AHAL_SecModulePrimary: onGetSECGenericParameters get temperature for g_hw_speaker_amp_temp_spk: 0
01-25 19:07:39.666  7026  7615 I SDHMS:x : SIOP:: AP:506 BAT:411 USB:380 CHG:502 PA:503 WIFI:474 CF:456 BLK:0 SUBBAT:0 LRPTHM:436 SKIN:425 SKINF:416 SKINB:425 LRP:425 LRF:416 LRB:425 APT:416 APR:425 RCV:421 SPK:369 CHGF:412 CHGR:421 MEMF:414 MEMR:424 WIFIF:413 WIFIR:423 FCAM:380 UPSPK:449 DNSPK:392 VAP:526 VWIFI:482 AMB2:295 HIGH:0 AVGCUR:586 AVGSYS:819 POWER:2307
01-25 19:07:39.667  7026  7615 I AudioManager: setParameters keyValuePairs = g_hw_speaker_amp_temp_spk=37
01-25 19:07:39.667  1852 26445 D AudioFlinger: setParameters: filtered dev setParameters keyvalue g_hw_speaker_amp_temp_spk=37
01-25 19:07:39.667  1754  1754 D AHAL_HFP_QTI: hfp_set_parameters enter
01-25 19:07:39.667  1754  1754 D AHAL_HFP_QTI: hfp_set_parameters Exit
01-25 19:07:39.667  1754  1754 D AHAL_SecModulePrimary: processSetVendorParameters: configured g_hw_speaker_amp_temp_spk
01-25 19:07:39.667  1754  1754 D AHAL_SecModulePrimary: processSetVendorParameters: handler set on Feature:0
01-25 19:07:39.667  1754  1754 D AHAL_SecModulePrimary: onSetSECGenericParameters set temperature for g_hw_speaker_amp_temp_spk: 37
01-25 19:07:39.667  1754  1754 I PAL: API: pal_set_param: 1377: Enter: param id 3002
01-25 19:07:39.667  1754  1754 I PAL: ResourceManager: getActiveStream_l: 6569: no active streams found for device 3 ret -2
01-25 19:07:39.667  1852 26445 E ConversionHelperAidl: Function: parseAndSetVendorParameters Line: 94 Failed 
01-25 19:07:39.667  1852 26445 E ConversionHelperAidl: Function: parseAndSetVendorParameters Line: 94 Failed 
01-25 19:07:39.668  7026  7615 I AudioManager: setParameters keyValuePairs = g_hw_speaker_amp_temp_rcv=42
01-25 19:07:39.668  1852 26445 D AudioFlinger: setParameters: filtered dev setParameters keyvalue g_hw_speaker_amp_temp_rcv=42
01-25 19:07:39.668  1754  1754 D AHAL_HFP_QTI: hfp_set_parameters enter
01-25 19:07:39.668  1754  1754 D AHAL_HFP_QTI: hfp_set_parameters Exit
01-25 19:07:39.668  1754  1754 D AHAL_SecModulePrimary: processSetVendorParameters: configured g_hw_speaker_amp_temp_rcv
01-25 19:07:39.668  1754  1754 D AHAL_SecModulePrimary: processSetVendorParameters: handler set on Feature:0
01-25 19:07:39.668  1754  1754 D AHAL_SecModulePrimary: onSetSECGenericParameters set temperature for g_hw_speaker_amp_temp_rcv: 42
01-25 19:07:39.668  1754  1754 I PAL: API: pal_set_param: 1377: Enter: param id 3001
01-25 19:07:39.668  1754  1754 I PAL: ResourceManager: getActiveStream_l: 6569: no active streams found for device 3 ret -2
01-25 19:07:39.668  1852 26445 E ConversionHelperAidl: Function: parseAndSetVendorParameters Line: 94 Failed 
01-25 19:07:39.668  1852 26445 E ConversionHelperAidl: Function: parseAndSetVendorParameters Line: 94 Failed 
01-25 19:07:39.811  4963  4963 D BoundBrokerSvc: onRebind: Intent { act=com.google.android.gms.libs.gmscorelogger.service.START dat=chimera-action:/... xflg=0x4 cmp=com.google.android.gms/.chimera.PersistentDirectBootAwareApiService }
01-25 19:07:39.820  6765  7253 W MediaProvider: isAppCloneUserPair for user 0: false
01-25 19:07:39.825  2421  2538 D SyncManager: userId - 0 auto - true
01-25 19:07:39.829  6765 10077 W MediaProvider: isAppCloneUserPair for user 0: false
01-25 19:07:39.833  2421  2538 D SyncManager: userId - 0 auto - true
01-25 19:07:39.833  4963 13819 I UriTaskContentObserver: (REDACTED) Throttling content uri change event for %s
01-25 19:07:39.838  2421  2538 D SyncManager: userId - 0 auto - true
01-25 19:07:39.838  6765 12241 I MediaProvider: Deleted 1 0 0 0 0 0 0 items on external_primary due to com.whatsapp.w4b
01-25 19:07:39.838  4963 13819 I UriTaskContentObserver: (REDACTED) Throttling content uri change event for %s
01-25 19:07:39.843  7980  6164 I Kumiho-Kumiho: getPackageName: com.whatsapp.w4b
01-25 19:07:39.843  7980  6164 I Kumiho-Kumiho: getPackageName: com.whatsapp.w4b
01-25 19:07:39.855  1868  1918 E HeatmapThread: ECT Thread time in milliseconds: 1769364459
01-25 19:07:39.856  1868  1918 D HeatmapThread: !@ batteryplugType : 2
01-25 19:07:39.856  1868  1918 D HeatmapThread: !@ batteryLevel : 54  batteryTemperature : 411 
01-25 19:07:39.856  1868  1918 D HeatmapThread: !@ Heatmap currtime: 29489407
01-25 19:07:39.856  1868  1918 D HeatmapThread: !@ Heatmap prevtime: 29489400
01-25 19:07:39.856  1868  1918 D HeatmapThread: !@ Heatmap plugstarttime: 29489360
01-25 19:07:39.856  1868  1918 D HeatmapThread: !@ Heatmap prevv_dsoh_update_time: 29489322
01-25 19:07:39.856  1868  1918 E HeatmapThread: !@Entered the read from path function
01-25 19:07:39.857  1868  1918 E HeatmapThread: !@Read Extended_heatmap from efs is: 14295 0 0 0 0 0 0 0 0 0 0 0 0 0 0 0 0 0 852 0 0 0 0 0 0 0 0 0 0 0 0 0 0 0 0 0 968 0 0 0 0 0 0 0 0 0 0 0 0 0 0 0 0 0 855 0 0 0 0 0 0 0 0 0 0 0 0 0 0 0 0 0 997 0 0 0 0 0 0 0 0 0 0 0 0 0 0 0 0 0 1079 0 0 0 0 0 0 0 0 0 0 0 0 0 0 0 0 0 1034 0 0 0 0 0 0 0 0 0 0 0 0 0 0 0 0 0 915 0 0 0 0 0 0 0 0 0 0 0 0 0 0 0 0 0 951 0 0 0 0 0 0 0 0 0 0 0 0 0 0 0 0 0 933 0 0 0 0 0 0 0 0 0 0 0 0 0 0 0 0 0 962 0 0 0 0 0 0 0 0 0 0 0 0 0 0 0 0 0 3688 0 0 0 0 0 0 0 0 0 0 0 0 0 0 0 0 0 5356 0 0 0 0 0 0 0 0 0 0 0 0 0 0 0 0 0 11213 0 0 0 0 0 0 0 0 0 0 0 0 0 0 0 0 0 11899 0 0 0 0 0 0 0 0 0 0 0 0 0 0 0 0 0 13153 0 0 0 0 0 0 0 0 0 0 0 0 0 0 0 0 0 14877 0 0 0 0 0 0 0 0 0 0 0 0 0 0 0 0 0 15746 0 0 0 0 0 0 0 0 0 0 0 0 0 0 0 0 0 7807 0 0 0 0 0 0 0 0 0 0 0 0 0 0 0 0 0 8072 0 0 0 0 0 0 0 0 0 0 0 0 0 0 0 0 0 8169 0 0 0 0 0 0 0 0 0 0 0 0 0 0 0 0 0 8238 0 0 0 0 0 0 0 0 0 0 0 0 0 0 0 0 0 1093 0 0 0 0 0 0 0 0 0 0 0 0 0 0 0 0 0 1117 0 0 0 0 0 0 0 0 0 0 0 0 0 0 0 0 0 1123 0 0 0 0 0 0 0 0 0 0 0 0 0 0 0 0 0 1060 0 0 0 0 
01-25 19:07:39.857  1868  1918 E HeatmapThread: !@Write Extended Heatmap to efs is: 14295 0 0 0 0 0 0 0 0 0 0 0 0 0 0 0 0 0 852 0 0 0 0 0 0 0 0 0 0 0 0 0 0 0 0 0 968 0 0 0 0 0 0 0 0 0 0 0 0 0 0 0 0 0 855 0 0 0 0 0 0 0 0 0 0 0 0 0 0 0 0 0 997 0 0 0 0 0 0 0 0 0 0 0 0 0 0 0 0 0 1079 0 0 0 0 0 0 0 0 0 0 0 0 0 0 0 0 0 1034 0 0 0 0 0 0 0 0 0 0 0 0 0 0 0 0 0 915 0 0 0 0 0 0 0 0 0 0 0 0 0 0 0 0 0 951 0 0 0 0 0 0 0 0 0 0 0 0 0 0 0 0 0 933 0 0 0 0 0 0 0 0 0 0 0 0 0 0 0 0 0 962 0 0 0 0 0 0 0 0 0 0 0 0 0 0 0 0 0 3688 0 0 0 0 0 0 0 0 0 0 0 0 0 0 0 0 0 5356 0 0 0 0 0 0 0 0 0 0 0 0 0 0 0 0 0 11213 0 0 0 0 0 0 0 0 0 0 0 0 0 0 0 0 0 11899 0 0 0 0 0 0 0 0 0 0 0 0 0 0 0 0 0 13154 0 0 0 0 0 0 0 0 0 0 0 0 0 0 0 0 0 14877 0 0 0 0 0 0 0 0 0 0 0 0 0 0 0 0 0 15746 0 0 0 0 0 0 0 0 0 0 0 0 0 0 0 0 0 7807 0 0 0 0 0 0 0 0 0 0 0 0 0 0 0 0 0 8072 0 0 0 0 0 0 0 0 0 0 0 0 0 0 0 0 0 8169 0 0 0 0 0 0 0 0 0 0 0 0 0 0 0 0 0 8238 0 0 0 0 0 0 0 0 0 0 0 0 0 0 0 0 0 1093 0 0 0 0 0 0 0 0 0 0 0 0 0 0 0 0 0 1117 0 0 0 0 0 0 0 0 0 0 0 0 0 0 0 0 0 1123 0 0 0 0 0 0 0 0 0 0 0 0 0 0 0 0 0 1060 0 0 0 0 0
01-25 19:07:39.857  1868  1918 E HeatmapThread: !@ CAM New BSOH: 100
01-25 19:07:39.875  1751 32448 I sensors-hal: handle_sns_std_sensor_event:90, light_cct: ts = 14831662911512 ns; value = [0, 0, 67, 66, 0, 26, 0, 0, 160, 0]
01-25 19:07:40.203  2421  3877 I SemWifiEleStateTracker: Ele Parameters BD : 13 13 13 13 13 13 MD : -93 -93 -93 -93 -93 -93 WD : -57 -58 -61 -61 -62 -59 GC : false false false false false false SC : false false false false false false SH : false false false false false false TB : false false false false false false
01-25 19:07:40.251  2421  5136 I NSLocationMonitor: getGPSUsingApps() called
01-25 19:07:40.252  5148 10538 I NSLocationManager_FLP: getGPSUsingApps, No change
01-25 19:07:40.254  2421  5136 D MARs:ActiveTrafficFilter: filter : com.samsung.android.game.gamehome(0)
01-25 19:07:40.254  2421  5136 D FreecessHandler: freeze com.samsung.android.game.gamehome(10341) result : 8
01-25 19:07:40.340  2421  3067 D PowerManagerService: UserActivityState : 1 -> 2 groupId=0
01-25 19:07:40.340  2421  3067 D PowerManagerService: displayReady: false groupId=0
01-25 19:07:40.340  2421  2421 I MdnieScenarioControlService: action  :  com.samsung.server.PowerManagerService.action.USER_ACTIVITY
01-25 19:07:40.342  2421  3067 D DisplayPowerController[0]: animateScreenStateChange: target=ON, mIsEnabled=true
01-25 19:07:40.342  2421  3067 W DisplayPowerController[0]: Animating brightness: target=13(0.05), rate=0.706, reason=automatic[26] -> dim[13]
01-25 19:07:40.343  2421  3067 D DisplayManagerService: handleBrightnessAnimation: started=true
01-25 19:07:40.343  2421  3067 D RefreshRateModeManager: set fix=3, brightness=26, lux=0.0, mIsWirelessCharging=false
01-25 19:07:40.344  2421  3067 D RefreshRateModeManager: setPassiveMode=true, brightness=26, lux=0.0, PassiveModeToken=true
01-25 19:07:40.344  2421  3067 I RefreshRateModeManager: Schedule to change HFRmode=REFRESH_RATE_MODE_PASSIVE, mDisplayToken=android.os.BinderProxy@5188c71
01-25 19:07:40.344  2421  3067 I RefreshRateModeManager:     -1:
01-25 19:07:40.344  2421  3067 I RefreshRateModeManager:       PRIORITY_REFRESH_RATE_MODE -> CombinedVote{ mVotes=[PhysicalVote{ RefreshRateVote{  mMinRefreshRate=10.0, mMaxRefreshRate=120.0 } }, DisableRefreshRateSwitchingVote{ mDisableRefreshRateSwitching=false }] }
01-25 19:07:40.344  2421  3067 I RefreshRateModeManager:     0:
01-25 19:07:40.344  2421  3067 I RefreshRateModeManager:       PRIORITY_USER_SETTING_PEAK_RENDER_FRAME_RATE -> RenderVote{ RefreshRateVote{  mMinRefreshRate=0.0, mMaxRefreshRate=120.0 } }
01-25 19:07:40.344  2421  3067 I RefreshRateModeManager:       PRIORITY_RESOLUTION -> SizeVote{ mWidth=1440, mHeight=3120, mMinWidth=1440, mMinHeight=3120 }
01-25 19:07:40.344  2421  3067 I RefreshRateModeManager:       PRIORITY_USER_SETTING_PEAK_REFRESH_RATE -> CombinedVote{ mVotes=[PhysicalVote{ RefreshRateVote{  mMinRefreshRate=0.0, mMaxRefreshRate=120.0 } }, DisableRefreshRateSwitchingVote{ mDisableRefreshRateSwitching=false }] }
01-25 19:07:40.344  2421  3067 I RefreshRateModeManager:       PRIORITY_USER_SETTING_DISPLAY_PREFERRED_SIZE -> SizeVote{ mWidth=1440, mHeight=3120, mMinWidth=1440, mMinHeight=3120 }
01-25 19:07:40.344  2421  3067 I RefreshRateModeManager:       PRIORITY_USER_SETTING_MIN_RENDER_FRAME_RATE -> RenderVote{ RefreshRateVote{  mMinRefreshRate=0.0, mMaxRefreshRate=Infinity } }
01-25 19:07:40.344  2421  3067 I RefreshRateModeManager: 
01-25 19:07:40.344  2421  3067 I RefreshRateModeManager:  mModeSwitchingType: SWITCHING_TYPE_WITHIN_GROUPS mAlwaysRespectAppRequest: false
01-25 19:07:40.344  2421  3067 I RefreshRateModeManager:  Current Mode mReportedRefreshRateMode(toSurfaceFlinger)=REFRESH_RATE_MODE_PASSIVE, mRefreshRateMode(fromSettings)=REFRESH_RATE_MODE_SEAMLESS
01-25 19:07:40.344  2421  3067 I RefreshRateModeManager:  BrightnessState mPassive=true, PassiveModeToken=true, mLfd=3, mBrightness=26, mAmbientLux=0.0, mIsWirelessCharing=false
01-25 19:07:40.344  2421  2951 D SurfaceControl: notifyHFRmode, displayToken=android.os.BinderProxy@5188c71, hfrMode=REFRESH_RATE_MODE_PASSIVE
01-25 19:07:40.344  2421  3067 I RefreshRateTokenController: Adding refreshRateToken={ RefreshRateToken[->PassiveModeToken:BrightnessAnim, acquire at 11986954 (now)}, caller=com.android.server.display.mode.RefreshRateController.createPassiveModeToken:33 com.android.server.display.DisplayManagerService$$ExternalSyntheticLambda1.accept:365 com.android.server.display.DisplayPowerController.animateScreenBrightness:263 com.android.server.display.DisplayPowerController.updatePowerStateInternal:2573 com.android.server.display.DisplayPowerController.updatePowerState:9 
01-25 19:07:40.345  1888  2098 I SurfaceFlinger: [4630947191136750483] HFR mode : 3
01-25 19:07:40.345  2421  3067 D AdaptiveBrightnessLongtermModelBuilder[0]: notifyBrightnessChanged(brightness=11.417000, userInitiated=false)
01-25 19:07:40.345  2421  3067 D DisplayPowerController[0]: saveBrightnessInfo: brt:0.101960786 adjBrt:0.050980393 min:0.0 max:1.0 hbm:0 tp:1.0 throttler:0 isAnimating:true
01-25 19:07:40.345  2421  3067 V DisplayPowerController[0]: Brightness [0.050980393] reason changing to: 'automatic [ dim ]', previous reason: 'automatic'.
01-25 19:07:40.345  2421  3067 I DisplayPowerController[0]: BrightnessEvent: brt=0.050980393 (39.0%), nits= 11.417, lux=0.0, reason=automatic [ dim ], strat=AutomaticBrightnessStrategy, state=ON, stateReason=KEY, policy=DIM, flags=, initBrt=0.101960786, rcmdBrt=0.101960786, preBrt=NaN, preLux=NaN, wasShortTermModelActive=true, autoBrightness=true (default), unclampedBrt=0.101960786, hbmMax=1.0, hbmMode=off, thrmMax=1.0, rbcStrength=-1, powerFactor=1.0, physDisp=Built-in Screen(local:4630947191136750483), logicalId=0, slowChange=false, rampSpeed=0.7058824
01-25 19:07:40.345  2421  3067 D PowerManagerService: displayReady: true groupId=0
01-25 19:07:40.346  2421  2967 D AdaptiveBrightnessLongtermModelBuilder[0]: handleBrightnessChanged: brightness: 11.417 userInitiated: false
01-25 19:07:40.346  2421  2967 D AdaptiveBrightnessLongtermModelBuilder[0]: updateAdaptiveBrightnessStats: l:-0.0 b:11.417 u: false
01-25 19:07:40.346  2421  2967 D AdaptiveBrightnessWeightStats: log: l:-0.0 b:26.649 t:55.845 u:false 
01-25 19:07:40.346  2421  2967 D AdaptiveBrightnessWeightStats: updateTransientStats: -10.0 < -0.0 < 10.0  b:26.649 t:55.845s
01-25 19:07:40.346  2421  2967 D AdaptiveBrightnessWeightStats: updateTransientStats: b: 26.649 ambientLux:-0.0 currentBucketLux:0.0 mBrightnessMapper: 26.649
01-25 19:07:40.348  1888  3093 I VSyncReactor: Current= 120, Period= 120, Distance= 1
01-25 19:07:40.356  1888  3093 I VSyncReactor: Current= 120, Period= 120, Distance= 120
01-25 19:07:40.360  2421  3908 D HdrSolution_HdrDisplayNitMapper: updataTargetNit--------------mLightSensorData: -1.0, scaleRatio: 7.88, target: 25.374->200
01-25 19:07:40.361  2421  3908 D LocalDisplayAdapter: surface lcd : 25(0.019), 25(0.019), main +
01-25 19:07:40.361  1888  1888 I HWComposer: [4630947191136750483] ActiveConfigToHWC, ID : 0
01-25 19:07:40.361  1778  2255 I SDM     : SDMDisplay::SetActiveConfigWithConstraints: ActiveConfig: 0
01-25 19:07:40.362  1888  1888 I SurfaceFlinger: setDisplayBrightness(4630947191136750483): displayBrightness: 0.019377, displayBrightnessNits: 25.000929, sdrWhitePointNits: 25.001114 , dimmingRatio: 1.000007
01-25 19:07:40.362  2421  3908 D LocalDisplayAdapter: surface lcd : 25(0.019), 25(0.019), main -
01-25 19:07:40.362  2421  3908 D HdrSolution_HdrDisplayNitMapper: updataTargetNit--------------mLightSensorData: -1.0, scaleRatio: 8.75, target: 22.87->200
01-25 19:07:40.362  2421  3908 D LocalDisplayAdapter: surface lcd : 23(0.018), 23(0.018), main +
01-25 19:07:40.363  1888  1888 I SurfaceFlinger: setDisplayBrightness(4630947191136750483): displayBrightness: 0.018200, displayBrightnessNits: 23.123936, sdrWhitePointNits: 23.124121 , dimmingRatio: 1.000008
01-25 19:07:40.363  2421  3908 D LocalDisplayAdapter: surface lcd : 23(0.018), 23(0.018), main -
01-25 19:07:40.363  2421  2951 D BrightnessSynchronizer: onDisplayChanged() : displayId=0
01-25 19:07:40.363  2421  2951 D BrightnessSynchronizer: updateScreenBrightness: displayId=0 type=2 mPreferredSettingValue=0.101960786(26) currentBrightnessInt=26 currentBrightnessIntFromFloat=26(0.101960786)
01-25 19:07:40.363  4018  4018 D SecBrightnessController: updateSlider() - BrightnessDialog resetTimer()
01-25 19:07:40.364  4018  4018 D SecBrightnessController: updateSlider() - BrightnessDialog resetTimer()
01-25 19:07:40.365  2421  3908 D HdrSolution_HdrDisplayNitMapper: updataTargetNit--------------mLightSensorData: -1.0, scaleRatio: 9.24, target: 21.642->200
01-25 19:07:40.365  2421  3908 D LocalDisplayAdapter: surface lcd : 22(0.017), 22(0.017), main +
01-25 19:07:40.366  1820  1820 I SSC_DAEMON: handleSensorTestReqMsg:88, Sensor type :4, Msg type:11
01-25 19:07:40.366  1778  2255 I SDM     : HWPeripheralDRM::SetPanelBrightness: Setting brightness to level 233 through sysfs node. primary(1), type_id(1)
01-25 19:07:40.366  1778  2255 I SDM     : SDMDisplay::FinalizeDisplayConfig: ActiveConfig changed from config 0(0) to 0(0) for display [0]-[0]
01-25 19:07:40.367  1820  4180 I SSC_DAEMON: light_event_log:170, light_msg(4/11): br 23 (lux 0,idx 0) - -1,-1,13
01-25 19:07:40.369  1888  5032 D NativeSemDvfsManager: acquire:: timeout = 2000 mIsAcquired = 1  mTagName : SurfaceFlinger 
01-25 19:07:40.369  1888  1888 I SurfaceFlinger: setDisplayBrightness(4630947191136750483): displayBrightness: 0.017244, displayBrightnessNits: 21.625166, sdrWhitePointNits: 21.625349 , dimmingRatio: 1.000008
01-25 19:07:40.369  2421  3908 D LocalDisplayAdapter: surface lcd : 22(0.017), 22(0.017), main -
01-25 19:07:40.369  1888  2245 I CompositionEngine: [setDisplaySize] size=(579, 56)
01-25 19:07:40.369  1888  5032 E NativeCustomFrequencyManager: [NativeCFMS] BpCustomFrequencyManager::acquire()
01-25 19:07:40.369  1757  1895 I HYPER-HAL: [RequestManager.cpp]acquire(): Acquired ID : 4172716  [1888 / 1000]    HINT : SF_GPU_MINLOCK    list : [TIMEOUT / 2000] 
01-25 19:07:40.373  2421  3908 D HdrSolution_HdrDisplayNitMapper: updataTargetNit--------------mLightSensorData: -1.0, scaleRatio: 10.4, target: 19.236->200
01-25 19:07:40.374  2421  3908 D LocalDisplayAdapter: surface lcd : 20(0.016), 20(0.016), main +
01-25 19:07:40.374  1820  1820 I SSC_DAEMON: handleSensorTestReqMsg:88, Sensor type :4, Msg type:11
01-25 19:07:40.374  1778  2255 I SDM     : HWPeripheralDRM::SetPanelBrightness: Setting brightness to level 220 through sysfs node. primary(1), type_id(1)
01-25 19:07:40.375  1820  4180 I SSC_DAEMON: light_event_log:170, light_msg(4/11): br 22 (lux 0,idx 0) - -1,-1,13
01-25 19:07:40.376  1888  1888 I SurfaceFlinger: setDisplayBrightness(4630947191136750483): displayBrightness: 0.016068, displayBrightnessNits: 19.814276, sdrWhitePointNits: 19.814457 , dimmingRatio: 1.000009
01-25 19:07:40.376  2421  3908 D LocalDisplayAdapter: surface lcd : 20(0.016), 20(0.016), main -
01-25 19:07:40.382  2421  3908 D HdrSolution_HdrDisplayNitMapper: updataTargetNit--------------mLightSensorData: -1.0, scaleRatio: 11.07, target: 18.06->200
01-25 19:07:40.382  1820  1820 I SSC_DAEMON: handleSensorTestReqMsg:88, Sensor type :4, Msg type:11
01-25 19:07:40.382  1778  2255 I SDM     : HWPeripheralDRM::SetPanelBrightness: Setting brightness to level 205 through sysfs node. primary(1), type_id(1)
01-25 19:07:40.382  2421  3908 D LocalDisplayAdapter: surface lcd : 19(0.015), 19(0.015), main +
01-25 19:07:40.383  1820  4180 I SSC_DAEMON: light_event_log:170, light_msg(4/11): br 20 (lux 0,idx 0) - -1,-1,13
01-25 19:07:40.384  1888  1888 I SurfaceFlinger: setDisplayBrightness(4630947191136750483): displayBrightness: 0.014891, displayBrightnessNits: 18.043901, sdrWhitePointNits: 18.044077 , dimmingRatio: 1.000010
01-25 19:07:40.384  2421  3908 D LocalDisplayAdapter: surface lcd : 19(0.015), 19(0.015), main -
01-25 19:07:40.390  2421  3908 D HdrSolution_HdrDisplayNitMapper: updataTargetNit--------------mLightSensorData: -1.0, scaleRatio: 12.69, target: 15.763->200
01-25 19:07:40.390  2421  3908 D LocalDisplayAdapter: surface lcd : 17(0.014), 17(0.014), main +
01-25 19:07:40.391  1820  1820 I SSC_DAEMON: handleSensorTestReqMsg:88, Sensor type :4, Msg type:11
01-25 19:07:40.391  1778  2255 I SDM     : HWPeripheralDRM::SetPanelBrightness: Setting brightness to level 190 through sysfs node. primary(1), type_id(1)
01-25 19:07:40.398  1888  1888 I SurfaceFlinger: setDisplayBrightness(4630947191136750483): displayBrightness: 0.013715, displayBrightnessNits: 16.314348, sdrWhitePointNits: 16.314518 , dimmingRatio: 1.000010
01-25 19:07:40.398  2421  3908 D LocalDisplayAdapter: surface lcd : 17(0.014), 17(0.014), main -
01-25 19:07:40.399  2421  3908 D HdrSolution_HdrDisplayNitMapper: updataTargetNit--------------mLightSensorData: -1.0, scaleRatio: 13.66, target: 14.644->200
01-25 19:07:40.399  2421  3908 D LocalDisplayAdapter: surface lcd : 16(0.013), 16(0.013), main +
01-25 19:07:40.399  1778  2255 I SDM     : HWPeripheralDRM::SetPanelBrightness: Setting brightness to level 175 through sysfs node. primary(1), type_id(1)
01-25 19:07:40.401  1888  1888 I SurfaceFlinger: setDisplayBrightness(4630947191136750483): displayBrightness: 0.012548, displayBrightnessNits: 14.642844, sdrWhitePointNits: 14.643010 , dimmingRatio: 1.000011
01-25 19:07:40.401  2421  3908 D LocalDisplayAdapter: surface lcd : 16(0.013), 16(0.013), main -
01-25 19:07:40.401  1820  4180 I SSC_DAEMON: light_event_log:170, light_msg(4/11): br 19 (lux 0,idx 0) - -1,-1,13
01-25 19:07:40.401  1820  1820 I SSC_DAEMON: handleSensorTestReqMsg:88, Sensor type :4, Msg type:11
01-25 19:07:40.402  1820  4180 I SSC_DAEMON: light_event_log:170, light_msg(4/11): br 17 (lux 0,idx 0) - -1,-1,13
01-25 19:07:40.407  2421  3908 D HdrSolution_HdrDisplayNitMapper: updataTargetNit--------------mLightSensorData: -1.0, scaleRatio: 14.76, target: 13.546->200
01-25 19:07:40.407  2421  3908 D LocalDisplayAdapter: surface lcd : 15(0.011), 15(0.011), main +
01-25 19:07:40.407  1820  1820 I SSC_DAEMON: handleSensorTestReqMsg:88, Sensor type :4, Msg type:11
01-25 19:07:40.407  1778  2255 I SDM     : HWPeripheralDRM::SetPanelBrightness: Setting brightness to level 160 through sysfs node. primary(1), type_id(1)
01-25 19:07:40.408  1820  4180 I SSC_DAEMON: light_event_log:170, light_msg(4/11): br 16 (lux 0,idx 0) - -1,-1,13
01-25 19:07:40.409  1888  1888 I SurfaceFlinger: setDisplayBrightness(4630947191136750483): displayBrightness: 0.011373, displayBrightnessNits: 13.005770, sdrWhitePointNits: 13.005930 , dimmingRatio: 1.000012
01-25 19:07:40.409  2421  3908 D LocalDisplayAdapter: surface lcd : 15(0.011), 15(0.011), main -
01-25 19:07:40.415  2421  3908 D HdrSolution_HdrDisplayNitMapper: updataTargetNit--------------mLightSensorData: -1.0, scaleRatio: 17.52, target: 11.417->200
01-25 19:07:40.415  1820  1820 I SSC_DAEMON: handleSensorTestReqMsg:88, Sensor type :4, Msg type:11
01-25 19:07:40.415  1778  2255 I SDM     : HWPeripheralDRM::SetPanelBrightness: Setting brightness to level 145 through sysfs node. primary(1), type_id(1)
01-25 19:07:40.415  2421  3908 D LocalDisplayAdapter: surface lcd : 13(0.010), 13(0.010), main +
01-25 19:07:40.416  1820  4180 I SSC_DAEMON: light_event_log:170, light_msg(4/11): br 14 (lux 0,idx 0) - -1,-1,13
01-25 19:07:40.417  1888  1888 I SurfaceFlinger: setDisplayBrightness(4630947191136750483): displayBrightness: 0.010197, displayBrightnessNits: 11.417750, sdrWhitePointNits: 11.417905 , dimmingRatio: 1.000014
01-25 19:07:40.417  2421  3908 D LocalDisplayAdapter: surface lcd : 13(0.010), 13(0.010), main -
01-25 19:07:40.423  2421  3067 D DisplayPowerController[0]: animateScreenStateChange: target=ON, mIsEnabled=true
01-25 19:07:40.424  2421  3908 D HdrSolution_HdrDisplayNitMapper: updataTargetNit--------------mLightSensorData: -1.0, scaleRatio: 17.52, target: 11.417->200
01-25 19:07:40.424  2421  3908 D LocalDisplayAdapter: surface lcd : 13(0.010), 13(0.010), main +
01-25 19:07:40.424  2421  3067 D DisplayPowerController[0]: saveBrightnessInfo: brt:0.101960786 adjBrt:0.050980393 min:0.0 max:1.0 hbm:0 tp:1.0 throttler:0 isAnimating:false
01-25 19:07:40.424  1820  1820 I SSC_DAEMON: handleSensorTestReqMsg:88, Sensor type :4, Msg type:11
01-25 19:07:40.424  1778  2255 I SDM     : HWPeripheralDRM::SetPanelBrightness: Setting brightness to level 130 through sysfs node. primary(1), type_id(1)
01-25 19:07:40.424  2421  2951 D BrightnessSynchronizer: onDisplayChanged() : displayId=0
01-25 19:07:40.425  2421  2951 D BrightnessSynchronizer: updateScreenBrightness: displayId=0 type=2 mPreferredSettingValue=0.101960786(26) currentBrightnessInt=26 currentBrightnessIntFromFloat=26(0.101960786)
01-25 19:07:40.425  4018  4018 D SecBrightnessController: updateSlider() - BrightnessDialog resetTimer()
01-25 19:07:40.425  4018  4018 D SecBrightnessController: updateSlider() - BrightnessDialog resetTimer()
01-25 19:07:40.426  1820  4180 I SSC_DAEMON: light_event_log:170, light_msg(4/11): br 13 (lux 0,idx 0) - -1,-1,13
01-25 19:07:40.426  1888  1888 I SurfaceFlinger: setDisplayBrightness(4630947191136750483): displayBrightness: 0.010196, displayBrightnessNits: 11.417000, sdrWhitePointNits: 11.417000 , dimmingRatio: 1.000000
01-25 19:07:40.426  2421  3908 D LocalDisplayAdapter: surface lcd : 13(0.010), 13(0.010), main -
01-25 19:07:40.432  1778  2255 I SDM     : HWPeripheralDRM::SetPanelBrightness: brightness level is same as brightness_set_ in SDR(130, 130), (13, 13)
01-25 19:07:40.469  1888  2245 I CompositionEngine: [setDisplaySize] size=(579, 56)
01-25 19:07:40.470  2421  2538 I ActivityManager: Changes in 10375 6 to 10, 128 to 0
01-25 19:07:40.473  2421  3814 D BackgroundInstallControlService: Package event received: 0
01-25 19:07:40.474  2421  3814 D BackgroundInstallControlService: Package event received: 0
01-25 19:07:40.474  2421  6948 I ActivityManager: Changes in 10375 10 to 6, 0 to 128
01-25 19:07:40.474  2421  3814 D BackgroundInstallControlService: Package event received: 0
01-25 19:07:40.474  2421  3814 D BackgroundInstallControlService: Package event received: 0
01-25 19:07:40.518  1778  2102 I SDM     : DisplayBase::CommitThread: Received idle timeout, panel: cmd, timeout: 69999 us
01-25 19:07:40.528  2421  3881 D WifiConnectivityMonitor.NetworkStatsAnalyzer: Backhaul result - RSSI:-57, CE:28, PE:28, TI:33, PTI:33, TW:6, PTW:6, Tx:79, Rx:57, TxS:59, RxS:48, RESULT:true, IC:0, ICT:5, WC:0, WCT:5, R:0, RC:0, IE:0, EC:0
01-25 19:07:40.624  2421  3067 D DisplayManagerService: handleBrightnessAnimation: started=false
01-25 19:07:40.624  2421  3067 D RefreshRateModeManager: set fix=0, brightness=13, lux=0.0, mIsWirelessCharging=false
01-25 19:07:40.624  2421  3067 D RefreshRateModeManager: setPassiveMode=false, brightness=13, lux=0.0, PassiveModeToken=false
01-25 19:07:40.624  2421  3067 I RefreshRateModeManager: Schedule to change HFRmode=REFRESH_RATE_MODE_SEAMLESS, mDisplayToken=android.os.BinderProxy@5188c71
01-25 19:07:40.624  2421  3067 I RefreshRateModeManager:     -1:
01-25 19:07:40.624  2421  3067 I RefreshRateModeManager:       PRIORITY_REFRESH_RATE_MODE -> CombinedVote{ mVotes=[PhysicalVote{ RefreshRateVote{  mMinRefreshRate=10.0, mMaxRefreshRate=120.0 } }, DisableRefreshRateSwitchingVote{ mDisableRefreshRateSwitching=false }] }
01-25 19:07:40.624  2421  3067 I RefreshRateModeManager:     0:
01-25 19:07:40.624  2421  3067 I RefreshRateModeManager:       PRIORITY_USER_SETTING_PEAK_RENDER_FRAME_RATE -> RenderVote{ RefreshRateVote{  mMinRefreshRate=0.0, mMaxRefreshRate=120.0 } }
01-25 19:07:40.624  2421  3067 I RefreshRateModeManager:       PRIORITY_RESOLUTION -> SizeVote{ mWidth=1440, mHeight=3120, mMinWidth=1440, mMinHeight=3120 }
01-25 19:07:40.624  2421  3067 I RefreshRateModeManager:       PRIORITY_USER_SETTING_PEAK_REFRESH_RATE -> CombinedVote{ mVotes=[PhysicalVote{ RefreshRateVote{  mMinRefreshRate=0.0, mMaxRefreshRate=120.0 } }, DisableRefreshRateSwitchingVote{ mDisableRefreshRateSwitching=false }] }
01-25 19:07:40.624  2421  3067 I RefreshRateModeManager:       PRIORITY_USER_SETTING_DISPLAY_PREFERRED_SIZE -> SizeVote{ mWidth=1440, mHeight=3120, mMinWidth=1440, mMinHeight=3120 }
01-25 19:07:40.624  2421  3067 I RefreshRateModeManager:       PRIORITY_USER_SETTING_MIN_RENDER_FRAME_RATE -> RenderVote{ RefreshRateVote{  mMinRefreshRate=0.0, mMaxRefreshRate=Infinity } }
01-25 19:07:40.624  2421  3067 I RefreshRateModeManager: 
01-25 19:07:40.624  2421  3067 I RefreshRateModeManager:  mModeSwitchingType: SWITCHING_TYPE_WITHIN_GROUPS mAlwaysRespectAppRequest: false
01-25 19:07:40.624  2421  3067 I RefreshRateModeManager:  Current Mode mReportedRefreshRateMode(toSurfaceFlinger)=REFRESH_RATE_MODE_SEAMLESS, mRefreshRateMode(fromSettings)=REFRESH_RATE_MODE_SEAMLESS
01-25 19:07:40.624  2421  3067 I RefreshRateModeManager:  BrightnessState mPassive=false, PassiveModeToken=false, mLfd=0, mBrightness=13, mAmbientLux=0.0, mIsWirelessCharing=false
01-25 19:07:40.625  2421  3067 I RefreshRateTokenController: Removing refreshRateToken={ RefreshRateToken[->PassiveModeToken:BrightnessAnim, acquire at 11986954 (281 ms ago)}, caller=com.android.server.display.mode.RefreshRateToken.release:5 com.android.server.display.DisplayManagerService$$ExternalSyntheticLambda1.accept:405 com.android.server.display.DisplayPowerController$3.run:24 android.os.Handler.handleCallback:995 android.os.Handler.dispatchMessage:103 
01-25 19:07:40.625  2421  2951 D SurfaceControl: notifyHFRmode, displayToken=android.os.BinderProxy@5188c71, hfrMode=REFRESH_RATE_MODE_SEAMLESS
01-25 19:07:40.625  1888  3093 I SurfaceFlinger: [4630947191136750483] HFR mode : 1
01-25 19:07:40.629  1888  1888 I HWComposer: [4630947191136750483] ActiveConfigToHWC, ID : 0
01-25 19:07:40.629  1778  2255 I SDM     : SDMDisplay::SetActiveConfigWithConstraints: ActiveConfig: 0
01-25 19:07:40.631  1778  2255 I SDM     : SDMDisplay::FinalizeDisplayConfig: ActiveConfig changed from config 0(0) to 0(0) for display [0]-[0]
01-25 19:07:40.633  1888  2245 I CompositionEngine: [setDisplaySize] size=(579, 56)
01-25 19:07:40.703  1778  2102 I SDM     : DisplayBase::CommitThread: Received idle timeout, panel: cmd, timeout: 70000 us
01-25 19:07:40.855  1868  1918 E HeatmapThread: ECT Thread time in milliseconds: 1769364460
01-25 19:07:40.857  1868  1918 D HeatmapThread: !@ batteryplugType : 2
01-25 19:07:40.857  1868  1918 D HeatmapThread: !@ batteryLevel : 54  batteryTemperature : 411 
01-25 19:07:40.857  1868  1918 D HeatmapThread: !@ Heatmap currtime: 29489407
01-25 19:07:40.857  1868  1918 D HeatmapThread: !@ Heatmap prevtime: 29489400
01-25 19:07:40.857  1868  1918 D HeatmapThread: !@ Heatmap plugstarttime: 29489360
01-25 19:07:40.857  1868  1918 D HeatmapThread: !@ Heatmap prevv_dsoh_update_time: 29489322
01-25 19:07:40.857  1868  1918 E HeatmapThread: !@ CAM New BSOH: 100
01-25 19:07:41.318  1069  1069 D io_stats: !@   8,0 r 76542644 407507408 w 1603132 17829120 d 305782 8480380 f 17194 46891 iot 6373340 0 th 0 0 0 pt 0 inp 0 0 11987.929
01-25 19:07:41.574  1751  3960 I sensors-hal: handle_sns_client_event:202, auto_rotation_debug_2 mode,255, type,1,0 acc,0.053,0.153,9.839, ar,0, ver,14, pedo,1,e,1,i,3
01-25 19:07:41.574  1751  1673 I sensors-hal: handle_sns_client_event:379, [0][7054] accel_sample [ 0.062,  0.162,  9.854] 14832236128075
01-25 19:07:41.722  7026  7026 I SDHMS:LOAD: type: LoadsFreqs, value: 0:0:0:1259519:1689600:1017600:1555200:1555200:1555200:443:443:443
01-25 19:07:41.855  1868  1918 E HeatmapThread: ECT Thread time in milliseconds: 1769364461
01-25 19:07:41.856  1868  1918 D HeatmapThread: !@ batteryplugType : 2
01-25 19:07:41.856  1868  1918 D HeatmapThread: !@ batteryLevel : 54  batteryTemperature : 411 
01-25 19:07:41.856  1868  1918 D HeatmapThread: !@ Heatmap currtime: 29489407
01-25 19:07:41.856  1868  1918 D HeatmapThread: !@ Heatmap prevtime: 29489400
01-25 19:07:41.856  1868  1918 D HeatmapThread: !@ Heatmap plugstarttime: 29489360
01-25 19:07:41.856  1868  1918 D HeatmapThread: !@ Heatmap prevv_dsoh_update_time: 29489322
01-25 19:07:41.856  1868  1918 E HeatmapThread: !@ CAM New BSOH: 100
01-25 19:07:41.977  2421  6948 I ActivityManager: Changes in 10375 6 to 10, 128 to 0
01-25 19:07:41.980  2421  3814 D BackgroundInstallControlService: Package event received: 0
01-25 19:07:41.980  2421  3814 D BackgroundInstallControlService: Package event received: 0
01-25 19:07:41.980  2421  2538 I ActivityManager: Changes in 10375 10 to 6, 0 to 128
01-25 19:07:41.980  2421  3814 D BackgroundInstallControlService: Package event received: 0
01-25 19:07:41.980  2421  3814 D BackgroundInstallControlService: Package event received: 0
01-25 19:07:41.987  1888  2098 I VSyncReactor: Current= 120, Period= 120, Distance= 1
01-25 19:07:41.995  1888  2098 I VSyncReactor: Current= 120, Period= 120, Distance= 120
01-25 19:07:42.069  2463  2463 I CNSS    : /sys/wifi/max_chipset_log_size doesn't exist
01-25 19:07:42.089  2421  3696 E WifiStaIfaceAidlImpl: getCachedScanData failed with service-specific exception: android.os.ServiceSpecificException:  (code 4)
01-25 19:07:42.092  2421  5916 D SemWifiUsabilityStatsMonitor: onWifiUsabilityStats - seqNum 2073, isSameBssidAndFreq true
01-25 19:07:42.092  2421  3848 I SemWifiLinkQualityMonitor: Link stat: 615 / 3 / 1.13 (9) / 390 / -59.0 || 100.0 : 390.00 / 0.5 : 0.89 / 0.55 : 0.00 / G (G) || c3777de25745: 0.093 / 86.146 / N || N N / 0 0 / N 2.0 / N X 0 / 11988702 0 || 2026-01-25 19:07:41  / 0: 0 0 0 0 0 0 / 0: 0 0 0 0 0 0 / 0: 0 0 0 0 0 0
01-25 19:07:42.092  2421  3849 D InsDataManager: onOutageCountUpdate() - Outage Data: 0, LQ : N. Outage Triggered: false
01-25 19:07:42.093  2421  3849 D SemInsManager: {"bssid": "c3777de25745","rssi": -59.0,"latency": 0.0928657616892911,"outage_count": 0,"lq_callback_triggered": false,"outage_log": "Link stat: 615 / 3 / 1.13 (9) / 390 / -59.0 || 100.0 : 390.00 / 0.5 : 0.89 / 0.55 : 0.00 / G (G) || c3777de25745: 0.093 / 86.146 / N || N N / 0 0 / N 2.0 / N X 0 / 11988702 0 || 2026-01-25 19:07:41  / 0: 0 0 0 0 0 0 / 0: 0 0 0 0 0 0 / 0: 0 0 0 0 0 0""Magnetic Sensor Events size": "0""Pressure Sensor Events size": "0"}
01-25 19:07:42.097  2421  3866 D SGM:GameManager: identifyGamePackage. com.sec.android.app.launcher, mCurrentUserId: 0, callingMethodInfo: com.samsung.android.game.SemGameManager.isGamePackage(SemGameManager.java:106)
01-25 19:07:42.097  2421  3866 D SGM:SemGameManager: isGamePackage(), pkgName=com.sec.android.app.launcher, ret=false
01-25 19:07:42.345  2421  3599 D ActivityManager: freezing 13660 com.skms.android.agent:remote
01-25 19:07:42.370  1757  6740 I HYPER-HAL: [RequestManager.cpp]releaseLocked(): Released ID : 4172716
01-25 19:07:42.435  1751 32448 I sensors-hal: handle_sns_std_sensor_event:90, light_cct: ts = 14834222910210 ns; value = [0, 0, 67, 66, 0, 13, 0, 0, 64, 0]
01-25 19:07:42.755  1751 32446 I sensors-hal: handle_sns_std_sensor_event:408, [SSC_LIGHT] P: 0(0),c:13,b:13,m:13,cl:0,l:0,s:0,l0:64,l1:0,s0:0,s1:0,acl:1,opr:0.25,f(r):92,u(bl):100,if:92,wi:0,si:0,0(N:0)
01-25 19:07:42.755  1751  1673 I sensors-hal: handle_sns_client_event:379, [0][7148] accel_sample [ 0.055,  0.158,  9.857] 14834247565210
01-25 19:07:42.756  1751  3960 I sensors-hal: handle_sns_std_sensor_event:127, [SSC_LIGHT] A: 0(0),c:13,b:13,m:13,cl:0,l:0,s:0,l0:64,l1:0,s0:0,s1:0,acl:1,opr:0.25,f(r):92,u(bl):100,if:92,wi:0,si:0,0(N:0)
01-25 19:07:42.855  1868  1918 E HeatmapThread: ECT Thread time in milliseconds: 1769364462
01-25 19:07:42.857  1868  1918 D HeatmapThread: !@ batteryplugType : 2
01-25 19:07:42.857  1868  1918 D HeatmapThread: !@ batteryLevel : 54  batteryTemperature : 411 
01-25 19:07:42.857  1868  1918 D HeatmapThread: !@ Heatmap currtime: 29489407
01-25 19:07:42.857  1868  1918 D HeatmapThread: !@ Heatmap prevtime: 29489400
01-25 19:07:42.857  1868  1918 D HeatmapThread: !@ Heatmap plugstarttime: 29489360
01-25 19:07:42.857  1868  1918 D HeatmapThread: !@ Heatmap prevv_dsoh_update_time: 29489322
01-25 19:07:42.857  1868  1918 E HeatmapThread: !@ CAM New BSOH: 100
01-25 19:07:43.141  2421  3599 D ActivityManager: freezing 17114 com.samsung.android.lool
01-25 19:07:43.312  2421  2538 D CompatChangeReporter: Compat change id reported: 297989574; UID 1000; state: ENABLED
01-25 19:07:43.319  1069  1069 D io_stats: !@   8,0 r 76546278 407524640 w 1603790 17837364 d 305782 8480380 f 17197 46898 iot 6373732 0 th 0 0 0 pt 0 inp 0 10 11989.929
01-25 19:07:43.319  1069  1069 D io_stats: !@ Read_top(KB): om.whatsapp.w4b:low(7980) 31552 aoapp.musically:low(32667) 712 rs.media.module:high(6765) 516
01-25 19:07:43.319  1069  1069 D io_stats: !@ Write_top(KB): kworker/u18:1:/(11935) 6420 kworker/3:4:/(537) 1640 f2fs_ckpt-254:6:/(1311) 996
01-25 19:07:43.319  1069  1069 D io_stats: !@ fuse-log: WORST (10347 35 14 2 7) (10347 10 4 1 4) (10347 1 5 7 3) TOTAL_LATENCY (10347 23 35 14 2 1 5 7 10 4 1) (0 0 18 0 5) TOTAL_CNT (10347 30 1 7 25 5 63 5) (0 5 18 5) 
01-25 19:07:43.373  2421  3599 D ActivityManager: freezing 12147 com.samsung.android.dqagent
01-25 19:07:43.385  1888  2098 I VSyncReactor: Current= 120, Period= 120, Distance= 1
01-25 19:07:43.393  1888  2098 I VSyncReactor: Current= 120, Period= 120, Distance= 120
01-25 19:07:43.483  2421  2538 I ActivityManager: Changes in 10375 6 to 10, 128 to 0
01-25 19:07:43.485  2421  3814 D BackgroundInstallControlService: Package event received: 0
01-25 19:07:43.485  2421  3814 D BackgroundInstallControlService: Package event received: 0
01-25 19:07:43.485  2421  3814 D BackgroundInstallControlService: Package event received: 0
01-25 19:07:43.485  2421  4121 I ActivityManager: Changes in 10375 10 to 6, 0 to 128
01-25 19:07:43.485  2421  3814 D BackgroundInstallControlService: Package event received: 0
