01-25 18:54:59.431  2421  5146 D WifiProfileShare.MCF: stop sharing QosData, invalid data
01-25 18:54:59.431  2421  5146 I [MCFSDK_android_1.3.7026]_4_McfCasterImpl: isNetworkEnabled - type : 1 ret : true
01-25 18:54:59.431  2421  5146 D WifiProfileShare.McfCast: -ME--- mIsNetworkEnabled :true
01-25 18:54:59.431  2421  5146 D WifiProfileShare.McfCast: -ME--- updatePasswordDate pwdData size:2
01-25 18:54:59.432  2421  5136 D FreecessHandler: freeze com.cleancontacts.app(10427) result : 2
01-25 18:54:59.588  4186 27765 W AlarmManager: Unrecognized alarm listener com.android.networkstack.android.net.ip.IpClientLinkObserver$Dhcp6PdPreferredPrefixAlarmListener@76c5122
01-25 18:54:59.589  4226  4226 I EPDG -- SIM0 [EpdgIntfCont]: sendInterfaceMessage, not mobile, ignore
01-25 18:54:59.589  4186 27765 D ApfFilter: (wlan0): Ignoring RA RA fe80::3ee4:41ff:fe86:feb8 -> ff02::1 0s fdc8:1a6c:93af:2ab5::/64 1800s/1800s RIO 1800s fd60:57fc:617c:1::/64  which matches RA fe80::3ee4:41ff:fe86:feb8 -> ff02::1 0s fdc8:1a6c:93af:2ab5::/64 1800s/1800s RIO 1800s fd60:57fc:617c:1::/64 
01-25 18:54:59.589  4226  4226 I EPDG -- SIM0 [EpdgIntfCont]: sendInterfaceMessage, not mobile, ignore
01-25 18:54:59.589  4226  4226 I EPDG -- SIM1 [EpdgIntfCont]: sendInterfaceMessage, not mobile, ignore
01-25 18:54:59.589  4226  4226 I EPDG -- SIM1 [EpdgIntfCont]: sendInterfaceMessage, not mobile, ignore
01-25 18:54:59.855  1868  1918 E HeatmapThread: ECT Thread time in milliseconds: 1769363699
01-25 18:54:59.858  1868  1918 D HeatmapThread: !@ batteryplugType : 2
01-25 18:54:59.858  1868  1918 D HeatmapThread: !@ batteryLevel : 51  batteryTemperature : 387 
01-25 18:54:59.858  1868  1918 D HeatmapThread: !@ Heatmap currtime: 29489394
01-25 18:54:59.858  1868  1918 D HeatmapThread: !@ Heatmap prevtime: 29489370
01-25 18:54:59.858  1868  1918 D HeatmapThread: !@ Heatmap plugstarttime: 29489360
01-25 18:54:59.858  1868  1918 D HeatmapThread: !@ Heatmap prevv_dsoh_update_time: 29489322
01-25 18:54:59.859  1868  1918 E HeatmapThread: !@ CAM New BSOH: 100
01-25 18:54:59.984  2421  6955 I ActivityManager: Changes in 10375 6 to 10, 128 to 0
01-25 18:54:59.987  2421  3528 I ActivityManager: Changes in 10375 10 to 6, 0 to 128
01-25 18:54:59.988  2421  3814 D BackgroundInstallControlService: Package event received: 0
01-25 18:54:59.988  2421  3814 D BackgroundInstallControlService: Package event received: 0
01-25 18:54:59.988  2421  3814 D BackgroundInstallControlService: Package event received: 0
01-25 18:54:59.988  2421  3814 D BackgroundInstallControlService: Package event received: 0
01-25 18:54:59.990  1888  2098 I VSyncReactor: Current= 120, Period= 120, Distance= 0
01-25 18:54:59.998  1888  2098 I VSyncReactor: Current= 120, Period= 120, Distance= 120
01-25 18:55:00.001  4018  4727 I DateTimeView: updateAll - getTimeFormat
01-25 18:55:00.002  2421  2421 I EyeComfortSolutionService: action  :  android.intent.action.TIME_TICK
01-25 18:55:00.002  4018  4018 D ClockFaceEvents: onTimeTick. callers : com.android.keyguard.ClockEventController$keyguardUpdateMonitorCallback$1.refreshTime:19
01-25 18:55:00.002  4018  4018 D ClockFaceEvents: com.android.keyguard.ClockEventController$keyguardUpdateMonitorCallback$1.onTimeChanged:1
01-25 18:55:00.002  4018  4018 D ClockFaceEvents: com.android.keyguard.KeyguardUpdateMonitor$16.handleMessage:732
01-25 18:55:00.002  4018  4018 D ClockFaceEvents: onTimeTick. callers : com.android.keyguard.ClockEventController$keyguardUpdateMonitorCallback$1.refreshTime:38
01-25 18:55:00.002  4018  4018 D ClockFaceEvents: com.android.keyguard.ClockEventController$keyguardUpdateMonitorCallback$1.onTimeChanged:1
01-25 18:55:00.002  4018  4018 D ClockFaceEvents: com.android.keyguard.KeyguardUpdateMonitor$16.handleMessage:732
01-25 18:55:00.002  4018  4018 D FaceWidgetPagesController: onTimeChanged()
01-25 18:55:00.002  4018  4727 D QSClockBellTower: onReceive(android.intent.action.TIME_TICK) mTimeZoneString:Africa/Lagos
01-25 18:55:00.004  4018  4018 D QSClockBellTower: He is ready to ring the bell. (((QSClockBellSound - TimeText:6:55, TimeContentDescription:6:55p.m., DateText:Sun, January 25, ShortDateText:Sun, Jan 25, Demo:false)))
01-25 18:55:00.005  4018  4018 D QSClock : StatusBar clock=6:55 notifyTimeChanged(QSClockBellSound - TimeText:6:55, TimeContentDescription:6:55p.m., DateText:Sun, January 25, ShortDateText:Sun, Jan 25, Demo:false) clockVisibleByPolicy=true, clockVisibleByUser=true, visible=true, parent=android.widget.LinearLayout{c069843 V.E...... ......ID 0,0-111,90 #7f0a069b app:id/left_clock_container} caller=com.android.systemui.statusbar.phone.fragment.CollapsedStatusBarFragment.animateShow:52 com.android.systemui.statusbar.phone.fragment.CollapsedStatusBarFragment.updateStatusBarVisibilitiesInner:230 com.android.systemui.statusbar.phone.fragment.CollapsedStatusBarFragment$$ExternalSyntheticLambda1.run:6 android.os.Handler.handleCallback:995 android.os.Handler.dispatchMessage:103  
01-25 18:55:00.005  4018  4018 D QSClockBellTower: Everyone heard the bell. run(currentTime:1769363700004, getTime():Sun Jan 25 18:55:00 GMT+01:00 2026, getTimeZone():libcore.util.ZoneInfo[mDstSavings=0,mUseDst=false,mDelegate=[id="Africa/Lagos",mRawOffset=3600000,mEarliestRawOffset=815000,transitions=4]])
01-25 18:55:00.007  4018  4018 D {OngoingChipAdapter}: updateEnableMaxWidth : 472 -:> 473
01-25 18:55:00.008  4018  4018 W RefactorFlag: New code path expects SceneContainerFlag to be enabled.
01-25 18:55:00.015  1888  2098 I VSyncReactor: Current= 120, Period= 120, Distance= 40
01-25 18:55:00.017  1888  2245 I CompositionEngine: [setDisplaySize] size=(579, 56)
01-25 18:55:00.023  1888  2098 I VSyncReactor: Current= 120, Period= 120, Distance= 120
01-25 18:55:00.087  1778  2102 I SDM     : DisplayBase::CommitThread: Received idle timeout, panel: cmd, timeout: 70000 us
01-25 18:55:00.228  1751 25690 I sensors-hal: handle_sns_std_sensor_event:90, light_cct: ts = 14072015981545 ns; value = [0, 0, 80, 75, 0, 13, 0, 0, 192, 0]
01-25 18:55:00.271  2421  3696 E WifiStaIfaceAidlImpl: getCachedScanData failed with service-specific exception: android.os.ServiceSpecificException:  (code 4)
01-25 18:55:00.274  2421  5916 D SemWifiUsabilityStatsMonitor: onWifiUsabilityStats - seqNum 1958, isSameBssidAndFreq true
01-25 18:55:00.275  2421  3848 I SemWifiLinkQualityMonitor: Link stat: 1819 / 90 / 1.21 (35) / 433 / -53.0 || 100.0 : 433.00 / 0.5 : 0.83 / 0.55 : 0.05 / G (G) || c3777de25745: 0.094 / 84.904 / N || N N / 0 0 / N 2.0 / N X 0 / 11226884 0 || 2026-01-25 18:54:59  / 0: 0 0 0 0 0 0 / 0: 0 0 0 0 0 0 / 0: 0 0 0 0 0 0
01-25 18:55:00.276  2421  3849 D InsDataManager: onOutageCountUpdate() - Outage Data: 0, LQ : N. Outage Triggered: false
01-25 18:55:00.276  2421  3849 D SemInsManager: {"bssid": "c3777de25745","rssi": -53.0,"latency": 0.09422358169361937,"outage_count": 0,"lq_callback_triggered": false,"outage_log": "Link stat: 1819 / 90 / 1.21 (35) / 433 / -53.0 || 100.0 : 433.00 / 0.5 : 0.83 / 0.55 : 0.05 / G (G) || c3777de25745: 0.094 / 84.904 / N || N N / 0 0 / N 2.0 / N X 0 / 11226884 0 || 2026-01-25 18:54:59  / 0: 0 0 0 0 0 0 / 0: 0 0 0 0 0 0 / 0: 0 0 0 0 0 0""Magnetic Sensor Events size": "0""Pressure Sensor Events size": "0"}
01-25 18:55:00.283  2421  3866 D SGM:GameManager: identifyGamePackage. com.sec.android.app.launcher, mCurrentUserId: 0, callingMethodInfo: com.samsung.android.game.SemGameManager.isGamePackage(SemGameManager.java:106)
01-25 18:55:00.283  2421  3866 D SGM:SemGameManager: isGamePackage(), pkgName=com.sec.android.app.launcher, ret=false
01-25 18:55:00.381  2421  5136 I NSLocationMonitor: getGPSUsingApps() called
01-25 18:55:00.381  5148  5173 I NSLocationManager_FLP: getGPSUsingApps, No change
01-25 18:55:00.384  2421  5136 D FreecessController: FZ : com.samsung.android.game.gamehome(10341) [8180] reason: Bg [cached:X
01-25 18:55:00.384  2421  5136 D FreecessHandler: freeze com.samsung.android.game.gamehome(10341) result : 0
01-25 18:55:00.384  2421  5136 W LocationManagerService: onFreezeStateChanged, uid[10341]=true
01-25 18:55:00.384  2421  5136 I PowerManagerService: [PWL] SetWakeLockEnableDisable uid = 10341 , disable= true
01-25 18:55:00.384  2421  5136 I PowerManagerService: [PWL] can not change uid =  10341
01-25 18:55:00.814  2421  3614 D ActivityManager: Received BROADCAST intent 0x60f052 Key{broadcastIntent pkg=com.google.android.gms/com.google.android.gms.gcm intent=act=com.google.android.gms.gcm.HEARTBEAT_ALARM xflg=0x4 pkg=com.google.android.gms flags=0x4000000 u=0} requestCode=0 sent=0 from uid 1000
01-25 18:55:00.826  4963 25271 I AlarmManager: setExactAndAllowWhileIdle [name: GCM_HB_ALARM type: 2 triggerAtMillis: 14132617]
01-25 18:55:00.826  2421  6955 D AlarmManager: force change alarm method to setWindow() callingUid=10269, sourcePackage=com.google.android.gms, action=com.google.android.gms.gcm.HEARTBEAT_ALARM, origTriggerAtTime=14132617, triggerAtTime=14102618, windowLength=29999
01-25 18:55:00.829  4963 25271 W WakeLock: GCM_HB_ALARM release without a matched acquire! [CONTEXT service_id=259 ]
01-25 18:55:00.855  1868  1918 E HeatmapThread: ECT Thread time in milliseconds: 1769363700
01-25 18:55:00.857  1868  1918 D HeatmapThread: !@ batteryplugType : 2
01-25 18:55:00.857  1868  1918 D HeatmapThread: !@ batteryLevel : 51  batteryTemperature : 387 
01-25 18:55:00.857  1868  1918 D HeatmapThread: !@ Heatmap currtime: 29489395
01-25 18:55:00.857  1868  1918 D HeatmapThread: !@ Heatmap prevtime: 29489370
01-25 18:55:00.857  1868  1918 D HeatmapThread: !@ Heatmap plugstarttime: 29489360
01-25 18:55:00.857  1868  1918 D HeatmapThread: !@ Heatmap prevv_dsoh_update_time: 29489322
01-25 18:55:00.858  1868  1918 E HeatmapThread: !@ CAM New BSOH: 100
01-25 18:55:00.935  4963 20960 V NativeCrypto: Read error: ssl=0xb40000736d9b4258: I/O error during system call, Connection reset by peer
01-25 18:55:00.939  4963 25271 V NativeCrypto: SSL shutdown failed: ssl=0xb40000736d9b4258: I/O error during system call, Broken pipe
01-25 18:55:00.939  4963 25271 W WakeLock: GCM_HB_ALARM release without a matched acquire! [CONTEXT service_id=259 ]
01-25 18:55:00.940  4963 25271 W WakeLock: GCM_HB_ALARM counter does not exist
01-25 18:55:00.945  4963  4963 D CloudSync: gcm disconnected, disabling cloud route.
01-25 18:55:00.946  4963  4963 D CloudSync: Scheduling cloud route disable after debounce delay
01-25 18:55:00.946  4963  4963 I AlarmManager: set [name: CloudSync type: 2 triggerAtMillis: 14082737 windowMillis: -1 intervalMillis: 0]
01-25 18:55:01.001  4669 26860 I HoneySpace.LiveIconSupplier: time tick - 57, CLOCK, 18:55 - 18:54, view: #8cfa614, parent: VerticalApplistIconViewContainer#c7bfebd
01-25 18:55:01.002  4669 26860 I LauncherActivityInfo: Trying to load live icon for com.sec.android.app.clockpackage
01-25 18:55:01.017  4669 26860 I ApplicationPackageManager: package : com.sec.android.app.clockpackage, useAppIconResources : false
01-25 18:55:01.017  4669 26860 I LiveIconUtil: getLiveIcon was called in ClockPackage
01-25 18:55:01.017  4669 26860 I LiveIconUtil: getLiveIcon res = com.sec.android.app.clockpackage
01-25 18:55:01.018  4669 26860 I LiveIconUtil: stdIconSize : 180 , targetIconSize : 217
01-25 18:55:01.018  4669 26860 I LiveIconUtil: iconDpi : 720 , mTargetIconDpi : 600
01-25 18:55:01.058  4669 26860 E AppIconSolution: Couldn't get theme package resources, package is null
01-25 18:55:01.058  4669 26860 I AppIconSolution: load= live icon for com.sec.android.app.clockpackage, from overlay = false
01-25 18:55:01.062  4669 26860 I LauncherActivityInfo: packageName: com.sec.android.app.clockpackage, useThemeIcon: false, height: 324, width: 324, density: 640
01-25 18:55:01.065  4669 26860 I HoneySpace.LiveIconSupplier: updateIcon - 57, CLOCK, true - 18:55, view: #8cfa614, parent: VerticalApplistIconViewContainer#c7bfebd
01-25 18:55:01.073  1888  3094 I VSyncReactor: Current= 120, Period= 120, Distance= 1
01-25 18:55:01.080  1888  2098 I VSyncReactor: Current= 120, Period= 120, Distance= 120
01-25 18:55:01.101  2421  6955 D NetdEventListenerService: CSC Feature value: true
01-25 18:55:01.102  2421  3909 D NetdEventListenerService: DNS Requested by 103, 10269(com.google.android.gsf,...), SUCCESS, 157ms
01-25 18:55:01.104  4963 25118 I TrafficStats: tagSocketFd(-1, 1031, -1) failed with errno-9
01-25 18:55:01.140  1069  1069 D io_stats: !@   8,0 r 71675452 380349624 w 1457846 16402512 d 296120 8035056 f 15626 41298 iot 5990800 0 th 0 0 0 pt 0 inp 0 0 11227.750
01-25 18:55:01.318  4963 25271 I AlarmManager: setExactAndAllowWhileIdle [name: GCM_HB_ALARM type: 2 triggerAtMillis: 14253110]
01-25 18:55:01.319  2421  6955 D AlarmManager: force change alarm method to setWindow() callingUid=10269, sourcePackage=com.google.android.gms, action=com.google.android.gms.gcm.HEARTBEAT_ALARM, origTriggerAtTime=14253110, triggerAtTime=14163110, windowLength=90000
01-25 18:55:01.491  2421  6955 I ActivityManager: Changes in 10375 6 to 10, 128 to 0
01-25 18:55:01.496  2421  3814 D BackgroundInstallControlService: Package event received: 0
01-25 18:55:01.497  2421  6955 I ActivityManager: Changes in 10375 10 to 6, 0 to 128
01-25 18:55:01.497  2421  3814 D BackgroundInstallControlService: Package event received: 0
01-25 18:55:01.497  2421  3814 D BackgroundInstallControlService: Package event received: 0
01-25 18:55:01.497  2421  3814 D BackgroundInstallControlService: Package event received: 0
01-25 18:55:01.508  1751 25676 I sensors-hal: handle_sns_std_sensor_event:408, [SSC_LIGHT] P: 0(0),c:17,b:13,m:13,cl:0,l:0,s:0,l0:192,l1:0,s0:0,s1:0,acl:1,opr:0.29,f(r):92,u(bl):100,if:92,wi:0,si:0,0(N:0)
01-25 18:55:01.508  1751  3960 I sensors-hal: handle_sns_std_sensor_event:127, [SSC_LIGHT] A: 0(0),c:17,b:13,m:13,cl:0,l:0,s:0,l0:192,l1:0,s0:0,s1:0,acl:1,opr:0.29,f(r):92,u(bl):100,if:92,wi:0,si:0,0(N:0)
01-25 18:55:01.544  4963 25271 I AlarmManager: setExactAndAllowWhileIdle [name: GCM_HB_ALARM type: 2 triggerAtMillis: 14253335]
01-25 18:55:01.544  2421  3528 D AlarmManager: force change alarm method to setWindow() callingUid=10269, sourcePackage=com.google.android.gms, action=com.google.android.gms.gcm.HEARTBEAT_ALARM, origTriggerAtTime=14253335, triggerAtTime=14163335, windowLength=90000
01-25 18:55:01.545  4963 25271 D ConnectivityManager: StackLog: [android.net.ConnectivityManager.reportNetworkConnectivity(ConnectivityManager.java:3685)] [bvpn.a(:com.google.android.gms@255034035@25.50.34 (260400-855735097):15)] [bvrr.n(:com.google.android.gms@255034035@25.50.34 (260400-855735097):6)] [bvqo.l(:com.google.android.gms@255034035@25.50.34 (260400-855735097):207)] [bvrf.run(:com.google.android.gms@255034035@25.50.34 (260400-855735097):124)] [bvsc.run(:com.google.android.gms@255034035@25.50.34 (260400-855735097):5)] [glma.run(:com.google.android.gms@255034035@25.50.34 (260400-855735097):19)] [beeh.c(:com.google.android.gms@255034035@25.50.34 (260400-855735097):50)] [beeh.run(:com.google.android.gms@255034035@25.50.34 (260400-855735097):73)] [java.util.concurrent.ThreadPoolExecutor.runWorker(ThreadPoolExecutor.java:1156)] [java.util.concurrent.ThreadPoolExecutor$Worker.run(ThreadPoolExecutor.java:651)] [bejy.run(:com.google.android.gms@255034035@25.50.34 (260400-855735097):8)] [java.lang.Thread.run(Thread.java:1119)]
01-25 18:55:01.546  4963 25271 D ConnectivityManager: StackLog: [android.net.ConnectivityManager.reportNetworkConnectivity(ConnectivityManager.java:3685)] [bvpn.a(:com.google.android.gms@255034035@25.50.34 (260400-855735097):15)] [bvrr.n(:com.google.android.gms@255034035@25.50.34 (260400-855735097):6)] [bvrf.run(:com.google.android.gms@255034035@25.50.34 (260400-855735097):650)] [bvsc.run(:com.google.android.gms@255034035@25.50.34 (260400-855735097):5)] [glma.run(:com.google.android.gms@255034035@25.50.34 (260400-855735097):19)] [beeh.c(:com.google.android.gms@255034035@25.50.34 (260400-855735097):50)] [beeh.run(:com.google.android.gms@255034035@25.50.34 (260400-855735097):92)] [java.util.concurrent.ThreadPoolExecutor.runWorker(ThreadPoolExecutor.java:1156)] [java.util.concurrent.ThreadPoolExecutor$Worker.run(ThreadPoolExecutor.java:651)] [bejy.run(:com.google.android.gms@255034035@25.50.34 (260400-855735097):8)] [java.lang.Thread.run(Thread.java:1119)]
01-25 18:55:01.546  4963 25271 I AlarmManager: setExactAndAllowWhileIdle [name: GCM_HB_ALARM type: 2 triggerAtMillis: 14253338]
01-25 18:55:01.546  2421  3528 D AlarmManager: force change alarm method to setWindow() callingUid=10269, sourcePackage=com.google.android.gms, action=com.google.android.gms.gcm.HEARTBEAT_ALARM, origTriggerAtTime=14253338, triggerAtTime=14163338, windowLength=90000
01-25 18:55:01.547  4963  4963 D CloudSync: Cancelling cloud route disable
01-25 18:55:01.811  4963 20960 D ConnectivityManager: StackLog: [android.net.ConnectivityManager.reportNetworkConnectivity(ConnectivityManager.java:3685)] [bvpn.a(:com.google.android.gms@255034035@25.50.34 (260400-855735097):15)] [bvrr.n(:com.google.android.gms@255034035@25.50.34 (260400-855735097):6)] [bvrf.run(:com.google.android.gms@255034035@25.50.34 (260400-855735097):650)] [bvsc.run(:com.google.android.gms@255034035@25.50.34 (260400-855735097):5)] [glma.run(:com.google.android.gms@255034035@25.50.34 (260400-855735097):19)] [beeh.c(:com.google.android.gms@255034035@25.50.34 (260400-855735097):50)] [beeh.run(:com.google.android.gms@255034035@25.50.34 (260400-855735097):73)] [java.util.concurrent.ThreadPoolExecutor.runWorker(ThreadPoolExecutor.java:1156)] [java.util.concurrent.ThreadPoolExecutor$Worker.run(ThreadPoolExecutor.java:651)] [bejy.run(:com.google.android.gms@255034035@25.50.34 (260400-855735097):8)] [java.lang.Thread.run(Thread.java:1119)]
01-25 18:55:01.812  4963 20960 I AlarmManager: setExactAndAllowWhileIdle [name: GCM_HB_ALARM type: 2 triggerAtMillis: 14253603]
01-25 18:55:01.812  2421  6955 D AlarmManager: force change alarm method to setWindow() callingUid=10269, sourcePackage=com.google.android.gms, action=com.google.android.gms.gcm.HEARTBEAT_ALARM, origTriggerAtTime=14253603, triggerAtTime=14163603, windowLength=90000
01-25 18:55:01.816  4963 20960 D ConnectivityManager: StackLog: [android.net.ConnectivityManager.reportNetworkConnectivity(ConnectivityManager.java:3685)] [bvpn.a(:com.google.android.gms@255034035@25.50.34 (260400-855735097):15)] [bvrr.n(:com.google.android.gms@255034035@25.50.34 (260400-855735097):6)] [bvrf.run(:com.google.android.gms@255034035@25.50.34 (260400-855735097):650)] [bvsc.run(:com.google.android.gms@255034035@25.50.34 (260400-855735097):5)] [glma.run(:com.google.android.gms@255034035@25.50.34 (260400-855735097):19)] [beeh.c(:com.google.android.gms@255034035@25.50.34 (260400-855735097):50)] [beeh.run(:com.google.android.gms@255034035@25.50.34 (260400-855735097):92)] [java.util.concurrent.ThreadPoolExecutor.runWorker(ThreadPoolExecutor.java:1156)] [java.util.concurrent.ThreadPoolExecutor$Worker.run(ThreadPoolExecutor.java:651)] [bejy.run(:com.google.android.gms@255034035@25.50.34 (260400-855735097):8)] [java.lang.Thread.run(Thread.java:1119)]
01-25 18:55:01.817  4963 20960 I AlarmManager: setExactAndAllowWhileIdle [name: GCM_HB_ALARM type: 2 triggerAtMillis: 14253608]
01-25 18:55:01.817  2421  4636 D AlarmManager: force change alarm method to setWindow() callingUid=10269, sourcePackage=com.google.android.gms, action=com.google.android.gms.gcm.HEARTBEAT_ALARM, origTriggerAtTime=14253608, triggerAtTime=14163608, windowLength=90000
01-25 18:55:01.818  4963 27277 I AlarmManager: setExactAndAllowWhileIdle [name: FcmRetry type: 2 triggerAtMillis: 14193608]
01-25 18:55:01.820  4963 20960 D ConnectivityManager: StackLog: [android.net.ConnectivityManager.reportNetworkConnectivity(ConnectivityManager.java:3685)] [bvpn.a(:com.google.android.gms@255034035@25.50.34 (260400-855735097):15)] [bvrr.n(:com.google.android.gms@255034035@25.50.34 (260400-855735097):6)] [bvrf.run(:com.google.android.gms@255034035@25.50.34 (260400-855735097):650)] [bvsc.run(:com.google.android.gms@255034035@25.50.34 (260400-855735097):5)] [glma.run(:com.google.android.gms@255034035@25.50.34 (260400-855735097):19)] [beeh.c(:com.google.android.gms@255034035@25.50.34 (260400-855735097):50)] [beeh.run(:com.google.android.gms@255034035@25.50.34 (260400-855735097):92)] [java.util.concurrent.ThreadPoolExecutor.runWorker(ThreadPoolExecutor.java:1156)] [java.util.concurrent.ThreadPoolExecutor$Worker.run(ThreadPoolExecutor.java:651)] [bejy.run(:com.google.android.gms@255034035@25.50.34 (260400-855735097):8)] [java.lang.Thread.run(Thread.java:1119)]
01-25 18:55:01.820  4963 20960 I AlarmManager: setExactAndAllowWhileIdle [name: GCM_HB_ALARM type: 2 triggerAtMillis: 14253611]
01-25 18:55:01.820  2421  4636 D AlarmManager: force change alarm method to setWindow() callingUid=10269, sourcePackage=com.google.android.gms, action=com.google.android.gms.gcm.HEARTBEAT_ALARM, origTriggerAtTime=14253611, triggerAtTime=14163611, windowLength=90000
01-25 18:55:01.821  2421  2968 D OomAdjuster: SLOWDOWN::OOM Request PID = 7980, slowdown = false
01-25 18:55:01.822  2421  2968 D SSRM:ProcessRestrictionManager: slowdown: stop
01-25 18:55:01.822  2421 26999 W System.err: java.lang.InterruptedException
01-25 18:55:01.822  2421 26999 W System.err: 	at java.lang.Thread.sleep(Native Method)
01-25 18:55:01.822  2421 26999 W System.err: 	at java.lang.Thread.sleep(Thread.java:451)
01-25 18:55:01.822  4963 27277 I AlarmManager: setExactAndAllowWhileIdle [name: FcmRetry type: 2 triggerAtMillis: 14193608]
01-25 18:55:01.822  2421 26999 W System.err: 	at java.lang.Thread.sleep(Thread.java:356)
01-25 18:55:01.822  2421 26999 W System.err: 	at com.android.server.ssrm.ProcessRestrictionManager$SlowdownRunnable.run(ProcessRestrictionManager.java:293)
01-25 18:55:01.822  2421 26999 W System.err: 	at java.lang.Thread.run(Thread.java:1119)
01-25 18:55:01.825  2421  2968 I ActivityManager: Changes in 15099008 19 to 19, 0 to 128
01-25 18:55:01.825  2421  2968 I ActivityManager: Changes in 15010312 19 to 11, 0 to 128
01-25 18:55:01.825  2421  2968 I ActivityManager: Changes in 15010270 19 to 11, 0 to 128
01-25 18:55:01.825  2480 13828 I CameraService: onUidStateChanged: uid=15010270, procState is changed. (19 -> 11)
01-25 18:55:01.826  2480 13828 W IPCThreadState: Sending oneway calls to frozen process.
01-25 18:55:01.827  2421  3814 D BackgroundInstallControlService: Package event received: 0
01-25 18:55:01.828  4963 20960 I AlarmManager: setExactAndAllowWhileIdle [name: GCM_HB_ALARM type: 2 triggerAtMillis: 14253620]
01-25 18:55:01.828  2421  6955 D AlarmManager: force change alarm method to setWindow() callingUid=10269, sourcePackage=com.google.android.gms, action=com.google.android.gms.gcm.HEARTBEAT_ALARM, origTriggerAtTime=14253620, triggerAtTime=14163620, windowLength=90000
01-25 18:55:01.829  4963 20960 I AlarmManager: setExactAndAllowWhileIdle [name: GCM_HB_ALARM type: 2 triggerAtMillis: 14253620]
01-25 18:55:01.829  2421  6955 D AlarmManager: force change alarm method to setWindow() callingUid=10269, sourcePackage=com.google.android.gms, action=com.google.android.gms.gcm.HEARTBEAT_ALARM, origTriggerAtTime=14253620, triggerAtTime=14163620, windowLength=90000
01-25 18:55:01.830  4963 27277 I AlarmManager: setExactAndAllowWhileIdle [name: FcmRetry type: 2 triggerAtMillis: 14193608]
01-25 18:55:01.830  4963  4963 D BoundBrokerSvc: onRebind: Intent { act=com.google.android.gms.libs.gmscorelogger.service.START dat=chimera-action:/... xflg=0x4 cmp=com.google.android.gms/.chimera.PersistentDirectBootAwareApiService }
01-25 18:55:01.830  6813  8159 I dxvd    : (REDACTED) appOpsListener %s %s
01-25 18:55:01.831  7980 18006 I Kumiho-Kumiho: getPackageName: com.whatsapp.w4b
01-25 18:55:01.833  4963 25700 I AlarmManager: setExactAndAllowWhileIdle [name: FcmRetry type: 2 triggerAtMillis: 14193613]
01-25 18:55:01.834  6813  8159 I dxux    : (REDACTED) #onConfigUpdate. requester: %s
01-25 18:55:01.835  2480 13828 I CameraService: onUidStateChanged: uid=15010270, procState is changed. (11 -> 10)
01-25 18:55:01.835  2480 13828 W IPCThreadState: Sending oneway calls to frozen process.
01-25 18:55:01.838  2421  3814 D BackgroundInstallControlService: Package event received: 0
01-25 18:55:01.839  5698 27292 E FirebaseMessaging: Default FirebaseApp has not been initialized. Skip logging event to GA.
01-25 18:55:01.839  5698 27292 I FirebaseMessaging: FirebaseApp has not being initialized. Device might be in direct boot mode. Skip exporting delivery metrics to Big Query
01-25 18:55:01.839  6813  7652 I dxux    : #onConfigUpdate inside sequencer
01-25 18:55:01.839  2421  3814 D BackgroundInstallControlService: Package event received: 0
01-25 18:55:01.841  2421  3528 D OomAdjuster: SLOWDOWN::OOM Request PID = 7980, slowdown = true
01-25 18:55:01.841  6813  7652 I dxux    : (REDACTED) getAllConfigAndTakeAction called because of %s
01-25 18:55:01.842  2421  3528 D SSRM:ProcessRestrictionManager: slowdown: start
01-25 18:55:01.846  4963 25700 I AlarmManager: setExactAndAllowWhileIdle [name: FcmRetry type: 2 triggerAtMillis: 14193620]
01-25 18:55:01.848  2421  3814 D BackgroundInstallControlService: Package event received: 0
01-25 18:55:01.851  8094  8094 I espz    : (REDACTED) Created gRPC endpoint for service %s
01-25 18:55:01.852  5698  5771 I dqtl    : Received an intent for GNP, won't process
01-25 18:55:01.854  2421  3814 D BackgroundInstallControlService: Package event received: 0
01-25 18:55:01.855  1868  1918 E HeatmapThread: ECT Thread time in milliseconds: 1769363701
01-25 18:55:01.856  1868  1918 D HeatmapThread: !@ batteryplugType : 2
01-25 18:55:01.856  1868  1918 D HeatmapThread: !@ batteryLevel : 51  batteryTemperature : 387 
01-25 18:55:01.856  1868  1918 D HeatmapThread: !@ Heatmap currtime: 29489395
01-25 18:55:01.856  1868  1918 D HeatmapThread: !@ Heatmap prevtime: 29489370
01-25 18:55:01.856  1868  1918 D HeatmapThread: !@ Heatmap plugstarttime: 29489360
01-25 18:55:01.856  1868  1918 D HeatmapThread: !@ Heatmap prevv_dsoh_update_time: 29489322
01-25 18:55:01.857  1868  1918 E HeatmapThread: !@ CAM New BSOH: 100
01-25 18:55:01.857  8094 27317 W dyrr    : Hotword settings PDS is not populated - defaulting to DECLINED.
01-25 18:55:01.857  8094  8265 I dxyw    : (REDACTED) HDM.HotwordService: hotwordDebugToastDecision: %s, tag: %s
01-25 18:55:01.857  6813  7652 I dxux    : getHotwordConfigResponse returned.
01-25 18:55:01.857  6813  7652 I dxvy    : (REDACTED) Operational mode passed in HotwordConfig is %s
01-25 18:55:01.857  6813  7652 I dxyi    : #getHotwordInfo called.
01-25 18:55:01.858  6813  7647 I dxyf    : Account not changed, ignore update.
01-25 18:55:01.858  6813  7652 I dxyi    : Not fetching hotword info from SRM
01-25 18:55:01.858  6813  7652 I dxux    : getHotwordInfo and getHotwordSettingState returned.
01-25 18:55:01.859  5698  5771 I dqtl    : Received an intent for GNP, won't process
01-25 18:55:01.860  5815  5855 I dqtl    : Received an intent for GNP, won't process
01-25 18:55:01.860  6813  7651 I dxxr    : (REDACTED) No need to try to get the fallback locale. for keyphrase %s, locale %s
01-25 18:55:01.860  6813  7651 I dxxx    : (REDACTED) #getDspAvailableResult locale : %s, dsp locale : %s, keyphrase : %s, DSP keyphrase : %s, isKeyphraseAndLocaleSupported : %b, canUseDownloadDspModel : %b. forceUniversalDspHotwordModel : %b
01-25 18:55:01.860  6813  7664 I dxxx    : (REDACTED) isDspHotwordSupportedByPlatform = %s, isDspHotwordModelAvailable = %s
01-25 18:55:01.860  6813  7651 I dxux    : (REDACTED) getAllConfigAndTakeAction dspAvailable: %b, disableDspInTest: %b
01-25 18:55:01.860  6813  7651 I dxsx    : (REDACTED) hotword enrollment state is enrolled:  %b, speakerId model exist: %b.
01-25 18:55:01.861  6813  7651 I dxsx    : (REDACTED) Hotword enrollment state : %s.
01-25 18:55:01.861  6813  7651 I dxsx    : (REDACTED) Hotword enrollment state : %s.
01-25 18:55:01.861  6813  7651 W dxux    : No hotword model!
01-25 18:55:01.861  6813  7651 I dxux    : No hotword model! Hotword Detection is not running! We don't need to stop it.
01-25 18:55:01.861  6813  7651 I dxux    : (REDACTED) Get the next action %s for requester %s.
01-25 18:55:01.861  6813  7651 I dxux    : (REDACTED) Hotword detection is running : %b, no further operation required.
01-25 18:55:01.861  5815  5852 I dqtl    : Received an intent for GNP, won't process
01-25 18:55:01.862  6813  7651 I dxxx    : #addDspHotwordPropertiesToRequestHandlingMetadata
01-25 18:55:01.862  6813  7651 I dxxx    : (REDACTED) #addDspHotwordPropertiesToRequestHandlingMetadata: properties=%s
01-25 18:55:01.862  6813  7651 I dxux    : #logRequestHandlingNonErrorEndEvent. Reset requestIdOfFirstError, firstStartErrorCausesRetry and numOfRetriesDoneForHotwordDetectorStartErrors!
01-25 18:55:01.865  5698  5777 I bomm    : (REDACTED) Count changed: counts=%s, shown=%s, shouldUpdate=%s
01-25 18:55:01.869  5698  5740 D WM-SystemJobScheduler: Scheduling work ID 62e797f8-5ff5-4db0-85df-129d49b49d7dJob ID 83117
01-25 18:55:01.872  5698  5740 I WM-GreedyScheduler: Ignoring schedule request in a secondary process
01-25 18:55:01.878  5698  5742 I bphg    : Chime Filter is invoked.
01-25 18:55:01.882  5698  5777 I bphg    : Notification was not filtered.
01-25 18:55:01.885  5698  5777 I dqtl    : (REDACTED) Calling GCM listener for %s
01-25 18:55:01.886  5698  5774 E GnpSdk  : (REDACTED) Payload contains insufficient data to display the notification. Account ID [%s], ThreadId [%s].
01-25 18:55:01.888  5698  5742 D WM-Processor: Processor cancelling 62e797f8-5ff5-4db0-85df-129d49b49d7d
01-25 18:55:01.888  5698  5742 D WM-Processor: WorkerWrapper could not be found for 62e797f8-5ff5-4db0-85df-129d49b49d7d
01-25 18:55:01.892  5698  5742 I WM-GreedyScheduler: Ignoring schedule request in non-main process
01-25 18:55:01.893  5698  5742 I WM-GreedyScheduler: Ignoring schedule request in a secondary process
01-25 18:55:01.893  5698 27292 I GnpSdk  : Message handled by GNP Firebase handler.
01-25 18:55:01.894  2421  3814 D BackgroundInstallControlService: Package event received: 0
01-25 18:55:01.894  5698 27292 E FirebaseMessaging: Default FirebaseApp has not been initialized. Skip logging event to GA.
01-25 18:55:01.894  5698 27292 I FirebaseMessaging: FirebaseApp has not being initialized. Device might be in direct boot mode. Skip exporting delivery metrics to Big Query
01-25 18:55:01.897  5698  5774 I bomm    : (REDACTED) Count changed: counts=%s, shown=%s, shouldUpdate=%s
01-25 18:55:01.903  5698  5742 D WM-SystemJobScheduler: Scheduling work ID d5ae0f73-4f1d-4e66-9072-52bd01b8c26fJob ID 83118
01-25 18:55:01.904  5698  5742 I WM-GreedyScheduler: Ignoring schedule request in a secondary process
01-25 18:55:01.904  5698  5742 I bphg    : Chime Filter is invoked.
01-25 18:55:01.906  5698  5777 I bphg    : Notification was not filtered.
01-25 18:55:01.908  5698  5777 E GnpSdk  : (REDACTED) Payload contains insufficient data to display the notification. Account ID [%s], ThreadId [%s].
01-25 18:55:01.908  5698  5777 I dqtl    : (REDACTED) Calling GCM listener for %s
01-25 18:55:01.910  5698  5733 D WM-Processor: Processor cancelling d5ae0f73-4f1d-4e66-9072-52bd01b8c26f
01-25 18:55:01.910  5698  5733 D WM-Processor: WorkerWrapper could not be found for d5ae0f73-4f1d-4e66-9072-52bd01b8c26f
01-25 18:55:01.912  5698  5733 I WM-GreedyScheduler: Ignoring schedule request in non-main process
01-25 18:55:01.914  5698  5733 I WM-GreedyScheduler: Ignoring schedule request in a secondary process
01-25 18:55:01.914  5698 27292 I GnpSdk  : Message handled by GNP Firebase handler.
01-25 18:55:01.914  2421  3814 D BackgroundInstallControlService: Package event received: 0
01-25 18:55:01.916  5698  5742 I blkh    : (REDACTED) onAmbient: hasImagesOnDisk: %b
01-25 18:55:01.916  5698  5740 I blkh    : (REDACTED) onAmbient: hasImagesOnDisk: %b
01-25 18:55:01.916  5698  5740 I bljs    : (REDACTED) current timestamp: %s
01-25 18:55:01.917  5698  5742 I bljs    : (REDACTED) current timestamp: %s
01-25 18:55:01.928  5698  5740 I blmh    : (REDACTED) Incoming BeaconContent Payload %s
01-25 18:55:01.928  5698  5742 I blmh    : (REDACTED) Incoming BeaconContent Payload %s
01-25 18:55:01.928  5698  5740 I blmh    : (REDACTED) Converted to AppSearch document %s
01-25 18:55:01.928  5698  5742 I blmh    : (REDACTED) Converted to AppSearch document %s
01-25 18:55:01.960  2421  8472 I AppSearchIcing: icing-search-engine.cc:2175: Persisting data to disk
01-25 18:55:01.963  5698  5742 I bljf    : (REDACTED) Total binder calls to clearcut: %d
01-25 18:55:01.963  5698  5740 I bljf    : (REDACTED) Total binder calls to clearcut: %d
01-25 18:55:01.974  2421  8472 I AppSearchIcing: icing-search-engine.cc:2191: PersistToDisk completed.
01-25 18:55:01.974  2421  8472 I AppSearchIcing: icing-search-engine.cc:2175: Persisting data to disk
01-25 18:55:01.977  2421  8472 I AppSearchIcing: icing-search-engine.cc:2191: PersistToDisk completed.
01-25 18:55:02.047  6765 20274 W MediaProvider: isAppCloneUserPair for user 0: false
01-25 18:55:02.053  2421  4636 D SyncManager: userId - 0 auto - true
01-25 18:55:02.056  6765  7253 W MediaProvider: isAppCloneUserPair for user 0: false
01-25 18:55:02.060  2421  4636 D SyncManager: userId - 0 auto - true
01-25 18:55:02.060  4963 13819 I UriTaskContentObserver: (REDACTED) Throttling content uri change event for %s
01-25 18:55:02.062  6765 18299 I MediaProvider: Deleted 1 0 0 0 0 0 0 items on external_primary due to com.whatsapp.w4b
01-25 18:55:02.062  2421  4636 D SyncManager: userId - 0 auto - true
01-25 18:55:02.063  4963 13819 I UriTaskContentObserver: (REDACTED) Throttling content uri change event for %s
01-25 18:55:02.067  7980 27276 I Kumiho-Kumiho: getPackageName: com.whatsapp.w4b
01-25 18:55:02.068  7980 27276 I Kumiho-Kumiho: getPackageName: com.whatsapp.w4b
01-25 18:55:02.102  7980  7996 I om.whatsapp.w4b: Background concurrent mark compact GC freed 80MB AllocSpace bytes, 10(416KB) LOS objects, 16% free, 240MB/288MB, paused 1.001ms,2.857ms total 2.689s
01-25 18:55:02.788  1751 25690 I sensors-hal: handle_sns_std_sensor_event:90, light_cct: ts = 14074575984149 ns; value = [0, 0, 80, 75, 0, 13, 0, 0, 192, 0]
01-25 18:55:02.813  2421  2984 D BatteryExternalStatsWorker: update stats : procstate-change (10)
01-25 18:55:02.817  2421  2984 D BatteryExternalStatsWorker: Fetch WiFi data
01-25 18:55:02.818  2421  2984 D BatteryExternalStatsWorker: Update Rail Energy data
01-25 18:55:02.826  2421  3696 E WifiStaIfaceAidlImpl: getCachedScanData failed with service-specific exception: android.os.ServiceSpecificException:  (code 4)
01-25 18:55:02.827  2421  2984 D BatteryExternalStatsWorker: mStats lock released
01-25 18:55:02.829  2421  2984 D BatteryExternalStatsWorker: Update wifi state
01-25 18:55:02.829  2421  2984 D BatteryExternalStatsWorker: done updateExternalStatsLocked
01-25 18:55:02.857  1868  1918 E HeatmapThread: ECT Thread time in milliseconds: 1769363702
01-25 18:55:02.859  1868  1918 D HeatmapThread: !@ batteryplugType : 2
01-25 18:55:02.859  1868  1918 D HeatmapThread: !@ batteryLevel : 51  batteryTemperature : 387 
01-25 18:55:02.859  1868  1918 D HeatmapThread: !@ Heatmap currtime: 29489395
01-25 18:55:02.859  1868  1918 D HeatmapThread: !@ Heatmap prevtime: 29489370
01-25 18:55:02.859  1868  1918 D HeatmapThread: !@ Heatmap plugstarttime: 29489360
01-25 18:55:02.859  1868  1918 D HeatmapThread: !@ Heatmap prevv_dsoh_update_time: 29489322
01-25 18:55:02.859  1868  1918 E HeatmapThread: !@ CAM New BSOH: 100
01-25 18:55:02.883  2421  3599 D ActivityManager: freezing 26480 com.samsung.android.smartface
01-25 18:55:03.002  2421  4636 I ActivityManager: Changes in 10375 6 to 10, 128 to 0
01-25 18:55:03.004  2421  3814 D BackgroundInstallControlService: Package event received: 0
01-25 18:55:03.004  2421  3814 D BackgroundInstallControlService: Package event received: 0
01-25 18:55:03.004  2421  4636 I ActivityManager: Changes in 10375 10 to 6, 0 to 128
01-25 18:55:03.004  2421  3814 D BackgroundInstallControlService: Package event received: 0
01-25 18:55:03.004  2421  3814 D BackgroundInstallControlService: Package event received: 0
01-25 18:55:03.011  1888  2098 I VSyncReactor: Current= 120, Period= 120, Distance= 1
01-25 18:55:03.019  1888  2098 I VSyncReactor: Current= 120, Period= 120, Distance= 120
01-25 18:55:03.140  1069  1069 D io_stats: !@   8,0 r 71682341 380418752 w 1458864 16406168 d 296128 8035088 f 15642 41385 iot 5991416 0 th 0 0 0 pt 0 inp 0 0 11229.751
01-25 18:55:03.141  1069  1069 D io_stats: !@ Read_top(KB): om.whatsapp.w4b:low(7980) 43720 chbox:googleapp:low(5698) 27892 chbox:googleapp:high(5698) 6060
01-25 18:55:03.141  1069  1069 D io_stats: !@ Write_top(KB): kworker/u17:3:/(25552) 7396 kworker/7:1:/(25643) 1248 f2fs_ckpt-254:6:/(1311) 764
01-25 18:55:03.141  1069  1069 D io_stats: !@ fuse-log: WORST (10347 1 10 7 8) (10347 35 13 2 7) (10347 10 2 1 2) TOTAL_LATENCY (10347 25 35 13 2 1 10 7 10 2 1) (0 0 18 0 5) TOTAL_CNT (10347 39 34 8 1 7 25 5) (0 5 18 5) 
01-25 18:55:03.286  2421  3696 E WifiStaIfaceAidlImpl: getCachedScanData failed with service-specific exception: android.os.ServiceSpecificException:  (code 4)
01-25 18:55:03.288  2421  5916 D SemWifiUsabilityStatsMonitor: onWifiUsabilityStats - seqNum 1959, isSameBssidAndFreq true
01-25 18:55:03.289  2421  3848 I SemWifiLinkQualityMonitor: Link stat: 1932 / 82 / 1.32 (58) / 433 / -57.0 || 100.0 : 433.00 / 0.5 : 0.76 / 0.55 : 0.04 / G (G) || c3777de25745: 0.094 / 85.409 / N || N N / 0 0 / N 2.0 / N X 0 / 11229898 0 || 2026-01-25 18:55:02  / 0: 0 0 0 0 0 0 / 0: 0 0 0 0 0 0 / 0: 0 0 0 0 0 0
01-25 18:55:03.289  2421  3849 D InsDataManager: onOutageCountUpdate() - Outage Data: 0, LQ : N. Outage Triggered: false
01-25 18:55:03.289  2421  3849 D SemInsManager: {"bssid": "c3777de25745","rssi": -57.0,"latency": 0.09366710192871855,"outage_count": 0,"lq_callback_triggered": false,"outage_log": "Link stat: 1932 / 82 / 1.32 (58) / 433 / -57.0 || 100.0 : 433.00 / 0.5 : 0.76 / 0.55 : 0.04 / G (G) || c3777de25745: 0.094 / 85.409 / N || N N / 0 0 / N 2.0 / N X 0 / 11229898 0 || 2026-01-25 18:55:02  / 0: 0 0 0 0 0 0 / 0: 0 0 0 0 0 0 / 0: 0 0 0 0 0 0""Magnetic Sensor Events size": "0""Pressure Sensor Events size": "0"}
01-25 18:55:03.292  2421  3866 D SGM:GameManager: identifyGamePackage. com.sec.android.app.launcher, mCurrentUserId: 0, callingMethodInfo: com.samsung.android.game.SemGameManager.isGamePackage(SemGameManager.java:106)
01-25 18:55:03.292  2421  3866 D SGM:SemGameManager: isGamePackage(), pkgName=com.sec.android.app.launcher, ret=false
01-25 18:55:03.373  2421  2967 I ActivityManager: Changes in 10053 3 to 15, 144 to 0
01-25 18:55:03.374  5776  5793 V OsAgent : broadcastSystemEvent - 7
01-25 18:55:03.374  2421  2967 I ActivityManager: Changes in 15010053 3 to 15, 144 to 0
01-25 18:55:03.374  5776  5793 V OsAgent : broadcastSystemEvent - 7
