01-25 19:07:38.239  1785  6712 I Unihal  : BaseFilter.cpp: Destroy: 62: [FUNC_UNIVERSAL_SCALER_SUB,0xb400007e443f2530] Destroying.
01-25 19:07:38.239  1785  6712 I Unihal  : scaler_sw.cpp: DeinitFunctionProcess: 248: SW Scaler DeinitFunctionProcess
01-25 19:07:38.240  1785  6712 I Unihal  : ScenarioPipeline.cpp: AsyncBaseFilterDestroy: 291: FUNC_UNIVERSAL_SCALER_SUB: X
01-25 19:07:38.240  1785  6711 I Unihal  : ScenarioPipeline.cpp: AsyncBaseFilterDestroy: 291: FUNC_UNIVERSAL_SCALER_SUB_1: X
01-25 19:07:38.240  1785  6680 I Unihal  : AsyncTask.cpp: Finish: 80: Succeeded to finish pthread : name=FUNC_UNIVERSAL_SCALER_SUB_1
01-25 19:07:38.240  1785  6680 I Unihal  : AsyncTask.cpp: Finish: 80: Succeeded to finish pthread : name=FUNC_UNIVERSAL_SCALER_SUB
01-25 19:07:38.271  1785  6597 E ChiX    : [ERROR][F2Core ] chifeature2base.cpp:6668 AsyncDestroyCb() Start Session destroy feature RealTimeMCX session RealTime MCX Session
01-25 19:07:38.271  1785  6597 E CamX    : [ERROR][CORE   ] camxpipeline.cpp:235 Destroy() RealtimeDefault0_0: Updated m_referenceCount=1
01-25 19:07:38.272  1785  6597 E ChiX    : [ERROR][F2Core ] chifeature2base.cpp:6688 AsyncDestroyCb() Start Pipeline destroy, feature RealTimeMCX pipeline RealtimeDefault
01-25 19:07:38.272  1785  6597 E CamX    : [ERROR][CORE   ] camxpipeline.cpp:235 Destroy() RealtimeDefault0_0: Updated m_referenceCount=0
01-25 19:07:38.272  1785  4554 E CamX    : [ERROR][CORE   ] camxpipeline.cpp:4967 NodeDestroy() Destroying node: RealtimeDefault0_Sensor0_cam5
01-25 19:07:38.272  1785  4554 E CamX    : [ERROR][SENSOR ] camxsensorcache.cpp:261 ReleaseOneSubDevice() Device[5][Actuator] refCount:3 hDev:0x730102 hCSLCached:0xe00200 isAcquired:1 pipelineRefCount:1
01-25 19:07:38.272  1785  4554 E CamX    : [ERROR][SENSOR ] camxsensorcache.cpp:269 ReleaseOneSubDevice() [SUBDEV_DBG]Camera[5] IsAcquired[1] PipelineRefcount[1] hDevice[0x730102]
01-25 19:07:38.272  1785  4554 E CamX    : [ERROR][CSL    ] camxcslhw.cpp:1474 CSLReleaseDeviceHW() [SUBDEV_DBG] hCSL[0xe00200] hDevice[0x730102] hSession[0xe00200]
01-25 19:07:38.272  1785  4549 E CamX    : [ERROR][CORE   ] camxpipeline.cpp:4967 NodeDestroy() Destroying node: RealtimeDefault0_Stats0_cam5
01-25 19:07:38.272  1785  4555 E CamX    : [ERROR][CORE   ] camxpipeline.cpp:4967 NodeDestroy() Destroying node: RealtimeDefault0_AWB0_cam5
01-25 19:07:38.272  1785  4554 E CamX    : [ERROR][CSL    ] camxcslhw.cpp:1501 CSLReleaseDeviceHW() [SUBDEV_DBG] hDevice[0x730102] hAcquired[0x730102] hSession[0xe00200]                                     devName[] deviceIdx[23] deviceType[2] refCount[0] isStreamActive[0] session_name[FastAECRealtime]
01-25 19:07:38.272  1785  4546 E CamX    : [ERROR][CORE   ] camxpipeline.cpp:4967 NodeDestroy() Destroying node: RealtimeDefault0_Tracker0_cam5
01-25 19:07:38.272  1785  4549 W 3A_PLTFM: AndroidSensorDataRequest: deInit: 294: E, sensorEnableBit:59, handle:0xb400007dc3a43bd0
01-25 19:07:38.273  1785  4555 I SS_3A   :  INFO: AWB: TsAwbDestroy: 507: overrideCameraClose in AWBDestroy 61
01-25 19:07:38.273  1785  4553 E CamX    : [ERROR][CORE   ] camxpipeline.cpp:4967 NodeDestroy() Destroying node: RealtimeDefault0_SALINet0_cam5
01-25 19:07:38.273  1785  4555 I SS_3A   :  INFO: AWB: TsAwbDestroy: 513: cameraId in AWBDestroy 5
01-25 19:07:38.273  1785  4555 I SS_3A   :  INFO: AWB: TsAwbDestroy: 535: TsAwbDestroy (refcnt:1 cameraId 5 overrideCameraClose 1 lensFacing 0 pAWBSingletonWrapper->pAWB 0xb400007e139adfb0
01-25 19:07:38.273  1785  4555 I SS_3A   :  INFO: AWB: TsAwbDestroy: 543: Destroy AWBAlgorithm, pAWB 0xb400007e139adfb0
01-25 19:07:38.273  1785  4552 E CamX    : [ERROR][CORE   ] camxpipeline.cpp:4967 NodeDestroy() Destroying node: RealtimeDefault0_com.qti.node.evawarp10_cam5
01-25 19:07:38.273  1785  4548 E CamX    : [ERROR][CORE   ] camxpipeline.cpp:4967 NodeDestroy() Destroying node: RealtimeDefault0_com.qti.node.fd8_cam5
01-25 19:07:38.273  1785  4545 E CamX    : [ERROR][CORE   ] camxpipeline.cpp:4967 NodeDestroy() Destroying node: RealtimeDefault0_AutoFocus0_cam5
01-25 19:07:38.273  1785  4547 E CamX    : [ERROR][CORE   ] camxpipeline.cpp:4967 NodeDestroy() Destroying node: RealtimeDefault0_MCTFE0_cam5
01-25 19:07:38.273  1785  4553 E CamX    : [ERROR][CORE   ] camxpipeline.cpp:4967 NodeDestroy() Destroying node: RealtimeDefault0_StatsParse0_cam5
01-25 19:07:38.273  1785  4549 I SensorListener: disableSensor : numSensors=43/43, sen_list = 0xb400007dd39f41d0/0xb400007dd39f41d0
01-25 19:07:38.273  1785  4547 E CamX    : [ERROR][CSL    ] camxcslhw.cpp:1474 CSLReleaseDeviceHW() [SUBDEV_DBG] hCSL[0xe00200] hDevice[0xb70107] hSession[0xe00200]
01-25 19:07:38.273  1785  4545 I SS_3A   :  INFO:  AF: PDLibDestroy: 1537: [PD_cpu]PDLibDestroy 0xb400007e63c87370
01-25 19:07:38.273  1785  4545 I SS_3A   :  INFO:  AF: PDLibDestroy: 1576: pCameraInfo->cameraid in AFDestroy 5
01-25 19:07:38.273  1785  4545 I SS_3A   :  INFO:  AF: PDLibDestroy: 1582: PDLibDestroyParamTypeNodeDisable 1
01-25 19:07:38.273  1785  4545 I SS_3A   :  INFO:  AF: PDLibDestroy: 1610: overrideCameraClose in overrideCameraClose 0, pPDAFSingleton(0xb400007e63c87370) referenceCount 0
01-25 19:07:38.273  1785  4545 I SS_3A   :  INFO:  AF: PDLibDestroy: 1614: StaticAF pPDAF in destroy is 0xb400007e63c87370
01-25 19:07:38.273  1785  4545 I SS_3A   :  INFO:  AF: PDAf_deinit: 1476: [PD_cpu]TsAf_wrap: 0xb400007be7123e10, E
01-25 19:07:38.273  1785  4545 I SS_3A   : 
01-25 19:07:38.273  2421  4222 E SensorService: BigData:Pakage) 4 already disabled. 
01-25 19:07:38.273  1785  4553 E CamX    : [ERROR][CORE   ] camxpipeline.cpp:4967 NodeDestroy() Destroying node: RealtimeDefault0_StatsParse1_cam5
01-25 19:07:38.274  1751  1751 I sensors-hal: activate:305, android.sensor.gyroscope/41 en=0
01-25 19:07:38.274  1751  1751 I sensors-hal: send_sync_sensor_request:515, send sync request
01-25 19:07:38.274  1751  1751 I sensors-hal: send_sync_sensor_request:544, wait for notification of response
01-25 19:07:38.275  1785  4545 E CamX    : [ERROR][STATS_AF] pdlib_adaptive_k.cpp:1941 Save() Failed to open the adaptive k data file
01-25 19:07:38.275  1785  4545 I 3A_PLTFM: SolutionInterfaceAF_funcs: getAfParamsOnDestroy: 201: overrideCameraClose in AFDestroy 61
01-25 19:07:38.275  1785  4545 I 3A_PLTFM: SolutionInterfaceAF_funcs: getAfParamsOnDestroy: 207: cameraid in AFDestroy 5
01-25 19:07:38.275  1751  6564 I sensors-hal: qsh_conn_resp_cb:972, resp_value = 0 for sensor_temperature 
01-25 19:07:38.275  1785  4545 I 3A_PLTFM: SolutionInterfaceAF: Sec3APlatformAFDestroy: 150: g_pWrapperData refCnt to be : 0, cameraId : 5, pAFAlgorithm : 0xb400007d23d41f10
01-25 19:07:38.275  1785  4545 I 3A_PLTFM: SolutionInterfaceAF_funcs: isCameraClosing: 754: isCameraClosing 1 ( overrideCameraClose 61, cameraId 5)
01-25 19:07:38.275  1785  4545 I SS_3A   :  INFO:  AF: TsAFDestroy: 178: wrapper.refcnt:0
01-25 19:07:38.275  1785  4545 I SS_3A   :  INFO:  AF: TsAf_Range_sensor_deinit: 3868: [TsAf_Range] Stop Range Sensor Thread. 
01-25 19:07:38.275  1785  4545 I SS_3A   :  INFO:  AF: TsAf_deinit: 3690: TsAf_wrap: 0xb400007bdf8616b0, E
01-25 19:07:38.275  1785  4545 I SS_3A   :  INFO:  AF: TsAf_deinit: 3721: TsAf_deinit i =4 OpenCamera 1 TsAf 0xb400007bdf9ff6d0 lens_type_for_lib 4 last pos 2169
01-25 19:07:38.275  1751  1751 I sensors-hal: send_sync_sensor_request:550, takes 1 ms to receive the response with 0
01-25 19:07:38.275  1751  1751 I sensors-hal: register_cb:326, update callbacks with new one
01-25 19:07:38.275  1751  1751 I sensors-hal: send_req:263, sent request to gyro_cal (low=10025908976994887838high=13187306796670928542), reqeuest_count = 1
01-25 19:07:38.275  1751  1751 I sensors-hal: deactivate:195, sent disable request. wait for response for it
01-25 19:07:38.275  1785  4545 E AF_DEBUG: ProcessPafEndModule(170) : [cam_id_4] Memory for PAF Main Window Free OK!
01-25 19:07:38.275  1751  1751 I sensors-hal: operator():198, resp_received = 0 in wait_for
01-25 19:07:38.275  1785  4545 I SS_3A   :  INFO:  AF: TsAf_free_memory: 3398: TsAf_free_memory: E
01-25 19:07:38.275  1785  4545 I SS_3A   :  INFO:  AF: unloadAfLibrary: 194:  E 
01-25 19:07:38.276  1751  6564 I sensors-hal: handle_resp_cb:269, resp_value = 0 for gyro_cal before acuiring the lock, pending request = 1
01-25 19:07:38.276  1751  1751 I sensors-hal: operator():198, resp_received = 1 in wait_for
01-25 19:07:38.276  1751  1751 E sensors-hal: register_cb:315, all callbacks are null for new suid. no need to register it
01-25 19:07:38.276  1751  1751 I sensors-hal: send_sync_sensor_request:515, send sync request
01-25 19:07:38.276  1751  1751 I sensors-hal: send_sync_sensor_request:544, wait for notification of response
01-25 19:07:38.276  1751  6564 I sensors-hal: qsh_conn_resp_cb:972, resp_value = 0 for gyro 
01-25 19:07:38.276  1751  1751 I sensors-hal: send_sync_sensor_request:550, takes 0 ms to receive the response with 0
01-25 19:07:38.276  1785  4545 I SS_3A   :  INFO:  AF: TsAf_deinit: 3731:  X
01-25 19:07:38.276  1785  4545 I SS_3A   : 
01-25 19:07:38.276  1785  4545 I SS_3A   :  INFO:  AF: TsAFDestroy: 188: Exit
01-25 19:07:38.276  1785  4545 I 3A_PLTFM: SolutionInterfaceAF: Sec3APlatformAFDestroy: 161: g_pWrapperData will be deleted
01-25 19:07:38.276  1785  4545 I SS_3A   :  INFO:  AF: ~_TsAf_wrapper_struct_t: 457: delete pCAFLogicalDriver
01-25 19:07:38.276  1785  6648 I CV      : File: vendor/qcom/proprietary/cv-noship/eva/4.0/src/cpu/evaSessionStartStop.cpp Line: 411 Function: async_worker() Msg: Current state 0 - outstanding buffer 0
01-25 19:07:38.277  1751  1751 I sensors-hal: ~qsh_qmi:61, ~qsh_qmi
01-25 19:07:38.277  1725  1830 E minksocket: MinkIPC ERROR: ( 1725:1830 ) MinkIPC_preProcess:272 Client down, but cannot find corresponding minksession
01-25 19:07:38.277  1751  1751 I sensors-hal: activate:335, android.sensor.gyroscope/41 en=0 completed
01-25 19:07:38.277  1725  1838 E minksocket: MinkIPC ERROR: ( 1725:1838 ) MinkIPC_preProcess:272 Client down, but cannot find corresponding minksession
01-25 19:07:38.277  1785  4549 I SensorListener: disableSensor : numSensors=43/43, sen_list = 0xb400007dd39f41d0/0xb400007dd39f41d0
01-25 19:07:38.277  1785  4545 I 3A_PLTFM: SolutionInterfaceAF: Sec3APlatformAFDestroy: 176: g_pWrapperData : 0x0
01-25 19:07:38.277  2421  4222 E SensorService: BigData:Pakage) 1 already disabled. 
01-25 19:07:38.277  1751  1751 I sensors-hal: set_config:60, sample_period_ns is adjusted to 20000000 based on min/max delay_ns
01-25 19:07:38.278  1751  1751 I sensors-hal: send_sensor_config_request:582, resampler is used, set resampler config
01-25 19:07:38.278  1751  1751 I sensors-hal: send_sensor_config_request:605, dt=accel, asked batch_period_us : 2147483647 adjusted_us : 200000000
01-25 19:07:38.278  1751  1751 I sensors-hal: send_sync_sensor_request:515, send sync request
01-25 19:07:38.278  1751  1751 I sensors-hal: send_sync_sensor_request:544, wait for notification of response
01-25 19:07:38.279  1751  1673 I sensors-hal: qsh_conn_resp_cb:972, resp_value = 0 for accel 
01-25 19:07:38.279  1751  1751 I sensors-hal: send_sync_sensor_request:550, takes 0 ms to receive the response with 0
01-25 19:07:38.279  1751  1751 I sensors-hal: batch:368, android.sensor.accelerometer/11, period=20000000, max_latency=2147483647000 request completed
01-25 19:07:38.280  1785  4549 I SensorListener: disableSensor : numSensors=43/43, sen_list = 0xb400007dd39f41d0/0xb400007dd39f41d0
01-25 19:07:38.280  1751  1751 D SensorsFlicker: Als_common::enable, handle : 1, mode : 1, en : 0
01-25 19:07:38.280  1751  6713 D SensorsFlicker: Als_common::sendCommand, send disable command
01-25 19:07:38.280  1785  4549 I SensorListener: disableSensor : numSensors=43/43, sen_list = 0xb400007dd39f41d0/0xb400007dd39f41d0
01-25 19:07:38.280  1785  4554 E CamX    : [ERROR][SENSOR ] camxsensorcache.cpp:309 ReleaseOneSubDevice() [SUBDEV_DBG]CSLReleased CameraId= 5 hCSLSession= 0xe00200 refCount= 2Subdevice: Actuator hDevice= 0x730102 pipelineRefCount= 0
01-25 19:07:38.280  1785  4547 E CamX    : [ERROR][CSL    ] camxcslhw.cpp:1501 CSLReleaseDeviceHW() [SUBDEV_DBG] hDevice[0xb70107] hAcquired[0xb70107] hSession[0xe00200]                                     devName[] deviceIdx[0] deviceType[23] refCount[0] isStreamActive[0] session_name[FastAECRealtime]
01-25 19:07:38.280  1785  4554 E CamX    : [ERROR][SENSOR ] camxsensorcache.cpp:261 ReleaseOneSubDevice() Device[5][CSIPHY] refCount:2 hDev:0xfc0103 hCSLCached:0xe00200 isAcquired:1 pipelineRefCount:1
01-25 19:07:38.280  1785  4554 E CamX    : [ERROR][SENSOR ] camxsensorcache.cpp:269 ReleaseOneSubDevice() [SUBDEV_DBG]Camera[5] IsAcquired[1] PipelineRefcount[1] hDevice[0xfc0103]
01-25 19:07:38.280  1785  4554 E CamX    : [ERROR][CSL    ] camxcslhw.cpp:1474 CSLReleaseDeviceHW() [SUBDEV_DBG] hCSL[0xe00200] hDevice[0xfc0103] hSession[0xe00200]
01-25 19:07:38.280  1785  4554 E CamX    : [ERROR][CSL    ] camxcslhw.cpp:1501 CSLReleaseDeviceHW() [SUBDEV_DBG] hDevice[0xfc0103] hAcquired[0xfc0103] hSession[0xe00200]                                     devName[] deviceIdx[5] deviceType[5] refCount[0] isStreamActive[0] session_name[FastAECRealtime]
01-25 19:07:38.280  1785  4554 E CamX    : [ERROR][SENSOR ] camxsensorcache.cpp:309 ReleaseOneSubDevice() [SUBDEV_DBG]CSLReleased CameraId= 5 hCSLSession= 0xe00200 refCount= 1Subdevice: CSIPHY hDevice= 0xfc0103 pipelineRefCount= 0
01-25 19:07:38.280  1785  4554 E CamX    : [ERROR][SENSOR ] camxsensorcache.cpp:261 ReleaseOneSubDevice() Device[5][Sensor] refCount:1 hDev:0x5d0101 hCSLCached:0xe00200 isAcquired:1 pipelineRefCount:1
01-25 19:07:38.280  1785  4554 E CamX    : [ERROR][SENSOR ] camxsensorcache.cpp:269 ReleaseOneSubDevice() [SUBDEV_DBG]Camera[5] IsAcquired[1] PipelineRefcount[1] hDevice[0x5d0101]
01-25 19:07:38.280  1785  4554 E CamX    : [ERROR][CSL    ] camxcslhw.cpp:1474 CSLReleaseDeviceHW() [SUBDEV_DBG] hCSL[0xe00200] hDevice[0x5d0101] hSession[0xe00200]
01-25 19:07:38.280  1785  4554 E CamX    : [ERROR][CSL    ] camxcslhw.cpp:1501 CSLReleaseDeviceHW() [SUBDEV_DBG] hDevice[0x5d0101] hAcquired[0x5d0101] hSession[0xe00200]                                     devName[] deviceIdx[35] deviceType[1] refCount[0] isStreamActive[0] session_name[FastAECRealtime]
01-25 19:07:38.281  1751  1751 I sensors-hal: activate:305, com.samsung.sensor.light_ir/1421 en=0
01-25 19:07:38.281  1751  1751 I sensors-hal: deactivate:62, light_ir: Deactivate!
01-25 19:07:38.281  1751  1751 I sensors-hal: send_sync_sensor_request:515, send sync request
01-25 19:07:38.281  1820  1820 I SSC_DAEMON: handleSensorTestReqMsg:88, Sensor type :4, Msg type:10
01-25 19:07:38.281  1751  1751 I sensors-hal: send_sync_sensor_request:544, wait for notification of response
01-25 19:07:38.281  1751  6548 I sensors-hal: qsh_conn_resp_cb:972, resp_value = 0 for light_cct 
01-25 19:07:38.281  1751  1751 I sensors-hal: send_sync_sensor_request:550, takes 0 ms to receive the response with 0
01-25 19:07:38.282  1751  1751 I sensors-hal: ~qsh_qmi:61, ~qsh_qmi
01-25 19:07:38.282  1751  1751 I sensors-hal: activate:335, com.samsung.sensor.light_ir/1421 en=0 completed
01-25 19:07:38.282  1725  1830 E minksocket: MinkIPC ERROR: ( 1725:1830 ) MinkIPC_preProcess:272 Client down, but cannot find corresponding minksession
01-25 19:07:38.282  1725  1838 E minksocket: MinkIPC ERROR: ( 1725:1838 ) MinkIPC_preProcess:272 Client down, but cannot find corresponding minksession
01-25 19:07:38.282  1785  4549 I SensorListener: disableSensor : numSensors=43/43, sen_list = 0xb400007dd39f41d0/0xb400007dd39f41d0
01-25 19:07:38.282  1751  1751 I sensors-hal: set_config:64, no need to adjust sample_period_ns due to reporting_mode = 2
01-25 19:07:38.282  1820  4180 I SSC_DAEMON: light_event_log:214, light_msg(4/10): 0,0,0,0,0,0
01-25 19:07:38.282  1751  1751 I sensors-hal: batch:368, android.sensor.device_orientation/271, period=20000000, max_latency=0 request completed
01-25 19:07:38.283  1785  4549 W 3A_PLTFM: AndroidSensorDataRequest: deInit: 348: sensorEnableBit:0, handle:0xb400007dc3a43bd0
01-25 19:07:38.283  1785  4549 W RefBase : RefBase: Explicit destruction, weak count = 0 (in 0xb400007dc3a43bd0). Use sp<> to manage this object.
01-25 19:07:38.283  1785  4549 W RefBase : CallStack::getCurrentInternal not linked, returning null
01-25 19:07:38.283  1785  4549 W RefBase : CallStack::logStackInternal not linked
01-25 19:07:38.283  1785  4549 W 3A_PLTFM: AndroidSensorDataRequest: deInit: 358: sensor unload handle:0x0
01-25 19:07:38.283  1785  4549 W 3A_PLTFM: AndroidSensorDataRequest: deInit: 366: X
01-25 19:07:38.283  1785  4549 I SS_3A   :  INFO: AEC: TsAECDestroy: 519: overrideCameraClose in AECDestroy Camera close mask 61 
01-25 19:07:38.283  1785  4549 I SS_3A   :  INFO: AEC: TsAECDestroy: 525: pCameraInfo->cameraid in AECDestroy 5
01-25 19:07:38.283  1785  4549 I SS_3A   :  INFO: AEC: TsAECDestroy: 562: TsAECDestroy (refcnt:1 cameraId 5 isNeedDestroy 1(oCO:0,cCIC:1,iFS:0) lensFacing 0 pAECAlgorithm 0xb400007e139bd850 pAECSingleton 0xb400007e139bd850
01-25 19:07:38.283  1785  4549 I SS_3A   :  INFO: AEC: TsAECDestroy: 575: [0]pAECSingleton destroy is 0xb400007e139bd850 0xb400007e139bd850
01-25 19:07:38.283  1785  4549 I SS_3A   :  INFO: AEC: TsAecFront_unload_lib: 145: TsAec_libptr=0x81cde55a605de107
01-25 19:07:38.284  1785  4549 I 3A_PLTFM: Sec3APlatformUtil: clearHandle: 70: Clearing handles' map, [Size : 4]
01-25 19:07:38.286  1785  4549 I vendor.samsung.hardware.camera.provider-service_64: vendor/qcom/proprietary/adsprpc/src/fastrpc_pm.c:211: fastrpc_wake_lock_deinit done
01-25 19:07:38.287  1785  4549 I vendor.samsung.hardware.camera.provider-service_64: vendor/qcom/proprietary/adsprpc/src/fastrpc_apps_user.c:2385: update_kernel_wakelock_status: updated kernel wakelock control status to 0 for domain 0
01-25 19:07:38.287  1785  4549 I vendor.samsung.hardware.camera.provider-service_64: vendor/qcom/proprietary/adsprpc/src/fastrpc_apps_user.c:2412: wakelock_control: disable wakelock control for domain 0
01-25 19:07:38.292  1785  4554 E CamX    : [ERROR][SENSOR ] camxsensorcache.cpp:309 ReleaseOneSubDevice() [SUBDEV_DBG]CSLReleased CameraId= 5 hCSLSession= 0xe00200 refCount= 0Subdevice: Sensor hDevice= 0x5d0101 pipelineRefCount= 0
01-25 19:07:38.292  1785  4554 E CamX    : [ERROR][SENSOR ] camxsensorcache.cpp:336 ReleaseOneSubDevice() [SUBDEV_DBG]CameraId= 5, Closing hCSLSession= 0x7c00e00200
01-25 19:07:38.309  1785  1859 I CHI     : [SS_LOW ]: [CHI         ]: chxsecperf.cpp: ReleasePerfLock: 1334:  2 [COMMON] Released
01-25 19:07:38.310  1785  1859 I CHI     : [SS_LOW ]: [CHI         ]: chxsecperf.cpp: ReleasePerfLock: 1334: 43 [VT_CALL] Released
01-25 19:07:38.310  1785  1859 E CamX    : [ERROR][SENSOR ] camxsensorcache.cpp:436 ReleaseAllCache() [SUBDEV_DBG]Camera[0] ReleaseAllCache:hCSLSession0[0x0] hCSLSession1[0x0]refcount[0]<subdeviceSensor: isAcquired[0] deviceIndex[0] hDevice[0x0]  pipelineRefCount[0]><subdeviceCSIPHY: isAcquired[0] deviceIndex[0] hDevice[0x0]  pipelineRefCount[0]><subdeviceOIS: isAcquired[0] deviceIndex[0] hDevice[0x0]  pipelineRefCount[0]><subdeviceActuator: isAcquired[0] deviceIndex[0] hDevice[0x0]  pipelineRefCount[0]><subdeviceFlash: isAcquired[0] deviceIndex[0] hDevice[0x0]  pipelineRefCount[0]><subdeviceTPG: isAcquired[0] deviceIndex[0] hDevice[0x0]  pipelineRefCount[0]>
01-25 19:07:38.310  1785  1859 E CamX    : [ERROR][SENSOR ] camxsensorcache.cpp:436 ReleaseAllCache() [SUBDEV_DBG]Camera[1] ReleaseAllCache:hCSLSession0[0x0] hCSLSession1[0x0]refcount[0]<subdeviceSensor: isAcquired[0] deviceIndex[0] hDevice[0x0]  pipelineRefCount[0]><subdeviceCSIPHY: isAcquired[0] deviceIndex[0] hDevice[0x0]  pipelineRefCount[0]><subdeviceOIS: isAcquired[0] deviceIndex[0] hDevice[0x0]  pipelineRefCount[0]><subdeviceActuator: isAcquired[0] deviceIndex[0] hDevice[0x0]  pipelineRefCount[0]><subdeviceFlash: isAcquired[0] deviceIndex[0] hDevice[0x0]  pipelineRefCount[0]><subdeviceTPG: isAcquired[0] deviceIndex[0] hDevice[0x0]  pipelineRefCount[0]>
01-25 19:07:38.310  1785  1859 E CamX    : [ERROR][SENSOR ] camxsensorcache.cpp:436 ReleaseAllCache() [SUBDEV_DBG]Camera[2] ReleaseAllCache:hCSLSession0[0x0] hCSLSession1[0x0]refcount[0]<subdeviceSensor: isAcquired[0] deviceIndex[0] hDevice[0x0]  pipelineRefCount[0]><subdeviceCSIPHY: isAcquired[0] deviceIndex[0] hDevice[0x0]  pipelineRefCount[0]><subdeviceOIS: isAcquired[0] deviceIndex[0] hDevice[0x0]  pipelineRefCount[0]><subdeviceActuator: isAcquired[0] deviceIndex[0] hDevice[0x0]  pipelineRefCount[0]><subdeviceFlash: isAcquired[0] deviceIndex[0] hDevice[0x0]  pipelineRefCount[0]><subdeviceTPG: isAcquired[0] deviceIndex[0] hDevice[0x0]  pipelineRefCount[0]>
01-25 19:07:38.310  1785  1859 E CamX    : [ERROR][SENSOR ] camxsensorcache.cpp:436 ReleaseAllCache() [SUBDEV_DBG]Camera[3] ReleaseAllCache:hCSLSession0[0x0] hCSLSession1[0x0]refcount[0]<subdeviceSensor: isAcquired[0] deviceIndex[0] hDevice[0x0]  pipelineRefCount[0]><subdeviceCSIPHY: isAcquired[0] deviceIndex[0] hDevice[0x0]  pipelineRefCount[0]><subdeviceOIS: isAcquired[0] deviceIndex[0] hDevice[0x0]  pipelineRefCount[0]><subdeviceActuator: isAcquired[0] deviceIndex[0] hDevice[0x0]  pipelineRefCount[0]><subdeviceFlash: isAcquired[0] deviceIndex[0] hDevice[0x0]  pipelineRefCount[0]><subdeviceTPG: isAcquired[0] deviceIndex[0] hDevice[0x0]  pipelineRefCount[0]>
01-25 19:07:38.310  1785  1859 E CamX    : [ERROR][SENSOR ] camxsensorcache.cpp:436 ReleaseAllCache() [SUBDEV_DBG]Camera[4] ReleaseAllCache:hCSLSession0[0x0] hCSLSession1[0x0]refcount[0]<subdeviceSensor: isAcquired[0] deviceIndex[0] hDevice[0x0]  pipelineRefCount[0]><subdeviceCSIPHY: isAcquired[0] deviceIndex[0] hDevice[0x0]  pipelineRefCount[0]><subdeviceOIS: isAcquired[0] deviceIndex[0] hDevice[0x0]  pipelineRefCount[0]><subdeviceActuator: isAcquired[0] deviceIndex[0] hDevice[0x0]  pipelineRefCount[0]><subdeviceFlash: isAcquired[0] deviceIndex[0] hDevice[0x0]  pipelineRefCount[0]><subdeviceTPG: isAcquired[0] deviceIndex[0] hDevice[0x0]  pipelineRefCount[0]>
01-25 19:07:38.310  1785  1859 E CamX    : [ERROR][SENSOR ] camxsensorcache.cpp:436 ReleaseAllCache() [SUBDEV_DBG]Camera[5] ReleaseAllCache:hCSLSession0[0xe00200] hCSLSession1[0x0]refcount[0]<subdeviceSensor: isAcquired[0] deviceIndex[35] hDevice[0x5d0101]  pipelineRefCount[0]><subdeviceCSIPHY: isAcquired[0] deviceIndex[5] hDevice[0xfc0103]  pipelineRefCount[0]><subdeviceOIS: isAcquired[0] deviceIndex[0] hDevice[0x0]  pipelineRefCount[0]><subdeviceActuator: isAcquired[0] deviceIndex[23] hDevice[0x730102]  pipelineRefCount[0]><subdeviceFlash: isAcquired[0] deviceIndex[0] hDevice[0x0]  pipelineRefCount[0]><subdeviceTPG: isAcquired[0] deviceIndex[0] hDevice[0x0]  pipelineRefCount[0]>
01-25 19:07:38.310  1785  1859 E CamX    : [ERROR][SENSOR ] camxsensorcache.cpp:436 ReleaseAllCache() [SUBDEV_DBG]Camera[6] ReleaseAllCache:hCSLSession0[0x0] hCSLSession1[0x0]refcount[0]<subdeviceSensor: isAcquired[0] deviceIndex[0] hDevice[0x0]  pipelineRefCount[0]><subdeviceCSIPHY: isAcquired[0] deviceIndex[0] hDevice[0x0]  pipelineRefCount[0]><subdeviceOIS: isAcquired[0] deviceIndex[0] hDevice[0x0]  pipelineRefCount[0]><subdeviceActuator: isAcquired[0] deviceIndex[0] hDevice[0x0]  pipelineRefCount[0]><subdeviceFlash: isAcquired[0] deviceIndex[0] hDevice[0x0]  pipelineRefCount[0]><subdeviceTPG: isAcquired[0] deviceIndex[0] hDevice[0x0]  pipelineRefCount[0]>
01-25 19:07:38.310  1785  1859 E CamX    : [ERROR][SENSOR ] camxsensorcache.cpp:436 ReleaseAllCache() [SUBDEV_DBG]Camera[7] ReleaseAllCache:hCSLSession0[0x0] hCSLSession1[0x0]refcount[0]<subdeviceSensor: isAcquired[0] deviceIndex[0] hDevice[0x0]  pipelineRefCount[0]><subdeviceCSIPHY: isAcquired[0] deviceIndex[0] hDevice[0x0]  pipelineRefCount[0]><subdeviceOIS: isAcquired[0] deviceIndex[0] hDevice[0x0]  pipelineRefCount[0]><subdeviceActuator: isAcquired[0] deviceIndex[0] hDevice[0x0]  pipelineRefCount[0]><subdeviceFlash: isAcquired[0] deviceIndex[0] hDevice[0x0]  pipelineRefCount[0]><subdeviceTPG: isAcquired[0] deviceIndex[0] hDevice[0x0]  pipelineRefCount[0]>
01-25 19:07:38.310  1785  1859 E CamX    : [ERROR][SENSOR ] camxsensorcache.cpp:436 ReleaseAllCache() [SUBDEV_DBG]Camera[8] ReleaseAllCache:hCSLSession0[0x0] hCSLSession1[0x0]refcount[0]<subdeviceSensor: isAcquired[0] deviceIndex[0] hDevice[0x0]  pipelineRefCount[0]><subdeviceCSIPHY: isAcquired[0] deviceIndex[0] hDevice[0x0]  pipelineRefCount[0]><subdeviceOIS: isAcquired[0] deviceIndex[0] hDevice[0x0]  pipelineRefCount[0]><subdeviceActuator: isAcquired[0] deviceIndex[0] hDevice[0x0]  pipelineRefCount[0]><subdeviceFlash: isAcquired[0] deviceIndex[0] hDevice[0x0]  pipelineRefCount[0]><subdeviceTPG: isAcquired[0] deviceIndex[0] hDevice[0x0]  pipelineRefCount[0]>
01-25 19:07:38.310  1785  1859 E CamX    : [ERROR][SENSOR ] camxsensorcache.cpp:436 ReleaseAllCache() [SUBDEV_DBG]Camera[9] ReleaseAllCache:hCSLSession0[0x0] hCSLSession1[0x0]refcount[0]<subdeviceSensor: isAcquired[0] deviceIndex[0] hDevice[0x0]  pipelineRefCount[0]><subdeviceCSIPHY: isAcquired[0] deviceIndex[0] hDevice[0x0]  pipelineRefCount[0]><subdeviceOIS: isAcquired[0] deviceIndex[0] hDevice[0x0]  pipelineRefCount[0]><subdeviceActuator: isAcquired[0] deviceIndex[0] hDevice[0x0]  pipelineRefCount[0]><subdeviceFlash: isAcquired[0] deviceIndex[0] hDevice[0x0]  pipelineRefCount[0]><subdeviceTPG: isAcquired[0] deviceIndex[0] hDevice[0x0]  pipelineRefCount[0]>
01-25 19:07:38.310  1785  1859 E CamX    : [ERROR][SENSOR ] camxsensorcache.cpp:436 ReleaseAllCache() [SUBDEV_DBG]Camera[10] ReleaseAllCache:hCSLSession0[0x0] hCSLSession1[0x0]refcount[0]<subdeviceSensor: isAcquired[0] deviceIndex[0] hDevice[0x0]  pipelineRefCount[0]><subdeviceCSIPHY: isAcquired[0] deviceIndex[0] hDevice[0x0]  pipelineRefCount[0]><subdeviceOIS: isAcquired[0] deviceIndex[0] hDevice[0x0]  pipelineRefCount[0]><subdeviceActuator: isAcquired[0] deviceIndex[0] hDevice[0x0]  pipelineRefCount[0]><subdeviceFlash: isAcquired[0] deviceIndex[0] hDevice[0x0]  pipelineRefCount[0]><subdeviceTPG: isAcquired[0] deviceIndex[0] hDevice[0x0]  pipelineRefCount[0]>
01-25 19:07:38.310  1785  1859 E CamX    : [ERROR][SENSOR ] camxsensorcache.cpp:436 ReleaseAllCache() [SUBDEV_DBG]Camera[11] ReleaseAllCache:hCSLSession0[0x0] hCSLSession1[0x0]refcount[0]<subdeviceSensor: isAcquired[0] deviceIndex[0] hDevice[0x0]  pipelineRefCount[0]><subdeviceCSIPHY: isAcquired[0] deviceIndex[0] hDevice[0x0]  pipelineRefCount[0]><subdeviceOIS: isAcquired[0] deviceIndex[0] hDevice[0x0]  pipelineRefCount[0]><subdeviceActuator: isAcquired[0] deviceIndex[0] hDevice[0x0]  pipelineRefCount[0]><subdeviceFlash: isAcquired[0] deviceIndex[0] hDevice[0x0]  pipelineRefCount[0]><subdeviceTPG: isAcquired[0] deviceIndex[0] hDevice[0x0]  pipelineRefCount[0]>
01-25 19:07:38.310  1785  1859 E CamX    : [ERROR][SENSOR ] camxsensorcache.cpp:436 ReleaseAllCache() [SUBDEV_DBG]Camera[12] ReleaseAllCache:hCSLSession0[0x0] hCSLSession1[0x0]refcount[0]<subdeviceSensor: isAcquired[0] deviceIndex[0] hDevice[0x0]  pipelineRefCount[0]><subdeviceCSIPHY: isAcquired[0] deviceIndex[0] hDevice[0x0]  pipelineRefCount[0]><subdeviceOIS: isAcquired[0] deviceIndex[0] hDevice[0x0]  pipelineRefCount[0]><subdeviceActuator: isAcquired[0] deviceIndex[0] hDevice[0x0]  pipelineRefCount[0]><subdeviceFlash: isAcquired[0] deviceIndex[0] hDevice[0x0]  pipelineRefCount[0]><subdeviceTPG: isAcquired[0] deviceIndex[0] hDevice[0x0]  pipelineRefCount[0]>
01-25 19:07:38.310  1785  1859 E CamX    : [ERROR][SENSOR ] camxsensorcache.cpp:436 ReleaseAllCache() [SUBDEV_DBG]Camera[13] ReleaseAllCache:hCSLSession0[0x0] hCSLSession1[0x0]refcount[0]<subdeviceSensor: isAcquired[0] deviceIndex[0] hDevice[0x0]  pipelineRefCount[0]><subdeviceCSIPHY: isAcquired[0] deviceIndex[0] hDevice[0x0]  pipelineRefCount[0]><subdeviceOIS: isAcquired[0] deviceIndex[0] hDevice[0x0]  pipelineRefCount[0]><subdeviceActuator: isAcquired[0] deviceIndex[0] hDevice[0x0]  pipelineRefCount[0]><subdeviceFlash: isAcquired[0] deviceIndex[0] hDevice[0x0]  pipelineRefCount[0]><subdeviceTPG: isAcquired[0] deviceIndex[0] hDevice[0x0]  pipelineRefCount[0]>
01-25 19:07:38.310  1785  1859 E CamX    : [ERROR][SENSOR ] camxsensorcache.cpp:436 ReleaseAllCache() [SUBDEV_DBG]Camera[14] ReleaseAllCache:hCSLSession0[0x0] hCSLSession1[0x0]refcount[0]<subdeviceSensor: isAcquired[0] deviceIndex[0] hDevice[0x0]  pipelineRefCount[0]><subdeviceCSIPHY: isAcquired[0] deviceIndex[0] hDevice[0x0]  pipelineRefCount[0]><subdeviceOIS: isAcquired[0] deviceIndex[0] hDevice[0x0]  pipelineRefCount[0]><subdeviceActuator: isAcquired[0] deviceIndex[0] hDevice[0x0]  pipelineRefCount[0]><subdeviceFlash: isAcquired[0] deviceIndex[0] hDevice[0x0]  pipelineRefCount[0]><subdeviceTPG: isAcquired[0] deviceIndex[0] hDevice[0x0]  pipelineRefCount[0]>
01-25 19:07:38.310  1785  1859 E CamX    : [ERROR][SENSOR ] camxsensorcache.cpp:436 ReleaseAllCache() [SUBDEV_DBG]Camera[15] ReleaseAllCache:hCSLSession0[0x0] hCSLSession1[0x0]refcount[0]<subdeviceSensor: isAcquired[0] deviceIndex[0] hDevice[0x0]  pipelineRefCount[0]><subdeviceCSIPHY: isAcquired[0] deviceIndex[0] hDevice[0x0]  pipelineRefCount[0]><subdeviceOIS: isAcquired[0] deviceIndex[0] hDevice[0x0]  pipelineRefCount[0]><subdeviceActuator: isAcquired[0] deviceIndex[0] hDevice[0x0]  pipelineRefCount[0]><subdeviceFlash: isAcquired[0] deviceIndex[0] hDevice[0x0]  pipelineRefCount[0]><subdeviceTPG: isAcquired[0] deviceIndex[0] hDevice[0x0]  pipelineRefCount[0]>
01-25 19:07:38.310  1785  1859 E CamX    : [ERROR][SENSOR ] camxsensorcache.cpp:450 ReleaseAllCache() [SUBDEV_DBG]Sensor[5]SubDev[0]PipelineRefCount[0]hDevice[6095105]isAcquired[0]
01-25 19:07:38.310  1785  1859 E CamX    : [ERROR][SENSOR ] camxsensorcache.cpp:450 ReleaseAllCache() [SUBDEV_DBG]Sensor[5]SubDev[1]PipelineRefCount[0]hDevice[16515331]isAcquired[0]
01-25 19:07:38.310  1785  1859 E CamX    : [ERROR][SENSOR ] camxsensorcache.cpp:450 ReleaseAllCache() [SUBDEV_DBG]Sensor[5]SubDev[2]PipelineRefCount[0]hDevice[0]isAcquired[0]
01-25 19:07:38.310  1785  1859 E CamX    : [ERROR][SENSOR ] camxsensorcache.cpp:450 ReleaseAllCache() [SUBDEV_DBG]Sensor[5]SubDev[3]PipelineRefCount[0]hDevice[7536898]isAcquired[0]
01-25 19:07:38.310  1785  1859 E CamX    : [ERROR][SENSOR ] camxsensorcache.cpp:450 ReleaseAllCache() [SUBDEV_DBG]Sensor[5]SubDev[4]PipelineRefCount[0]hDevice[0]isAcquired[0]
01-25 19:07:38.310  1785  1859 E CamX    : [ERROR][SENSOR ] camxsensorcache.cpp:450 ReleaseAllCache() [SUBDEV_DBG]Sensor[5]SubDev[5]PipelineRefCount[0]hDevice[0]isAcquired[0]
01-25 19:07:38.310  1785  6714 I vendor.samsung.hardware.camera.provider-service_64: vendor/qcom/proprietary/adsprpc/src/fastrpc_apps_user.c:3504: domain_deinit for domain 7: dev 117
01-25 19:07:38.310  1785  1859 I CHI     : [SS_LOW ]: [CHI         ]: chxextensionmodule.cpp: TeardownOverrideSession: 10007: [DUAL_MODE_DBG] m_isFrontCameraOpened=0
01-25 19:07:38.310  1778  2255 I SDM     : ResourceImpl::SetMaxBandwidthMode: new bandwidth mode=0
01-25 19:07:38.310  1778  2255 I SDM     : ResourceAlloc::SetMaxBandwidthMode: new bandwidth mode=0
01-25 19:07:38.311  1785  1859 I UniDataManager: [CAMKPI] M_PURGE : E
01-25 19:07:38.313  1785  6611 W vendor.samsung.hardware.camera.provider-service_64: vendor/qcom/proprietary/adsprpc/src/log_config.c:394:Warning: file_watcher_thread received exit for domain 7, file vendor.samsung.hardware.camera.provider-service_64.farf
01-25 19:07:38.313  1785  6611 I vendor.samsung.hardware.camera.provider-service_64: vendor/qcom/proprietary/adsprpc/src/log_config.c:446: file_watcher_thread exiting for domain 7
01-25 19:07:38.317  1785  6714 I vendor.samsung.hardware.camera.provider-service_64: vendor/qcom/proprietary/adsprpc/src/fastrpc_apps_user.c:3706: close_device_node: closed dev 117 on domain 7
01-25 19:07:38.317  1785  6714 I vendor.samsung.hardware.camera.provider-service_64: vendor/qcom/proprietary/adsprpc/src/fastrpc_apps_user.c:3548: domain_deinit: closed device 117 on domain 7 (kill time 3242 us)
01-25 19:07:38.318  1785  6714 I vendor.samsung.hardware.camera.provider-service_64: vendor/qcom/proprietary/adsprpc/src/fastrpc_apps_user.c:1920: remote_handle64_close: closed handle 0xb400007d23d82e10 remote handle 0x2d2e90 name libbitml_nsp_79na_skel.so, refs 0 domain 7
01-25 19:07:38.318  1785  6714 I vendor.samsung.hardware.camera.provider-service_64: vendor/qcom/proprietary/adsprpc/src/fastrpc_apps_user.c:1688: List of open handles on domain 7:
01-25 19:07:38.322  1785  1859 I UniDataManager: [CAMKPI] M_PURGE : X
01-25 19:07:38.322  1785  1859 I Unihal  : CameraDevice.cpp: CloseCamera: 336: [UNIKPI][1] VndHAL->close: X
01-25 19:07:38.322  1785  1859 I Unihal  : UniState.cpp: SetIsAlreadyCreated: 192: isAlreadyCreated=0, val=0
01-25 19:07:38.322  1785  1859 I Unihal  : ScenarioManager.cpp: Destroy: 194: Set s_latestFrontSegmentationMode=0
01-25 19:07:38.322  1785  1859 I Unihal  : ScenarioManager.cpp: Destroy: 203: Set s_latestRearSegmentationMode=0
01-25 19:07:38.322  1785  1859 I Unihal  : Camera3Util.h: PrintCurrentStatus: 641: [FWK-Destroy] ReqStreamBuf(0): 
01-25 19:07:38.322  1785  1859 I Unihal  : FwkCaptureManager.cpp: Release: 165: Already released
01-25 19:07:38.322  1785  1859 I Unihal  : Camera3Util.h: PrintCurrentStatus: 641: [HAL-Destroy] ReqStreamBuf(0): 
01-25 19:07:38.322  1785  1859 I Unihal  : UniHalPlusMediator.h: PrintOpenDeviceInfo: 190: CloseCamera
01-25 19:07:38.322  1785  1859 I Unihal  : UniHalPlusMediator.cpp: CloseCamera: 212: Device(0xb400007cd3abdfa0): X
01-25 19:07:38.322  1785  1859 I Unihal  : UniHal3InterfaceEntry.cpp: uni_close_camera_hardware: 587: [UNIKPI][1] UniHAL->close: X
01-25 19:07:38.322  1785  1859 I Samsung_CameraDeviceSession_impl: [CAMKPI] camera3->close : X
01-25 19:07:38.322  1785  1859 I BpBinder: onLastStrongRef automatically unlinking death recipients: android.hardware.camera.device.ICameraDeviceCallback
01-25 19:07:38.322  1888  2245 I CompositionEngine: [setDisplaySize] size=(579, 56)
01-25 19:07:38.322  2480 13828 D AidlCamera3-Device: CameraPerf: close X (109ms)
01-25 19:07:38.323  2480 13828 D Camera3-OutputStream: disconnectLocked: disconnecting stream 0 from native window
01-25 19:07:38.323  2480 13828 I CameraLatencyHistogram: Stream 0 dequeueBuffer latency histogram (8) samples:
01-25 19:07:38.323  2480 13828 I CameraLatencyHistogram:         5     10     15     20     25     30     35     40     45    inf (max ms)
01-25 19:07:38.323  2480 13828 I CameraLatencyHistogram:      100.00   0.00   0.00   0.00   0.00   0.00   0.00   0.00   0.00   0.00 (%)
01-25 19:07:38.323  2480 13828 I CameraLatencyHistogram: Stream 0 enqueueBuffer latency histogram (3) samples:
01-25 19:07:38.323  2480 13828 I CameraLatencyHistogram:         5     10     15     20     25     30     35     40     45    inf (max ms)
01-25 19:07:38.323  2480 13828 I CameraLatencyHistogram:      100.00   0.00   0.00   0.00   0.00   0.00   0.00   0.00   0.00   0.00 (%)
01-25 19:07:38.324  2480 13828 I Camera3-Device: disconnectImpl: X
01-25 19:07:38.324  2480 13828 I CameraServiceProxyWrapper: updateProxyDeviceState: notifyCameraState for Camera ID 1, newState 3, facing 1, clientName com.samsung.android.smartface, apiLevel 2
01-25 19:07:38.324  2480 13828 D CameraService: BasicClient::disconnect E
01-25 19:07:38.324  2480 13828 I CameraService: notifyCameraClosing: Finish camera ops, package name = com.samsung.android.smartface, client UID = 1000
01-25 19:07:38.324  2480 13828 I HidlServiceManagement: Trying to get transport of vendor.samsung.hardware.biometrics.face@3.0::ISehBiometricsFace/default without hwservicemanager
01-25 19:07:38.325  1755  1953 I sec_fr_SehFace: SehFace::getServicePid
01-25 19:07:38.325  1755  1953 I sec_fr_SehFace: FaceServicePID : 1755
01-25 19:07:38.325  2480 13828 E cameraserver: isBiometricsFaceService : face AIDL HAL Pid(1755) is not same with callingPid(26480)
01-25 19:07:38.325  2480 13828 I CameraService: decreaseCamConnRef: ref=0
01-25 19:07:38.325  2480 13828 I CameraService: decreaseCamConnRef: service.camera.running set to 0
01-25 19:07:38.326  2421  4222 I CameraManagerGlobal: postSingleUpdate device: camera id 1 status STATUS_PRESENT
01-25 19:07:38.326  4018  4867 I CameraManagerGlobal: postSingleUpdate device: camera id 1 status STATUS_PRESENT
01-25 19:07:38.326  2421  4222 I CameraManagerGlobal: postSingleUpdate device: camera id 1 status STATUS_PRESENT
01-25 19:07:38.326  4018  4867 I CameraManagerGlobal: postSingleUpdate device: camera id 1 status STATUS_PRESENT
01-25 19:07:38.326  2480 13828 W IPCThreadState: Sending oneway calls to frozen process.
01-25 19:07:38.326  7391  7415 I CameraManagerGlobal: postSingleUpdate device: camera id 1 status STATUS_PRESENT
01-25 19:07:38.326 16613 14211 I CameraManagerGlobal: postSingleUpdate device: camera id 1 status STATUS_PRESENT
01-25 19:07:38.326  7291  7321 I CameraManagerGlobal: postSingleUpdate device: camera id 1 status STATUS_PRESENT
01-25 19:07:38.326  7026 10352 I CameraManagerGlobal: postSingleUpdate device: camera id 1 status STATUS_PRESENT
01-25 19:07:38.326  7026 10352 I CameraManagerGlobal: postSingleUpdate device: camera id 1 status STATUS_PRESENT
01-25 19:07:38.326 27857 27880 I CameraManagerGlobal: postSingleUpdate device: camera id 1 status STATUS_PRESENT
01-25 19:07:38.326  7391  7391 I [MCFDs]_RemoteMediaHandler: onCameraAvailable - 
01-25 19:07:38.326  2421  3616 I CameraService_worker: DeviceInjector, onSemCameraDeviceRawStatus 1 1
01-25 19:07:38.326  5319 12601 I CameraManagerGlobal: postSingleUpdate device: camera id 1 status STATUS_PRESENT
01-25 19:07:38.326  7442 14029 I CameraManagerGlobal: postSingleUpdate device: camera id 1 status STATUS_PRESENT
01-25 19:07:38.326  4326  4355 I CameraManagerGlobal: Camera 1 facing CAMERA_FACING_FRONT state now CAMERA_STATE_CLOSED for client com.samsung.android.smartface API Level 2 User Id 0Device Id 0
01-25 19:07:38.326  9616   487 I CameraManagerGlobal: postSingleUpdate device: camera id 1 status STATUS_PRESENT
01-25 19:07:38.326  4018  4867 I CameraManagerGlobal: Camera 1 facing CAMERA_FACING_FRONT state now CAMERA_STATE_CLOSED for client com.samsung.android.smartface API Level 2 User Id 0Device Id 0
01-25 19:07:38.326  6996  7023 I CameraManagerGlobal: Camera 1 facing CAMERA_FACING_FRONT state now CAMERA_STATE_CLOSED for client com.samsung.android.smartface API Level 2 User Id 0Device Id 0
01-25 19:07:38.326  4018  4867 I CameraManagerGlobal: onCameraDeviceStateChangedLocked: post device state update
01-25 19:07:38.326  7391  7415 I CameraManagerGlobal: Camera 1 facing CAMERA_FACING_FRONT state now CAMERA_STATE_CLOSED for client com.samsung.android.smartface API Level 2 User Id 0Device Id 0
01-25 19:07:38.326  5698  8600 I CameraManagerGlobal: postSingleUpdate device: camera id 1 status STATUS_PRESENT
01-25 19:07:38.326  4018  4867 I CameraManagerGlobal: onCameraDeviceStateChangedLocked: post device state update
01-25 19:07:38.326  6996  7748 I EadCameraController: onCameraDeviceStateChanged:  cameraId=1 facing=1 newCameraState=3 clientName=com.samsung.android.smartface
01-25 19:07:38.326  7291  7321 I CameraManagerGlobal: Camera 1 facing CAMERA_FACING_FRONT state now CAMERA_STATE_CLOSED for client com.samsung.android.smartface API Level 2 User Id 0Device Id 0
01-25 19:07:38.326  8094 19292 I CameraManagerGlobal: Camera 1 facing CAMERA_FACING_FRONT state now CAMERA_STATE_CLOSED for client com.samsung.android.smartface API Level 2 User Id 0Device Id 0
01-25 19:07:38.326 26480 10303 I CameraManagerGlobal: Camera 1 facing CAMERA_FACING_FRONT state now CAMERA_STATE_CLOSED for client com.samsung.android.smartface API Level 2 User Id 0Device Id 0
01-25 19:07:38.326 16613 14211 I CameraManagerGlobal: Camera 1 facing CAMERA_FACING_FRONT state now CAMERA_STATE_CLOSED for client com.samsung.android.smartface API Level 2 User Id 0Device Id 0
01-25 19:07:38.326 32667 32679 I CameraManagerGlobal: postSingleUpdate device: camera id 1 status STATUS_PRESENT
01-25 19:07:38.326  2480 13828 W IPCThreadState: Sending oneway calls to frozen process.
01-25 19:07:38.327  7026 10352 I CameraManagerGlobal: Camera 1 facing CAMERA_FACING_FRONT state now CAMERA_STATE_CLOSED for client com.samsung.android.smartface API Level 2 User Id 0Device Id 0
01-25 19:07:38.327  7442 14029 I CameraManagerGlobal: Camera 1 facing CAMERA_FACING_FRONT state now CAMERA_STATE_CLOSED for client com.samsung.android.smartface API Level 2 User Id 0Device Id 0
01-25 19:07:38.327  7026 10352 I CameraManagerGlobal: onCameraDeviceStateChangedLocked: post device state update
01-25 19:07:38.327 27857 27880 I CameraManagerGlobal: Camera 1 facing CAMERA_FACING_FRONT state now CAMERA_STATE_CLOSED for client com.samsung.android.smartface API Level 2 User Id 0Device Id 0
01-25 19:07:38.327 27857 27880 I CameraManagerGlobal: onCameraDeviceStateChangedLocked: post device state update
01-25 19:07:38.327  5698  8600 I CameraManagerGlobal: Camera 1 facing CAMERA_FACING_FRONT state now CAMERA_STATE_CLOSED for client com.samsung.android.smartface API Level 2 User Id 0Device Id 0
01-25 19:07:38.327  7026 10352 I CameraManagerGlobal: onCameraDeviceStateChangedLocked: post device state update
01-25 19:07:38.327  9616   487 I CameraManagerGlobal: Camera 1 facing CAMERA_FACING_FRONT state now CAMERA_STATE_CLOSED for client com.samsung.android.smartface API Level 2 User Id 0Device Id 0
01-25 19:07:38.327 32667 32679 I CameraManagerGlobal: Camera 1 facing CAMERA_FACING_FRONT state now CAMERA_STATE_CLOSED for client com.samsung.android.smartface API Level 2 User Id 0Device Id 0
01-25 19:07:38.327  5319 12601 I CameraManagerGlobal: Camera 1 facing CAMERA_FACING_FRONT state now CAMERA_STATE_CLOSED for client com.samsung.android.smartface API Level 2 User Id 0Device Id 0
01-25 19:07:38.327 28316 28328 I CameraManagerGlobal: Camera 1 facing CAMERA_FACING_FRONT state now CAMERA_STATE_CLOSED for client com.samsung.android.smartface API Level 2 User Id 0Device Id 0
01-25 19:07:38.327  2480 13828 I CameraFlashlight: deviceClosed: device 1 is closed
01-25 19:07:38.327  2480 13828 I CameraService: disconnect: Disconnected client for camera 1 for PID 26480
01-25 19:07:38.327  2480 13828 D CameraService: BasicClient::disconnect X
01-25 19:07:38.327  2480 13828 D CameraDeviceClient: exitPolicyCheckingThread:stop IT Policy checking thread E - 1
01-25 19:07:38.327  4147 29762 I CameraManagerGlobal: postSingleUpdate device: camera id 1 status STATUS_PRESENT
01-25 19:07:38.327  4147 29762 I CameraManagerGlobal: Camera 1 facing CAMERA_FACING_FRONT state now CAMERA_STATE_CLOSED for client com.samsung.android.smartface API Level 2 User Id 0Device Id 0
01-25 19:07:38.327  7291  7291 I HBD     : EagleEye EagleEyeHoneyBee Camera is available, camId = 1 
01-25 19:07:38.327  7291  7291 I HBD     : EagleEye EagleEyeHoneyBee All camera is available, so, ExtractText will be enabled 
01-25 19:07:38.327  2421  4222 I CameraManagerGlobal: Camera 1 facing CAMERA_FACING_FRONT state now CAMERA_STATE_CLOSED for client com.samsung.android.smartface API Level 2 User Id 0Device Id 0
01-25 19:07:38.327  2480 13828 D CameraDeviceClient: exitPolicyCheckingThread:stop IT Policy checking thread X - 1
01-25 19:07:38.327  2421  4222 I CameraManagerGlobal: onCameraDeviceStateChangedLocked: post device state update
01-25 19:07:38.328  2421  4222 I CameraManagerGlobal: onCameraDeviceStateChangedLocked: post device state update
01-25 19:07:38.328  2421  3616 I RequestInjectorService: Samsung Camera is opened. ignore VT Camera Setting.
01-25 19:07:38.328  2421  3871 D SemWifiCoexManager: onCameraDeviceStateChanged:  cameraId=1 facing=1 newCameraState=3 clientName=com.samsung.android.smartface
01-25 19:07:38.328 26480 26488 I CameraController: closeCamera E
01-25 19:07:38.329 26480 26488 I SmartFaceService: mWakeLock.release() in FD
01-25 19:07:38.329  2421  3907 E SmartFaceManager/ServiceManagerGlobal: unbind from smart face service, connection count = 2 -> 1
01-25 19:07:38.329  2421  3907 E SmartFaceManager/ServiceManagerGlobal: unbind from smart face service, connection count = 1 -> 0
01-25 19:07:38.330 26480 26480 E SmartFaceServiceStarter: onDestroy
01-25 19:07:38.330 26480 26480 I SmartFaceService: SmartFaceService Clean Up.
01-25 19:07:38.330 26480 26480 I SmartFaceService: SmartFaceService cleaning up.
01-25 19:07:38.330  2421  3907 E SmartFaceManager: checkForSmartStay X: false
01-25 19:07:38.330  2421  3907 D SmartStayController: handleSmartStay : faceDetected : false
01-25 19:07:38.331 26480 26480 I CameraController: closeCamera S
01-25 19:07:38.331 26480  6517 I CameraV2Controller: handleMessage(0) { when=0 what=0 obj=java.util.concurrent.CountDownLatch@e25f2d1[Count = 1] target=a.h }
01-25 19:07:38.331 26480 26480 I CameraController: closeCamera E
01-25 19:07:38.331 26480 26480 I SmartFaceService: SmartFaceService clean up done.
01-25 19:07:38.391  1778  2102 I SDM     : DisplayBase::CommitThread: Received idle timeout, panel: cmd, timeout: 70000 us
01-25 19:07:38.435  1751 32446 I sensors-hal: handle_sns_std_sensor_event:408, [SSC_LIGHT] P: 0(0),c:13,b:26,m:13,cl:0,l:0,s:0,l0:160,l1:0,s0:0,s1:0,acl:1,opr:0.25,f(r):92,u(bl):100,if:92,wi:0,si:0,0(N:0)
01-25 19:07:38.445  1742  6255 I vendor.qti.bluetooth@1.0-ibs_handler: ProcessIbsCmd: Received IBS_WAKE_IND: 0xFD
01-25 19:07:38.445  1742  6255 D vendor.qti.bluetooth@1.0-ibs_handler: SerialClockVote: vote for UART CLK ON
01-25 19:07:38.445  1742  6255 D vendor.qti.bluetooth@1.0-wake_lock: Acquire wakelock is acquired 
01-25 19:07:38.445  1742  6255 I vendor.qti.bluetooth@1.0-ibs_handler: ProcessIbsCmd: Writing IBS_WAKE_ACK
01-25 19:07:38.448  5081  6267 I ScanController: onScanResult to scannerId: 3- eventType=0x13, addressType=1, address=XX:XX:XX:XX:BC:7E, primaryPhy=1, secondaryPhy=0, advertisingSid=0xff, txPower=127, rssi=-91, periodicAdvInt=0x0
01-25 19:07:38.449  5081  5511 I bluetooth: system/gd/hci/le_scanning_reassembler.cc:54 ProcessAdvertisingReport: Ignoring scan response received without advertising event
01-25 19:07:38.482  1751  1673 I sensors-hal: handle_sns_client_event:379, [0][6960] accel_sample [ 0.131,  0.252,  9.875] 14830224687919
01-25 19:07:38.488  1742  6255 I vendor.qti.bluetooth@1.0-ibs_handler: ProcessIbsCmd: Received IBS_SLEEP_IND: 0xFE
01-25 19:07:38.488  1742  6255 D vendor.qti.bluetooth@1.0-ibs_handler: SerialClockVote: vote for UART CLK OFF
01-25 19:07:38.638  1742  5534 D vendor.qti.bluetooth@1.0-wake_lock: Release wakelock is released 
01-25 19:07:38.855  1868  1918 E HeatmapThread: ECT Thread time in milliseconds: 1769364458
01-25 19:07:38.857  1868  1918 D HeatmapThread: !@ batteryplugType : 2
01-25 19:07:38.857  1868  1918 D HeatmapThread: !@ batteryLevel : 54  batteryTemperature : 411 
01-25 19:07:38.857  1868  1918 D HeatmapThread: !@ Heatmap currtime: 29489407
01-25 19:07:38.857  1868  1918 D HeatmapThread: !@ Heatmap prevtime: 29489400
01-25 19:07:38.857  1868  1918 D HeatmapThread: !@ Heatmap plugstarttime: 29489360
01-25 19:07:38.857  1868  1918 D HeatmapThread: !@ Heatmap prevv_dsoh_update_time: 29489322
01-25 19:07:38.857  1868  1918 E HeatmapThread: !@ CAM New BSOH: 100
01-25 19:07:38.963  2421  6948 I ActivityManager: Changes in 10375 6 to 10, 128 to 0
01-25 19:07:38.967  2421  3814 D BackgroundInstallControlService: Package event received: 0
01-25 19:07:38.967  2421  3814 D BackgroundInstallControlService: Package event received: 0
01-25 19:07:38.967  2421  3814 D BackgroundInstallControlService: Package event received: 0
01-25 19:07:38.967  2421  3814 D BackgroundInstallControlService: Package event received: 0
01-25 19:07:38.967  2421  4121 I ActivityManager: Changes in 10375 10 to 6, 0 to 128
01-25 19:07:38.975  1888  2098 I VSyncReactor: Current= 120, Period= 120, Distance= 1
01-25 19:07:38.983  1888  2098 I VSyncReactor: Current= 120, Period= 120, Distance= 120
01-25 19:07:39.082  2421  3696 E WifiStaIfaceAidlImpl: getCachedScanData failed with service-specific exception: android.os.ServiceSpecificException:  (code 4)
01-25 19:07:39.084  2421  5916 D SemWifiUsabilityStatsMonitor: onWifiUsabilityStats - seqNum 2072, isSameBssidAndFreq true
01-25 19:07:39.085  2421  3848 I SemWifiLinkQualityMonitor: Link stat: 423 / 5 / 1.00 (14) / 390 / -60.0 || 100.0 : 390.00 / 0.5 : 1.00 / 0.55 : 0.01 / G (G) || c3777de25745: 0.093 / 85.677 / N || N N / 0 0 / N 2.0 / N X 0 / 11985694 0 || 2026-01-25 19:07:38  / 0: 0 0 0 0 0 0 / 0: 0 0 0 0 0 0 / 0: 0 0 0 0 0 0
01-25 19:07:39.085  2421  3849 D InsDataManager: onOutageCountUpdate() - Outage Data: 0, LQ : N. Outage Triggered: false
01-25 19:07:39.085  2421  3849 D SemInsManager: {"bssid": "c3777de25745","rssi": -60.0,"latency": 0.09337406453195926,"outage_count": 0,"lq_callback_triggered": false,"outage_log": "Link stat: 423 / 5 / 1.00 (14) / 390 / -60.0 || 100.0 : 390.00 / 0.5 : 1.00 / 0.55 : 0.01 / G (G) || c3777de25745: 0.093 / 85.677 / N || N N / 0 0 / N 2.0 / N X 0 / 11985694 0 || 2026-01-25 19:07:38  / 0: 0 0 0 0 0 0 / 0: 0 0 0 0 0 0 / 0: 0 0 0 0 0 0""Magnetic Sensor Events size": "0""Pressure Sensor Events size": "0"}
01-25 19:07:39.089  2421  3866 D SGM:GameManager: identifyGamePackage. com.sec.android.app.launcher, mCurrentUserId: 0, callingMethodInfo: com.samsung.android.game.SemGameManager.isGamePackage(SemGameManager.java:106)
01-25 19:07:39.089  2421  3866 D SGM:SemGameManager: isGamePackage(), pkgName=com.sec.android.app.launcher, ret=false
01-25 19:07:39.127  2421  5136 I NSLocationMonitor: getGPSUsingApps() called
01-25 19:07:39.127  5148 10538 I NSLocationManager_FLP: getGPSUsingApps, No change
01-25 19:07:39.129  2421  5136 D MARs:ActiveTrafficFilter: filter : com.sec.android.gallery3d(0)
01-25 19:07:39.130  2421  5136 D FreecessHandler: freeze com.sec.android.gallery3d(10127) result : 8
01-25 19:07:39.130  2421  5136 I NSLocationMonitor: getGPSUsingApps() called
01-25 19:07:39.130  5148 10538 I NSLocationManager_FLP: getGPSUsingApps, No change
01-25 19:07:39.131  2421  5136 D MARs:ActiveTrafficFilter: filter : com.google.android.apps.photos(0)
01-25 19:07:39.131  2421  5136 D FreecessHandler: freeze com.google.android.apps.photos(10277) result : 8
