01-25 19:01:29.268  4669  7188 I VRI[LauncherActivity]@ac9c2e6: mWNT: t=0xb40000735db0e610 mBlastBufferQueue=0xb4000074fdb91dd0 fn= 334 HdrRenderState mRenderHdrSdrRatio=1.0 caller= com.android.systemui.shared.launcher.ViewRootImplCompat.mergeWithNextTransaction:4 com.honeyspace.transition.utils.SurfaceTransactionApplier.scheduleApply$lambda$1:16 com.honeyspace.transition.utils.SurfaceTransactionApplier.b:0 
01-25 19:01:29.276  4669  4669 I HoneySpace.FloatingAnimator: [Player:A(28.787)] container x: 0.45553446, y: 6.7445636, scale : 0.9963021
01-25 19:01:29.276  4669  7187 I VRI[LauncherActivity]@ac9c2e6: mWNT: t=0xb40000735db13a10 mBlastBufferQueue=0xb4000074fdb91dd0 fn= 335 HdrRenderState mRenderHdrSdrRatio=1.0 caller= com.android.systemui.shared.launcher.ViewRootImplCompat.mergeWithNextTransaction:4 com.honeyspace.transition.utils.SurfaceTransactionApplier.scheduleApply$lambda$1:16 com.honeyspace.transition.utils.SurfaceTransactionApplier.b:0 
01-25 19:01:29.279  1888  2245 I CompositionEngine: [setDisplaySize] size=(579, 56)
01-25 19:01:29.285  4669  4669 I HoneySpace.FloatingAnimator: [Player:A(28.787)] container x: 0.41509503, y: 6.1458244, scale : 0.99663055
01-25 19:01:29.285  4669  7188 I VRI[LauncherActivity]@ac9c2e6: mWNT: t=0xb40000735dacd150 mBlastBufferQueue=0xb4000074fdb91dd0 fn= 336 HdrRenderState mRenderHdrSdrRatio=1.0 caller= com.android.systemui.shared.launcher.ViewRootImplCompat.mergeWithNextTransaction:4 com.honeyspace.transition.utils.SurfaceTransactionApplier.scheduleApply$lambda$1:16 com.honeyspace.transition.utils.SurfaceTransactionApplier.b:0 
01-25 19:01:29.293  4669  4669 I HoneySpace.FloatingAnimator: [Player:A(28.787)] container x: 0.374981, y: 5.551903, scale : 0.99695605
01-25 19:01:29.293  4669  7187 I VRI[LauncherActivity]@ac9c2e6: mWNT: t=0xb40000735daec950 mBlastBufferQueue=0xb4000074fdb91dd0 fn= 337 HdrRenderState mRenderHdrSdrRatio=1.0 caller= com.android.systemui.shared.launcher.ViewRootImplCompat.mergeWithNextTransaction:4 com.honeyspace.transition.utils.SurfaceTransactionApplier.scheduleApply$lambda$1:16 com.honeyspace.transition.utils.SurfaceTransactionApplier.b:0 
01-25 19:01:29.299  2421  4636 V WindowManager: Computed rotation=ROTATION_0 (0) for display id=0 based on lastOrientation=SCREEN_ORIENTATION_UNSPECIFIED (-1) and oldRotation=ROTATION_0 (0), caller=com.android.server.wm.DisplayRotation.updateOrientation:79 com.android.server.wm.DisplayContent.updateOrientation:41 com.android.server.wm.DisplayContent.updateOrientationAndComputeConfig:48 com.android.server.wm.RootWindowContainer.ensureVisibilityAndConfig:7 com.android.server.wm.ActivityTaskSupervisor.realStartActivityLocked:182 com.android.server.wm.RootWindowContainer.attachApplication:92 
01-25 19:01:29.299  2421  4636 D SGM:FgCheckThread: notifyAppCreated(), packageName: com.ogabassey.contactscleaner.debug, userId: 0, sendRet: true
01-25 19:01:29.299  2421  3649 D SGM:FgCheckThread: onLooperPrepared(), msg: MSG_APP_CREATE, pkgName: com.ogabassey.contactscleaner.debug, userId: 0
01-25 19:01:29.299  2421  4636 D SGM:FgCheckThread: TaskStackListener.onTaskFocusChanged(), taskId=8, focused=false
01-25 19:01:29.299  2421  4636 D SGM:FgCheckThread: TaskStackListener.onTaskFocusChanged(), taskId=13850, focused=true
01-25 19:01:29.299  2421  4636 D SGM:FgCheckThread:   sendRunningComponentFocus(), pkgName: com.ogabassey.contactscleaner.debug, userId: 0
01-25 19:01:29.299  2421  3649 D SGM:FgCheckThread: onLooperPrepared(), msg: MSG_TASK_FOCUSED, pkgName: com.ogabassey.contactscleaner.debug, userId: 0
01-25 19:01:29.299  2421  3649 D SGM:FgCheckThread: handleTaskFocused().
01-25 19:01:29.299  2421  3649 D SGM:FgCheckThread:   handleTaskFocused(), pkgName: com.ogabassey.contactscleaner.debug, userID:0
01-25 19:01:29.299  2421  3649 D SGM:FgCheckThread: handleResume().
01-25 19:01:29.300  2421  4636 D InputDispatcher: Focused application(0): ActivityRecord{194550561 u0 com.ogabassey.contactscleaner.debug/com.ogabassey.contactscleaner.MainActivity t13850}
01-25 19:01:29.300  2421  3649 D SGM:FgCheckThread: sendFocusOutConditionally() - mPrevNotiPkg: com.sec.android.app.samsungapps, userId: 0
01-25 19:01:29.300  2421  3649 D SGM:FgCheckThread:   handleResume(). pkgName: com.ogabassey.contactscleaner.debug, userId: 0, category: non-game
01-25 19:01:29.300  2421  3649 D SGM:FgCheckThread: notifyFocusInOut(). of pkg: com.ogabassey.contactscleaner.debug, type: 4, isSecGameFamily: false, userId: 0
01-25 19:01:29.300  2421  3649 D SGM:FgCheckThread:   notifyFocusInOut(). do nothing
01-25 19:01:29.300  2421  3649 D SGM:SystemHelper: callReleaseBlock needReleaseBlock:false
01-25 19:01:29.300  4018  4018 I {OngoingActivityController}: onTaskFocusChanged but OA data is empty
01-25 19:01:29.300  2421  4636 D ActivityTaskManager: scheduleTopResumedActivityChanged, onTop=true, r=ActivityRecord{194550561 u0 com.ogabassey.contactscleaner.debug/com.ogabassey.contactscleaner.MainActivity t13850}, caller=com.android.server.wm.ActivityTaskSupervisor.scheduleTopResumedActivityStateIfNeeded:18 com.android.server.wm.ActivityTaskSupervisor.updateTopResumedActivityIfNeeded:54 com.android.server.wm.TaskFragment.setResumedActivity:30 com.android.server.wm.ActivityRecord.setState:100 com.android.server.wm.ActivityTaskSupervisor.realStartActivityLocked:477 com.android.server.wm.RootWindowContainer.attachApplication:92 
01-25 19:01:29.300  4669  4777 I HoneySpace.TopTaskSource: onTaskFocusChanged(): taskId = 13850
01-25 19:01:29.300  2421  3775 D AS.MultiSoundManager: mForegroundUid = 10245
01-25 19:01:29.301  2421  6951 I ActivityManager: Changes in 10245 19 to 2, 0 to 255
01-25 19:01:29.301  2421  3814 D BackgroundInstallControlService: Package event received: 0
01-25 19:01:29.301  2421  2949 D PkgPredictorService-SecIpmManagerServiceImpl: onForegroundActivitiesChanged pid:30786 uid:10245
01-25 19:01:29.301  4669  4669 I HoneySpace.FloatingAnimator: [Player:A(28.787)] container x: 0.3348608, y: 4.9578905, scale : 0.9972818
01-25 19:01:29.302  4669  7188 I VRI[LauncherActivity]@ac9c2e6: mWNT: t=0xb40000735db11550 mBlastBufferQueue=0xb4000074fdb91dd0 fn= 338 HdrRenderState mRenderHdrSdrRatio=1.0 caller= com.android.systemui.shared.launcher.ViewRootImplCompat.mergeWithNextTransaction:4 com.honeyspace.transition.utils.SurfaceTransactionApplier.scheduleApply$lambda$1:16 com.honeyspace.transition.utils.SurfaceTransactionApplier.b:0 
01-25 19:01:29.302  2421  2949 D SGM:GameManager: identifyForegroundApp. com.ogabassey.contactscleaner.debug, mCurrentUserId: 0, callerUserId: 0
01-25 19:01:29.302  2421  2949 D SGM:SemGameManager: isForegroundGame(), ret=false
01-25 19:01:29.302  2421  2949 D SGM:GameManager: identifyForegroundApp. com.ogabassey.contactscleaner.debug, mCurrentUserId: 0, callerUserId: 0
01-25 19:01:29.302  2421  2949 D SGM:SemGameManager: isForegroundGame(), ret=false
01-25 19:01:29.302  2421  2949 D NetworkPolicy: already checked 10245
01-25 19:01:29.302  2421  3693 V NetworkPolicy: getFirewallRuleWifi UID:10245 policy:0
01-25 19:01:29.303  5776  5793 V OsAgent : broadcastSystemEvent - 7
01-25 19:01:29.304  2421  2951 V Configuration: Updating configuration, locales updated from [] to [en_CA]
01-25 19:01:29.304  2421  3814 D BackgroundInstallControlService: Package event received: 0
01-25 19:01:29.304  2421  3814 D BackgroundInstallControlService: Package event received: 0
01-25 19:01:29.304  2421  3814 D BackgroundInstallControlService: Package event received: 0
01-25 19:01:29.304  2421  3814 D BackgroundInstallControlService: Package event received: 0
01-25 19:01:29.304  2421  4675 I ActivityManager: Changes in 99010 19 to 3, 0 to 184
01-25 19:01:29.304  2421  3814 D BackgroundInstallControlService: Package event received: 0
01-25 19:01:29.304  2421  4675 I ActivityManager: Changes in 10117 19 to 3, 0 to 184
01-25 19:01:29.304  2421  2951 V Configuration: Updating configuration, locales updated from [] to [en_CA]
01-25 19:01:29.305  2421  2951 D EnterpriseDeviceManagerService: isMdmAdminPresentInternal() : MDM Admin Found - com.samsung.knox.securefolder
01-25 19:01:29.305  2421  5130 D ActivityManager: unpendingScheduleServiceRestart: u=10117, drop=false
01-25 19:01:29.305  2421  2951 D SGM:GameManager: identifyGamePackage. com.ogabassey.contactscleaner.debug, mCurrentUserId: 0, callingMethodInfo: com.samsung.android.game.SemGameManager.isGamePackage(SemGameManager.java:106)
01-25 19:01:29.305  2421  2951 D SGM:SemGameManager: isGamePackage(), pkgName=com.ogabassey.contactscleaner.debug, ret=false
01-25 19:01:29.305  5776  5793 V OsAgent : broadcastSystemEvent - 7
01-25 19:01:29.306  5776  5793 V OsAgent : broadcastSystemEvent - 7
01-25 19:01:29.306  2421  3804 I CocktailBarManagerServiceContainer: handleMessage: entry what = 5
01-25 19:01:29.306  4669  4669 I HoneySpace.EdgePanel.CocktailHostRepositoryImpl: onNoteResume
01-25 19:01:29.306  4669  4669 I HoneySpace.EdgePanel.EdgePanelContainerViewModel: cocktailHostRepository.edgePanelOperation NoteResumeComponent(componentName=ComponentInfo{com.ogabassey.contactscleaner.debug/com.ogabassey.contactscleaner.MainActivity})
01-25 19:01:29.306  2421  3814 D BackgroundInstallControlService: Package event received: 0
01-25 19:01:29.306  4669  4669 I HoneySpace.EdgePanel.ActivityUtils: HomePackage : com.sec.android.app.launcher, resumePackageName : com.ogabassey.contactscleaner.debug, className : com.ogabassey.contactscleaner.MainActivity
01-25 19:01:29.306  5319  5319 D BoundBrokerSvc: onBind: Intent { act=com.google.android.gms.auth.blockstore.service.START dat=chimera-action:/... xflg=0x4 cmp=com.google.android.gms/.chimera.GmsApiService }
01-25 19:01:29.306  5319  5319 D BoundBrokerSvc: Loading bound service for intent: Intent { act=com.google.android.gms.auth.blockstore.service.START dat=chimera-action:/... xflg=0x4 cmp=com.google.android.gms/.chimera.GmsApiService }
01-25 19:01:29.306  2421  2951 D SGM:FgCheckThread: noteResumeComponent(), received pkgName: com.ogabassey.contactscleaner.debug, userId: 0
01-25 19:01:29.306  2421  3649 D SGM:FgCheckThread: onLooperPrepared(), msg: MSG_APP_RESUME, pkgName: com.ogabassey.contactscleaner.debug, userid: 0
01-25 19:01:29.306  2421  3649 D SGM:FgCheckThread: handleResume().
01-25 19:01:29.306  2421  3649 D SGM:FgCheckThread: sendFocusOutConditionally() - mPrevNotiPkg: com.sec.android.app.samsungapps, userId: 0
01-25 19:01:29.306  2421  3649 D SGM:FgCheckThread:   handleResume(). pkgName: com.ogabassey.contactscleaner.debug, userId: 0, category: non-game
01-25 19:01:29.306  2421  3649 D SGM:FgCheckThread: notifyFocusInOut(). of pkg: com.ogabassey.contactscleaner.debug, type: 4, isSecGameFamily: false, userId: 0
01-25 19:01:29.306  2421  3649 D SGM:FgCheckThread:   notifyFocusInOut(). do nothing
01-25 19:01:29.306  2421  3649 D SGM:SystemHelper: callReleaseBlock needReleaseBlock:false
01-25 19:01:29.306  7026  7075 I SDHMS:k : handleResumeComponent : put = com.ogabassey.contactscleaner.debug, userid = 0 instanceid =262639879
01-25 19:01:29.307  2421  3814 D BackgroundInstallControlService: Package event received: 0
01-25 19:01:29.310  4669  4669 I HoneySpace.FloatingAnimator: [Player:A(28.787)] container x: 0.28973097, y: 4.289706, scale : 0.9976481
01-25 19:01:29.310  4669  7187 I VRI[LauncherActivity]@ac9c2e6: mWNT: t=0xb40000735db72750 mBlastBufferQueue=0xb4000074fdb91dd0 fn= 339 HdrRenderState mRenderHdrSdrRatio=1.0 caller= com.android.systemui.shared.launcher.ViewRootImplCompat.mergeWithNextTransaction:4 com.honeyspace.transition.utils.SurfaceTransactionApplier.scheduleApply$lambda$1:16 com.honeyspace.transition.utils.SurfaceTransactionApplier.b:0 
01-25 19:01:29.311 30786 30815 E ashmem  : Pinning is deprecated since Android Q. Please use trim or other methods.
01-25 19:01:29.312  2421  6951 I ActivityManager: Changes in 10268 18 to 3, 128 to 184
01-25 19:01:29.312  2421  3814 D BackgroundInstallControlService: Package event received: 0
01-25 19:01:29.312  5776  5793 V OsAgent : broadcastSystemEvent - 7
01-25 19:01:29.312  2421  4636 D GraphicsStatsService: requestRenderEngineFor(com.ogabassey.contactscleaner.debug)
01-25 19:01:29.312  5148  5210 I RequestManager_FLP: onOpChanged, op=0 / packageName=com.android.vending
01-25 19:01:29.312 30786 30786 D ActivityThread: com.ogabassey.contactscleaner.debug will use render engine as VK
01-25 19:01:29.313 30786 30786 D HWUI    : HWUI - treat SMPTE_170M as sRGB
01-25 19:01:29.313 30786 30816 I DisplayManager: Choreographer implicitly registered for the refresh rate.
01-25 19:01:29.314 30786 30816 D HWUI    : CacheManager constructor. deviceInfo=(1080, 1920)
01-25 19:01:29.314 30786 30816 D vulkan  : searching for layers in '/data/app/~~u-uEE9eQexqDF5LCsSeycA==/com.ogabassey.contactscleaner.debug-j6srWuoMFfFQUZxllUcHtg==/lib/arm64'
01-25 19:01:29.314 30786 30816 D vulkan  : searching for layers in '/data/app/~~u-uEE9eQexqDF5LCsSeycA==/com.ogabassey.contactscleaner.debug-j6srWuoMFfFQUZxllUcHtg==/base.apk!/lib/arm64-v8a'
01-25 19:01:29.318  4669  4669 I HoneySpace.FloatingAnimator: [Player:A(28.787)] container x: 0.24961078, y: 3.6956935, scale : 0.99797374
01-25 19:01:29.318  4669  7188 I VRI[LauncherActivity]@ac9c2e6: mWNT: t=0xb40000735dba8290 mBlastBufferQueue=0xb4000074fdb91dd0 fn= 340 HdrRenderState mRenderHdrSdrRatio=1.0 caller= com.android.systemui.shared.launcher.ViewRootImplCompat.mergeWithNextTransaction:4 com.honeyspace.transition.utils.SurfaceTransactionApplier.scheduleApply$lambda$1:16 com.honeyspace.transition.utils.SurfaceTransactionApplier.b:0 
01-25 19:01:29.319 30786 30816 E Adreno-AppProfiles: QSPM AIDL service doesn't exist
01-25 19:01:29.319 30786 30816 I AdrenoVK-0: ===== BEGIN DUMP OF OVERRIDDEN SETTINGS =====
01-25 19:01:29.319 30786 30816 I AdrenoVK-0: ===== END DUMP OF OVERRIDDEN SETTINGS =====
01-25 19:01:29.321 30786 30816 D qdgralloc: Fetching IMapper5 from QtiMapper5
01-25 19:01:29.323 30786 30786 D CompatChangeReporter: Compat change id reported: 377864165; UID 10245; state: ENABLED
01-25 19:01:29.324 30786 30786 D DesktopModeFlags: Toggle override initialized to: OVERRIDE_UNSET
01-25 19:01:29.325 30786 30786 I DecorView: setWindowBackground: isPopOver=false color=ff020408 d=android.graphics.drawable.ColorDrawable@cc90c79
01-25 19:01:29.326  4669  4669 I HoneySpace.FloatingAnimator: [Player:A(28.787)] container x: 0.21917838, y: 3.2451167, scale : 0.99822074
01-25 19:01:29.327  4669  7187 I VRI[LauncherActivity]@ac9c2e6: mWNT: t=0xb40000735dae8a50 mBlastBufferQueue=0xb4000074fdb91dd0 fn= 341 HdrRenderState mRenderHdrSdrRatio=1.0 caller= com.android.systemui.shared.launcher.ViewRootImplCompat.mergeWithNextTransaction:4 com.honeyspace.transition.utils.SurfaceTransactionApplier.scheduleApply$lambda$1:16 com.honeyspace.transition.utils.SurfaceTransactionApplier.b:0 
01-25 19:01:29.327 30786 30816 I SnapAlloc: Graphics lib is available
01-25 19:01:29.332 30786 30816 I Adreno-UNKNOWN: Using previously loaded IMapper library.
01-25 19:01:29.335  4669  4669 I HoneySpace.FloatingAnimator: [Player:A(28.787)] container x: 0.1930005, y: 2.8575315, scale : 0.99843335
01-25 19:01:29.335 30786 30786 D ViewRootImpl: desktopMode is false
01-25 19:01:29.335  4669  7188 I VRI[LauncherActivity]@ac9c2e6: mWNT: t=0xb40000735db173d0 mBlastBufferQueue=0xb4000074fdb91dd0 fn= 342 HdrRenderState mRenderHdrSdrRatio=1.0 caller= com.android.systemui.shared.launcher.ViewRootImplCompat.mergeWithNextTransaction:4 com.honeyspace.transition.utils.SurfaceTransactionApplier.scheduleApply$lambda$1:16 com.honeyspace.transition.utils.SurfaceTransactionApplier.b:0 
01-25 19:01:29.335 30786 30816 I AdrenoVK-0: QUALCOMM build          : e4a2ccdb56, Icac6f3510c
01-25 19:01:29.335 30786 30816 I AdrenoVK-0: Build Date              : 07/21/25
01-25 19:01:29.335 30786 30816 I AdrenoVK-0: Shader Compiler Version : E031.47.18.36
01-25 19:01:29.335 30786 30816 I AdrenoVK-0: Local Branch            : 
01-25 19:01:29.335 30786 30816 I AdrenoVK-0: Remote Branch           : refs/tags/AU_LINUX_ANDROID_LA.VENDOR.15.4.0.11.00.00.1088.743
01-25 19:01:29.335 30786 30816 I AdrenoVK-0: Remote Branch           : NONE
01-25 19:01:29.335 30786 30816 I AdrenoVK-0: Reconstruct Branch      : NOTHING
01-25 19:01:29.335 30786 30816 I AdrenoVK-0: Build Config            : S P 18.0.0 AArch64
01-25 19:01:29.335 30786 30816 I AdrenoVK-0: Driver Path             : /vendor/lib64/hw/vulkan.adreno.so
01-25 19:01:29.336 30786 30816 I AdrenoVK-0: Driver Version          : 0800.40.1
01-25 19:01:29.336 30786 30816 I AdrenoVK-0: PFP                     : 0x01500077
01-25 19:01:29.336 30786 30816 I AdrenoVK-0: ME                      : 0x01500014
01-25 19:01:29.336 30786 30816 I AdrenoVK-0: Application Name    : android framework
01-25 19:01:29.336 30786 30816 I AdrenoVK-0: Application Version : 0x00000000
01-25 19:01:29.336 30786 30816 I AdrenoVK-0: Engine Name         : android framework
01-25 19:01:29.336 30786 30816 I AdrenoVK-0: Engine Version      : 0x00000000
01-25 19:01:29.336 30786 30816 I AdrenoVK-0: Api Version         : 0x00401000
01-25 19:01:29.336 30786 30786 I ViewRootImpl: dVRR is disabled
01-25 19:01:29.336 30786 30786 D HardwareRenderer: onDisplayChanged. displayId=0 current wxh=1440x3120 mLargest wxh=0x0
01-25 19:01:29.336 30786 30786 D HardwareRenderer: Set largestWidth and largestHeight as logical resolution. (1440x3120)
01-25 19:01:29.338  2421  3909 D NetdEventListenerService: DNS Requested by 103, 10245(com.ogabassey.contactscleaner.debug), SUCCESS, 0ms
01-25 19:01:29.342 30786 30816 D HWUI    : setMaxSurfaceArea requested wxh=(1440,3120) requestedSurfaceArea(4492800) mMaxSurfaceArea(2073600)
01-25 19:01:29.342 30786 30816 D NativeCustomFrequencyManager: [NativeCFMS] BpCustomFrequencyManager::BpCustomFrequencyManager()
01-25 19:01:29.343  4669  4669 I HoneySpace.FloatingAnimator: [Player:A(28.787)] container x: 0.16973263, y: 2.5130317, scale : 0.99862224
01-25 19:01:29.343  4669  7187 I VRI[LauncherActivity]@ac9c2e6: mWNT: t=0xb40000735db94250 mBlastBufferQueue=0xb4000074fdb91dd0 fn= 343 HdrRenderState mRenderHdrSdrRatio=1.0 caller= com.android.systemui.shared.launcher.ViewRootImplCompat.mergeWithNextTransaction:4 com.honeyspace.transition.utils.SurfaceTransactionApplier.scheduleApply$lambda$1:16 com.honeyspace.transition.utils.SurfaceTransactionApplier.b:0 
01-25 19:01:29.344  1760  1760 I SS_POWER_HINT_SESSION: SS_ADPF 30786-10245-330 PowerHintSession createHintSession : , 30820, 30821, 30786, 30816 : 16666667
01-25 19:01:29.344  2421  6974 D InputTransport: Input channel constructed: 'd522981', fd=1651
01-25 19:01:29.344  2421  6974 D InputTransport: Input channel constructed: 'd522981', fd=1653
01-25 19:01:29.344  1757  1895 I HYPER-HAL: [RequestManager.cpp]acquire(): Acquired ID : 9999867  [1760 / 2711]    HINT :      list : [TID_LOW_LATENCY / 1] [TID / 30820] [TID / 30821] [TID / 30786] [TID / 30816] 
01-25 19:01:29.344  2421  6974 D InputTransport: Input channel constructed: 'd522981', fd=1658
01-25 19:01:29.344  2421  6974 D InputTransport: Input channel destroyed: 'd522981', fd=1653
01-25 19:01:29.344  1888  5024 I SurfaceFlinger: id=7611 createSurf, flag=84004, d522981 com.ogabassey.contactscleaner.debug/com.ogabassey.contactscleaner.MainActivity#7611
01-25 19:01:29.345  2421  6974 D RestrictionPolicy: isScreenCaptureEnabled : ret=true userId=0
01-25 19:01:29.345  2421  6974 D RestrictionPolicy: isScreenCaptureEnabled : ret=true userId=0
01-25 19:01:29.345 30786 30820 E perf_hint: Session ID too large, must fit 32-bit integer
01-25 19:01:29.345  2421  6974 D InputTransport: Input channel destroyed: 'd522981', fd=1658
01-25 19:01:29.345 30786 30786 D InputTransport: Input channel constructed: 'd522981', fd=122
01-25 19:01:29.346 30786 30786 I InsetsController: onStateChanged: host=com.ogabassey.contactscleaner.debug/com.ogabassey.contactscleaner.MainActivity, from=android.view.ViewRootImpl.onInsetsStateChanged:3026, state=InsetsState: {mDisplayFrame=Rect(0, 0 - 1440, 3120), mDisplayCutout=DisplayCutout{insets=Rect(0, 113 - 0, 0) waterfall=Insets{left=0, top=0, right=0, bottom=0} boundingRect={Bounds=[Rect(0, 0 - 0, 0), Rect(685, 0 - 755, 113), Rect(0, 0 - 0, 0), Rect(0, 0 - 0, 0)]} cutoutPathParserInfo={CutoutPathParserInfo{displayWidth=1440 displayHeight=3120 physicalDisplayWidth=1440 physicalDisplayHeight=3120 density={3.75} cutoutSpec={M 0,0 H -9.333333333333333 V 30.13333333333333 H 9.333333333333333 V 0 H 0 Z @dp} rotation={0} scale={1.0} physicalPixelDisplaySizeRatio={1.0}}} sideOverrides={}}, mRoundedCorners=RoundedCorners{[RoundedCorner{position=TopLeft, radius=56, center=Point(56, 56)}, RoundedCorner{position=TopRight, radius=56, center=Point(1384, 56)}, RoundedCorner{position=BottomRight, radius=56, center=Point(1384, 3064)}, RoundedCorner{position=BottomLeft, radius=56, center=Point(56, 3064)}]}  mRoundedCornerFrame=Rect(0, 0 - 1440, 3120), mPrivacyIndicatorBounds=PrivacyIndicatorBounds {static bounds=Rect(1275, 0 - 1440, 113) rotation=0}, mDisplayShape=DisplayShape{ spec=-311912193 displayWidth=1440 displayHeight=3120 physicalPixelDisplaySizeRatio=1.0 rotation=0 offsetX=0 offsetY=0 scale=1.0}, mSources= { InsetsSource: {e68d0001 mType=navigationBars mFrame=[0,3064][1440,3120] mVisible=true mFlags=SUPPRESS_SCRIM mSideHint=BOTTOM mBoundingRects=null}, InsetsSource: {e68d0004 mType=systemGestures mFrame=[0,0][112,3120] mVisible=true mFlags= mSideHint=LEFT mBoundingRects=null}, InsetsSource: {e68d0005 mType=mandatorySystemGestures mFrame=[0,3000][1440,3120] mVisible=true mFlags= mSideHint=BOTTOM mBoundingRects=null}, InsetsSource: {e68d0006 mType=tappableElement mFrame=[0,0][0,0] mVisible=true mFlags= mSideHint=NONE mBoundingRects=null}, InsetsSource: {e68d0024 mType=systemGestures mFrame=[1328,0][1440,3120] mVisible=true mFlags= mSideHint=RIGHT mBoundingRects=null}, InsetsSource: {3 mType=ime mFrame=[0,0][0,0] mVisible=false mFlags= mSideHint=NONE mBoundingRects=null}, InsetsSource: {27 mType=displayCutout mFrame=[0,0][1440,113] mVisible=true mFlags= mSideHint=TOP mBoundingRects=null}, InsetsSource: {56ae0000 mType=statusBars mFrame=[0,0][1440,113] mVisible=true mFlags= mSideHint=TOP mBoundingRects=null}, InsetsSource: {56ae0005 mType=mandatorySystemGestures mFrame=[0,0][1440,158] mVisible=true mFlags= mSideHint=TOP mBoundingRects=null}, InsetsSource: {56ae0006 mType=tappableElement mFrame=[0,0][1440,113] mVisible=true mFlags= mSideHint=TOP mBoundingRects=null} }
01-25 19:01:29.346 30786 30786 I VRI[MainActivity]@543877a: synced displayState. AttachInfo displayState=2
01-25 19:01:29.346 30786 30786 I VRI[MainActivity]@543877a: setView = com.android.internal.policy.DecorView@eb05834 IsHRR=false mFlingFrameRateChange=0 TM=true
01-25 19:01:29.346 30786 30786 I IDS_TAG : Starting IDS observe window
01-25 19:01:29.346 30786 30786 I IDS_TAG : Getting Shared Preference for com.ogabassey.contactscleaner.CleanContactsApp@7dc1774 uid = 10245
01-25 19:01:29.347 30786 30786 I IDS_TAG : App com.ogabassey.contactscleaner.CleanContactsApp@7dc1774 has not finished training
01-25 19:01:29.347  2421  3107 D AnalyticsContainerHandler: handleMessage : { when=0 what=1 target=com.android.server.knox.KnoxAnalyticsContainer$AnalyticsHandler }
01-25 19:01:29.347  2421  3107 D AnalyticsContainerHandler: handleMessage : { when=0 what=2 target=com.android.server.knox.KnoxAnalyticsContainer$AnalyticsHandler }
01-25 19:01:29.347 30786 30786 W BillingClient: Client is already in the process of connecting to billing service.
01-25 19:01:29.350 30786 30786 W BillingClient: Client is already in the process of connecting to billing service.
01-25 19:01:29.350 30786 30816 D HWUI    : HWUI - treat SMPTE_170M as sRGB
01-25 19:01:29.350 30786 30786 I IDS_TAG : Closing IDS observe window
01-25 19:01:29.350 30786 30786 I IDS_TAG : Getting Shared Preference for com.ogabassey.contactscleaner.CleanContactsApp@7dc1774 uid = 10245
01-25 19:01:29.350 30786 30786 I IDS_TAG : IDS count updated to 5 for com.ogabassey.contactscleaner.CleanContactsApp@7dc1774
01-25 19:01:29.351 13344 29716 I Finsky  : [382] com.ogabassey.contactscleaner.debug: Account from first account - [NN7wVj_qF3ayrTJRyjeZui7y19QnVUoFfurzUOl72bY]
01-25 19:01:29.351 13344 29716 I Finsky  : [382] Billing preferred account via installer for com.ogabassey.contactscleaner.debug: [NN7wVj_qF3ayrTJRyjeZui7y19QnVUoFfurzUOl72bY]
01-25 19:01:29.351  2421  6974 D CoreBackPreview: Window{d522981 u0 com.ogabassey.contactscleaner.debug/com.ogabassey.contactscleaner.MainActivity}: Setting back callback OnBackInvokedCallbackInfo{mCallback=android.window.IOnBackInvokedCallback$Stub$Proxy@4e468d6, mPriority=-1, mIsAnimationCallback=false, mOverrideBehavior=0}
01-25 19:01:29.351  1888  1888 I SurfaceFlinger: [d522981 com.ogabassey.contactscleaner.debug/com.ogabassey.contactscleaner.MainActivity#7611] attach to parent LayerHierarchy{RequestedLayerState{ActivityRecord{194550561 u0 com.ogabassey.contactscleaner.debug/com.ogabassey.contactscleaner.MainActivity t13850}#7601 parentId=7600} 3 children}
01-25 19:01:29.351  4669  4669 I HoneySpace.FloatingAnimator: [Player:A(28.787)] container x: 0.14646477, y: 2.1685317, scale : 0.99881107
01-25 19:01:29.351 13344 29716 I Finsky  : [382] com.ogabassey.contactscleaner.debug: Account from first account - [NN7wVj_qF3ayrTJRyjeZui7y19QnVUoFfurzUOl72bY]
01-25 19:01:29.352 13344 29716 I Finsky  : [382] Billing preferred account via installer for com.ogabassey.contactscleaner.debug: [NN7wVj_qF3ayrTJRyjeZui7y19QnVUoFfurzUOl72bY]
01-25 19:01:29.352  4669  7188 I VRI[LauncherActivity]@ac9c2e6: mWNT: t=0xb40000735dab5590 mBlastBufferQueue=0xb4000074fdb91dd0 fn= 344 HdrRenderState mRenderHdrSdrRatio=1.0 caller= com.android.systemui.shared.launcher.ViewRootImplCompat.mergeWithNextTransaction:4 com.honeyspace.transition.utils.SurfaceTransactionApplier.scheduleApply$lambda$1:16 com.honeyspace.transition.utils.SurfaceTransactionApplier.b:0 
01-25 19:01:29.352  5319  7418 I Backup  : [GmsBackupAccountManager] Backup account not found in gmscore.
01-25 19:01:29.356  4963 30830 W ChimeraUtils: Module com.google.android.gms.backup_base missing resource null(0)
01-25 19:01:29.359  1888  1888 I SurfaceFlinger: RequestedLayer [d522981 com.ogabassey.contactscleane[...]ey.contactscleaner.MainActivity#7611] hidden!! flag  from(1) --> to(0)
01-25 19:01:29.360  4669  4669 I HoneySpace.FloatingAnimator: [Player:A(28.787)] container x: 0.12028688, y: 1.7809465, scale : 0.9990236
01-25 19:01:29.360  4669  7187 I VRI[LauncherActivity]@ac9c2e6: mWNT: t=0xb40000735dba0650 mBlastBufferQueue=0xb4000074fdb91dd0 fn= 345 HdrRenderState mRenderHdrSdrRatio=1.0 caller= com.android.systemui.shared.launcher.ViewRootImplCompat.mergeWithNextTransaction:4 com.honeyspace.transition.utils.SurfaceTransactionApplier.scheduleApply$lambda$1:16 com.honeyspace.transition.utils.SurfaceTransactionApplier.b:0 
01-25 19:01:29.368  4669  4669 I HoneySpace.FloatingAnimator: [Player:A(28.787)] container x: 0.09701902, y: 1.4364467, scale : 0.9992125
01-25 19:01:29.368  4669  7188 I VRI[LauncherActivity]@ac9c2e6: mWNT: t=0xb40000735db02210 mBlastBufferQueue=0xb4000074fdb91dd0 fn= 346 HdrRenderState mRenderHdrSdrRatio=1.0 caller= com.android.systemui.shared.launcher.ViewRootImplCompat.mergeWithNextTransaction:4 com.honeyspace.transition.utils.SurfaceTransactionApplier.scheduleApply$lambda$1:16 com.honeyspace.transition.utils.SurfaceTransactionApplier.b:0 
01-25 19:01:29.376  4669  4669 I HoneySpace.FloatingAnimator: [Player:A(28.787)] container x: 0.08377659, y: 1.2403816, scale : 0.99932
01-25 19:01:29.376  4669  7187 I VRI[LauncherActivity]@ac9c2e6: mWNT: t=0xb40000735db83d90 mBlastBufferQueue=0xb4000074fdb91dd0 fn= 347 HdrRenderState mRenderHdrSdrRatio=1.0 caller= com.android.systemui.shared.launcher.ViewRootImplCompat.mergeWithNextTransaction:4 com.honeyspace.transition.utils.SurfaceTransactionApplier.scheduleApply$lambda$1:16 com.honeyspace.transition.utils.SurfaceTransactionApplier.b:0 
01-25 19:01:29.379  4963 30217 D ConnectivityManager: StackLog: [android.net.ConnectivityManager.reportNetworkConnectivity(ConnectivityManager.java:3685)] [bvpn.a(:com.google.android.gms@255034035@25.50.34 (260400-855735097):15)] [bvrr.n(:com.google.android.gms@255034035@25.50.34 (260400-855735097):6)] [bvrf.run(:com.google.android.gms@255034035@25.50.34 (260400-855735097):650)] [bvsc.run(:com.google.android.gms@255034035@25.50.34 (260400-855735097):5)] [glma.run(:com.google.android.gms@255034035@25.50.34 (260400-855735097):19)] [beeh.c(:com.google.android.gms@255034035@25.50.34 (260400-855735097):50)] [beeh.run(:com.google.android.gms@255034035@25.50.34 (260400-855735097):73)] [java.util.concurrent.ThreadPoolExecutor.runWorker(ThreadPoolExecutor.java:1156)] [java.util.concurrent.ThreadPoolExecutor$Worker.run(ThreadPoolExecutor.java:651)] [bejy.run(:com.google.android.gms@255034035@25.50.34 (260400-855735097):8)] [java.lang.Thread.run(Thread.java:1119)]
01-25 19:01:29.379  4963 30217 I AlarmManager: setExactAndAllowWhileIdle [name: GCM_HB_ALARM type: 2 triggerAtMillis: 14641171]
01-25 19:01:29.379  2421  4121 D AlarmManager: force change alarm method to setWindow() callingUid=10269, sourcePackage=com.google.android.gms, action=com.google.android.gms.gcm.HEARTBEAT_ALARM, origTriggerAtTime=14641171, triggerAtTime=14551171, windowLength=90000
01-25 19:01:29.380  1888  2245 I CompositionEngine: [setDisplaySize] size=(579, 56)
01-25 19:01:29.382  4963 29839 I AlarmManager: setExactAndAllowWhileIdle [name: FcmRetry type: 2 triggerAtMillis: 14581173]
01-25 19:01:29.382  4963 30217 I AlarmManager: setExactAndAllowWhileIdle [name: GCM_HB_ALARM type: 2 triggerAtMillis: 14641174]
01-25 19:01:29.382  2421  6974 D AlarmManager: force change alarm method to setWindow() callingUid=10269, sourcePackage=com.google.android.gms, action=com.google.android.gms.gcm.HEARTBEAT_ALARM, origTriggerAtTime=14641174, triggerAtTime=14551174, windowLength=90000
01-25 19:01:29.383  2421  2968 D BaseRestrictionMgr: Package: com.whatsapp.w4b, userid: 0, hostingType: broadcast is allowed by freecess, caller is: com.google.android.gms
01-25 19:01:29.383  2421  5130 D ActivityManager: unpendingScheduleServiceRestart: u=10347, drop=false
01-25 19:01:29.384  4669  4669 I HoneySpace.FloatingAnimator: [Player:A(28.787)] container x: 0.07120949, y: 1.0543153, scale : 0.99942195
01-25 19:01:29.385  4669  7188 I VRI[LauncherActivity]@ac9c2e6: mWNT: t=0xb40000735db19350 mBlastBufferQueue=0xb4000074fdb91dd0 fn= 348 HdrRenderState mRenderHdrSdrRatio=1.0 caller= com.android.systemui.shared.launcher.ViewRootImplCompat.mergeWithNextTransaction:4 com.honeyspace.transition.utils.SurfaceTransactionApplier.scheduleApply$lambda$1:16 com.honeyspace.transition.utils.SurfaceTransactionApplier.b:0 
01-25 19:01:29.393  4669  4669 I HoneySpace.FloatingAnimator: [Player:A(28.787)] container x: 0.060036004, y: 0.8888826, scale : 0.9995127
01-25 19:01:29.393  4669  7187 I VRI[LauncherActivity]@ac9c2e6: mWNT: t=0xb40000735dacb8d0 mBlastBufferQueue=0xb4000074fdb91dd0 fn= 349 HdrRenderState mRenderHdrSdrRatio=1.0 caller= com.android.systemui.shared.launcher.ViewRootImplCompat.mergeWithNextTransaction:4 com.honeyspace.transition.utils.SurfaceTransactionApplier.scheduleApply$lambda$1:16 com.honeyspace.transition.utils.SurfaceTransactionApplier.b:0 
01-25 19:01:29.401  4669  4669 I HoneySpace.FloatingAnimator: [Player:A(28.787)] container x: 0.048862517, y: 0.7234499, scale : 0.99960333
01-25 19:01:29.401  4669  7188 I VRI[LauncherActivity]@ac9c2e6: mWNT: t=0xb40000735db6ed90 mBlastBufferQueue=0xb4000074fdb91dd0 fn= 350 HdrRenderState mRenderHdrSdrRatio=1.0 caller= com.android.systemui.shared.launcher.ViewRootImplCompat.mergeWithNextTransaction:4 com.honeyspace.transition.utils.SurfaceTransactionApplier.scheduleApply$lambda$1:16 com.honeyspace.transition.utils.SurfaceTransactionApplier.b:0 
01-25 19:01:29.409 30786 30786 I tscleaner.debug: hiddenapi: Accessing hidden method Landroid/os/SystemProperties;->addChangeCallback(Ljava/lang/Runnable;)V (runtime_flags=0, domain=platform, api=unsupported) from Landroidx/compose/ui/platform/AndroidComposeView$Companion; (domain=app) using reflection: allowed
01-25 19:01:29.409  4669  4669 I HoneySpace.FloatingAnimator: [Player:A(28.787)] container x: 0.036289275, y: 0.53729266, scale : 0.99970543
01-25 19:01:29.410  4669  7187 I VRI[LauncherActivity]@ac9c2e6: mWNT: t=0xb40000735dabe510 mBlastBufferQueue=0xb4000074fdb91dd0 fn= 351 HdrRenderState mRenderHdrSdrRatio=1.0 caller= com.android.systemui.shared.launcher.ViewRootImplCompat.mergeWithNextTransaction:4 com.honeyspace.transition.utils.SurfaceTransactionApplier.scheduleApply$lambda$1:16 com.honeyspace.transition.utils.SurfaceTransactionApplier.b:0 
01-25 19:01:29.413  4018  4018 D Bubbles : onEntryUpdated : shouldBubbleUp=false ,key=-1|com.android.systemui|2131364006|charging_state|10044
01-25 19:01:29.413  4018  4018 D InterruptionStateProvider:  no Heads up : edgelighting enabled app. -1|com.android.systemui|2131364006|charging_state|10044
01-25 19:01:29.413  4018  4018 I {OngoingActivityController}: onEntryUpdated and OA data is empty. So update latest task info
01-25 19:01:29.414  4018  4018 I {OngoingActivityDataHelper}: setBaseActivityComponentName:ComponentInfo{com.ogabassey.contactscleaner.debug/com.ogabassey.contactscleaner.MainActivity}
01-25 19:01:29.418  4669  4669 I HoneySpace.FloatingAnimator: [Player:A(28.787)] container x: 0.025115788, y: 0.37185997, scale : 0.99979615
01-25 19:01:29.418  4669  7188 I VRI[LauncherActivity]@ac9c2e6: mWNT: t=0xb40000735db2bb10 mBlastBufferQueue=0xb4000074fdb91dd0 fn= 352 HdrRenderState mRenderHdrSdrRatio=1.0 caller= com.android.systemui.shared.launcher.ViewRootImplCompat.mergeWithNextTransaction:4 com.honeyspace.transition.utils.SurfaceTransactionApplier.scheduleApply$lambda$1:16 com.honeyspace.transition.utils.SurfaceTransactionApplier.b:0 
01-25 19:01:29.420  4018  4018 W RefactorFlag: New code path expects SceneContainerFlag to be enabled.
01-25 19:01:29.420  4018  4018 D ExpandableNotifRow: mMaxSmallHeight different before reInflateViews mMaxSmallHeight: 270 mTempSmallHeight:0 -1|com.android.systemui|2131364006|charging_state|10044
01-25 19:01:29.421  4018  4018 D ExpandableNotifRow: mMaxSmallHeight different before reInflateViews mMaxSmallHeight: 270 mTempSmallHeight:0 -1|com.android.systemui|2131364006|charging_state|10044
01-25 19:01:29.422  4018  4018 I LockscreenNotificationIconsOnlyController: onNotificationInfoUpdated 0
01-25 19:01:29.422  4018  4018 I AODNotificationManager: updateNotification() 
01-25 19:01:29.426  4669  4669 I HoneySpace.FloatingAnimator: [Player:A(28.787)] container x: 0.018896699, y: 0.27978122, scale : 0.9998466
01-25 19:01:29.426  4018  4736 D LocalImageResolver: Couldn't use ImageDecoder for drawable, falling back to non-resized load.
01-25 19:01:29.426  4669  7187 I VRI[LauncherActivity]@ac9c2e6: mWNT: t=0xb40000735db09210 mBlastBufferQueue=0xb4000074fdb91dd0 fn= 353 HdrRenderState mRenderHdrSdrRatio=1.0 caller= com.android.systemui.shared.launcher.ViewRootImplCompat.mergeWithNextTransaction:4 com.honeyspace.transition.utils.SurfaceTransactionApplier.scheduleApply$lambda$1:16 com.honeyspace.transition.utils.SurfaceTransactionApplier.b:0 
01-25 19:01:29.427  4018  4736 D LocalImageResolver: Couldn't use ImageDecoder for drawable, falling back to non-resized load.
01-25 19:01:29.429  4018  4018 D LocalImageResolver: Couldn't use ImageDecoder for drawable, falling back to non-resized load.
01-25 19:01:29.433  2421  3758 D MdnieScenarioControlService:  packageName : com.ogabassey.contactscleaner.debug    className : com.ogabassey.contactscleaner.MainActivity
01-25 19:01:29.433  2421  3758 V MdnieScenarioControlService: setUIMode from UI function(3)
01-25 19:01:29.434  4669  4669 I HoneySpace.FloatingAnimator: [Player:A(28.787)] container x: 0.015563071, y: 0.2304241, scale : 0.99987376
01-25 19:01:29.435  4669  7188 I VRI[LauncherActivity]@ac9c2e6: mWNT: t=0xb40000735dad1590 mBlastBufferQueue=0xb4000074fdb91dd0 fn= 354 HdrRenderState mRenderHdrSdrRatio=1.0 caller= com.android.systemui.shared.launcher.ViewRootImplCompat.mergeWithNextTransaction:4 com.honeyspace.transition.utils.SurfaceTransactionApplier.scheduleApply$lambda$1:16 com.honeyspace.transition.utils.SurfaceTransactionApplier.b:0 
01-25 19:01:29.435  4018  4018 W RefactorFlag: New code path expects SceneContainerFlag to be enabled.
01-25 19:01:29.437  4018  4018 D ExpandableNotifRow: mMaxSmallHeight different before reInflateViews mMaxSmallHeight: 270 mTempSmallHeight:0 -1|com.android.systemui|2131364006|charging_state|10044
01-25 19:01:29.437  4018  4018 D ExpandableNotifRow: mMaxSmallHeight different before reInflateViews mMaxSmallHeight: 270 mTempSmallHeight:0 -1|com.android.systemui|2131364006|charging_state|10044
01-25 19:01:29.437  4018  4018 D ExpandableNotifRow: mMaxSmallHeight different before reInflateViews mMaxSmallHeight: 270 mTempSmallHeight:0 -1|com.android.systemui|2131364006|charging_state|10044
01-25 19:01:29.437  4018  4018 D ExpandableNotifRow: mMaxSmallHeight different before reInflateViews mMaxSmallHeight: 270 mTempSmallHeight:0 -1|com.android.systemui|2131364006|charging_state|10044
01-25 19:01:29.439  4018  4018 D LocalImageResolver: Couldn't use ImageDecoder for drawable, falling back to non-resized load.
01-25 19:01:29.443  4669  4669 I HoneySpace.FloatingAnimator: [Player:A(28.787)] container x: 0.012597799, y: 0.18652081, scale : 0.9998978
01-25 19:01:29.443  4669  7187 I VRI[LauncherActivity]@ac9c2e6: mWNT: t=0xb40000735db4add0 mBlastBufferQueue=0xb4000074fdb91dd0 fn= 355 HdrRenderState mRenderHdrSdrRatio=1.0 caller= com.android.systemui.shared.launcher.ViewRootImplCompat.mergeWithNextTransaction:4 com.honeyspace.transition.utils.SurfaceTransactionApplier.scheduleApply$lambda$1:16 com.honeyspace.transition.utils.SurfaceTransactionApplier.b:0 
01-25 19:01:29.445  4018  4018 W RefactorFlag: New code path expects SceneContainerFlag to be enabled.
01-25 19:01:29.445  4018  4018 D ExpandableNotifRow: mMaxSmallHeight different before reInflateViews mMaxSmallHeight: 270 mTempSmallHeight:0 -1|com.android.systemui|2131364006|charging_state|10044
01-25 19:01:29.445  4018  4018 D ExpandableNotifRow: mMaxSmallHeight different before reInflateViews mMaxSmallHeight: 270 mTempSmallHeight:0 -1|com.android.systemui|2131364006|charging_state|10044
01-25 19:01:29.446  4018  4018 I LockscreenNotificationIconsOnlyController: onNotificationInfoUpdated 0
01-25 19:01:29.446  4018  4018 I AODNotificationManager: updateNotification() 
01-25 19:01:29.448 30786 30786 D AndroidRuntime: Shutting down VM
--------- beginning of crash
01-25 19:01:29.449 30786 30786 E AndroidRuntime: FATAL EXCEPTION: main
01-25 19:01:29.449 30786 30786 E AndroidRuntime: Process: com.ogabassey.contactscleaner.debug, PID: 30786
01-25 19:01:29.449 30786 30786 E AndroidRuntime: java.lang.RuntimeException: java.lang.reflect.InvocationTargetException
01-25 19:01:29.449 30786 30786 E AndroidRuntime: 	at com.android.internal.os.RuntimeInit$MethodAndArgsCaller.run(RuntimeInit.java:642)
01-25 19:01:29.449 30786 30786 E AndroidRuntime: 	at com.android.internal.os.ZygoteInit.main(ZygoteInit.java:975)
01-25 19:01:29.449 30786 30786 E AndroidRuntime: Caused by: java.lang.reflect.InvocationTargetException
01-25 19:01:29.449 30786 30786 E AndroidRuntime: 	at java.lang.reflect.Method.invoke(Native Method)
01-25 19:01:29.449 30786 30786 E AndroidRuntime: 	at com.android.internal.os.RuntimeInit$MethodAndArgsCaller.run(RuntimeInit.java:632)
01-25 19:01:29.449 30786 30786 E AndroidRuntime: 	... 1 more
01-25 19:01:29.449 30786 30786 E AndroidRuntime: Caused by: org.koin.core.error.NoDefinitionFoundException: No definition found for type 'com.ogabassey.contactscleaner.ui.dashboard.DashboardViewModel'. Check your Modules configuration and add missing type and/or qualifier!
01-25 19:01:29.449 30786 30786 E AndroidRuntime: 	at org.koin.core.resolution.CoreResolver.resolveFromContext(CoreResolver.kt:178)
01-25 19:01:29.449 30786 30786 E AndroidRuntime: 	at org.koin.core.scope.Scope.resolveFromContext(Scope.kt:319)
01-25 19:01:29.449 30786 30786 E AndroidRuntime: 	at org.koin.core.scope.Scope.stackParametersCall(Scope.kt:290)
01-25 19:01:29.449 30786 30786 E AndroidRuntime: 	at org.koin.core.scope.Scope.resolveInstance(Scope.kt:268)
01-25 19:01:29.449 30786 30786 E AndroidRuntime: 	at org.koin.core.scope.Scope.resolve(Scope.kt:241)
01-25 19:01:29.449 30786 30786 E AndroidRuntime: 	at org.koin.core.scope.Scope.getWithParameters(Scope.kt:232)
01-25 19:01:29.449 30786 30786 E AndroidRuntime: 	at org.koin.viewmodel.factory.KoinViewModelFactory.create(KoinViewModelFactory.kt:49)
01-25 19:01:29.449 30786 30786 E AndroidRuntime: 	at androidx.lifecycle.viewmodel.internal.ViewModelProviderImpl_androidKt.createViewModel(ViewModelProviderImpl.android.kt:35)
01-25 19:01:29.449 30786 30786 E AndroidRuntime: 	at androidx.lifecycle.viewmodel.internal.ViewModelProviderImpl.getViewModel$lifecycle_viewmodel(ViewModelProviderImpl.kt:59)
01-25 19:01:29.449 30786 30786 E AndroidRuntime: 	at androidx.lifecycle.viewmodel.internal.ViewModelProviderImpl.getViewModel$lifecycle_viewmodel$default(ViewModelProviderImpl.kt:43)
01-25 19:01:29.449 30786 30786 E AndroidRuntime: 	at androidx.lifecycle.ViewModelProvider.get(ViewModelProvider.android.kt:90)
01-25 19:01:29.449 30786 30786 E AndroidRuntime: 	at org.koin.viewmodel.GetViewModelKt.resolveViewModel(GetViewModel.kt:60)
01-25 19:01:29.449 30786 30786 E AndroidRuntime: 	at com.ogabassey.contactscleaner.ui.dashboard.DashboardScreenKt.DashboardScreen(DashboardScreen.kt:582)
01-25 19:01:29.449 30786 30786 E AndroidRuntime: 	at com.ogabassey.contactscleaner.ui.navigation.AppNavigationKt$AppNavigation$1$1$1.invoke(AppNavigation.kt:55)
01-25 19:01:29.449 30786 30786 E AndroidRuntime: 	at com.ogabassey.contactscleaner.ui.navigation.AppNavigationKt$AppNavigation$1$1$1.invoke(AppNavigation.kt:54)
01-25 19:01:29.449 30786 30786 E AndroidRuntime: 	at androidx.compose.runtime.internal.ComposableLambdaImpl.invoke(ComposableLambda.kt:142)
01-25 19:01:29.449 30786 30786 E AndroidRuntime: 	at androidx.compose.runtime.internal.ComposableLambdaImpl.invoke(ComposableLambda.kt:51)
01-25 19:01:29.449 30786 30786 E AndroidRuntime: 	at androidx.navigation.compose.NavHostKt$NavHost$32$1.invoke(NavHost.kt:703)
01-25 19:01:29.449 30786 30786 E AndroidRuntime: 	at androidx.navigation.compose.NavHostKt$NavHost$32$1.invoke(NavHost.kt:702)
01-25 19:01:29.449 30786 30786 E AndroidRuntime: 	at androidx.compose.runtime.internal.ComposableLambdaImpl.invoke(ComposableLambda.kt:121)
01-25 19:01:29.449 30786 30786 E AndroidRuntime: 	at androidx.compose.runtime.internal.ComposableLambdaImpl.invoke(ComposableLambda.kt:51)
01-25 19:01:29.449 30786 30786 E AndroidRuntime: 	at androidx.compose.runtime.CompositionLocalKt.CompositionLocalProvider(CompositionLocal.kt:370)
01-25 19:01:29.449 30786 30786 E AndroidRuntime: 	at androidx.compose.runtime.saveable.SaveableStateHolderImpl.SaveableStateProvider(SaveableStateHolder.kt:82)
01-25 19:01:29.449 30786 30786 E AndroidRuntime: 	at androidx.navigation.compose.NavBackStackEntryProviderKt.SaveableStateProvider(NavBackStackEntryProvider.kt:65)
01-25 19:01:29.449 30786 30786 E AndroidRuntime: 	at androidx.navigation.compose.NavBackStackEntryProviderKt.access$SaveableStateProvider(NavBackStackEntryProvider.kt:1)
01-25 19:01:29.449 30786 30786 E AndroidRuntime: 	at androidx.navigation.compose.NavBackStackEntryProviderKt$LocalOwnersProvider$1.invoke(NavBackStackEntryProvider.kt:52)
01-25 19:01:29.449 30786 30786 E AndroidRuntime: 	at androidx.navigation.compose.NavBackStackEntryProviderKt$LocalOwnersProvider$1.invoke(NavBackStackEntryProvider.kt:51)
01-25 19:01:29.449 30786 30786 E AndroidRuntime: 	at androidx.compose.runtime.internal.ComposableLambdaImpl.invoke(ComposableLambda.kt:121)
01-25 19:01:29.449 30786 30786 E AndroidRuntime: 	at androidx.compose.runtime.internal.ComposableLambdaImpl.invoke(ComposableLambda.kt:51)
01-25 19:01:29.449 30786 30786 E AndroidRuntime: 	at androidx.compose.runtime.CompositionLocalKt.CompositionLocalProvider(CompositionLocal.kt:370)
01-25 19:01:29.449 30786 30786 E AndroidRuntime: 	at androidx.navigation.compose.NavBackStackEntryProviderKt.LocalOwnersProvider(NavBackStackEntryProvider.kt:47)
01-25 19:01:29.449 30786 30786 E AndroidRuntime: 	at androidx.navigation.compose.NavHostKt$NavHost$32.invoke(NavHost.kt:702)
01-25 19:01:29.449 30786 30786 E AndroidRuntime: 	at androidx.navigation.compose.NavHostKt$NavHost$32.invoke(NavHost.kt:683)
01-25 19:01:29.449 30786 30786 E AndroidRuntime: 	at androidx.compose.runtime.internal.ComposableLambdaImpl.invoke(ComposableLambda.kt:142)
01-25 19:01:29.449 30786 30786 E AndroidRuntime: 	at androidx.compose.runtime.internal.ComposableLambdaImpl.invoke(ComposableLambda.kt:51)
01-25 19:01:29.450 30786 30786 E AndroidRuntime: 	at androidx.compose.animation.AnimatedContentKt$AnimatedContent$6$1$5.invoke(AnimatedContent.kt:863)
01-25 19:01:29.450 30786 30786 E AndroidRuntime: 	at androidx.compose.animation.AnimatedContentKt$AnimatedContent$6$1$5.invoke(AnimatedContent.kt:853)
01-25 19:01:29.450 30786 30786 E AndroidRuntime: 	at androidx.compose.runtime.internal.ComposableLambdaImpl.invoke(ComposableLambda.kt:130)
01-25 19:01:29.450 30786 30786 E AndroidRuntime: 	at androidx.compose.runtime.internal.ComposableLambdaImpl.invoke(ComposableLambda.kt:51)
01-25 19:01:29.450 30786 30786 E AndroidRuntime: 	at androidx.compose.animation.AnimatedVisibilityKt.AnimatedEnterExitImpl(AnimatedVisibility.kt:752)
01-25 19:01:29.450 30786 30786 E AndroidRuntime: 	at androidx.compose.animation.AnimatedContentKt$AnimatedContent$6$1.invoke(AnimatedContent.kt:835)
01-25 19:01:29.450 30786 30786 E AndroidRuntime: 	at androidx.compose.animation.AnimatedContentKt$AnimatedContent$6$1.invoke(AnimatedContent.kt:818)
01-25 19:01:29.450 30786 30786 E AndroidRuntime: 	at androidx.compose.runtime.internal.ComposableLambdaImpl.invoke(ComposableLambda.kt:121)
01-25 19:01:29.450 30786 30786 E AndroidRuntime: 	at androidx.compose.runtime.internal.ComposableLambdaImpl.invoke(ComposableLambda.kt:51)
01-25 19:01:29.450 30786 30786 E AndroidRuntime: 	at androidx.compose.animation.AnimatedContentKt.AnimatedContent(AnimatedContent.kt:873)
01-25 19:01:29.450 30786 30786 E AndroidRuntime: 	at androidx.navigation.compose.NavHostKt.NavHost(NavHost.kt:655)
01-25 19:01:29.450 30786 30786 E AndroidRuntime: 	at androidx.navigation.compose.NavHostKt.NavHost(NavHost.kt:212)
01-25 19:01:29.450 30786 30786 E AndroidRuntime: 	at com.ogabassey.contactscleaner.ui.navigation.AppNavigationKt.AppNavigation(AppNavigation.kt:50)
01-25 19:01:29.450 30786 30786 E AndroidRuntime: 	at com.ogabassey.contactscleaner.ComposableSingletons$AppKt$lambda-1$1.invoke(App.kt:24)
01-25 19:01:29.450 30786 30786 E AndroidRuntime: 	at com.ogabassey.contactscleaner.ComposableSingletons$AppKt$lambda-1$1.invoke(App.kt:23)
01-25 19:01:29.450 30786 30786 E AndroidRuntime: 	at androidx.compose.runtime.internal.ComposableLambdaImpl.invoke(ComposableLambda.kt:121)
01-25 19:01:29.450 30786 30786 E AndroidRuntime: 	at androidx.compose.runtime.internal.ComposableLambdaImpl.invoke(ComposableLambda.kt:51)
01-25 19:01:29.450 30786 30786 E AndroidRuntime: 	at androidx.compose.material3.SurfaceKt$Surface$1.invoke(Surface.kt:126)
01-25 19:01:29.450 30786 30786 E AndroidRuntime: 	at androidx.compose.material3.SurfaceKt$Surface$1.invoke(Surface.kt:108)
01-25 19:01:29.450 30786 30786 E AndroidRuntime: 	at androidx.compose.runtime.internal.ComposableLambdaImpl.invoke(ComposableLambda.kt:121)
01-25 19:01:29.450 30786 30786 E AndroidRuntime: 	at androidx.compose.runtime.internal.ComposableLambdaImpl.invoke(ComposableLambda.kt:51)
01-25 19:01:29.450 30786 30786 E AndroidRuntime: 	at androidx.compose.runtime.CompositionLocalKt.CompositionLocalProvider(CompositionLocal.kt:370)
01-25 19:01:29.450 30786 30786 E AndroidRuntime: 	at androidx.compose.material3.SurfaceKt.Surface-T9BRK9s(Surface.kt:105)
01-25 19:01:29.450 30786 30786 E AndroidRuntime: 	at com.ogabassey.contactscleaner.ComposableSingletons$AppKt$lambda-2$1.invoke(App.kt:20)
01-25 19:01:29.450 30786 30786 E AndroidRuntime: 	at com.ogabassey.contactscleaner.ComposableSingletons$AppKt$lambda-2$1.invoke(App.kt:19)
01-25 19:01:29.450 30786 30786 E AndroidRuntime: 	at androidx.compose.runtime.internal.ComposableLambdaImpl.invoke(ComposableLambda.kt:121)
01-25 19:01:29.450 30786 30786 E AndroidRuntime: 	at androidx.compose.runtime.internal.ComposableLambdaImpl.invoke(ComposableLambda.kt:51)
01-25 19:01:29.450 30786 30786 E AndroidRuntime: 	at androidx.compose.runtime.CompositionLocalKt.CompositionLocalProvider(CompositionLocal.kt:390)
01-25 19:01:29.450 30786 30786 E AndroidRuntime: 	at androidx.compose.material3.TextKt.ProvideTextStyle(Text.kt:349)
01-25 19:01:29.450 30786 30786 E AndroidRuntime: 	at androidx.compose.material3.MaterialThemeKt$MaterialTheme$1.invoke(MaterialTheme.kt:69)
01-25 19:01:29.450 30786 30786 E AndroidRuntime: 	at androidx.compose.material3.MaterialThemeKt$MaterialTheme$1.invoke(MaterialTheme.kt:68)
01-25 19:01:29.450 30786 30786 E AndroidRuntime: 	at androidx.compose.runtime.internal.ComposableLambdaImpl.invoke(ComposableLambda.kt:121)
01-25 19:01:29.450 30786 30786 E AndroidRuntime: 	at androidx.compose.runtime.internal.ComposableLambdaImpl.invoke(ComposableLambda.kt:51)
01-25 19:01:29.450 30786 30786 E AndroidRuntime: 	at androidx.compose.runtime.CompositionLocalKt.CompositionLocalProvider(CompositionLocal.kt:370)
01-25 19:01:29.450 30786 30786 E AndroidRuntime: 	at androidx.compose.material3.MaterialThemeKt.MaterialTheme(MaterialTheme.kt:60)
01-25 19:01:29.450 30786 30786 E AndroidRuntime: 	at com.ogabassey.contactscleaner.ui.theme.ThemeKt.CleanContactsAITheme(Theme.kt:50)
01-25 19:01:29.450 30786 30786 E AndroidRuntime: 	at com.ogabassey.contactscleaner.AppKt.App(App.kt:19)
