--------- beginning of main
01-25 19:01:28.795  4669  4669 I HoneySpace.FloatingAnimator: add positionListener - com.honeyspace.transition.anim.floating.c@5198234
01-25 19:01:28.795  4669 28091 I HoneySpace.SuggestedAppsRepositoryImpl: sendSuggestedAppsLaunchTarget: ComponentInfo{com.ogabassey.contactscleaner.debug/com.ogabassey.contactscleaner.MainActivity}
01-25 19:01:28.795  4018  4018 D BackPanelController: updateArrowState: CANCELLED -> GONE
01-25 19:01:28.795 30786 30786 I tscleaner.debug: Late-enabling -Xcheck:jni
01-25 19:01:28.796  4669 28091 I HoneySpace.SPayHandler: updateSpayHandler launcher activity is paused false
01-25 19:01:28.796  4669  4669 I HoneySpace.Launcher: !@Boot_EBS_D: Launcher.onPause()
01-25 19:01:28.796  4669  4669 I HoneySpace.Launcher: updateLauncherShowing true -> false
--------- beginning of system
01-25 19:01:28.797  2421  6906 V WindowManager: Checking theme of starting window: 0x7f0f010f
01-25 19:01:28.797  2421  6906 V WindowManager: Translucent=false Floating=false ShowWallpaper=false Disable=false
01-25 19:01:28.797  2421  6906 V WindowManager: Collecting in transition 683: ActivityRecord{194550561 u0 com.ogabassey.contactscleaner.debug/com.ogabassey.contactscleaner.MainActivity t13850}, caller=com.android.server.wm.TransitionController.collect:7 com.android.server.wm.ActivityRecord.setVisibility:132 com.android.server.wm.EnsureActivitiesVisibleHelper.process:459 com.android.server.wm.TaskFragment.updateActivityVisibilities:12 com.android.server.wm.Task$$ExternalSyntheticLambda37.accept:37 
01-25 19:01:28.797  2421  6906 V WindowManager: Collecting in transition 683: ActivityRecord{229424348 u0 com.sec.android.app.launcher/.activities.LauncherActivity t8}, caller=com.android.server.wm.TransitionController.collect:7 com.android.server.wm.ActivityRecord.setVisibility:132 com.android.server.wm.ActivityRecord.makeInvisible:32 com.android.server.wm.EnsureActivitiesVisibleHelper.process:542 com.android.server.wm.TaskFragment.updateActivityVisibilities:12 
01-25 19:01:28.797  2421  6906 D WindowManager: prepareSync <SYNC_STATE_WAITING_FOR_DRAW>, mPrepareSyncSeqId=0, win=Window{f2b6b97 u0 com.sec.android.app.launcher/com.sec.android.app.launcher.activities.LauncherActivity}
01-25 19:01:28.797  2421  6906 V WindowManager: Collecting in transition 683: WallpaperWindowToken{5cc8a37 showWhenLocked=true}_<lock>, caller=com.android.server.wm.Transition.collect:387 com.android.server.wm.TransitionController.collect:7 com.android.server.wm.ActivityRecord.setVisibility:132 com.android.server.wm.ActivityRecord.makeInvisible:32 com.android.server.wm.EnsureActivitiesVisibleHelper.process:542 
01-25 19:01:28.797  2421  6906 V WindowManager: Collecting in transition 683: WallpaperWindowToken{5cc8a37 showWhenLocked=true}_<lock>, caller=com.android.server.wm.TransitionController.collect:7 com.android.server.wm.WallpaperWindowToken.setVisibility:55 com.android.server.wm.WallpaperController.adjustWallpaperWindows:857 com.android.server.wm.RootWindowContainer.applySurfaceChangesTransaction$1:141 com.android.server.wm.RootWindowContainer.performSurfacePlacementNoTrace:59 
01-25 19:01:28.798  4669  4777 I HoneySpace.TopTaskSource: onTaskMovedToFront : taskId = 13850, displayId = 0
01-25 19:01:28.798  2421  3804 I CocktailBarManagerServiceContainer: handleMessage: entry what = 6
01-25 19:01:28.798  2421  2951 D SGM:FgCheckThread: notePauseComponent(), received pkgName: com.sec.android.app.launcher, userId: 0
01-25 19:01:28.798  4669  4780 I HoneySpace.TopTaskUseCase: topTasks 13850 ComponentInfo{com.ogabassey.contactscleaner.debug/com.ogabassey.contactscleaner.MainActivity}[displayId=0]
01-25 19:01:28.799  4018  4117 V WindowManagerShell: Transition requested (#683): android.os.BinderProxy@c6c28b5 TransitionRequestInfo { type = OPEN, triggerTask = TaskInfo{userId=0 taskId=13850 effectiveUid=10245 displayId=0 isRunning=true baseIntent=Intent { act=android.intent.action.MAIN cat=[android.intent.category.LAUNCHER] flg=0x10200000 cmp=com.ogabassey.contactscleaner.debug/com.ogabassey.contactscleaner.MainActivity } baseActivity=ComponentInfo{com.ogabassey.contactscleaner.debug/com.ogabassey.contactscleaner.MainActivity} topActivity=ComponentInfo{com.ogabassey.contactscleaner.debug/com.ogabassey.contactscleaner.MainActivity} origActivity=null realActivity=ComponentInfo{com.ogabassey.contactscleaner.debug/com.ogabassey.contactscleaner.MainActivity} numActivities=1 lastActiveTime=14460584 supportsMultiWindow=true resizeMode=1 isResizeable=true minWidth=-1 minHeight=-1 maxWidth=-1 maxHeight=-1 defaultMinSize=220 desktopDefaultMinSize=304 token=WCT{android.window.IWindowContainerToken$Stub$Proxy@f72ab4a} topActivityType=1 pictureInPictureParams=null shouldDockBigOverlays=false launchIntoPipHostTaskId=-1 lastParentTaskIdBeforePip=-1 displayCutoutSafeInsets=Rect(0, 113 - 0, 0) topActivityInfo=ActivityInfo{93faabb com.ogabassey.contactscleaner.MainActivity} launchCookies=[android.os.BinderProxy@dc2dbd8] positionInParent=Point(0, 0) parentTaskId=-1 isFocused=false isVisible=false isVisibleRequested=false isTopActivityNoDisplay=false isSleeping=false locusId=null displayAreaFeatureId=1 isTopActivityTransparent=false isActivityStackTransparent=false lastNonFullscreenBounds=Rect(108, 808 - 1332, 2368) capturedLink=null capturedLinkTimestamp=0 requestedVisibleTypes=-9 topActivityRequestOpenInBrowserEducationTimestamp=0 appCompatTaskInfo=AppCompatTaskInfo { topActivityInSizeCompat=false eligibleForLetterboxEducation= false isLetterboxEducationEnabled= false isLetterboxDoubleTapEnabled= false eligibleForUserAspectRatioButton= false topActivityBoundsLetterboxed= false isFromLetterboxDoubleTap= false topActivityLetterboxVerticalPosition= -1 topActivityLetterboxHorizontalPosition= -1 topActivityLetterboxWidth=-1 topActivityLetterboxHeight=-1 topActivityAppBounds=Rect(0, 0 - 1440, 3120) isUserFullscreenOverrideEnabled=false isSystemFullscreenOverrideEnabled=false hasMinAspectRatioOverride=false topActivityLetterboxBounds=null cameraCompatTaskInfo=CameraCompatTaskInfo { freeformCameraCompatMode=inactive} topActivityBounds=null topActivityInDisplayCompat=false singleTapFromLetterbox=false} topActivityMainWindowFrame=null originallySupportedMultiWindow=true hasWallpaper=false rootAffinity=10245:com.ogabassey.contactscleaner.debug isTopTaskInStage=false CoverLauncherWidgetTask=false LaunchedFromAppsCoverLauncherTask=false LaunchedFromMultistarCoverLauncherTask=false isAllowedSeamlessRotation=false isTopTransparentActivity=false isAliasManaged=false hasConfigChanged=false snappingGuideBounds=null isAiKeyRemoveAppTask=false lastDesktopWindowingBounds=null lastExternalDesktopWindowingBounds=null safeCutoutInsets=null}, pipChange = null, remoteTransition = RemoteTransition { remoteTransition = android.window.IRemoteTransition$Stub$Proxy@c039b31, appThread = android.app.IApplicationThread$Stub$Proxy@fb83216, debugName = QuickstepLaunchflags =NONE }, displayChange = null, flags = 0, debugId = 683 }
01-25 19:01:28.799  4018  4117 V ShellDesktopMode: DesktopTasksController: isDesktopModeShowing: hasVisibleTasks=false hasTopTransparentFullscreenTask=false
01-25 19:01:28.799  4018  4117 D ShellSplitScreen: logExit: no-op, mLoggerSessionId is null
01-25 19:01:28.799  4018  4117 D ShellDesktopMode: handleRequest: TransitionRequestInfo {type=1, tid=13850, remote=true, debugId=683}
01-25 19:01:28.800  4018  4117 V ShellDesktopMode: DesktopTasksController: handleFullscreenTaskLaunch
01-25 19:01:28.800  4018  4117 V ShellDesktopMode: DesktopTasksController: isDesktopModeShowing: hasVisibleTasks=false hasTopTransparentFullscreenTask=false
01-25 19:01:28.800  4018  4117 V ShellDesktopMode: DesktopTasksController: handleRequest result=null
01-25 19:01:28.800  4018  4117 V WindowManagerShell: RemoteTransition directly requested for (#683) android.os.BinderProxy@c6c28b5: RemoteTransition { remoteTransition = android.window.IRemoteTransition$Stub$Proxy@c039b31, appThread = android.app.IApplicationThread$Stub$Proxy@fb83216, debugName = QuickstepLaunchflags =NONE }
01-25 19:01:28.800  4018  4117 V WindowManagerShell: Transition (#683): request handled by DefaultMixedHandler
01-25 19:01:28.800  2421  6906 V WindowManager: Starting Transition 683, caller=com.android.server.wm.WindowOrganizerController.startTransition:47 com.android.server.wm.WindowOrganizerController.startTransition:1 android.window.IWindowOrganizerController$Stub.onTransact:259 
01-25 19:01:28.801  2421  3814 D BackgroundInstallControlService: Package event received: 0
01-25 19:01:28.801  1760  1760 I SS_POWER_HINT_SESSION: SS_ADPF 4018-10044-76d0 PowerHintSession createHintSession : , 4189, 4191, 4134, 4195 : 16666667
01-25 19:01:28.802  4018  4117 D ShellDesktopMode: [u0] DesktopRepository: Removes freeform task: taskId=13849
01-25 19:01:28.802  4018  4117 W ShellDesktopMode: [u0] DesktopRepository: No display id found for task: taskId=13849
01-25 19:01:28.802  4018  4117 D ShellDesktopMode: [u0] DesktopRepository: Removes freeform task: taskId=13849
01-25 19:01:28.802  4669 28091 I HoneySpace.RecentTasks: onRecentTasksChanged
01-25 19:01:28.802  4018  4117 W ShellDesktopMode: [u0] DesktopRepository: No display id found for task: taskId=13849
01-25 19:01:28.802  4669 25233 I HoneySpace.RecentTasks: onRecentTasksChanged
01-25 19:01:28.802  1888  1888 I SurfaceFlinger: [Display 0 name="Built-in Screen"#49] setFrameRateCategory: High
01-25 19:01:28.802  2421  4675 D InputTransport: Input channel constructed: '5de0e93', fd=1648
01-25 19:01:28.802  2421  4675 D InputTransport: Input channel constructed: '5de0e93', fd=1649
01-25 19:01:28.802  2421  4675 D InputTransport: Input channel constructed: '5de0e93', fd=1650
01-25 19:01:28.802  2421  4675 D InputTransport: Input channel destroyed: '5de0e93', fd=1649
01-25 19:01:28.802  2421  4675 D WindowManager: prepareSync <SYNC_STATE_WAITING_FOR_DRAW>, mPrepareSyncSeqId=0, win=Window{5de0e93 u0 Splash Screen com.ogabassey.contactscleaner.debug}
01-25 19:01:28.802  1757  1895 I HYPER-HAL: [RequestManager.cpp]acquire(): Acquired ID : 9990924  [1760 / 2709]    HINT :      list : [TID_LOW_LATENCY / 1] [TID / 4189] [TID / 4191] [TID / 4134] [TID / 4195] 
01-25 19:01:28.802  2421  6906 D HintManagerService: SystemUI make new AppHintSession but force pause
01-25 19:01:28.802  1888  3094 I SurfaceFlinger: id=7602 createSurf, flag=84004, 5de0e93 Splash Screen com.ogabassey.contactscleaner.debug#7602
01-25 19:01:28.803  2421  4675 D RestrictionPolicy: isScreenCaptureEnabled : ret=true userId=0
01-25 19:01:28.803  4018  4189 E perf_hint: Session ID too large, must fit 32-bit integer
01-25 19:01:28.803  2421  4675 V WindowManager: addWindow: ActivityRecord{194550561 u0 com.ogabassey.contactscleaner.debug/com.ogabassey.contactscleaner.MainActivity t13850} startingWindow=Window{5de0e93 u0 Splash Screen com.ogabassey.contactscleaner.debug}
01-25 19:01:28.803  1888  1888 I BpBinder: onLastStrongRef automatically unlinking death recipients: 
01-25 19:01:28.803  1757  1895 I HYPER-HAL: [RequestManager.cpp]acquire(): Acquired ID : 9990924  [1760 / 2709]    HINT :      list : [TID_LOW_LATENCY / 0] [TID / 4189] [TID / 4191] [TID / 4134] [TID / 4195] 
01-25 19:01:28.803  1757  1895 I HYPER-HAL: [RequestManager.cpp]releaseLocked(): Released ID : 9990924
01-25 19:01:28.803  1757  1895 I HYPER-HAL: [RequestManager.cpp]acquire(): Acquired ID : 9995395  [1760 / 2710]    HINT :      list : [UCLAMP_MIN_BOOST / 0] [TIMEOUT / 50] [TID / 4189] [TID / 4191] [TID / 4134] [TID / 4195] 
01-25 19:01:28.803  2421  4675 V WindowManager: rotationForOrientation(orient=SCREEN_ORIENTATION_UNSPECIFIED (-1), last=ROTATION_0 (0)); user=ROTATION_0 (0) USER_ROTATION_LOCKED
01-25 19:01:28.803  2421  4675 D WindowManager: rotationForOrientation, orientationSource=ActivityRecord{194550561 u0 com.ogabassey.contactscleaner.debug/com.ogabassey.contactscleaner.MainActivity t13850}
01-25 19:01:28.803  2421  4675 V WindowManager: Computed rotation=ROTATION_0 (0) for display id=0 based on lastOrientation=SCREEN_ORIENTATION_UNSPECIFIED (-1) and oldRotation=ROTATION_0 (0), caller=com.android.server.wm.DisplayRotation.updateOrientation:79 com.android.server.wm.DisplayContent.updateOrientation:41 com.android.server.wm.WindowManagerService.addWindowInner:690 com.android.server.wm.WindowManagerService.addWindow:1842 com.android.server.wm.Session.addToDisplayAsUser:24 android.view.IWindowSession$Stub.onTransact:757 
01-25 19:01:28.803  2421  4675 D InputTransport: Input channel destroyed: '5de0e93', fd=1650
01-25 19:01:28.803  2421  2951 I DisplayDeviceRepository: Display device changed render timings: "Built-in Screen", renderFrameRate=120.00001, presentationDeadlineNanos=9333333, appVsyncOffsetNanos=8333333, frameRateOverrides=[{uid=10044 frameRateHz=120.00001}, {uid=10144 frameRateHz=120.00001}, {uid=10152 frameRateHz=120.00001}]
01-25 19:01:28.804  4018  4134 D InputTransport: Input channel constructed: '5de0e93', fd=445
01-25 19:01:28.804  4018  4134 I InsetsController: onStateChanged: host=Splash Screen com.ogabassey.contactscleaner.debug, from=android.view.ViewRootImpl.onInsetsStateChanged:3026, state=InsetsState: {mDisplayFrame=Rect(0, 0 - 1440, 3120), mDisplayCutout=DisplayCutout{insets=Rect(0, 113 - 0, 0) waterfall=Insets{left=0, top=0, right=0, bottom=0} boundingRect={Bounds=[Rect(0, 0 - 0, 0), Rect(685, 0 - 755, 113), Rect(0, 0 - 0, 0), Rect(0, 0 - 0, 0)]} cutoutPathParserInfo={CutoutPathParserInfo{displayWidth=1440 displayHeight=3120 physicalDisplayWidth=1440 physicalDisplayHeight=3120 density={3.75} cutoutSpec={M 0,0 H -9.333333333333333 V 30.13333333333333 H 9.333333333333333 V 0 H 0 Z @dp} rotation={0} scale={1.0} physicalPixelDisplaySizeRatio={1.0}}} sideOverrides={}}, mRoundedCorners=RoundedCorners{[RoundedCorner{position=TopLeft, radius=56, center=Point(56, 56)}, RoundedCorner{position=TopRight, radius=56, center=Point(1384, 56)}, RoundedCorner{position=BottomRight, radius=56, center=Point(1384, 3064)}, RoundedCorner{position=BottomLeft, radius=56, center=Point(56, 3064)}]}  mRoundedCornerFrame=Rect(0, 0 - 1440, 3120), mPrivacyIndicatorBounds=PrivacyIndicatorBounds {static bounds=Rect(1275, 0 - 1440, 113) rotation=0}, mDisplayShape=DisplayShape{ spec=-311912193 displayWidth=1440 displayHeight=3120 physicalPixelDisplaySizeRatio=1.0 rotation=0 offsetX=0 offsetY=0 scale=1.0}, mSources= { InsetsSource: {e68d0001 mType=navigationBars mFrame=[0,3064][1440,3120] mVisible=true mFlags=SUPPRESS_SCRIM mSideHint=BOTTOM mBoundingRects=null}, InsetsSource: {e68d0004 mType=systemGestures mFrame=[0,0][112,3120] mVisible=true mFlags= mSideHint=LEFT mBoundingRects=null}, InsetsSource: {e68d0005 mType=mandatorySystemGestures mFrame=[0,3000][1440,3120] mVisible=true mFlags= mSideHint=BOTTOM mBoundingRects=null}, InsetsSource: {e68d0006 mType=tappableElement mFrame=[0,0][0,0] mVisible=true mFlags= mSideHint=NONE mBoundingRects=null}, InsetsSource: {e68d0024 mType=systemGestures mFrame=[1328,0][1440,3120] mVisible=true mFlags= mSideHint=RIGHT mBoundingRects=null}, InsetsSource: {3 mType=ime mFrame=[0,0][0,0] mVisible=false mFlags= mSideHint=NONE mBoundingRects=null}, InsetsSource: {27 mType=displayCutout mFrame=[0,0][1440,113] mVisible=true mFlags= mSideHint=TOP mBoundingRects=null}, InsetsSource: {56ae0000 mType=statusBars mFrame=[0,0][1440,113] mVisible=true mFlags= mSideHint=TOP mBoundingRects=null}, InsetsSource: {56ae0005 mType=mandatorySystemGestures mFrame=[0,0][1440,158] mVisible=true mFlags= mSideHint=TOP mBoundingRects=null}, InsetsSource: {56ae0006 mType=tappableElement mFrame=[0,0][1440,113] mVisible=true mFlags= mSideHint=TOP mBoundingRects=null} }
01-25 19:01:28.804  4018  4134 I VRI[debug]@d4edcec: onActiveControlsChanged, removed=false, mAdded=true, caller=android.view.ViewRootImpl.handleInsetsControlChanged:3002 android.view.ViewRootImpl.setView:2014 android.view.WindowManagerGlobal.addView:604 com.android.wm.shell.startingsurface.SplashscreenWindowCreator.addWindow:38 com.android.wm.shell.startingsurface.StartingWindowController$$ExternalSyntheticLambda4.run:1365 
01-25 19:01:28.804  4669 29905 I HoneySpace.Memory-Monitor: current state = 2, didTrim = false
01-25 19:01:28.805  2421  6951 W ParceledListSlice: Element #17 is 22812 bytes.
01-25 19:01:28.805  2421  6951 W ParceledListSlice: Element #20 is 21748 bytes.
01-25 19:01:28.806  4018  4134 I VRI[debug]@d4edcec: synced displayState. AttachInfo displayState=2
01-25 19:01:28.806  4018  4018 D DisplayLifecycle: updateDisplay id = 0
01-25 19:01:28.806  4018  4134 I VRI[debug]@d4edcec: setView = android.widget.FrameLayout@2fd59a2 IsHRR=false mFlingFrameRateChange=0 TM=true
01-25 19:01:28.806  4018  4148 D StackScroller: onDisplayChanged for predraw skip to 2
01-25 19:01:28.807  4018  4195 D HWUI    : HWUI - treat SMPTE_170M as sRGB
01-25 19:01:28.807  2421  2952 D SurfaceComposerClient: setCornerRadius ## 5de0e93 Splash Screen com.ogabassey.contactscleaner.debug#7602 cornerRadius=0.000000
01-25 19:01:28.807  2421  4636 D WifiDisplayAdapter: isFitToActiveDisplayLocked : false
01-25 19:01:28.807  2421  2952 D SurfaceComposerClient: setCornerRadius ## 5de0e93 Splash Screen com.ogabassey.contactscleaner.debug#7602 cornerRadius=0.000000
01-25 19:01:28.807  2421  4636 I WindowManager: Relayout Window{5de0e93 u0 Splash Screen com.ogabassey.contactscleaner.debug}: viewVisibility=0 req=1440x3120 ty=3 d0
01-25 19:01:28.807  1888  5024 I SurfaceFlinger: id=7603 createSurf, flag=44004, Splash Screen com.ogabassey.contactscleaner.debug$_4018#7603
01-25 19:01:28.807  2421  4636 D WindowManager: makeSurface duration=0 name=Splash Screen com.ogabassey.contactscleaner.debug$_4018
01-25 19:01:28.807  2421  4636 D SurfaceComposerClient: setCornerRadius ## 5de0e93 Splash Screen com.ogabassey.contactscleaner.debug#7602 cornerRadius=0.000000
01-25 19:01:28.808  2421  4636 D SurfaceComposerClient: setCornerRadius ## 5de0e93 Splash Screen com.ogabassey.contactscleaner.debug#7602 cornerRadius=0.000000
01-25 19:01:28.808  2421  4636 D WindowManager: Changing focus from Window{f2b6b97 u0 com.sec.android.app.launcher/com.sec.android.app.launcher.activities.LauncherActivity} to null displayId=0 Callers=com.android.server.wm.WindowManagerService.relayoutWindow:1350 com.android.server.wm.Session.relayout:27 android.view.IWindowSession$Stub.onTransact:829 com.android.server.wm.Session.onTransact:1 
01-25 19:01:28.808  2421  4636 V SystemKeyManager: updateFocusedWindow() is called, 
01-25 19:01:28.808  2480 15423 I CameraService: onUidStateChanged: uid=10044, procState is changed. (0 -> 1)
01-25 19:01:28.809  2421  4636 I WindowManager: Relayout hash=5de0e93, pid=4018, syncId=-1: mAttrs={(0,0)(fillxfill) sim={adjust=pan} layoutInDisplayCutoutMode=always ty=APPLICATION_STARTING fmt=TRANSLUCENT wanim=0x1030317
01-25 19:01:28.809  2421  4636 I WindowManager:   fl=81030118
01-25 19:01:28.809  2421  4636 I WindowManager:   pfl=10000810
01-25 19:01:28.809  2421  4636 I WindowManager:   bhv=1
01-25 19:01:28.809  2421  4636 I WindowManager:   fitSides=0
01-25 19:01:28.809  2421  4636 I WindowManager:   frameRateBoostOnTouch=true
01-25 19:01:28.809  2421  4636 I WindowManager:   dvrrWindowFrameRateHint=true naviIconColor=0}
01-25 19:01:28.809  4018  4134 I VRI[debug]@d4edcec: onActiveControlsChanged, removed=false, mAdded=true, caller=android.view.ViewRootImpl.handleInsetsControlChanged:3002 android.view.ViewRootImpl.relayoutWindow:11629 android.view.ViewRootImpl.performTraversals:4804 android.view.ViewRootImpl.doTraversal:3924 android.view.ViewRootImpl$TraversalRunnable.run:12903 
01-25 19:01:28.809  2480 15423 W IPCThreadState: Sending oneway calls to frozen process.
01-25 19:01:28.809  2480 15423 W IPCThreadState: Sending oneway calls to frozen process.
01-25 19:01:28.809  4018  4134 I BufferQueueProducer: [](id:fb20000015d,api:0,p:-307678448,c:4018) setDequeueTimeout:2077252342
01-25 19:01:28.809  4018  4134 I BLASTBufferQueue_Java: new BLASTBufferQueue, mName= VRI[debug]@d4edcec mNativeObject= 0xb4000074fdfa2ea0 caller= android.view.ViewRootImpl.updateBlastSurfaceIfNeeded:3585 android.view.ViewRootImpl.relayoutWindow:11685 android.view.ViewRootImpl.performTraversals:4804 android.view.ViewRootImpl.doTraversal:3924 android.view.ViewRootImpl$TraversalRunnable.run:12903 android.view.Choreographer$CallbackRecord.run:1901 android.view.Choreographer$CallbackRecord.run:1910 android.view.Choreographer.doCallbacks:1367 android.view.Choreographer.doFrame:1292 android.view.Choreographer$FrameDisplayEventReceiver.run:1870 
01-25 19:01:28.809  4018  4134 I BLASTBufferQueue_Java: update, w= 1440 h= 3120 mName = VRI[debug]@d4edcec mNativeObject= 0xb4000074fdfa2ea0 sc.mNativeObject= 0xb40000736da35910 format= -3 caller= android.view.ViewRootImpl.updateBlastSurfaceIfNeeded:3590 android.view.ViewRootImpl.relayoutWindow:11685 android.view.ViewRootImpl.performTraversals:4804 android.view.ViewRootImpl.doTraversal:3924 android.view.ViewRootImpl$TraversalRunnable.run:12903 android.view.Choreographer$CallbackRecord.run:1901 
01-25 19:01:28.810  5776  5793 V OsAgent : broadcastSystemEvent - 7
01-25 19:01:28.810  4018  4134 I VRI[debug]@d4edcec: Relayout returned: old=(0,0,1440,3120) new=(0,0,1440,3120) relayoutAsync=false req=(1440,3120)0 dur=2 res=0x3 s={true 0xb4000073cd9deb60} ch=true seqId=0
01-25 19:01:28.810  4018  4134 I VRI[debug]@d4edcec: performConfigurationChange setNightDimText nightDimLevel=0
01-25 19:01:28.810  4018  4134 D VRI[debug]@d4edcec: mThreadedRenderer.initialize() mSurface={isValid=true 0xb4000073cd9deb60} hwInitialized=true
01-25 19:01:28.810  1888  1888 I SurfaceFlinger: [LayerHierarchy{RequestedLayerState{ImeContainer#15 parentId=123 relativeParentId=123 z=1} 1 children}] RelativeParent to null
01-25 19:01:28.810  1888  1888 I SurfaceFlinger: [5de0e93 Splash Screen com.ogabassey.contactscleaner.debug#7602] attach to parent LayerHierarchy{RequestedLayerState{ActivityRecord{194550561 u0 com.ogabassey.contactscleaner.debug/com.ogabassey.contactscleaner.MainActivity t13850}#7601 parentId=7600} 1 children}
01-25 19:01:28.810  1888  1888 I SurfaceFlinger: [Splash Screen com.ogabassey.contactscleaner.debug$_4018#7603] attach to parent LayerHierarchy{RequestedLayerState{5de0e93 Splash Screen com.ogabassey.contactscleaner.debug#7602 parentId=7601} 1 children}
01-25 19:01:28.811  4018  4134 D VRI[debug]@d4edcec: reportNextDraw android.view.ViewRootImpl.performTraversals:5443 android.view.ViewRootImpl.doTraversal:3924 android.view.ViewRootImpl$TraversalRunnable.run:12903 android.view.Choreographer$CallbackRecord.run:1901 android.view.Choreographer$CallbackRecord.run:1910 
01-25 19:01:28.811  4018  4134 D VRI[debug]@d4edcec: Setup new sync=wmsSync-VRI[debug]@d4edcec#7
01-25 19:01:28.811  4018  4134 I VRI[debug]@d4edcec: Creating new active sync group VRI[debug]@d4edcec#8
01-25 19:01:28.811  2421  6951 W ParceledListSlice: Element #17 is 22812 bytes.
01-25 19:01:28.811  2421  6951 W ParceledListSlice: Element #20 is 21748 bytes.
01-25 19:01:28.811  4018  4134 D VRI[debug]@d4edcec: registerCallbacksForSync syncBuffer=false
01-25 19:01:28.813  2421  4636 D InputDispatcher: Focus left window (0): f2b6b97 com.sec.android.app.launcher/com.sec.android.app.launcher.activities.LauncherActivity
01-25 19:01:28.813  4018  4191 D VRI[debug]@d4edcec: Received frameDrawingCallback syncResult=0 frameNum=1.
01-25 19:01:28.813  4669  4669 I ImeFocusController: onPreWindowFocus: skipped hasWindowFocus=false mHasImeFocus=true
01-25 19:01:28.813  4018  4191 I VRI[debug]@d4edcec: mWNT: t=0xb40000735da83cd0 mBlastBufferQueue=0xb4000074fdfa2ea0 fn= 1 HdrRenderState mRenderHdrSdrRatio=1.0 caller= android.view.ViewRootImpl$12.onFrameDraw:15441 android.view.ThreadedRenderer$1.onFrameDraw:718 <bottom of call stack> 
01-25 19:01:28.813  4018  4191 I VRI[debug]@d4edcec: Setting up sync and frameCommitCallback
01-25 19:01:28.813  4669  4669 I ImeFocusController: onPostWindowFocus: skipped hasWindowFocus=false mHasImeFocus=true
01-25 19:01:28.814  4018  4195 I BLASTBufferQueue: [VRI[debug]@d4edcec#349](f:0,a:0,s:0) onFrameAvailable the first frame is available
01-25 19:01:28.814  4018  4195 I SurfaceComposerClient: apply transaction with the first frame. layerId: 7603, bufferData(ID: 17257178598836, frameNumber: 1)
01-25 19:01:28.814  4018  4195 I VRI[debug]@d4edcec: Received frameCommittedCallback lastAttemptedDrawFrameNum=1 didProduceBuffer=true
01-25 19:01:28.814  1888  5024 I SurfaceFlinger: [Splash Screen com.ogabassey.contactscleaner.debug$_4018#7603] setTransactionState with the first frame. bufferData(ID: 17257178598836, frameNumber: 1)
01-25 19:01:28.814  4018  4195 D HWUI    : CFMS:: SetUp Pid : 4018    Tid : 4195
01-25 19:01:28.815  4018  4134 D VRI[debug]@d4edcec: reportDrawFinished seqId=0
01-25 19:01:28.815  2421  4636 D WindowManager: finishDrawingWindow: Window{5de0e93 u0 Splash Screen com.ogabassey.contactscleaner.debug} mDrawState=DRAW_PENDING seqId=0
01-25 19:01:28.815  2421  4636 V WindowManager: Finishing drawing window Window{5de0e93 u0 Splash Screen com.ogabassey.contactscleaner.debug}: mDrawState=DRAW_PENDING
01-25 19:01:28.815  2421  4636 V WindowManager: Draw state now committed in Window{5de0e93 u0 Splash Screen com.ogabassey.contactscleaner.debug}
01-25 19:01:28.815  2421  2952 D SurfaceComposerClient: setCornerRadius ## 5de0e93 Splash Screen com.ogabassey.contactscleaner.debug#7602 cornerRadius=0.000000
01-25 19:01:28.815  2421  2952 D BLASTSyncEngine: SyncGroup 683: Set ready true, caller=com.android.server.wm.BLASTSyncEngine.setReady:32 com.android.server.wm.Transition.applyReady:54 com.android.server.wm.Transition.setReady:72 com.android.server.wm.TransitionController.setReady:6 com.android.server.wm.DisplayContent.executeAppTransition:4 com.android.server.wm.WindowState.performShowLocked:313 
01-25 19:01:28.815  2421  2952 D SurfaceComposerClient: setCornerRadius ## 5de0e93 Splash Screen com.ogabassey.contactscleaner.debug#7602 cornerRadius=0.000000
01-25 19:01:28.815  2421  2952 V WindowManager: SyncGroup 683: Finished!
01-25 19:01:28.815  2421  2952 V WindowManager: performShowLocked: mDrawState=HAS_DRAWN in Window{5de0e93 u0 Splash Screen com.ogabassey.contactscleaner.debug}
01-25 19:01:28.815  2421  2952 D WindowManagerServiceExt: updateTaskbarTargetIfNeeded: cn=ComponentInfo{com.ogabassey.contactscleaner.debug/com.ogabassey.contactscleaner.MainActivity} occludesParent=true isInSplitScreenMode=false
01-25 19:01:28.816  2421  2952 D ChangeTransitionController: onTransactionReady: TransitionRecord{eed2588 id=683 type=OPEN flags=0x0 c=[
01-25 19:01:28.816  2421  2952 D ChangeTransitionController:    ChangeInfo{581a2cf container=Task{26630e3 #8 type=home I=com.sec.android.app.launcher/.activities.LauncherActivity} flags=0x0}
01-25 19:01:28.816  2421  2952 D ChangeTransitionController:    ChangeInfo{2e7945c container=WallpaperWindowToken{5cc8a37 showWhenLocked=true}_<lock> flags=0x0}
01-25 19:01:28.816  2421  2952 D ChangeTransitionController:    ChangeInfo{5688d59 container=ActivityRecord{194550561 u0 com.ogabassey.contactscleaner.debug/com.ogabassey.contactscleaner.MainActivity t13850} flags=0x0}
01-25 19:01:28.816  2421  2952 D ChangeTransitionController:    ChangeInfo{46b7d1e container=Task{bc44b46 #13850 type=standard A=10245:com.ogabassey.contactscleaner.debug} flags=0x0}
01-25 19:01:28.816  2421  2952 D ChangeTransitionController:    ChangeInfo{51799ff container=DefaultTaskDisplayArea_d0@215174188 flags=0x0}
01-25 19:01:28.816  2421  2952 D ChangeTransitionController:    ChangeInfo{6f66365 container=Task{d17c539 #1 type=home} flags=0x0}
01-25 19:01:28.816  2421  2952 D ChangeTransitionController:    ChangeInfo{63273cc container=Display{#0 state=ON size=1440x3120 ROTATION_0} flags=0x0}
01-25 19:01:28.816  2421  2952 D ChangeTransitionController:    ChangeInfo{e4f483a container=RemoteWallpaperAnim:1:1@223049196 flags=0x0}
01-25 19:01:28.816  2421  2952 D ChangeTransitionController:    ChangeInfo{69f9ceb container=ActivityRecord{229424348 u0 com.sec.android.app.launcher/.activities.LauncherActivity t8} flags=0x0}
01-25 19:01:28.816  2421  2952 D ChangeTransitionController: ]
01-25 19:01:28.816  2421  2952 D ChangeTransitionController: }
01-25 19:01:28.816  2421  2952 V WindowManager: Start calculating TransitionInfo based on participants: {WallpaperWindowToken{5cc8a37 showWhenLocked=true}_<lock>, ActivityRecord{194550561 u0 com.ogabassey.contactscleaner.debug/com.ogabassey.contactscleaner.MainActivity t13850}, Task{bc44b46 #13850 type=standard A=10245:com.ogabassey.contactscleaner.debug}, ActivityRecord{229424348 u0 com.sec.android.app.launcher/.activities.LauncherActivity t8}}
01-25 19:01:28.816  2421  2952 V WindowManager:   Final targets: [ChangeInfo{46b7d1e container=Task{bc44b46 #13850 type=standard A=10245:com.ogabassey.contactscleaner.debug} flags=0x10}, ChangeInfo{6f66365 container=Task{d17c539 #1 type=home} flags=0x10}, ChangeInfo{2e7945c container=WallpaperWindowToken{5cc8a37 showWhenLocked=true}_<lock> flags=0x0}]
01-25 19:01:28.816  1888  5024 I SurfaceFlinger: id=7604 createSurf, flag=84004, Transition Root: Task=13850#7604
01-25 19:01:28.816  2421  2952 I SurfaceControlRegistry: show, t=StartTransaction_SyncId<683> sc=ActivityRecord{194550561 u0 com.ogabassey.contactscleaner.debug/com.ogabassey.contactscleaner.MainActivity t13850}, caller=android.view.SurfaceControl$Transaction.show:3557 com.android.server.wm.Transition.onTransactionReady:2048 com.android.server.wm.BLASTSyncEngine$SyncGroup.finishNow:240 com.android.server.wm.BLASTSyncEngine.onSurfacePlacement:263 com.android.server.wm.RootWindowContainer.performSurfacePlacementNoTrace:1083 com.android.server.wm.WindowSurfacePlacer.performSurfacePlacement:166 
01-25 19:01:28.816  2421  2952 D SurfaceComposerClient: setCornerRadius ## WallpaperWindowToken{5cc8a37 showWhenLocked=false}#73 cornerRadius=0.000000
01-25 19:01:28.816  2421  2952 D SurfaceComposerClient: setCornerRadius ## Task=1#53 cornerRadius=0.000000
01-25 19:01:28.816  2421  2952 D SurfaceComposerClient: setCornerRadius ## Task=13850#7600 cornerRadius=0.000000
01-25 19:01:28.816  2421  2952 V WindowManager: Calling onTransitionReady: {id=683 t=OPEN f=0x0 trk=0 r=[0@Point(0, 0)] c=[
01-25 19:01:28.816  2421  2952 V WindowManager:         {WCT{RemoteToken{ea012f4 Task{bc44b46 #13850 type=standard A=10245:com.ogabassey.contactscleaner.debug}}} m=OPEN f=NONE leash=Surface(name=Task=13850)/@0xbd9ae06 sb=Rect(0, 0 - 1440, 3120) eb=Rect(0, 0 - 1440, 3120) epz=Point(1440, 3120) d=0 taskParent=-1 inset=Rect(0, 113 - 0, 56) dim=true},
01-25 19:01:28.816  2421  2952 V WindowManager:         {WCT{RemoteToken{2fe9d3d Task{d17c539 #1 type=home}}} m=TO_BACK f=SHOW_WALLPAPER|EDGE_EXTENSION_RESTRICTION leash=Surface(name=Task=1)/@0x68845e3 sb=Rect(0, 0 - 1440, 3120) eb=Rect(0, 0 - 1440, 3120) epz=Point(1440, 3120) d=0 taskParent=-1 inset=Rect(0, 113 - 0, 56)},
01-25 19:01:28.816  2421  2952 V WindowManager:         {m=TO_BACK f=IS_WALLPAPER|IS_FIXED_PORTRAIT p=WCT{RemoteToken{d7f6e85 RemoteWallpaperAnim:1:1@223049196}} leash=Surface(name=WallpaperWindowToken{5cc8a37 showWhenLocked=false})/@0x65dac74 sb=Rect(0, 0 - 1440, 3120) eb=Rect(0, 0 - 1440, 3120) epz=Point(1440, 3120) d=0 inset=Rect(0, 0 - 0, 0)}
01-25 19:01:28.816  2421  2952 V WindowManager:     ]}
01-25 19:01:28.817  2421  2952 D PowerManagerService: [api] setPowerBoost(L) boost:0, durationMs:0, caller (uid: 1000 pid: 2421) <- m() in com.android.server.display.DisplayManagerService$BinderService$$ExternalSyntheticOutline0:1
01-25 19:01:28.817  4018  4052 V WindowManagerShell: onTransitionReady(transaction=10398115858562)
01-25 19:01:28.817  2421  2952 I WindowManager: Cancelling animation restarting=true, leash=Surface(name=Surface(name=dc6a07f StatusBar)/@0xc0a3083 - animation-leash of insets_animation)/@0xb6c7373
01-25 19:01:28.817  2421  2952 I WindowManager: Reparenting to original parent: Surface(name=WindowToken{ef08d9e type=2000 android.os.BinderProxy@f2e9a20})/@0x370c200, destroy=false, surface=Surface(name=dc6a07f StatusBar)/@0xc0a3083
01-25 19:01:28.817  2421  2952 I WindowManager: Reparenting to leash, surface=Surface(name=dc6a07f StatusBar)/@0xc0a3083, leashParent=Surface(name=WindowToken{ef08d9e type=2000 android.os.BinderProxy@f2e9a20})/@0x370c200
01-25 19:01:28.817  4018  4117 V WindowManagerShell: onTransitionReady (#683) android.os.BinderProxy@c6c28b5: {id=683 t=OPEN f=0x0 trk=0 r=[0@Point(0, 0)] c=[
01-25 19:01:28.817  4018  4117 V WindowManagerShell:         {m=OPEN f=NONE leash=Surface(name=Task=13850)/@0x639a925 sb=Rect(0, 0 - 1440, 3120) eb=Rect(0, 0 - 1440, 3120) epz=Point(1440, 3120) d=0 taskParent=-1 inset=Rect(0, 113 - 0, 56) dim=true},
01-25 19:01:28.817  4018  4117 V WindowManagerShell:         {m=TO_BACK f=SHOW_WALLPAPER|EDGE_EXTENSION_RESTRICTION leash=Surface(name=Task=1)/@0xfb47afa sb=Rect(0, 0 - 1440, 3120) eb=Rect(0, 0 - 1440, 3120) epz=Point(1440, 3120) d=0 taskParent=-1 inset=Rect(0, 113 - 0, 56)},
01-25 19:01:28.817  4018  4117 V WindowManagerShell:         {m=TO_BACK f=IS_WALLPAPER|IS_FIXED_PORTRAIT p=WCT{android.window.IWindowContainerToken$Stub$Proxy@800b2a1} leash=Surface(name=WallpaperWindowToken{5cc8a37 showWhenLocked=false})/@0x4acb8ab sb=Rect(0, 0 - 1440, 3120) eb=Rect(0, 0 - 1440, 3120) epz=Point(1440, 3120) d=0 inset=Rect(0, 0 - 0, 0)}
01-25 19:01:28.817  4018  4117 V WindowManagerShell:     ]}
01-25 19:01:28.817  1888  5024 I SurfaceFlinger: id=7605 createSurf, flag=24000, Surface(name=dc6a07f StatusBar)/@0xc0a3083 - animation-leash of insets_animation#7605
01-25 19:01:28.817  2421  2952 D WindowManager: makeSurface duration=0 leash=Surface(name=Surface(name=dc6a07f StatusBar)/@0xc0a3083 - animation-leash of insets_animation)/@0x7f277de
01-25 19:01:28.817  4018  4117 V ShellDesktopMode: DesktopModeLogger: taskInfo map after processing changes 0
01-25 19:01:28.817  4018  4117 D ShellDesktopMode: DesktopTaskChangeListener: onTaskOpening for taskId=13850, displayId=0
01-25 19:01:28.817  2421  2952 D InsetsSourceProvider: updateControlForTarget: control=InsetsSourceControl: {56ae0000 mType=statusBars initiallyVisible mSurfacePosition=Point(0, 0) mInsetsHint=Insets{left=0, top=113, right=0, bottom=0}}, target=Window{5de0e93 u0 Splash Screen com.ogabassey.contactscleaner.debug}, from=com.android.server.wm.InsetsStateController.onControlTargetChanged:83 com.android.server.wm.InsetsPolicy.updateBarControlTarget:212 com.android.server.wm.DisplayPolicy.updateSystemBarAttributes:262 com.android.server.wm.DisplayPolicy.finishPostLayoutPolicyLw:17 com.android.server.wm.RootWindowContainer.applySurfaceChangesTransaction$1:195 
01-25 19:01:28.818  2421  2948 V WindowManager: Sent Transition (#683) createdAt=01-25 19:01:28.789 via request=TransitionRequestInfo { type = OPEN, triggerTask = TaskInfo{userId=0 taskId=13850 effectiveUid=10245 displayId=0 isRunning=true baseIntent=Intent { act=android.intent.action.MAIN cat=[android.intent.category.LAUNCHER] flg=0x10200000 cmp=com.ogabassey.contactscleaner.debug/com.ogabassey.contactscleaner.MainActivity } baseActivity=ComponentInfo{com.ogabassey.contactscleaner.debug/com.ogabassey.contactscleaner.MainActivity} topActivity=ComponentInfo{com.ogabassey.contactscleaner.debug/com.ogabassey.contactscleaner.MainActivity} origActivity=null realActivity=ComponentInfo{com.ogabassey.contactscleaner.debug/com.ogabassey.contactscleaner.MainActivity} numActivities=1 lastActiveTime=14460584 supportsMultiWindow=true resizeMode=1 isResizeable=true minWidth=-1 minHeight=-1 maxWidth=-1 maxHeight=-1 defaultMinSize=220 desktopDefaultMinSize=304 token=WCT{RemoteToken{ea012f4 Task{bc44b46 #13850 type=standard A=10245:com.ogabassey.contactscleaner.debug}}} topActivityType=1 pictureInPictureParams=null shouldDockBigOverlays=false launchIntoPipHostTaskId=-1 lastParentTaskIdBeforePip=-1 displayCutoutSafeInsets=Rect(0, 113 - 0, 0) topActivityInfo=ActivityInfo{2256a60 com.ogabassey.contactscleaner.MainActivity} launchCookies=[android.os.BinderProxy@697bb19] positionInParent=Point(0, 0) parentTaskId=-1 isFocused=false isVisible=false isVisibleRequested=false isTopActivityNoDisplay=false isSleeping=false locusId=null displayAreaFeatureId=1 isTopActivityTransparent=false isActivityStackTransparent=false lastNonFullscreenBounds=Rect(108, 808 - 1332, 2368) capturedLink=null capturedLinkTimestamp=0 requestedVisibleTypes=-9 topActivityRequestOpenInBrowserEducationTimestamp=0 appCompatTaskInfo=AppCompatTaskInfo { topActivityInSizeCompat=false eligibleForLetterboxEducation= false isLetterboxEducationEnabled= false isLetterboxDoubleTapEnabled= false eligibleForUserAspectRatioButton= false topActivityBoundsLetterboxed= false isFromLetterboxDoubleTap= false topActivityLetterboxVerticalPosition= -1 topActivityLetterboxHorizontalPosition= -1 topActivityLetterboxWidth=-1 topActivityLetterboxHeight=-1 topActivityAppBounds=Rect(0, 0 - 1440, 3120) isUserFullscreenOverrideEnabled=false isSystemFullscreenOverrideEnabled=false hasMinAspectRatioOverride=false topActivityLetterboxBounds=null cameraCompatTaskInfo=CameraCompatTaskInfo { freeformCameraCompatMode=inactive} topActivityBounds=null topActivityInDisplayCompat=false singleTapFromLetterbox=false} topActivityMainWindowFrame=null originallySupportedMultiWindow=true hasWallpaper=false rootAffinity=10245:com.ogabassey.contactscleaner.debug isTopTaskInStage=false CoverLauncherWidgetTask=false LaunchedFromAppsCoverLauncherTask=false LaunchedFromMultistarCoverLauncherTask=false isAllowedSeamlessRotation=false isTopTransparentActivity=false isAliasManaged=false hasConfigChanged=false snappingGuideBounds=null isAiKeyRemoveAppTask=false lastDesktopWindowingBounds=null lastExternalDesktopWindowingBounds=null safeCutoutInsets=null}, pipChange = null, remoteTransition = RemoteTransition { remoteTransition = android.window.IRemoteTransition$Stub$Proxy@676ddbf, appThread = android.app.IApplicationThread$Stub$Proxy@8e6cc8c, debugName = QuickstepLaunchflags =NONE }, displayChange = null, flags = 0, debugId = 683 }
01-25 19:01:28.818  4018  4117 I SurfaceControlRegistry: hide, t=FinishTransaction_SyncId<683> sc=Task=1, caller=android.view.SurfaceControl$Transaction.hide:3583 com.android.wm.shell.transition.Transitions.dispatchReady:1263 com.android.wm.shell.transition.Transitions.onTransitionReady:251 com.android.wm.shell.transition.Transitions$TransitionPlayerImpl$$ExternalSyntheticLambda0.run:13 android.os.Handler.handleCallback:995 android.os.Handler.dispatchMessage:103 
01-25 19:01:28.818  2421  2952 I WindowManager: Cancelling animation restarting=true, leash=Surface(name=Surface(name=158d7e1 NavigationBar0)/@0xd1ffe2c - animation-leash of insets_animation)/@0x5909ea9
01-25 19:01:28.818  2421  2948 V WindowManager:     startWCT=WindowContainerTransaction { changes= {} hops= [] errorCallbackToken=null taskFragmentOrganizer=null }
01-25 19:01:28.818  2421  2952 I WindowManager: Reparenting to original parent: Surface(name=WindowToken{2495d48 type=2019 android.os.BinderProxy@a0c933a})/@0x818d0f5, destroy=false, surface=Surface(name=158d7e1 NavigationBar0)/@0xd1ffe2c
01-25 19:01:28.818  4018  4117 I SurfaceControlRegistry: show, t=StartTransaction_SyncId<683> sc=Task=13850, caller=android.view.SurfaceControl$Transaction.show:3557 com.android.wm.shell.transition.Transitions.dispatchReady:1279 com.android.wm.shell.transition.Transitions.onTransitionReady:251 com.android.wm.shell.transition.Transitions$TransitionPlayerImpl$$ExternalSyntheticLambda0.run:13 android.os.Handler.handleCallback:995 android.os.Handler.dispatchMessage:103 
01-25 19:01:28.818  2421  2952 I WindowManager: Reparenting to leash, surface=Surface(name=158d7e1 NavigationBar0)/@0xd1ffe2c, leashParent=Surface(name=WindowToken{2495d48 type=2019 android.os.BinderProxy@a0c933a})/@0x818d0f5
01-25 19:01:28.818  4018  4117 I SurfaceControlRegistry: show, t=FinishTransaction_SyncId<683> sc=Task=13850, caller=android.view.SurfaceControl$Transaction.show:3557 com.android.wm.shell.transition.Transitions.dispatchReady:1330 com.android.wm.shell.transition.Transitions.onTransitionReady:251 com.android.wm.shell.transition.Transitions$TransitionPlayerImpl$$ExternalSyntheticLambda0.run:13 android.os.Handler.handleCallback:995 android.os.Handler.dispatchMessage:103 
01-25 19:01:28.818  4018  4117 V WindowManagerShell: Playing animation for (#683) android.os.BinderProxy@c6c28b5@0
01-25 19:01:28.818  4018  4117 I SurfaceControlRegistry: show, t=StartTransaction_SyncId<683> sc=Transition Root: Task=13850, caller=android.view.SurfaceControl$Transaction.show:3557 com.android.wm.shell.transition.Transitions.playTransition:79 com.android.wm.shell.transition.Transitions.processReadyQueue:239 com.android.wm.shell.transition.Transitions.dispatchReady:1352 com.android.wm.shell.transition.Transitions.onTransitionReady:251 com.android.wm.shell.transition.Transitions$TransitionPlayerImpl$$ExternalSyntheticLambda0.run:13 
01-25 19:01:28.818  2421  2948 V WindowManager:     info={id=683 t=OPEN f=0x0 trk=0 r=[0@Point(0, 0)] c=[
01-25 19:01:28.818  2421  2948 V WindowManager:         {WCT{RemoteToken{ea012f4 Task{bc44b46 #13850 type=standard A=10245:com.ogabassey.contactscleaner.debug}}} m=OPEN f=NONE leash=Surface(name=Task=13850)/@0xbd9ae06 sb=Rect(0, 0 - 1440, 3120) eb=Rect(0, 0 - 1440, 3120) epz=Point(1440, 3120) d=0 taskParent=-1 inset=Rect(0, 113 - 0, 56) dim=true},
01-25 19:01:28.818  2421  2948 V WindowManager:         {WCT{RemoteToken{2fe9d3d Task{d17c539 #1 type=home}}} m=TO_BACK f=SHOW_WALLPAPER|EDGE_EXTENSION_RESTRICTION leash=Surface(name=Task=1)/@0x68845e3 sb=Rect(0, 0 - 1440, 3120) eb=Rect(0, 0 - 1440, 3120) epz=Point(1440, 3120) d=0 taskParent=-1 inset=Rect(0, 113 - 0, 56)},
01-25 19:01:28.818  2421  2948 V WindowManager:         {m=TO_BACK f=IS_WALLPAPER|IS_FIXED_PORTRAIT p=WCT{RemoteToken{d7f6e85 RemoteWallpaperAnim:1:1@223049196}} leash=Surface(name=WallpaperWindowToken{5cc8a37 showWhenLocked=false})/@0x65dac74 sb=Rect(0, 0 - 1440, 3120) eb=Rect(0, 0 - 1440, 3120) epz=Point(1440, 3120) d=0 inset=Rect(0, 0 - 0, 0)}
01-25 19:01:28.818  2421  2948 V WindowManager:     ]}
01-25 19:01:28.818  1888  5024 I SurfaceFlinger: id=7606 createSurf, flag=24000, Surface(name=158d7e1 NavigationBar0)/@0xd1ffe2c - animation-leash of insets_animation#7606
01-25 19:01:28.818  4018  4117 V WindowManagerShell:  try firstHandler com.android.wm.shell.transition.DefaultMixedHandler@251d142
01-25 19:01:28.818  4018  4117 V WindowManagerShell: Mixed transition for opening an intent with a remote transition and PIP or Desktop #683
01-25 19:01:28.818  4018  4117 V WindowManagerShell: tryAnimateOpenIntentWithRemoteAndPipOrDesktop
01-25 19:01:28.818  4018  4117 V WindowManagerShell:  Delegate animation for (#683) to RemoteTransition { remoteTransition = android.window.IRemoteTransition$Stub$Proxy@c039b31, appThread = android.app.IApplicationThread$Stub$Proxy@fb83216, debugName = QuickstepLaunchflags =NONE }
01-25 19:01:28.818  2421  2952 D WindowManager: makeSurface duration=0 leash=Surface(name=Surface(name=158d7e1 NavigationBar0)/@0xd1ffe2c - animation-leash of insets_animation)/@0xc596db
01-25 19:01:28.818  4018  4117 V WindowManagerShell:  Excluded change from remote targets at (#683), change={m=TO_BACK f=IS_WALLPAPER|IS_FIXED_PORTRAIT p=WCT{android.window.IWindowContainerToken$Stub$Proxy@800b2a1} leash=Surface(name=WallpaperWindowToken{5cc8a37 showWhenLocked=false})/@0x4acb8ab sb=Rect(0, 0 - 1440, 3120) eb=Rect(0, 0 - 1440, 3120) epz=Point(1440, 3120) d=0 inset=Rect(0, 0 - 0, 0)}
01-25 19:01:28.818  2421  2952 D InsetsSourceProvider: updateControlForTarget: control=InsetsSourceControl: {e68d0001 mType=navigationBars initiallyVisible mSurfacePosition=Point(0, 2940) mInsetsHint=Insets{left=0, top=0, right=0, bottom=56}}, target=Window{5de0e93 u0 Splash Screen com.ogabassey.contactscleaner.debug}, from=com.android.server.wm.InsetsStateController.onControlTargetChanged:83 com.android.server.wm.InsetsPolicy.updateBarControlTarget:225 com.android.server.wm.DisplayPolicy.updateSystemBarAttributes:262 com.android.server.wm.DisplayPolicy.finishPostLayoutPolicyLw:17 com.android.server.wm.RootWindowContainer.applySurfaceChangesTransaction$1:195 
01-25 19:01:28.818  2421  2952 D WindowManager: updateSystemBarAttributes: displayId=0, focusedCanBeNavColorWin=false, win=Window{5de0e93 u0 Splash Screen com.ogabassey.contactscleaner.debug}, navColorWin=Window{5de0e93 u0 Splash Screen com.ogabassey.contactscleaner.debug}, caller=com.android.server.wm.DisplayPolicy.finishPostLayoutPolicyLw:17 com.android.server.wm.RootWindowContainer.applySurfaceChangesTransaction$1:195 com.android.server.wm.RootWindowContainer.performSurfacePlacementNoTrace:59 
01-25 19:01:28.818  2421  2952 D WindowManager: updateSystemBarAttributes, bhv=1, apr=0, statusBarAprRegions=[AppearanceRegion{ bounds=[0,0][1440,3120]}], requestedVisibilities=-9
01-25 19:01:28.818 30786 30786 I tscleaner.debug: Using CollectorTypeCMC GC.
01-25 19:01:28.818  2421  2952 D SurfaceComposerClient: setCornerRadius ## 5de0e93 Splash Screen com.ogabassey.contactscleaner.debug#7602 cornerRadius=0.000000
01-25 19:01:28.818  4018  4117 V WindowManagerShell:  animated by firstHandler
01-25 19:01:28.818  1888  5024 I SurfaceFlinger: id=7607 createSurf, flag=84000, Surface(name=Task=13850)/@0x10f66a3_transition-leash#7607
01-25 19:01:28.819  4669 23413 I SurfaceControlRegistry: show, t=StartTransaction_SyncId<683> sc=Task=13850, caller=android.view.SurfaceControl$Transaction.show:3557 S.j.a:152 S.j.u:0 S.j.t:0 com.android.systemui.animation.RemoteAnimationTargetCompat.wrap:48 com.android.systemui.animation.RemoteAnimationTargetCompat.wrapApps:10 
01-25 19:01:28.819  1888  5024 I SurfaceFlinger: id=7608 createSurf, flag=84000, Surface(name=Task=1)/@0x113d59_transition-leash#7608
01-25 19:01:28.819  4669 23413 I SurfaceControlRegistry: show, t=StartTransaction_SyncId<683> sc=Task=1, caller=android.view.SurfaceControl$Transaction.show:3557 S.j.a:152 S.j.u:0 S.j.t:0 com.android.systemui.animation.RemoteAnimationTargetCompat.wrap:48 com.android.systemui.animation.RemoteAnimationTargetCompat.wrapApps:10 
01-25 19:01:28.819  4669 23413 I SurfaceControlRegistry: apply, t=StartTransaction_SyncId<683>, caller=android.view.SurfaceControl$Transaction.apply:3459 android.view.SurfaceControl$Transaction.apply:3447 android.view.SurfaceControl$Transaction.apply:3397 com.android.systemui.animation.RemoteAnimationRunnerCompat$1.startAnimation:645 android.window.IRemoteTransition$Stub.onTransact:162 android.os.Binder.execTransactInternal:1462 
01-25 19:01:28.819  1888  1888 I SurfaceFlinger: [Transition Root: Task=13850#7604] attach to parent LayerHierarchy{RequestedLayerState{DefaultTaskDisplayArea_d0#10 parentId=9} 29 children}
01-25 19:01:28.819  1888  1888 I SurfaceFlinger: [Surface(name=dc6a07f StatusBar)/@0xc0a3083 - animation-leash of insets_animation#7605] attach to parent LayerHierarchy{RequestedLayerState{WindowToken{ef08d9e type=2000 android.os.BinderProxy@f2e9a20}#94 parentId=17} 2 children}
01-25 19:01:28.819  1888  1888 I SurfaceFlinger: [Surface(name=158d7e1 NavigationBar0)/@0xd1ffe2c - animation-leash of insets_animation#7606] attach to parent LayerHierarchy{RequestedLayerState{WindowToken{2495d48 type=2019 android.os.BinderProxy@a0c933a}#87 parentId=34} 2 children}
01-25 19:01:28.819  1888  1888 I SurfaceFlinger: [Surface(name=Task=13850)/@0x10f66a3_transition-leash#7607] attach to parent LayerHierarchy{RequestedLayerState{Transition Root: Task=13850#7604 parentId=10} 1 children}
01-25 19:01:28.819  1888  1888 I SurfaceFlinger: [Surface(name=Task=1)/@0x113d59_transition-leash#7608] attach to parent LayerHierarchy{RequestedLayerState{Transition Root: Task=13850#7604 parentId=10} 2 children}
01-25 19:01:28.819  1888  3094 I SurfaceFlinger: id=7609 createSurf, flag=84000, c34d2b ActivityRecordInputSink com.ogabassey.contactscleaner.debug/com.ogabassey.contactscleaner.MainActivity#7609
01-25 19:01:28.819  4669 28091 I HoneySpace.SystemUiRepository: systemUiFlags: allow_gesture|awake
01-25 19:01:28.819  4669 23413 I HoneySpace.ShellAnimationRunner: [onAnimationStart] appTarget(0) : taskId-13850, mode-0
01-25 19:01:28.819  4669 28091 I HoneySpace.RecentTasks: onRunningTaskAppeared
01-25 19:01:28.819  4669 23413 I HoneySpace.ShellAnimationRunner: cookie: 5901
01-25 19:01:28.819  4669 23413 I HoneySpace.ShellAnimationRunner: [onAnimationStart] appTarget(1) : taskId-1, mode-1
01-25 19:01:28.819  4669 28091 I HoneySpace.RecentTasks: onRecentTasksChanged
01-25 19:01:28.819  4669  4669 I HoneySpace.ShellAnimationRunner: this , com.honeyspace.transition.ShellAnimationRunner@b6e3cc
01-25 19:01:28.819  4669  4669 I HoneySpace.ShellTransitionManager: open animation start
01-25 19:01:28.819  4669  4669 I HoneySpace.ShellAnimationRunner: finishExistingAnimation, null
01-25 19:01:28.819  4669  4669 I HoneySpace.AppLaunchAnimationDelegate: onAnimationStart
01-25 19:01:28.819  4669  4669 I HoneySpace.AppLaunchAnimationDelegate: composeIconLaunchAnimator
01-25 19:01:28.820  4669  4669 I HoneySpace.AppLaunchAnimationDelegate: playAnim: translucent:false
01-25 19:01:28.820  4669  4669 I HoneySpace.FloatingAnimator: [Player:A(28.787)] lateTargetsSetup, id: 5901
01-25 19:01:28.820  4669  4669 I HoneySpace.AppLaunchAnimationDelegate: playFloatingIconAnim, appPlayer: 236350131
01-25 19:01:28.820  4669  4669 I HoneySpace.AppTransitionAnimationAwait: prepare refCnt:1 timeout:500
01-25 19:01:28.820  4669  4669 I HoneySpace.FloatingAnimator: [Player:A(28.787)] value animator:[190249463] started
01-25 19:01:28.820  4669  4669 I HoneySpace.AnimationResult: setAnimation, animation: false
01-25 19:01:28.820  4669  4669 I HoneySpace.HoneySystemControllerImpl: isRecentsActivityIdleState false
01-25 19:01:28.820  4669  4774 I HoneySpace.TaskbarEventTracker: invokeEvent() called with: event = SystemUiStateChanged(stateFlags=268566528)
01-25 19:01:28.821  5455  5552 I adbd    : jdwp connection from 30786
