--------- beginning of main
01-25 18:55:32.840  2421  2968 I SemDvfsHyPerManager: acquire hyper - APP_LAUNCH/2421@70, type = -999
01-25 18:55:32.840  1757  1895 I HYPER-HAL: [RequestManager.cpp]acquire(): Acquired ID : 3103856  [2421 / 70]    HINT : APP_LAUNCH    list : [TIMEOUT / 700] 
01-25 18:55:32.840  7026  7026 I SemDvfsHyPerManager: acquire hyper - APP_START_SHORT/7026@24, type = -999
01-25 18:55:32.840  1780  1927 E PERFHAL-RESOURCEQS: PERFHAL-RESOURCEQS: AddAndApply() 171: Failed to apply optimization [15, 7]
01-25 18:55:32.840  1780  1927 E PERFHAL-RESOURCEQS: PERFHAL-RESOURCEQS: AddAndApply() 171: Failed to apply optimization [15, 7]
01-25 18:55:32.840  1757  1895 I HYPER-HAL: [RequestManager.cpp]acquire(): Acquired ID : 24854799  [7026 / 24]    HINT : APP_START    list : [TIMEOUT / 1500] 
--------- beginning of system
01-25 18:55:32.841  2421  6905 D ActivityTaskManager: startActivityAsUser: callingPid=27505, callingUid=2000, caller=com.android.server.am.ActivityManagerService.startActivityAsUserWithFeature:27 com.android.server.am.ActivityManagerShellCommand.runStartActivity:588 com.android.server.am.ActivityManagerShellCommand.onCommand:2030 com.android.modules.utils.BasicShellCommandHandler.exec:97 android.os.ShellCommand.exec:38 com.android.server.am.ActivityManagerService.onShellCommand:164 android.os.Binder.shellCommand:1187 
01-25 18:55:32.843  2421  6905 W ActivityTaskManager: callingPackage for (uid=2000, pid=27505) has no WPC
01-25 18:55:32.843  2421  6905 D ActivityTaskManager: DesktopModeLaunchParamsModifier: task=null activity=null task null, skipping
01-25 18:55:32.843  2421  6905 D ActivityTaskManager: TaskLaunchParamsModifier:task=null activity=null display-area-from-current-params=null display-area-from-default-fallback=DefaultTaskDisplayArea_d0@215174188 display-id=0 task-display-area-windowing-mode=1 suggested-display-area=DefaultTaskDisplayArea_d0@215174188
01-25 18:55:32.843  2421  6905 W OptProp : Cannot read opt property android.window.PROPERTY_COMPAT_ALLOW_RESIZEABLE_ACTIVITY_OVERRIDES
01-25 18:55:32.843  2421  6905 W OptProp : Cannot read opt property android.window.PROPERTY_COMPAT_ALLOW_MIN_ASPECT_RATIO_OVERRIDE
01-25 18:55:32.844  2421  6905 D WindowManager: Transition is created, t=TransitionRecord{8955f86 id=-1 type=OPEN flags=0x0}, caller=com.android.server.wm.Transition.<init>:182 com.android.server.wm.TransitionController.createAndStartCollecting:106 com.android.server.wm.ActivityStarter.executeRequest:3606 com.android.server.wm.ActivityStarter.execute:1752 com.android.server.wm.ActivityTaskManagerService.startActivityAsUser:95 
01-25 18:55:32.844  2421  6905 D BLASTSyncEngine: SyncGroup is created, id=655, name=Transition-OPEN, caller=com.android.server.wm.BLASTSyncEngine$SyncGroup.<init>:52 com.android.server.wm.TransitionController.moveToCollecting:79 com.android.server.wm.TransitionController.createAndStartCollecting:109 com.android.server.wm.ActivityStarter.executeRequest:3606 com.android.server.wm.ActivityStarter.execute:1752 com.android.server.wm.ActivityTaskManagerService.startActivityAsUser:95 com.android.server.am.ActivityManagerService.startActivityAsUserWithFeature:27 
01-25 18:55:32.844  2421  6905 W BLASTSyncEngine: setSyncMethod, id=655, method=0, caller=com.android.server.wm.TransitionController.moveToCollecting:91 com.android.server.wm.TransitionController.createAndStartCollecting:109 com.android.server.wm.ActivityStarter.executeRequest:3606 
01-25 18:55:32.844  2421  6905 V WindowManager: Start collecting in Transition: TransitionRecord{8955f86 id=655 type=OPEN flags=0x0}, caller=com.android.server.wm.TransitionController.createAndStartCollecting:109 com.android.server.wm.ActivityStarter.executeRequest:3606 com.android.server.wm.ActivityStarter.execute:1752 com.android.server.wm.ActivityTaskManagerService.startActivityAsUser:95 com.android.server.am.ActivityManagerService.startActivityAsUserWithFeature:27 
01-25 18:55:32.844  2421  6905 V WindowManager: Collecting in transition 655: ActivityRecord{39366727 u0 com.ogabassey.contactscleaner.debug/com.ogabassey.contactscleaner.MainActivity, caller=com.android.server.wm.TransitionController.collect:7 com.android.server.wm.ActivityStarter.startActivityUnchecked:98 com.android.server.wm.ActivityStarter.executeRequest:3651 com.android.server.wm.ActivityStarter.execute:1752 com.android.server.wm.ActivityTaskManagerService.startActivityAsUser:95 
01-25 18:55:32.844  2421  6905 D ActivityTaskManager: DesktopModeLaunchParamsModifier: task=null activity=ActivityRecord{39366727 u0 com.ogabassey.contactscleaner.debug/com.ogabassey.contactscleaner.MainActivity t-1} task null, skipping
01-25 18:55:32.844  2421  6905 D ActivityTaskManager: TaskLaunchParamsModifier:task=null activity=ActivityRecord{39366727 u0 com.ogabassey.contactscleaner.debug/com.ogabassey.contactscleaner.MainActivity t-1} display-area-from-current-params=null display-area-from-default-fallback=DefaultTaskDisplayArea_d0@215174188 display-id=0 task-display-area-windowing-mode=1 suggested-display-area=DefaultTaskDisplayArea_d0@215174188
01-25 18:55:32.844  2421  6905 D ActivityTaskManager: DesktopModeLaunchParamsModifier: task=null activity=ActivityRecord{39366727 u0 com.ogabassey.contactscleaner.debug/com.ogabassey.contactscleaner.MainActivity t-1} task null, skipping
01-25 18:55:32.844  2421  6905 D ActivityTaskManager: TaskLaunchParamsModifier:task=null activity=ActivityRecord{39366727 u0 com.ogabassey.contactscleaner.debug/com.ogabassey.contactscleaner.MainActivity t-1} display-area-from-current-params=null display-area-from-default-fallback=DefaultTaskDisplayArea_d0@215174188 display-id=0 task-display-area-windowing-mode=1 suggested-display-area=DefaultTaskDisplayArea_d0@215174188 non-freeform-task-display-area display-area=DefaultTaskDisplayArea_d0@215174188 default-portrait freeform-size-mismatch=Rect(108, 808 - 1332, 2368)
01-25 18:55:32.844  2421  6905 D ActivityTaskManager: Temporarily retain top process state for launching app
01-25 18:55:32.845  1888  2100 I SurfaceFlinger: id=7318 createSurf, flag=24004, Task=13843#7318
01-25 18:55:32.845  2421  6905 D ActivityTaskManager: Top Process State changed to PROCESS_STATE_TOP_SLEEPING#2
01-25 18:55:32.846  2421  6905 D ActivityTaskManager: DesktopModeLaunchParamsModifier: task=Task{362e074 #13843 type=standard A=10245:com.ogabassey.contactscleaner.debug} activity=ActivityRecord{39366727 u0 com.ogabassey.contactscleaner.debug/com.ogabassey.contactscleaner.MainActivity t-1} non-desktop, skipping
01-25 18:55:32.846  2421  6905 D ActivityTaskManager: TaskLaunchParamsModifier:task=Task{362e074 #13843 type=standard A=10245:com.ogabassey.contactscleaner.debug} activity=ActivityRecord{39366727 u0 com.ogabassey.contactscleaner.debug/com.ogabassey.contactscleaner.MainActivity t-1} display-from-task=0 display-id=0 task-display-area-windowing-mode=1 suggested-display-area=DefaultTaskDisplayArea_d0@215174188 inherit-from-task=fullscreen non-freeform-task-display-area display-area=DefaultTaskDisplayArea_d0@215174188 default-portrait freeform-size-mismatch=Rect(108, 808 - 1332, 2368)
01-25 18:55:32.846  2421  6905 V WindowManager: Collecting in transition 655: Task{362e074 #13843 type=standard A=10245:com.ogabassey.contactscleaner.debug}, caller=com.android.server.wm.Transition.collectExistenceChange:40 com.android.server.wm.ActivityStarter.startActivityInner:293 com.android.server.wm.ActivityStarter.startActivityUnchecked:111 com.android.server.wm.ActivityStarter.executeRequest:3651 com.android.server.wm.ActivityStarter.execute:1752 
01-25 18:55:32.846  2421  6905 W OptProp : Cannot read opt property android.window.PROPERTY_COMPAT_ALLOW_ORIENTATION_OVERRIDE
01-25 18:55:32.846  1888  2100 I SurfaceFlinger: id=7319 createSurf, flag=84004, ActivityRecord{39366727 u0 com.ogabassey.contactscleaner.debug/com.ogabassey.contactscleaner.MainActivity t13843}#7319
01-25 18:55:32.846  2421  6905 V WindowManager: Checking theme of starting window: 0x7f0f010f
01-25 18:55:32.846  2421  6905 V WindowManager: Translucent=false Floating=false ShowWallpaper=false Disable=false
01-25 18:55:32.846  2421  6905 D ActivityTaskManager: addStartingWindow: type=2 typeParameter=8b
01-25 18:55:32.846  2421  6905 V WindowManager: Creating SplashScreenStartingData
01-25 18:55:32.846  2421  6905 V WindowManager: Add starting ActivityRecord{39366727 u0 com.ogabassey.contactscleaner.debug/com.ogabassey.contactscleaner.MainActivity t13843}: startingData=SplashScreenStartingData{3d7ee12 removeAfterTransaction= 0}
01-25 18:55:32.847  2421  6905 V WindowManager: Added starting ActivityRecord{39366727 u0 com.ogabassey.contactscleaner.debug/com.ogabassey.contactscleaner.MainActivity t13843}: startingWindow=null startingView=com.android.server.wm.StartingSurfaceController$StartingSurface@16609e3
01-25 18:55:32.847  2421  6905 D WindowManager: App launched activity=ActivityRecord{39366727 u0 com.ogabassey.contactscleaner.debug/com.ogabassey.contactscleaner.MainActivity t13843}, state=1
01-25 18:55:32.847  2421  6905 V WindowManager: Checking theme of starting window: 0x7f0f010f
01-25 18:55:32.847  2421  6905 V WindowManager: Translucent=false Floating=false ShowWallpaper=false Disable=false
01-25 18:55:32.847  2421  6905 D WindowManager: App launched activity=ActivityRecord{39366727 u0 com.ogabassey.contactscleaner.debug/com.ogabassey.contactscleaner.MainActivity t13843}, state=1
01-25 18:55:32.847  2421  6905 V WindowManager: Collecting in transition 655: ActivityRecord{39366727 u0 com.ogabassey.contactscleaner.debug/com.ogabassey.contactscleaner.MainActivity t13843}, caller=com.android.server.wm.Transition.collectExistenceChange:40 com.android.server.wm.ActivityStarter.handleStartResult:761 com.android.server.wm.ActivityStarter.startActivityUnchecked:124 com.android.server.wm.ActivityStarter.executeRequest:3651 com.android.server.wm.ActivityStarter.execute:1752 
01-25 18:55:32.847  2421  6905 V WindowManager: Requesting StartTransition: TransitionRecord{8955f86 id=655 type=OPEN flags=0x0 c=[
01-25 18:55:32.847  2421  6905 V WindowManager:    ChangeInfo{4eb299 container=ActivityRecord{39366727 u0 com.ogabassey.contactscleaner.debug/com.ogabassey.contactscleaner.MainActivity t13843} flags=0x0}
01-25 18:55:32.847  2421  6905 V WindowManager:    ChangeInfo{742d95e container=Task{362e074 #13843 type=standard A=10245:com.ogabassey.contactscleaner.debug} flags=0x0}
01-25 18:55:32.847  2421  6905 V WindowManager:    ChangeInfo{265613f container=DefaultTaskDisplayArea_d0@215174188 flags=0x0}
01-25 18:55:32.847  2421  6905 V WindowManager:    ChangeInfo{e85ca0c container=Display{#0 state=DOZE_SUSPEND size=1440x3120 ROTATION_0} flags=0x0}
01-25 18:55:32.847  2421  6905 V WindowManager: ]
01-25 18:55:32.847  2421  6905 V WindowManager: }, caller=com.android.server.wm.ActivityStarter.handleStartResult:982 com.android.server.wm.ActivityStarter.startActivityUnchecked:124 com.android.server.wm.ActivityStarter.executeRequest:3651 com.android.server.wm.ActivityStarter.execute:1752 com.android.server.wm.ActivityTaskManagerService.startActivityAsUser:95 
01-25 18:55:32.848  2421  6905 I Pageboost: stop alp
01-25 18:55:32.848  2421  6905 I ActivityTaskManager: START u0 {flg=0x10000000 xflg=0x5 cmp=com.ogabassey.contactscleaner.debug/com.ogabassey.contactscleaner.MainActivity} with LAUNCH_MULTIPLE from uid 2000 (BAL_ALLOW_PERMISSION) result code=0
01-25 18:55:32.848  2421  6905 I SemDvfsHyPerManager: acquire hyper - AMS_APP_LAUNCH/2421@19, type = -999
01-25 18:55:32.848  5248  5248 E pageboostd: Received HALT command code 2
01-25 18:55:32.848  4018  4117 V WindowManagerShell: Transition requested (#655): android.os.BinderProxy@bbd53c TransitionRequestInfo { type = OPEN, triggerTask = TaskInfo{userId=0 taskId=13843 effectiveUid=10245 displayId=0 isRunning=true baseIntent=Intent { flg=0x10000000 cmp=com.ogabassey.contactscleaner.debug/com.ogabassey.contactscleaner.MainActivity } baseActivity=ComponentInfo{com.ogabassey.contactscleaner.debug/com.ogabassey.contactscleaner.MainActivity} topActivity=ComponentInfo{com.ogabassey.contactscleaner.debug/com.ogabassey.contactscleaner.MainActivity} origActivity=null realActivity=ComponentInfo{com.ogabassey.contactscleaner.debug/com.ogabassey.contactscleaner.MainActivity} numActivities=1 lastActiveTime=14104638 supportsMultiWindow=true resizeMode=1 isResizeable=true minWidth=-1 minHeight=-1 maxWidth=-1 maxHeight=-1 defaultMinSize=220 desktopDefaultMinSize=304 token=WCT{android.window.IWindowContainerToken$Stub$Proxy@35a42c5} topActivityType=1 pictureInPictureParams=null shouldDockBigOverlays=false launchIntoPipHostTaskId=-1 lastParentTaskIdBeforePip=-1 displayCutoutSafeInsets=Rect(0, 113 - 0, 0) topActivityInfo=ActivityInfo{724a41a com.ogabassey.contactscleaner.MainActivity} launchCookies=[] positionInParent=Point(0, 0) parentTaskId=-1 isFocused=false isVisible=false isVisibleRequested=false isTopActivityNoDisplay=false isSleeping=true locusId=null displayAreaFeatureId=1 isTopActivityTransparent=false isActivityStackTransparent=false lastNonFullscreenBounds=Rect(108, 808 - 1332, 2368) capturedLink=null capturedLinkTimestamp=0 requestedVisibleTypes=-9 topActivityRequestOpenInBrowserEducationTimestamp=0 appCompatTaskInfo=AppCompatTaskInfo { topActivityInSizeCompat=false eligibleForLetterboxEducation= false isLetterboxEducationEnabled= false isLetterboxDoubleTapEnabled= false eligibleForUserAspectRatioButton= false topActivityBoundsLetterboxed= false isFromLetterboxDoubleTap= false topActivityLetterboxVerticalPosition= -1 topActivityLetterboxHorizontalPosition= -1 topActivityLetterboxWidth=-1 topActivityLetterboxHeight=-1 topActivityAppBounds=Rect(0, 0 - 1440, 3120) isUserFullscreenOverrideEnabled=false isSystemFullscreenOverrideEnabled=false hasMinAspectRatioOverride=false topActivityLetterboxBounds=null cameraCompatTaskInfo=CameraCompatTaskInfo { freeformCameraCompatMode=inactive} topActivityBounds=null topActivityInDisplayCompat=false singleTapFromLetterbox=false} topActivityMainWindowFrame=null originallySupportedMultiWindow=true hasWallpaper=false rootAffinity=10245:com.ogabassey.contactscleaner.debug isTopTaskInStage=false CoverLauncherWidgetTask=false LaunchedFromAppsCoverLauncherTask=false LaunchedFromMultistarCoverLauncherTask=false isAllowedSeamlessRotation=false isTopTransparentActivity=false isAliasManaged=false hasConfigChanged=false snappingGuideBounds=null isAiKeyRemoveAppTask=false lastDesktopWindowingBounds=null lastExternalDesktopWindowingBounds=null safeCutoutInsets=null}, pipChange = null, remoteTransition = null, displayChange = null, flags = 0, debugId = 655 }
01-25 18:55:32.848  1757  1895 I HYPER-HAL: [RequestManager.cpp]acquire(): Acquired ID : 2978039  [2421 / 19]    HINT : AMS_APP_LAUNCH    list : 
01-25 18:55:32.848  4018  4117 V ShellDesktopMode: DesktopTasksController: isDesktopModeShowing: hasVisibleTasks=false hasTopTransparentFullscreenTask=false
01-25 18:55:32.848  4018  4117 V ShellDesktopMode: DesktopTasksController: isDesktopModeShowing: hasVisibleTasks=false hasTopTransparentFullscreenTask=false
01-25 18:55:32.848  7026  7026 I SemDvfsHyPerManager: acquire hyper - APP_START/7026@26, type = -999
01-25 18:55:32.848  4018  4117 D ShellSplitScreen: logExit: no-op, mLoggerSessionId is null
01-25 18:55:32.848  4018  4117 D ShellDesktopMode: handleRequest: TransitionRequestInfo {type=1, tid=13843, debugId=655}
01-25 18:55:32.848  4018  4117 V ShellDesktopMode: DesktopTasksController: handleFullscreenTaskLaunch
01-25 18:55:32.848  4018  4117 V ShellDesktopMode: DesktopTasksController: isDesktopModeShowing: hasVisibleTasks=false hasTopTransparentFullscreenTask=false
01-25 18:55:32.848  1757  1895 I HYPER-HAL: [RequestManager.cpp]acquire(): Acquired ID : 24868904  [7026 / 26]    HINT : APP_START    list : 
01-25 18:55:32.848  4018  4117 V ShellDesktopMode: DesktopTasksController: handleRequest result=null
01-25 18:55:32.848  2421  6955 V WindowManager: Starting Transition 655, caller=com.android.server.wm.WindowOrganizerController.startTransition:47 com.android.server.wm.WindowOrganizerController.startTransition:1 android.window.IWindowOrganizerController$Stub.onTransact:259 
01-25 18:55:32.849  4669  4777 I HoneySpace.TopTaskSource: onTaskMovedToFront : taskId = 13843, displayId = 0
01-25 18:55:32.850  4018  4134 D ViewRootImpl: desktopMode is false
01-25 18:55:32.850  4669  4780 I HoneySpace.TopTaskUseCase: topTasks 13843 ComponentInfo{com.ogabassey.contactscleaner.debug/com.ogabassey.contactscleaner.MainActivity}[displayId=0]
01-25 18:55:32.850  4018  4134 I ViewRootImpl: dVRR is disabled
01-25 18:55:32.850  1888  1888 I SurfaceFlinger: [Display 0 name="Built-in Screen"#49] setFrameRateCategory: High
01-25 18:55:32.850  1888  1888 I SurfaceFlinger: [Task=13843#7318] attach to parent LayerHierarchy{RequestedLayerState{DefaultTaskDisplayArea_d0#10 parentId=9} 26 children}
01-25 18:55:32.850  1888  1888 I SurfaceFlinger: [ActivityRecord{39366727 u0 com.ogabassey.contactscleaner.debug/com.ogabassey.contactscleaner.MainActivity t13843}#7319] attach to parent LayerHierarchy{RequestedLayerState{Task=13843#7318 parentId=10} 1 children}
01-25 18:55:32.850  4018  4195 D NativeCustomFrequencyManager: [NativeCFMS] BpCustomFrequencyManager::BpCustomFrequencyManager()
01-25 18:55:32.851  4669 25234 I HoneySpace.RecentTasks: onRecentTasksChanged
01-25 18:55:32.851  4018  4117 D ShellDesktopMode: [u0] DesktopRepository: Removes freeform task: taskId=13841
01-25 18:55:32.851  4018  4117 W ShellDesktopMode: [u0] DesktopRepository: No display id found for task: taskId=13841
01-25 18:55:32.851  4018  4117 D ShellDesktopMode: [u0] DesktopRepository: Removes freeform task: taskId=13841
01-25 18:55:32.851  4018  4117 W ShellDesktopMode: [u0] DesktopRepository: No display id found for task: taskId=13841
01-25 18:55:32.851  2421  2951 I DisplayDeviceRepository: Display device changed render timings: "Built-in Screen", renderFrameRate=30.000002, presentationDeadlineNanos=9333334, appVsyncOffsetNanos=16666666, frameRateOverrides=[{uid=10044 frameRateHz=30.000002}]
01-25 18:55:32.851  1778  1778 W SDM     : DisplayBase::CommitOrPrepare: Prepare failed: 3
01-25 18:55:32.851  1760  1760 I SS_POWER_HINT_SESSION: SS_ADPF 4018-10044-47f0 PowerHintSession createHintSession : , 4189, 4191, 4134, 4195 : 16666667
01-25 18:55:32.852  4018  4148 D StackScroller: onDisplayChanged for predraw skip to 4
01-25 18:55:32.852  4018  4018 D DisplayLifecycle: updateDisplay id = 0
01-25 18:55:32.852  4018  4018 I AODTriggers: onAODEventDispatched = 4 / eventData = aod.e0@fb77c79
01-25 18:55:32.852  4018  4018 I AOD_LIVE_CLOCK@LiveClockController: updateDisplayState: DISPLAY_STATE_DOZE_SUSPEND
01-25 18:55:32.852  1757  1895 I HYPER-HAL: [RequestManager.cpp]acquire(): Acquired ID : 9610159  [1760 / 2623]    HINT :      list : [TID_LOW_LATENCY / 1] [TID / 4189] [TID / 4191] [TID / 4134] [TID / 4195] 
01-25 18:55:32.852  2421  2538 D WifiDisplayAdapter: isFitToActiveDisplayLocked : false
01-25 18:55:32.853  2421  6955 D HintManagerService: SystemUI make new AppHintSession but force pause
01-25 18:55:32.853  4018  4191 E perf_hint: Session ID too large, must fit 32-bit integer
01-25 18:55:32.853  1757  1895 I HYPER-HAL: [RequestManager.cpp]acquire(): Acquired ID : 9610159  [1760 / 2623]    HINT :      list : [TID_LOW_LATENCY / 0] [TID / 4189] [TID / 4191] [TID / 4134] [TID / 4195] 
01-25 18:55:32.853  2421  6906 W ParceledListSlice: Element #16 is 22812 bytes.
01-25 18:55:32.853  2421  6906 W ParceledListSlice: Overly large reply size: 84228
01-25 18:55:32.853  1757  1895 I HYPER-HAL: [RequestManager.cpp]releaseLocked(): Released ID : 9610159
01-25 18:55:32.853  1757  1895 I HYPER-HAL: [RequestManager.cpp]acquire(): Acquired ID : 9614544  [1760 / 2624]    HINT :      list : [UCLAMP_MIN_BOOST / 0] [TIMEOUT / 50] [TID / 4189] [TID / 4191] [TID / 4134] [TID / 4195] 
01-25 18:55:32.853  2421  4616 D InputTransport: Input channel constructed: '7b94ea4', fd=965
01-25 18:55:32.853  2421  4616 D InputTransport: Input channel constructed: '7b94ea4', fd=1192
01-25 18:55:32.854  2421  4616 D InputTransport: Input channel constructed: '7b94ea4', fd=1194
01-25 18:55:32.854  2421  4616 D InputTransport: Input channel destroyed: '7b94ea4', fd=1192
01-25 18:55:32.854  2421  4616 D WindowManager: prepareSync <SYNC_STATE_WAITING_FOR_DRAW>, mPrepareSyncSeqId=0, win=Window{7b94ea4 u0 Splash Screen com.ogabassey.contactscleaner.debug}
01-25 18:55:32.854  1888  2100 I SurfaceFlinger: id=7320 createSurf, flag=84004, 7b94ea4 Splash Screen com.ogabassey.contactscleaner.debug#7320
01-25 18:55:32.854  2421  4616 D RestrictionPolicy: isScreenCaptureEnabled : ret=true userId=0
01-25 18:55:32.854  2421  4616 V WindowManager: addWindow: ActivityRecord{39366727 u0 com.ogabassey.contactscleaner.debug/com.ogabassey.contactscleaner.MainActivity t13843} startingWindow=Window{7b94ea4 u0 Splash Screen com.ogabassey.contactscleaner.debug}
01-25 18:55:32.854  2421  6906 W ParceledListSlice: Element #19 is 21748 bytes.
01-25 18:55:32.854  2421  4616 D InputTransport: Input channel destroyed: '7b94ea4', fd=1194
01-25 18:55:32.854  4018  4134 D InputTransport: Input channel constructed: '7b94ea4', fd=728
01-25 18:55:32.854  4018  4134 I InsetsController: onStateChanged: host=Splash Screen com.ogabassey.contactscleaner.debug, from=android.view.ViewRootImpl.onInsetsStateChanged:3026, state=InsetsState: {mDisplayFrame=Rect(0, 0 - 1440, 3120), mDisplayCutout=DisplayCutout{insets=Rect(0, 113 - 0, 0) waterfall=Insets{left=0, top=0, right=0, bottom=0} boundingRect={Bounds=[Rect(0, 0 - 0, 0), Rect(685, 0 - 755, 113), Rect(0, 0 - 0, 0), Rect(0, 0 - 0, 0)]} cutoutPathParserInfo={CutoutPathParserInfo{displayWidth=1440 displayHeight=3120 physicalDisplayWidth=1440 physicalDisplayHeight=3120 density={3.75} cutoutSpec={M 0,0 H -9.333333333333333 V 30.13333333333333 H 9.333333333333333 V 0 H 0 Z @dp} rotation={0} scale={1.0} physicalPixelDisplaySizeRatio={1.0}}} sideOverrides={}}, mRoundedCorners=RoundedCorners{[RoundedCorner{position=TopLeft, radius=56, center=Point(56, 56)}, RoundedCorner{position=TopRight, radius=56, center=Point(1384, 56)}, RoundedCorner{position=BottomRight, radius=56, center=Point(1384, 3064)}, RoundedCorner{position=BottomLeft, radius=56, center=Point(56, 3064)}]}  mRoundedCornerFrame=Rect(0, 0 - 1440, 3120), mPrivacyIndicatorBounds=PrivacyIndicatorBounds {static bounds=Rect(1275, 0 - 1440, 113) rotation=0}, mDisplayShape=DisplayShape{ spec=-311912193 displayWidth=1440 displayHeight=3120 physicalPixelDisplaySizeRatio=1.0 rotation=0 offsetX=0 offsetY=0 scale=1.0}, mSources= { InsetsSource: {e68d0001 mType=navigationBars mFrame=[0,3064][1440,3120] mVisible=false mFlags=SUPPRESS_SCRIM mSideHint=BOTTOM mBoundingRects=null}, InsetsSource: {e68d0004 mType=systemGestures mFrame=[0,0][112,3120] mVisible=true mFlags= mSideHint=LEFT mBoundingRects=null}, InsetsSource: {e68d0005 mType=mandatorySystemGestures mFrame=[0,3000][1440,3120] mVisible=true mFlags= mSideHint=BOTTOM mBoundingRects=null}, InsetsSource: {e68d0006 mType=tappableElement mFrame=[0,0][0,0] mVisible=true mFlags= mSideHint=NONE mBoundingRects=null}, InsetsSource: {e68d0024 mType=systemGestures mFrame=[1328,0][1440,3120] mVisible=true mFlags= mSideHint=RIGHT mBoundingRects=null}, InsetsSource: {3 mType=ime mFrame=[0,0][0,0] mVisible=false mFlags= mSideHint=NONE mBoundingRects=null}, InsetsSource: {27 mType=displayCutout mFrame=[0,0][1440,113] mVisible=true mFlags= mSideHint=TOP mBoundingRects=null}, InsetsSource: {56ae0000 mType=statusBars mFrame=[0,0][1440,113] mVisible=true mFlags= mSideHint=TOP mBoundingRects=null}, InsetsSource: {56ae0005 mType=mandatorySystemGestures mFrame=[0,0][1440,158] mVisible=true mFlags= mSideHint=TOP mBoundingRects=null}, InsetsSource: {56ae0006 mType=tappableElement mFrame=[0,0][1440,113] mVisible=true mFlags= mSideHint=TOP mBoundingRects=null} }
01-25 18:55:32.854  4018  4134 I VRI[debug]@d214641: onActiveControlsChanged, removed=false, mAdded=true, caller=android.view.ViewRootImpl.handleInsetsControlChanged:3002 android.view.ViewRootImpl.setView:2014 android.view.WindowManagerGlobal.addView:604 com.android.wm.shell.startingsurface.SplashscreenWindowCreator.addWindow:38 com.android.wm.shell.startingsurface.StartingWindowController$$ExternalSyntheticLambda4.run:1365 
01-25 18:55:32.854  4018  4134 I VRI[debug]@d214641: synced displayState. AttachInfo displayState=4
01-25 18:55:32.854  4018  4134 I VRI[debug]@d214641: setView = android.widget.FrameLayout@2ab0c58 IsHRR=false mFlingFrameRateChange=0 TM=true
01-25 18:55:32.855  4669 26860 I HoneySpace.RecentTasks: onRecentTasksChanged
01-25 18:55:32.855  1868  1918 E HeatmapThread: ECT Thread time in milliseconds: 1769363732
01-25 18:55:32.856  1868  1918 D HeatmapThread: !@ batteryplugType : 2
01-25 18:55:32.856  1868  1918 D HeatmapThread: !@ batteryLevel : 51  batteryTemperature : 386 
01-25 18:55:32.856  1868  1918 D HeatmapThread: !@ Heatmap currtime: 29489395
01-25 18:55:32.856  1868  1918 D HeatmapThread: !@ Heatmap prevtime: 29489370
01-25 18:55:32.856  1868  1918 D HeatmapThread: !@ Heatmap plugstarttime: 29489360
01-25 18:55:32.856  1868  1918 D HeatmapThread: !@ Heatmap prevv_dsoh_update_time: 29489322
01-25 18:55:32.856  1868  1918 E HeatmapThread: !@ CAM New BSOH: 100
01-25 18:55:32.858  2421  6906 W ParceledListSlice: Element #16 is 22812 bytes.
01-25 18:55:32.858  2421  6906 W ParceledListSlice: Overly large reply size: 84228
01-25 18:55:32.858  2421  4616 W ParceledListSlice: Element #19 is 21748 bytes.
01-25 18:55:32.859  4018  4195 D HWUI    : HWUI - treat SMPTE_170M as sRGB
01-25 18:55:32.863  1649  1649 D Zygote  : Forked child process 27520
01-25 18:55:32.863  2421  2970 I ActivityManager: Start proc 27520:com.ogabassey.contactscleaner.debug/u0a245 for top-activity {com.ogabassey.contactscleaner.debug/com.ogabassey.contactscleaner.MainActivity}
01-25 18:55:32.863  2421  2970 I ActivityManager: ProcessObserver broadcast disabled
01-25 18:55:32.868  2421  4616 I WindowManager: Relayout Window{7b94ea4 u0 Splash Screen com.ogabassey.contactscleaner.debug}: viewVisibility=0 req=1440x3120 ty=3 d0
01-25 18:55:32.868  1888  2100 I SurfaceFlinger: id=7321 createSurf, flag=44004, Splash Screen com.ogabassey.contactscleaner.debug$_4018#7321
01-25 18:55:32.868  2421  4616 D WindowManager: makeSurface duration=1 name=Splash Screen com.ogabassey.contactscleaner.debug$_4018
01-25 18:55:32.868  2421  4616 D SurfaceComposerClient: setCornerRadius ## 7b94ea4 Splash Screen com.ogabassey.contactscleaner.debug#7320 cornerRadius=0.000000
01-25 18:55:32.869  2421  4616 D BLASTSyncEngine: SyncGroup 655: Set ready true, caller=com.android.server.wm.BLASTSyncEngine.setReady:32 com.android.server.wm.Transition.applyReady:54 com.android.server.wm.Transition.setReady:72 com.android.server.wm.TransitionController.setReady:6 com.android.server.wm.DisplayContent.executeAppTransition:4 com.android.server.wm.DisplayContent.notifyKeyguardFlagsChanged:13 
01-25 18:55:32.869  2421  4616 V WindowManager: SyncGroup 655: Finished!
01-25 18:55:32.869  2421  4616 D ChangeTransitionController: onTransactionReady: TransitionRecord{8955f86 id=655 type=OPEN flags=0x0 c=[
01-25 18:55:32.869  2421  4616 D ChangeTransitionController:    ChangeInfo{4eb299 container=ActivityRecord{39366727 u0 com.ogabassey.contactscleaner.debug/com.ogabassey.contactscleaner.MainActivity t13843} flags=0x0}
01-25 18:55:32.869  2421  4616 D ChangeTransitionController:    ChangeInfo{742d95e container=Task{362e074 #13843 type=standard A=10245:com.ogabassey.contactscleaner.debug} flags=0x0}
01-25 18:55:32.869  2421  4616 D ChangeTransitionController:    ChangeInfo{265613f container=DefaultTaskDisplayArea_d0@215174188 flags=0x0}
01-25 18:55:32.869  2421  4616 D ChangeTransitionController:    ChangeInfo{e85ca0c container=Display{#0 state=DOZE_SUSPEND size=1440x3120 ROTATION_0} flags=0x0}
01-25 18:55:32.869  2421  4616 D ChangeTransitionController: ]
01-25 18:55:32.869  2421  4616 D ChangeTransitionController: }
01-25 18:55:32.869  2421  4616 V WindowManager: Start calculating TransitionInfo based on participants: {ActivityRecord{39366727 u0 com.ogabassey.contactscleaner.debug/com.ogabassey.contactscleaner.MainActivity t13843}, Task{362e074 #13843 type=standard A=10245:com.ogabassey.contactscleaner.debug}}
01-25 18:55:32.869  2421  4616 V WindowManager:   Final targets: []
01-25 18:55:32.869  2421  4616 V WindowManager: Calling onTransitionReady: {id=655 t=OPEN f=0x40 trk=0 r=[] c=[]}
01-25 18:55:32.869  2421  4616 D PowerManagerService: [api] setPowerBoost(L) boost:0, durationMs:0, caller (uid: 1000 pid: 2421) <- m() in com.android.server.display.DisplayManagerService$BinderService$$ExternalSyntheticOutline0:1
01-25 18:55:32.869  4018  6588 V WindowManagerShell: onTransitionReady(transaction=10398115857263)
01-25 18:55:32.869  4018  4117 V WindowManagerShell: onTransitionReady (#655) android.os.BinderProxy@bbd53c: {id=655 t=OPEN f=0x40 trk=0 r=[] c=[]}
01-25 18:55:32.869  4018  4117 V ShellDesktopMode: DesktopModeLogger: taskInfo map after processing changes 0
01-25 18:55:32.869  4018  4117 V WindowManagerShell: No transition roots in (#655) android.os.BinderProxy@bbd53c@0 so abort
01-25 18:55:32.869  4018  4117 I SurfaceControlRegistry: apply, t=StartTransaction_SyncId<655>, caller=android.view.SurfaceControl$Transaction.apply:3459 android.view.SurfaceControl$Transaction.apply:3447 android.view.SurfaceControl$Transaction.apply:3397 com.android.wm.shell.transition.Transitions.processReadyQueue:196 com.android.wm.shell.transition.Transitions.onAbort:85 com.android.wm.shell.transition.Transitions.dispatchReady:326 
01-25 18:55:32.869  2421  4616 I WindowManager: Relayout hash=7b94ea4, pid=4018, syncId=-1: mAttrs={(0,0)(fillxfill) sim={adjust=pan} layoutInDisplayCutoutMode=always ty=APPLICATION_STARTING fmt=TRANSLUCENT wanim=0x1030317
01-25 18:55:32.869  2421  4616 I WindowManager:   fl=81030118
01-25 18:55:32.869  2421  4616 I WindowManager:   pfl=10000810
01-25 18:55:32.869  2421  4616 I WindowManager:   bhv=1
01-25 18:55:32.869  2421  4616 I WindowManager:   fitSides=0
01-25 18:55:32.869  2421  4616 I WindowManager:   frameRateBoostOnTouch=true
01-25 18:55:32.869  2421  4616 I WindowManager:   dvrrWindowFrameRateHint=true naviIconColor=0}
01-25 18:55:32.870  4018  4117 V WindowManagerShell: Transition animation finished (aborted=true), notifying core (#655) android.os.BinderProxy@bbd53c@0
01-25 18:55:32.870  4018  4117 I SurfaceControlRegistry: apply, t=FinishTransaction_SyncId<655>, caller=android.view.SurfaceControl$Transaction.apply:3459 android.view.SurfaceControl$Transaction.apply:3447 android.view.SurfaceControl$Transaction.apply:3397 com.android.wm.shell.transition.Transitions.onFinish:315 com.android.wm.shell.transition.Transitions.processReadyQueue:201 com.android.wm.shell.transition.Transitions.onAbort:85 
01-25 18:55:32.870  2421  2948 V WindowManager: Sent Transition (#655) createdAt=01-25 18:55:32.844 via request=TransitionRequestInfo { type = OPEN, triggerTask = TaskInfo{userId=0 taskId=13843 effectiveUid=10245 displayId=0 isRunning=true baseIntent=Intent { flg=0x10000000 cmp=com.ogabassey.contactscleaner.debug/com.ogabassey.contactscleaner.MainActivity } baseActivity=ComponentInfo{com.ogabassey.contactscleaner.debug/com.ogabassey.contactscleaner.MainActivity} topActivity=ComponentInfo{com.ogabassey.contactscleaner.debug/com.ogabassey.contactscleaner.MainActivity} origActivity=null realActivity=ComponentInfo{com.ogabassey.contactscleaner.debug/com.ogabassey.contactscleaner.MainActivity} numActivities=1 lastActiveTime=14104638 supportsMultiWindow=true resizeMode=1 isResizeable=true minWidth=-1 minHeight=-1 maxWidth=-1 maxHeight=-1 defaultMinSize=220 desktopDefaultMinSize=304 token=WCT{RemoteToken{8dd31d3 Task{362e074 #13843 type=standard A=10245:com.ogabassey.contactscleaner.debug}}} topActivityType=1 pictureInPictureParams=null shouldDockBigOverlays=false launchIntoPipHostTaskId=-1 lastParentTaskIdBeforePip=-1 displayCutoutSafeInsets=Rect(0, 113 - 0, 0) topActivityInfo=ActivityInfo{78eb110 com.ogabassey.contactscleaner.MainActivity} launchCookies=[] positionInParent=Point(0, 0) parentTaskId=-1 isFocused=false isVisible=false isVisibleRequested=false isTopActivityNoDisplay=false isSleeping=true locusId=null displayAreaFeatureId=1 isTopActivityTransparent=false isActivityStackTransparent=false lastNonFullscreenBounds=Rect(108, 808 - 1332, 2368) capturedLink=null capturedLinkTimestamp=0 requestedVisibleTypes=-9 topActivityRequestOpenInBrowserEducationTimestamp=0 appCompatTaskInfo=AppCompatTaskInfo { topActivityInSizeCompat=false eligibleForLetterboxEducation= false isLetterboxEducationEnabled= false isLetterboxDoubleTapEnabled= false eligibleForUserAspectRatioButton= false topActivityBoundsLetterboxed= false isFromLetterboxDoubleTap= false topActivityLetterboxVerticalPosition= -1 topActivityLetterboxHorizontalPosition= -1 topActivityLetterboxWidth=-1 topActivityLetterboxHeight=-1 topActivityAppBounds=Rect(0, 0 - 1440, 3120) isUserFullscreenOverrideEnabled=false isSystemFullscreenOverrideEnabled=false hasMinAspectRatioOverride=false topActivityLetterboxBounds=null cameraCompatTaskInfo=CameraCompatTaskInfo { freeformCameraCompatMode=inactive} topActivityBounds=null topActivityInDisplayCompat=false singleTapFromLetterbox=false} topActivityMainWindowFrame=null originallySupportedMultiWindow=true hasWallpaper=false rootAffinity=10245:com.ogabassey.contactscleaner.debug isTopTaskInStage=false CoverLauncherWidgetTask=false LaunchedFromAppsCoverLauncherTask=false LaunchedFromMultistarCoverLauncherTask=false isAllowedSeamlessRotation=false isTopTransparentActivity=false isAliasManaged=false hasConfigChanged=false snappingGuideBounds=null isAiKeyRemoveAppTask=false lastDesktopWindowingBounds=null lastExternalDesktopWindowingBounds=null safeCutoutInsets=null}, pipChange = null, remoteTransition = null, displayChange = null, flags = 0, debugId = 655 }
01-25 18:55:32.870  2421  2948 V WindowManager:     startWCT=WindowContainerTransaction { changes= {} hops= [] errorCallbackToken=null taskFragmentOrganizer=null }
01-25 18:55:32.870  2421  6905 V WindowManager: Finish Transition: TransitionRecord{8955f86 id=655 type=OPEN flags=0x40 c=[
01-25 18:55:32.870  2421  6905 V WindowManager:    ChangeInfo{4eb299 container=ActivityRecord{39366727 u0 com.ogabassey.contactscleaner.debug/com.ogabassey.contactscleaner.MainActivity t13843} flags=0x0}
01-25 18:55:32.870  2421  6905 V WindowManager:    ChangeInfo{742d95e container=Task{362e074 #13843 type=standard A=10245:com.ogabassey.contactscleaner.debug} flags=0x0}
01-25 18:55:32.870  2421  6905 V WindowManager:    ChangeInfo{265613f container=DefaultTaskDisplayArea_d0@215174188 flags=0x0}
01-25 18:55:32.870  2421  6905 V WindowManager:    ChangeInfo{e85ca0c container=Display{#0 state=DOZE_SUSPEND size=1440x3120 ROTATION_0} flags=0x0}
01-25 18:55:32.870  2421  6905 V WindowManager: ]
01-25 18:55:32.870  2421  6905 V WindowManager: }, caller=com.android.server.wm.WindowOrganizerController.finishTransitionInner:31 com.android.server.wm.WindowOrganizerController.finishAllTransitions:60 android.window.IWindowOrganizerController$Stub.onTransact:283 
01-25 18:55:32.870  2421  6905 D ChangeTransitionController: onTransitionFinished: TransitionRecord{8955f86 id=655 type=OPEN flags=0x40 c=[
01-25 18:55:32.870  2421  6905 D ChangeTransitionController:    ChangeInfo{4eb299 container=ActivityRecord{39366727 u0 com.ogabassey.contactscleaner.debug/com.ogabassey.contactscleaner.MainActivity t13843} flags=0x0}
01-25 18:55:32.870  2421  6905 D ChangeTransitionController:    ChangeInfo{742d95e container=Task{362e074 #13843 type=standard A=10245:com.ogabassey.contactscleaner.debug} flags=0x0}
01-25 18:55:32.870  2421  6905 D ChangeTransitionController:    ChangeInfo{265613f container=DefaultTaskDisplayArea_d0@215174188 flags=0x0}
01-25 18:55:32.870  2421  6905 D ChangeTransitionController:    ChangeInfo{e85ca0c container=Display{#0 state=DOZE_SUSPEND size=1440x3120 ROTATION_0} flags=0x0}
01-25 18:55:32.870  2421  6905 D ChangeTransitionController: ]
01-25 18:55:32.870  2421  6905 D ChangeTransitionController: }
01-25 18:55:32.870  2421  2948 V WindowManager:     info={id=655 t=OPEN f=0x40 trk=0 r=[] c=[]}
01-25 18:55:32.870  4018  4134 I VRI[debug]@d214641: onActiveControlsChanged, removed=false, mAdded=true, caller=android.view.ViewRootImpl.handleInsetsControlChanged:3002 android.view.ViewRootImpl.relayoutWindow:11629 android.view.ViewRootImpl.performTraversals:4804 android.view.ViewRootImpl.doTraversal:3924 android.view.ViewRootImpl$TraversalRunnable.run:12903 
01-25 18:55:32.870  2421  2949 D PkgPredictorService-SecIpmManagerServiceImpl: bg information pid:4669 uid:10152 pkgName:com.sec.android.app.launcher
01-25 18:55:32.870  2421  2948 V WindowManager: Finish Transition (#655): created at 01-25 18:55:32.844 collect-started=0.238ms request-sent=3.814ms started=4.861ms ready=25.083ms sent=25.438ms finished=26.431ms
01-25 18:55:32.870  4018  4117 V WindowManagerShell: Track 0 became idle
01-25 18:55:32.870  4018  4117 V WindowManagerShell: All active transition animations finished
01-25 18:55:32.870  4018  4134 I BufferQueueProducer: [](id:fb200000152,api:0,p:-308422736,c:4018) setDequeueTimeout:2077252342
01-25 18:55:32.870  4018  4134 I BLASTBufferQueue_Java: new BLASTBufferQueue, mName= VRI[debug]@d214641 mNativeObject= 0xb4000074fe1d2170 caller= android.view.ViewRootImpl.updateBlastSurfaceIfNeeded:3585 android.view.ViewRootImpl.relayoutWindow:11685 android.view.ViewRootImpl.performTraversals:4804 android.view.ViewRootImpl.doTraversal:3924 android.view.ViewRootImpl$TraversalRunnable.run:12903 android.view.Choreographer$CallbackRecord.run:1901 android.view.Choreographer$CallbackRecord.run:1910 android.view.Choreographer.doCallbacks:1367 android.view.Choreographer.doFrame:1292 android.view.Choreographer$FrameDisplayEventReceiver.run:1870 
01-25 18:55:32.870  4018  4134 I BLASTBufferQueue_Java: update, w= 1440 h= 3120 mName = VRI[debug]@d214641 mNativeObject= 0xb4000074fe1d2170 sc.mNativeObject= 0xb40000736d9fd750 format= -3 caller= android.view.ViewRootImpl.updateBlastSurfaceIfNeeded:3590 android.view.ViewRootImpl.relayoutWindow:11685 android.view.ViewRootImpl.performTraversals:4804 android.view.ViewRootImpl.doTraversal:3924 android.view.ViewRootImpl$TraversalRunnable.run:12903 android.view.Choreographer$CallbackRecord.run:1901 
01-25 18:55:32.871  4018  4134 I VRI[debug]@d214641: Relayout returned: old=(0,0,1440,3120) new=(0,0,1440,3120) relayoutAsync=false req=(1440,3120)0 dur=2 res=0x3 s={true 0xb4000073cdddd110} ch=true seqId=0
01-25 18:55:32.871  2421  2421 I WALLPAPER_SVC:SemWallpaperManagerService: isHomeActivityVisible : false 
01-25 18:55:32.871  2421  2421 D WALLPAPER_SVC:WallpaperData: getWallpaperFile: file = /data/system/users/0/wallpaper_orig 
01-25 18:55:32.871  2421  2421 D WALLPAPER_SVC:WallpaperData: getWallpaperFile: file = /data/system/users/0/wallpaper_orig 
01-25 18:55:32.871  4018  4134 D VRI[debug]@d214641: mThreadedRenderer.initialize() mSurface={isValid=true 0xb4000073cdddd110} hwInitialized=true
01-25 18:55:32.871  4018  4134 D VRI[debug]@d214641: reportNextDraw android.view.ViewRootImpl.performTraversals:5443 android.view.ViewRootImpl.doTraversal:3924 android.view.ViewRootImpl$TraversalRunnable.run:12903 android.view.Choreographer$CallbackRecord.run:1901 android.view.Choreographer$CallbackRecord.run:1910 
01-25 18:55:32.871  4018  4134 D VRI[debug]@d214641: Setup new sync=wmsSync-VRI[debug]@d214641#83
01-25 18:55:32.871  4018  4134 I VRI[debug]@d214641: Creating new active sync group VRI[debug]@d214641#84
01-25 18:55:32.871  4018  4134 D VRI[debug]@d214641: registerCallbacksForSync syncBuffer=false
01-25 18:55:32.871  2421  2949 D SGM:GameManager: identifyForegroundApp. com.sec.android.app.launcher, mCurrentUserId: 0, callerUserId: 0
01-25 18:55:32.871  2421  2949 D SGM:SemGameManager: isForegroundGame(), ret=false
01-25 18:55:32.871  2421  2421 D WALLPAPER_SVC:WallpaperManagerService: dispatchHomeVisibilityChanged: visible = false, connection = com.android.server.wallpaper.WallpaperManagerService$WallpaperConnection@e60c5bc, systemWallpaper = WallpaperData@f8e8b70, id: 5, which: 7, file mod: 0, info: WallpaperInfo{com.samsung.android.wallpaper.live.infinity.InfinityWallpaper, settings: null}, engine(s): Proxy@1dd2f16, type = 7, userId = 0, uri= null, allowBackup= false, wallpaperComponent = ComponentInfo{com.samsung.android.wallpaper.live/com.samsung.android.wallpaper.live.infinity.InfinityWallpaper}, nextWallpaperComponent = ComponentInfo{com.samsung.android.wallpaper.live/com.samsung.android.wallpaper.live.infinity.InfinityWallpaper} 
01-25 18:55:32.871  2421  2949 D FingerprintProvider/default: onForegroundActivitiesChanged: pid = 4669, uid = 10152, foregroundActivities = false
01-25 18:55:32.871  2421  2949 D SGM:GameManager: identifyForegroundApp. com.sec.android.app.launcher, mCurrentUserId: 0, callerUserId: 0
01-25 18:55:32.871  2421  2949 D SGM:SemGameManager: isForegroundGame(), ret=false
01-25 18:55:32.871  2421  2949 D FingerprintProvider/default: onForegroundActivitiesChanged: pid = 4669, uid = 10152, foregroundActivities = false
01-25 18:55:32.871  2421  2949 D SGM:GameManager: identifyForegroundApp. com.sec.android.app.launcher, mCurrentUserId: 0, callerUserId: 0
01-25 18:55:32.871  2421  2949 D SGM:SemGameManager: isForegroundGame(), ret=false
01-25 18:55:32.871  2421  2949 D FingerprintProvider/default: onForegroundActivitiesChanged: pid = 4669, uid = 10152, foregroundActivities = false
01-25 18:55:32.872  4018  4189 D VRI[debug]@d214641: Received frameDrawingCallback syncResult=0 frameNum=1.
01-25 18:55:32.872  4018  4189 I VRI[debug]@d214641: mWNT: t=0xb40000735dbd8650 mBlastBufferQueue=0xb4000074fe1d2170 fn= 1 HdrRenderState mRenderHdrSdrRatio=1.0 caller= android.view.ViewRootImpl$12.onFrameDraw:15441 android.view.ThreadedRenderer$1.onFrameDraw:718 <bottom of call stack> 
01-25 18:55:32.872  4018  4189 I VRI[debug]@d214641: Setting up sync and frameCommitCallback
01-25 18:55:32.873  4018  4195 I BLASTBufferQueue: [VRI[debug]@d214641#338](f:0,a:0,s:0) onFrameAvailable the first frame is available
01-25 18:55:32.873  4018  4195 I SurfaceComposerClient: apply transaction with the first frame. layerId: 7321, bufferData(ID: 17257178598687, frameNumber: 1)
01-25 18:55:32.873 27520 27520 I tscleaner.debug: Late-enabling -Xcheck:jni
01-25 18:55:32.873  4018  4195 I VRI[debug]@d214641: Received frameCommittedCallback lastAttemptedDrawFrameNum=1 didProduceBuffer=true
01-25 18:55:32.873  1888  2098 I SurfaceFlinger: [Splash Screen com.ogabassey.contactscleaner.debug$_4018#7321] setTransactionState with the first frame. bufferData(ID: 17257178598687, frameNumber: 1)
01-25 18:55:32.873  4018  4195 D HWUI    : CFMS:: SetUp Pid : 4018    Tid : 4195
01-25 18:55:32.873  4018  4134 D VRI[debug]@d214641: reportDrawFinished seqId=0
01-25 18:55:32.873  2421  6955 D WindowManager: finishDrawingWindow: Window{7b94ea4 u0 Splash Screen com.ogabassey.contactscleaner.debug} mDrawState=DRAW_PENDING seqId=0
01-25 18:55:32.873  2421  6955 V WindowManager: Finishing drawing window Window{7b94ea4 u0 Splash Screen com.ogabassey.contactscleaner.debug}: mDrawState=DRAW_PENDING
01-25 18:55:32.873  2421  6955 V WindowManager: Draw state now committed in Window{7b94ea4 u0 Splash Screen com.ogabassey.contactscleaner.debug}
01-25 18:55:32.874  4669 25234 I HoneySpace.RecentTasks: onRunningTaskAppeared
01-25 18:55:32.874  4669 25234 I HoneySpace.RecentTasks: onRecentTasksChanged
01-25 18:55:32.876  2421  6955 W ParceledListSlice: Element #16 is 22812 bytes.
01-25 18:55:32.876  2421  6955 W ParceledListSlice: Overly large reply size: 84228
01-25 18:55:32.876  2421  6955 W ParceledListSlice: Element #19 is 21748 bytes.
01-25 18:55:32.883  1888  1888 I SurfaceFlinger: RequestedLayer [7b94ea4 Splash Screen com.ogabassey.contactscleaner.debug#7320] hidden!! flag  from(1) --> to(0)
01-25 18:55:32.883  1888  1888 I SurfaceFlinger: [Display 0 name="Built-in Screen"#49] setFrameRateCategory: Default
01-25 18:55:32.883  1888  1888 I SurfaceFlinger: [7b94ea4 Splash Screen com.ogabassey.contactscleaner.debug#7320] attach to parent LayerHierarchy{RequestedLayerState{ActivityRecord{39366727 u0 com.ogabassey.contactscleaner.debug/com.ogabassey.contactscleaner.MainActivity t13843}#7319 parentId=7318} 1 children}
01-25 18:55:32.883  1888  1888 I SurfaceFlinger: [Splash Screen com.ogabassey.contactscleaner.debug$_4018#7321] attach to parent LayerHierarchy{RequestedLayerState{7b94ea4 Splash Screen com.ogabassey.contactscleaner.debug#7320 parentId=7319 z=2147483647} 1 children}
01-25 18:55:32.884  2421  2951 I DisplayDeviceRepository: Display device changed render timings: "Built-in Screen", renderFrameRate=30.000002, presentationDeadlineNanos=9333334, appVsyncOffsetNanos=16666666, frameRateOverrides=[]
01-25 18:55:32.884  1778  1778 W SDM     : DisplayBase::ResetDispLayerStack: Stack did not clear in PostCommit. Clear now.
01-25 18:55:32.884  1778  1778 W SDM     : DisplayBase::CommitOrPrepare: Prepare failed: 3
01-25 18:55:32.885  4018  4018 D DisplayLifecycle: updateDisplay id = 0
01-25 18:55:32.885  1888  1888 E Scheduler: trackPendingFrame: Invalid present fence
01-25 18:55:32.885  4018  4018 I AODTriggers: onAODEventDispatched = 4 / eventData = aod.e0@84487a5
01-25 18:55:32.885  4018  4018 I AOD_LIVE_CLOCK@LiveClockController: updateDisplayState: DISPLAY_STATE_DOZE_SUSPEND
01-25 18:55:32.885  2421  6955 D WifiDisplayAdapter: isFitToActiveDisplayLocked : false
01-25 18:55:32.885  4018  4148 D StackScroller: onDisplayChanged for predraw skip to 4
01-25 18:55:32.890 27520 27520 I tscleaner.debug: Using CollectorTypeCMC GC.
01-25 18:55:32.892  5455  5552 I adbd    : jdwp connection from 27520
01-25 18:55:32.895 27520 27520 D nativeloader: Load libframework-connectivity-tiramisu-jni.so using APEX ns com_android_tethering for caller /apex/com.android.tethering/javalib/framework-connectivity-t.jar: ok
01-25 18:55:32.897 27520 27520 D ActivityThread: setConscryptValidator
01-25 18:55:32.897 27520 27520 D ActivityThread: setConscryptValidator - put
01-25 18:55:32.900  2421  6905 I ActivityManager: Changes in 10245 20 to 19, 0 to 255
01-25 18:55:32.901  2421  2949 D PkgPredictorService-SecIpmManagerServiceImpl: onForegroundActivitiesChanged pid:27520 uid:10245
01-25 18:55:32.901  2421  5061 V PkgPredictorService-SecIpmManagerServiceImpl: discard foreground app:com.ogabassey.contactscleaner.debug 0|false
01-25 18:55:32.902  2421  2949 D SGM:GameManager: identifyForegroundApp. com.sec.android.app.launcher, mCurrentUserId: 0, callerUserId: 0
01-25 18:55:32.902  2421  2949 D SGM:SemGameManager: isForegroundGame(), ret=false
01-25 18:55:32.902  2421  2949 D FingerprintProvider/default: onForegroundActivitiesChanged: pid = 27520, uid = 10245, foregroundActivities = true
01-25 18:55:32.902  2421  2949 D SGM:GameManager: identifyForegroundApp. com.sec.android.app.launcher, mCurrentUserId: 0, callerUserId: 0
01-25 18:55:32.902  2421  2949 D SGM:SemGameManager: isForegroundGame(), ret=false
01-25 18:55:32.902  2421  2949 D NetworkPolicy: already checked 10245
01-25 18:55:32.902  2421  2949 D FingerprintProvider/default: onForegroundActivitiesChanged: pid = 27520, uid = 10245, foregroundActivities = true
01-25 18:55:32.902  2421  2949 D SGM:GameManager: identifyForegroundApp. com.sec.android.app.launcher, mCurrentUserId: 0, callerUserId: 0
01-25 18:55:32.902  2421  2949 D SGM:SemGameManager: isForegroundGame(), ret=false
01-25 18:55:32.902  2421  2949 D NetworkPolicy: already checked 10245
01-25 18:55:32.902  2421  2949 D FingerprintProvider/default: onForegroundActivitiesChanged: pid = 27520, uid = 10245, foregroundActivities = true
01-25 18:55:32.902  2421  3693 V NetworkPolicy: getFirewallRuleWifi UID:10245 policy:0
01-25 18:55:32.903  5776  5793 V OsAgent : broadcastSystemEvent - 7
01-25 18:55:32.904  1757 27518 I HYPER-HAL: [RequestManager.cpp]releaseLocked(): Released ID : 9614544
01-25 18:55:32.917  1778  1778 W SDM     : DisplayBase::ResetDispLayerStack: Stack did not clear in PostCommit. Clear now.
01-25 18:55:32.917  1778  1778 W SDM     : DisplayBase::CommitOrPrepare: Prepare failed: 3
01-25 18:55:32.917  1888  1888 E Scheduler: trackPendingFrame: Invalid present fence
01-25 18:55:33.033  2421  3758 D MdnieScenarioControlService:  packageName : com.ogabassey.contactscleaner.debug    className : com.ogabassey.contactscleaner.MainActivity
01-25 18:55:33.033  2421  3758 V MdnieScenarioControlService: setUIMode from UI function(3)
01-25 18:55:33.057  2421  6905 D SGM:GameManager: identifyGamePackage. com.ogabassey.contactscleaner.debug, mCurrentUserId: 0, callingMethodInfo: com.samsung.android.game.IGameManagerService$Stub.onTransact(IGameManagerService.java:247)
01-25 18:55:33.133  2421  3758 D DisplayAiqeManager: getContentMode : start
01-25 18:55:33.133  2421  3758 D DisplayAiqeManagerService: getContentMode : start
01-25 18:55:33.133  2421  3758 D DisplayAiqeAidl: getContentMode : UI
01-25 18:55:33.133  2421  3758 D DisplayAiqeManagerService: getContentMode : mode - UI
01-25 18:55:33.133  2421  3758 D DisplayAiqeManager: getContentMode : mode - UI
01-25 18:55:33.133  2421  3758 V MdnieScenarioControlService: mAclOffEnabled : false
01-25 18:55:33.141 27520 27520 D nativeloader: Configuring clns-9 for other apk /data/app/~~e79tdgq3P-3HdAoRnXnMwA==/com.ogabassey.contactscleaner.debug-c6oym10QHaSn6EtW3BdY-g==/base.apk. target_sdk_version=36, uses_libraries=, library_path=/data/app/~~e79tdgq3P-3HdAoRnXnMwA==/com.ogabassey.contactscleaner.debug-c6oym10QHaSn6EtW3BdY-g==/lib/arm64:/data/app/~~e79tdgq3P-3HdAoRnXnMwA==/com.ogabassey.contactscleaner.debug-c6oym10QHaSn6EtW3BdY-g==/base.apk!/lib/arm64-v8a, permitted_path=/data:/mnt/expand:/data/user/0/com.ogabassey.contactscleaner.debug
