01-25 18:54:52.802  1785 27163 E ChiX    : [ERROR][F2Core ] chifeature2base.cpp:6688 AsyncDestroyCb() Start Pipeline destroy, feature RealTimeMCX pipeline RealtimeDefault
01-25 18:54:52.802  1785 27163 E CamX    : [ERROR][CORE   ] camxpipeline.cpp:235 Destroy() RealtimeDefault0_0: Updated m_referenceCount=0
01-25 18:54:52.803  1785  4552 E CamX    : [ERROR][CORE   ] camxpipeline.cpp:4967 NodeDestroy() Destroying node: RealtimeDefault0_Sensor0_cam5
01-25 18:54:52.803  1785  4549 E CamX    : [ERROR][CORE   ] camxpipeline.cpp:4967 NodeDestroy() Destroying node: RealtimeDefault0_Stats0_cam5
01-25 18:54:52.803  1785  4547 E CamX    : [ERROR][CORE   ] camxpipeline.cpp:4967 NodeDestroy() Destroying node: RealtimeDefault0_AWB0_cam5
01-25 18:54:52.803  1785  4549 W 3A_PLTFM: AndroidSensorDataRequest: deInit: 294: E, sensorEnableBit:59, handle:0xb400007dc3a31620
01-25 18:54:52.803  1785  4547 I SS_3A   :  INFO: AWB: TsAwbDestroy: 507: overrideCameraClose in AWBDestroy 61
01-25 18:54:52.803  1785  4547 I SS_3A   :  INFO: AWB: TsAwbDestroy: 513: cameraId in AWBDestroy 5
01-25 18:54:52.803  1785  4547 I SS_3A   :  INFO: AWB: TsAwbDestroy: 535: TsAwbDestroy (refcnt:1 cameraId 5 overrideCameraClose 1 lensFacing 0 pAWBSingletonWrapper->pAWB 0xb400007e139dde90
01-25 18:54:52.803  1785  4552 E CamX    : [ERROR][SENSOR ] camxsensorcache.cpp:261 ReleaseOneSubDevice() Device[5][Actuator] refCount:3 hDev:0xb70102 hCSLCached:0x300200 isAcquired:1 pipelineRefCount:1
01-25 18:54:52.803  1785  4547 I SS_3A   :  INFO: AWB: TsAwbDestroy: 543: Destroy AWBAlgorithm, pAWB 0xb400007e139dde90
01-25 18:54:52.803  1785  4552 E CamX    : [ERROR][SENSOR ] camxsensorcache.cpp:269 ReleaseOneSubDevice() [SUBDEV_DBG]Camera[5] IsAcquired[1] PipelineRefcount[1] hDevice[0xb70102]
01-25 18:54:52.803  1785  4552 E CamX    : [ERROR][CSL    ] camxcslhw.cpp:1474 CSLReleaseDeviceHW() [SUBDEV_DBG] hCSL[0x300200] hDevice[0xb70102] hSession[0x300200]
01-25 18:54:52.803  1785  4553 E CamX    : [ERROR][CORE   ] camxpipeline.cpp:4967 NodeDestroy() Destroying node: RealtimeDefault0_Tracker0_cam5
01-25 18:54:52.803  1785  4552 E CamX    : [ERROR][CSL    ] camxcslhw.cpp:1501 CSLReleaseDeviceHW() [SUBDEV_DBG] hDevice[0xb70102] hAcquired[0xb70102] hSession[0x300200]                                     devName[] deviceIdx[23] deviceType[2] refCount[0] isStreamActive[0] session_name[FastAECRealtime]
01-25 18:54:52.803  1785  4546 E CamX    : [ERROR][CORE   ] camxpipeline.cpp:4967 NodeDestroy() Destroying node: RealtimeDefault0_com.qti.node.evawarp10_cam5
01-25 18:54:52.803  1785  4545 E CamX    : [ERROR][CORE   ] camxpipeline.cpp:4967 NodeDestroy() Destroying node: RealtimeDefault0_SALINet0_cam5
01-25 18:54:52.803  1785  4549 I SensorListener: disableSensor : numSensors=43/43, sen_list = 0xb400007dd39f41d0/0xb400007dd39f41d0
01-25 18:54:52.803  1785  4554 E CamX    : [ERROR][CORE   ] camxpipeline.cpp:4967 NodeDestroy() Destroying node: RealtimeDefault0_com.qti.node.fd8_cam5
01-25 18:54:52.803  1785  4553 E CamX    : [ERROR][CORE   ] camxpipeline.cpp:4967 NodeDestroy() Destroying node: RealtimeDefault0_AutoFocus0_cam5
01-25 18:54:52.803  1785  4548 E CamX    : [ERROR][CORE   ] camxpipeline.cpp:4967 NodeDestroy() Destroying node: RealtimeDefault0_MCTFE0_cam5
01-25 18:54:52.803  1785  4553 I SS_3A   :  INFO:  AF: PDLibDestroy: 1537: [PD_cpu]PDLibDestroy 0xb400007e63c9d440
01-25 18:54:52.803  1785  4555 E CamX    : [ERROR][CORE   ] camxpipeline.cpp:4967 NodeDestroy() Destroying node: RealtimeDefault0_StatsParse0_cam5
01-25 18:54:52.803  1785  4553 I SS_3A   :  INFO:  AF: PDLibDestroy: 1576: pCameraInfo->cameraid in AFDestroy 5
01-25 18:54:52.803  1785  4553 I SS_3A   :  INFO:  AF: PDLibDestroy: 1582: PDLibDestroyParamTypeNodeDisable 1
01-25 18:54:52.803  1785  4553 I SS_3A   :  INFO:  AF: PDLibDestroy: 1610: overrideCameraClose in overrideCameraClose 0, pPDAFSingleton(0xb400007e63c9d440) referenceCount 0
01-25 18:54:52.803  1785  4553 I SS_3A   :  INFO:  AF: PDLibDestroy: 1614: StaticAF pPDAF in destroy is 0xb400007e63c9d440
01-25 18:54:52.803  1785  4553 I SS_3A   :  INFO:  AF: PDAf_deinit: 1476: [PD_cpu]TsAf_wrap: 0xb400007bd81c6e10, E
01-25 18:54:52.803  1785  4553 I SS_3A   : 
01-25 18:54:52.803  1785  4548 E CamX    : [ERROR][CSL    ] camxcslhw.cpp:1474 CSLReleaseDeviceHW() [SUBDEV_DBG] hCSL[0x300200] hDevice[0xfb0107] hSession[0x300200]
01-25 18:54:52.803  1785  4555 E CamX    : [ERROR][CORE   ] camxpipeline.cpp:4967 NodeDestroy() Destroying node: RealtimeDefault0_StatsParse1_cam5
01-25 18:54:52.803  2421  3528 E SensorService: BigData:Pakage) 4 already disabled. 
01-25 18:54:52.804  1751  1751 I sensors-hal: activate:305, android.sensor.gyroscope/41 en=0
01-25 18:54:52.804  1751  1751 I sensors-hal: send_sync_sensor_request:515, send sync request
01-25 18:54:52.804  1751  1751 I sensors-hal: send_sync_sensor_request:544, wait for notification of response
01-25 18:54:52.804  1751 27121 I sensors-hal: qsh_conn_resp_cb:972, resp_value = 0 for sensor_temperature 
01-25 18:54:52.804  1751  1751 I sensors-hal: send_sync_sensor_request:550, takes 0 ms to receive the response with 0
01-25 18:54:52.804  1751  1751 I sensors-hal: register_cb:326, update callbacks with new one
01-25 18:54:52.805  1751  1751 I sensors-hal: send_req:263, sent request to gyro_cal (low=10025908976994887838high=13187306796670928542), reqeuest_count = 1
01-25 18:54:52.805  1751  1751 I sensors-hal: deactivate:195, sent disable request. wait for response for it
01-25 18:54:52.805  1751  1751 I sensors-hal: operator():198, resp_received = 0 in wait_for
01-25 18:54:52.805  1785  4553 E CamX    : [ERROR][STATS_AF] pdlib_adaptive_k.cpp:1941 Save() Failed to open the adaptive k data file
01-25 18:54:52.805  1785  4553 I 3A_PLTFM: SolutionInterfaceAF_funcs: getAfParamsOnDestroy: 201: overrideCameraClose in AFDestroy 61
01-25 18:54:52.805  1785  4553 I 3A_PLTFM: SolutionInterfaceAF_funcs: getAfParamsOnDestroy: 207: cameraid in AFDestroy 5
01-25 18:54:52.805  1785  4553 I 3A_PLTFM: SolutionInterfaceAF: Sec3APlatformAFDestroy: 150: g_pWrapperData refCnt to be : 0, cameraId : 5, pAFAlgorithm : 0xb400007d23e0ccd0
01-25 18:54:52.805  1785  4553 I 3A_PLTFM: SolutionInterfaceAF_funcs: isCameraClosing: 754: isCameraClosing 1 ( overrideCameraClose 61, cameraId 5)
01-25 18:54:52.805  1785  4553 I SS_3A   :  INFO:  AF: TsAFDestroy: 178: wrapper.refcnt:0
01-25 18:54:52.805  1785  4553 I SS_3A   :  INFO:  AF: TsAf_Range_sensor_deinit: 3868: [TsAf_Range] Stop Range Sensor Thread. 
01-25 18:54:52.805  1785  4553 I SS_3A   :  INFO:  AF: TsAf_deinit: 3690: TsAf_wrap: 0xb400007bdd0686b0, E
01-25 18:54:52.805  1785  4553 I SS_3A   :  INFO:  AF: TsAf_deinit: 3721: TsAf_deinit i =4 OpenCamera 1 TsAf 0xb400007bdd2066d0 lens_type_for_lib 4 last pos 2169
01-25 18:54:52.805  1751 27121 I sensors-hal: handle_resp_cb:269, resp_value = 0 for gyro_cal before acuiring the lock, pending request = 1
01-25 18:54:52.805  1751  1751 I sensors-hal: operator():198, resp_received = 1 in wait_for
01-25 18:54:52.805  1751  1751 E sensors-hal: register_cb:315, all callbacks are null for new suid. no need to register it
01-25 18:54:52.805  1751  1751 I sensors-hal: send_sync_sensor_request:515, send sync request
01-25 18:54:52.805  1751  1751 I sensors-hal: send_sync_sensor_request:544, wait for notification of response
01-25 18:54:52.806  1785  4553 E AF_DEBUG: ProcessPafEndModule(170) : [cam_id_4] Memory for PAF Main Window Free OK!
01-25 18:54:52.806  1785  4553 I SS_3A   :  INFO:  AF: TsAf_free_memory: 3398: TsAf_free_memory: E
01-25 18:54:52.806  1785  4553 I SS_3A   :  INFO:  AF: unloadAfLibrary: 194:  E 
01-25 18:54:52.806  1751 27121 I sensors-hal: qsh_conn_resp_cb:972, resp_value = 0 for gyro 
01-25 18:54:52.806  1751  1751 I sensors-hal: send_sync_sensor_request:550, takes 0 ms to receive the response with 0
01-25 18:54:52.806  1785  4553 I SS_3A   :  INFO:  AF: TsAf_deinit: 3731:  X
01-25 18:54:52.806  1785  4553 I SS_3A   : 
01-25 18:54:52.806  1785  4553 I SS_3A   :  INFO:  AF: TsAFDestroy: 188: Exit
01-25 18:54:52.806  1785  4553 I 3A_PLTFM: SolutionInterfaceAF: Sec3APlatformAFDestroy: 161: g_pWrapperData will be deleted
01-25 18:54:52.806  1785  4553 I SS_3A   :  INFO:  AF: ~_TsAf_wrapper_struct_t: 457: delete pCAFLogicalDriver
01-25 18:54:52.807  1751  1751 I sensors-hal: ~qsh_qmi:61, ~qsh_qmi
01-25 18:54:52.807  1751  1751 I sensors-hal: activate:335, android.sensor.gyroscope/41 en=0 completed
01-25 18:54:52.807  1785  4553 I 3A_PLTFM: SolutionInterfaceAF: Sec3APlatformAFDestroy: 176: g_pWrapperData : 0x0
01-25 18:54:52.807  1785 27205 I CV      : File: vendor/qcom/proprietary/cv-noship/eva/4.0/src/cpu/evaSessionStartStop.cpp Line: 411 Function: async_worker() Msg: Current state 0 - outstanding buffer 0
01-25 18:54:52.807  1725  1830 E minksocket: MinkIPC ERROR: ( 1725:1830 ) MinkIPC_preProcess:272 Client down, but cannot find corresponding minksession
01-25 18:54:52.807  1785  4549 I SensorListener: disableSensor : numSensors=43/43, sen_list = 0xb400007dd39f41d0/0xb400007dd39f41d0
01-25 18:54:52.807  1725  1838 E minksocket: MinkIPC ERROR: ( 1725:1838 ) MinkIPC_preProcess:272 Client down, but cannot find corresponding minksession
01-25 18:54:52.807  2421  3528 E SensorService: BigData:Pakage) 1 already disabled. 
01-25 18:54:52.808  1751  1751 I sensors-hal: activate:305, android.sensor.accelerometer/11 en=0
01-25 18:54:52.808  1751  1751 I sensors-hal: send_sync_sensor_request:515, send sync request
01-25 18:54:52.808  1751  1751 I sensors-hal: send_sync_sensor_request:544, wait for notification of response
01-25 18:54:52.808  1751 27114 I sensors-hal: qsh_conn_resp_cb:972, resp_value = 0 for accel 
01-25 18:54:52.808  1751  1751 I sensors-hal: send_sync_sensor_request:550, takes 0 ms to receive the response with 0
01-25 18:54:52.809  1751  1751 I sensors-hal: ~qsh_qmi:61, ~qsh_qmi
01-25 18:54:52.809  1751  1751 I sensors-hal: activate:335, android.sensor.accelerometer/11 en=0 completed
01-25 18:54:52.809  1785  4549 I SensorListener: disableSensor : numSensors=43/43, sen_list = 0xb400007dd39f41d0/0xb400007dd39f41d0
01-25 18:54:52.809  1725  1830 E minksocket: MinkIPC ERROR: ( 1725:1830 ) MinkIPC_preProcess:272 Client down, but cannot find corresponding minksession
01-25 18:54:52.809  1725  1838 E minksocket: MinkIPC ERROR: ( 1725:1838 ) MinkIPC_preProcess:272 Client down, but cannot find corresponding minksession
01-25 18:54:52.809  1751  1751 D SensorsFlicker: Als_common::enable, handle : 1, mode : 1, en : 0
01-25 18:54:52.809  1785  4549 I SensorListener: disableSensor : numSensors=43/43, sen_list = 0xb400007dd39f41d0/0xb400007dd39f41d0
01-25 18:54:52.810  1751 27245 D SensorsFlicker: Als_common::sendCommand, send disable command
01-25 18:54:52.810  1751  1751 I sensors-hal: activate:305, com.samsung.sensor.light_ir/1421 en=0
01-25 18:54:52.810  1751  1751 I sensors-hal: deactivate:62, light_ir: Deactivate!
01-25 18:54:52.810  1751  1751 I sensors-hal: send_sync_sensor_request:515, send sync request
01-25 18:54:52.810  1820  1820 I SSC_DAEMON: handleSensorTestReqMsg:88, Sensor type :4, Msg type:10
01-25 18:54:52.810  1751  1751 I sensors-hal: send_sync_sensor_request:544, wait for notification of response
01-25 18:54:52.811  1751 27135 I sensors-hal: qsh_conn_resp_cb:972, resp_value = 0 for light_cct 
01-25 18:54:52.811  1751  1751 I sensors-hal: send_sync_sensor_request:550, takes 0 ms to receive the response with 0
01-25 18:54:52.811  1751  1751 I sensors-hal: ~qsh_qmi:61, ~qsh_qmi
01-25 18:54:52.811  1751  1751 I sensors-hal: activate:335, com.samsung.sensor.light_ir/1421 en=0 completed
01-25 18:54:52.811  1725  1838 E minksocket: MinkIPC ERROR: ( 1725:1838 ) MinkIPC_preProcess:272 Client down, but cannot find corresponding minksession
01-25 18:54:52.811  1725  1830 E minksocket: MinkIPC ERROR: ( 1725:1830 ) MinkIPC_preProcess:272 Client down, but cannot find corresponding minksession
01-25 18:54:52.811  1785  4549 I SensorListener: disableSensor : numSensors=43/43, sen_list = 0xb400007dd39f41d0/0xb400007dd39f41d0
01-25 18:54:52.812  1820  4180 I SSC_DAEMON: light_event_log:214, light_msg(4/10): 0,0,0,0,0,0
01-25 18:54:52.812  1751  1751 I sensors-hal: set_config:64, no need to adjust sample_period_ns due to reporting_mode = 2
01-25 18:54:52.812  1751  1751 I sensors-hal: batch:368, android.sensor.device_orientation/271, period=20000000, max_latency=0 request completed
01-25 18:54:52.812  1785  4549 W 3A_PLTFM: AndroidSensorDataRequest: deInit: 348: sensorEnableBit:0, handle:0xb400007dc3a31620
01-25 18:54:52.812  1785  4549 W RefBase : RefBase: Explicit destruction, weak count = 0 (in 0xb400007dc3a31620). Use sp<> to manage this object.
01-25 18:54:52.812  1785  4549 W RefBase : CallStack::getCurrentInternal not linked, returning null
01-25 18:54:52.812  1785  4549 W RefBase : CallStack::logStackInternal not linked
01-25 18:54:52.812  1785  4549 W 3A_PLTFM: AndroidSensorDataRequest: deInit: 358: sensor unload handle:0x0
01-25 18:54:52.812  1785  4549 W 3A_PLTFM: AndroidSensorDataRequest: deInit: 366: X
01-25 18:54:52.812  1785  4549 I SS_3A   :  INFO: AEC: TsAECDestroy: 519: overrideCameraClose in AECDestroy Camera close mask 61 
01-25 18:54:52.812  1785  4549 I SS_3A   :  INFO: AEC: TsAECDestroy: 525: pCameraInfo->cameraid in AECDestroy 5
01-25 18:54:52.812  1785  4549 I SS_3A   :  INFO: AEC: TsAECDestroy: 562: TsAECDestroy (refcnt:1 cameraId 5 isNeedDestroy 1(oCO:0,cCIC:1,iFS:0) lensFacing 0 pAECAlgorithm 0xb400007e139b9350 pAECSingleton 0xb400007e139b9350
01-25 18:54:52.812  1785  4549 I SS_3A   :  INFO: AEC: TsAECDestroy: 575: [0]pAECSingleton destroy is 0xb400007e139b9350 0xb400007e139b9350
01-25 18:54:52.812  1785  4549 I SS_3A   :  INFO: AEC: TsAecFront_unload_lib: 145: TsAec_libptr=0xf5e5b5f292b4dd7f
01-25 18:54:52.813  1785  4549 I 3A_PLTFM: Sec3APlatformUtil: clearHandle: 70: Clearing handles' map, [Size : 4]
01-25 18:54:52.813  1785  4552 E CamX    : [ERROR][SENSOR ] camxsensorcache.cpp:309 ReleaseOneSubDevice() [SUBDEV_DBG]CSLReleased CameraId= 5 hCSLSession= 0x300200 refCount= 2Subdevice: Actuator hDevice= 0xb70102 pipelineRefCount= 0
01-25 18:54:52.813  1785  4548 E CamX    : [ERROR][CSL    ] camxcslhw.cpp:1501 CSLReleaseDeviceHW() [SUBDEV_DBG] hDevice[0xfb0107] hAcquired[0xfb0107] hSession[0x300200]                                     devName[] deviceIdx[0] deviceType[23] refCount[0] isStreamActive[0] session_name[FastAECRealtime]
01-25 18:54:52.813  1785  4552 E CamX    : [ERROR][SENSOR ] camxsensorcache.cpp:261 ReleaseOneSubDevice() Device[5][CSIPHY] refCount:2 hDev:0x103 hCSLCached:0x300200 isAcquired:1 pipelineRefCount:1
01-25 18:54:52.813  1785  4552 E CamX    : [ERROR][SENSOR ] camxsensorcache.cpp:269 ReleaseOneSubDevice() [SUBDEV_DBG]Camera[5] IsAcquired[1] PipelineRefcount[1] hDevice[0x103]
01-25 18:54:52.813  1785  4552 E CamX    : [ERROR][CSL    ] camxcslhw.cpp:1474 CSLReleaseDeviceHW() [SUBDEV_DBG] hCSL[0x300200] hDevice[0x103] hSession[0x300200]
01-25 18:54:52.813  1785  4552 E CamX    : [ERROR][CSL    ] camxcslhw.cpp:1501 CSLReleaseDeviceHW() [SUBDEV_DBG] hDevice[0x103] hAcquired[0x103] hSession[0x300200]                                     devName[] deviceIdx[5] deviceType[5] refCount[0] isStreamActive[0] session_name[FastAECRealtime]
01-25 18:54:52.813  1785  4552 E CamX    : [ERROR][SENSOR ] camxsensorcache.cpp:309 ReleaseOneSubDevice() [SUBDEV_DBG]CSLReleased CameraId= 5 hCSLSession= 0x300200 refCount= 1Subdevice: CSIPHY hDevice= 0x103 pipelineRefCount= 0
01-25 18:54:52.813  1785  4552 E CamX    : [ERROR][SENSOR ] camxsensorcache.cpp:261 ReleaseOneSubDevice() Device[5][Sensor] refCount:1 hDev:0x540101 hCSLCached:0x300200 isAcquired:1 pipelineRefCount:1
01-25 18:54:52.813  1785  4552 E CamX    : [ERROR][SENSOR ] camxsensorcache.cpp:269 ReleaseOneSubDevice() [SUBDEV_DBG]Camera[5] IsAcquired[1] PipelineRefcount[1] hDevice[0x540101]
01-25 18:54:52.813  1785  4552 E CamX    : [ERROR][CSL    ] camxcslhw.cpp:1474 CSLReleaseDeviceHW() [SUBDEV_DBG] hCSL[0x300200] hDevice[0x540101] hSession[0x300200]
01-25 18:54:52.813  1785  4552 E CamX    : [ERROR][CSL    ] camxcslhw.cpp:1501 CSLReleaseDeviceHW() [SUBDEV_DBG] hDevice[0x540101] hAcquired[0x540101] hSession[0x300200]                                     devName[] deviceIdx[35] deviceType[1] refCount[0] isStreamActive[0] session_name[FastAECRealtime]
01-25 18:54:52.816  1785  4549 I vendor.samsung.hardware.camera.provider-service_64: vendor/qcom/proprietary/adsprpc/src/fastrpc_pm.c:211: fastrpc_wake_lock_deinit done
01-25 18:54:52.816  1785  4549 I vendor.samsung.hardware.camera.provider-service_64: vendor/qcom/proprietary/adsprpc/src/fastrpc_apps_user.c:2385: update_kernel_wakelock_status: updated kernel wakelock control status to 0 for domain 0
01-25 18:54:52.816  1785  4549 I vendor.samsung.hardware.camera.provider-service_64: vendor/qcom/proprietary/adsprpc/src/fastrpc_apps_user.c:2412: wakelock_control: disable wakelock control for domain 0
01-25 18:54:52.825  1785  4552 E CamX    : [ERROR][SENSOR ] camxsensorcache.cpp:309 ReleaseOneSubDevice() [SUBDEV_DBG]CSLReleased CameraId= 5 hCSLSession= 0x300200 refCount= 0Subdevice: Sensor hDevice= 0x540101 pipelineRefCount= 0
01-25 18:54:52.825  1785  4552 E CamX    : [ERROR][SENSOR ] camxsensorcache.cpp:336 ReleaseOneSubDevice() [SUBDEV_DBG]CameraId= 5, Closing hCSLSession= 0x7c00300200
01-25 18:54:52.843  1785 26600 I CHI     : [SS_LOW ]: [CHI         ]: chxsecperf.cpp: ReleasePerfLock: 1334:  2 [COMMON] Released
01-25 18:54:52.844  1785 26600 I CHI     : [SS_LOW ]: [CHI         ]: chxsecperf.cpp: ReleasePerfLock: 1334: 43 [VT_CALL] Released
01-25 18:54:52.844  1785 26600 E CamX    : [ERROR][SENSOR ] camxsensorcache.cpp:436 ReleaseAllCache() [SUBDEV_DBG]Camera[0] ReleaseAllCache:hCSLSession0[0x0] hCSLSession1[0x0]refcount[0]<subdeviceSensor: isAcquired[0] deviceIndex[0] hDevice[0x0]  pipelineRefCount[0]><subdeviceCSIPHY: isAcquired[0] deviceIndex[0] hDevice[0x0]  pipelineRefCount[0]><subdeviceOIS: isAcquired[0] deviceIndex[0] hDevice[0x0]  pipelineRefCount[0]><subdeviceActuator: isAcquired[0] deviceIndex[0] hDevice[0x0]  pipelineRefCount[0]><subdeviceFlash: isAcquired[0] deviceIndex[0] hDevice[0x0]  pipelineRefCount[0]><subdeviceTPG: isAcquired[0] deviceIndex[0] hDevice[0x0]  pipelineRefCount[0]>
01-25 18:54:52.844  1785 26600 E CamX    : [ERROR][SENSOR ] camxsensorcache.cpp:436 ReleaseAllCache() [SUBDEV_DBG]Camera[1] ReleaseAllCache:hCSLSession0[0x0] hCSLSession1[0x0]refcount[0]<subdeviceSensor: isAcquired[0] deviceIndex[0] hDevice[0x0]  pipelineRefCount[0]><subdeviceCSIPHY: isAcquired[0] deviceIndex[0] hDevice[0x0]  pipelineRefCount[0]><subdeviceOIS: isAcquired[0] deviceIndex[0] hDevice[0x0]  pipelineRefCount[0]><subdeviceActuator: isAcquired[0] deviceIndex[0] hDevice[0x0]  pipelineRefCount[0]><subdeviceFlash: isAcquired[0] deviceIndex[0] hDevice[0x0]  pipelineRefCount[0]><subdeviceTPG: isAcquired[0] deviceIndex[0] hDevice[0x0]  pipelineRefCount[0]>
01-25 18:54:52.844  1785 26600 E CamX    : [ERROR][SENSOR ] camxsensorcache.cpp:436 ReleaseAllCache() [SUBDEV_DBG]Camera[2] ReleaseAllCache:hCSLSession0[0x0] hCSLSession1[0x0]refcount[0]<subdeviceSensor: isAcquired[0] deviceIndex[0] hDevice[0x0]  pipelineRefCount[0]><subdeviceCSIPHY: isAcquired[0] deviceIndex[0] hDevice[0x0]  pipelineRefCount[0]><subdeviceOIS: isAcquired[0] deviceIndex[0] hDevice[0x0]  pipelineRefCount[0]><subdeviceActuator: isAcquired[0] deviceIndex[0] hDevice[0x0]  pipelineRefCount[0]><subdeviceFlash: isAcquired[0] deviceIndex[0] hDevice[0x0]  pipelineRefCount[0]><subdeviceTPG: isAcquired[0] deviceIndex[0] hDevice[0x0]  pipelineRefCount[0]>
01-25 18:54:52.844  1785 26600 E CamX    : [ERROR][SENSOR ] camxsensorcache.cpp:436 ReleaseAllCache() [SUBDEV_DBG]Camera[3] ReleaseAllCache:hCSLSession0[0x0] hCSLSession1[0x0]refcount[0]<subdeviceSensor: isAcquired[0] deviceIndex[0] hDevice[0x0]  pipelineRefCount[0]><subdeviceCSIPHY: isAcquired[0] deviceIndex[0] hDevice[0x0]  pipelineRefCount[0]><subdeviceOIS: isAcquired[0] deviceIndex[0] hDevice[0x0]  pipelineRefCount[0]><subdeviceActuator: isAcquired[0] deviceIndex[0] hDevice[0x0]  pipelineRefCount[0]><subdeviceFlash: isAcquired[0] deviceIndex[0] hDevice[0x0]  pipelineRefCount[0]><subdeviceTPG: isAcquired[0] deviceIndex[0] hDevice[0x0]  pipelineRefCount[0]>
01-25 18:54:52.844  1785 26600 E CamX    : [ERROR][SENSOR ] camxsensorcache.cpp:436 ReleaseAllCache() [SUBDEV_DBG]Camera[4] ReleaseAllCache:hCSLSession0[0x0] hCSLSession1[0x0]refcount[0]<subdeviceSensor: isAcquired[0] deviceIndex[0] hDevice[0x0]  pipelineRefCount[0]><subdeviceCSIPHY: isAcquired[0] deviceIndex[0] hDevice[0x0]  pipelineRefCount[0]><subdeviceOIS: isAcquired[0] deviceIndex[0] hDevice[0x0]  pipelineRefCount[0]><subdeviceActuator: isAcquired[0] deviceIndex[0] hDevice[0x0]  pipelineRefCount[0]><subdeviceFlash: isAcquired[0] deviceIndex[0] hDevice[0x0]  pipelineRefCount[0]><subdeviceTPG: isAcquired[0] deviceIndex[0] hDevice[0x0]  pipelineRefCount[0]>
01-25 18:54:52.844  1785 26600 E CamX    : [ERROR][SENSOR ] camxsensorcache.cpp:436 ReleaseAllCache() [SUBDEV_DBG]Camera[5] ReleaseAllCache:hCSLSession0[0x300200] hCSLSession1[0x0]refcount[0]<subdeviceSensor: isAcquired[0] deviceIndex[35] hDevice[0x540101]  pipelineRefCount[0]><subdeviceCSIPHY: isAcquired[0] deviceIndex[5] hDevice[0x103]  pipelineRefCount[0]><subdeviceOIS: isAcquired[0] deviceIndex[0] hDevice[0x0]  pipelineRefCount[0]><subdeviceActuator: isAcquired[0] deviceIndex[23] hDevice[0xb70102]  pipelineRefCount[0]><subdeviceFlash: isAcquired[0] deviceIndex[0] hDevice[0x0]  pipelineRefCount[0]><subdeviceTPG: isAcquired[0] deviceIndex[0] hDevice[0x0]  pipelineRefCount[0]>
01-25 18:54:52.844  1785 26600 E CamX    : [ERROR][SENSOR ] camxsensorcache.cpp:436 ReleaseAllCache() [SUBDEV_DBG]Camera[6] ReleaseAllCache:hCSLSession0[0x0] hCSLSession1[0x0]refcount[0]<subdeviceSensor: isAcquired[0] deviceIndex[0] hDevice[0x0]  pipelineRefCount[0]><subdeviceCSIPHY: isAcquired[0] deviceIndex[0] hDevice[0x0]  pipelineRefCount[0]><subdeviceOIS: isAcquired[0] deviceIndex[0] hDevice[0x0]  pipelineRefCount[0]><subdeviceActuator: isAcquired[0] deviceIndex[0] hDevice[0x0]  pipelineRefCount[0]><subdeviceFlash: isAcquired[0] deviceIndex[0] hDevice[0x0]  pipelineRefCount[0]><subdeviceTPG: isAcquired[0] deviceIndex[0] hDevice[0x0]  pipelineRefCount[0]>
01-25 18:54:52.844  1785 26600 E CamX    : [ERROR][SENSOR ] camxsensorcache.cpp:436 ReleaseAllCache() [SUBDEV_DBG]Camera[7] ReleaseAllCache:hCSLSession0[0x0] hCSLSession1[0x0]refcount[0]<subdeviceSensor: isAcquired[0] deviceIndex[0] hDevice[0x0]  pipelineRefCount[0]><subdeviceCSIPHY: isAcquired[0] deviceIndex[0] hDevice[0x0]  pipelineRefCount[0]><subdeviceOIS: isAcquired[0] deviceIndex[0] hDevice[0x0]  pipelineRefCount[0]><subdeviceActuator: isAcquired[0] deviceIndex[0] hDevice[0x0]  pipelineRefCount[0]><subdeviceFlash: isAcquired[0] deviceIndex[0] hDevice[0x0]  pipelineRefCount[0]><subdeviceTPG: isAcquired[0] deviceIndex[0] hDevice[0x0]  pipelineRefCount[0]>
01-25 18:54:52.844  1785 26600 E CamX    : [ERROR][SENSOR ] camxsensorcache.cpp:436 ReleaseAllCache() [SUBDEV_DBG]Camera[8] ReleaseAllCache:hCSLSession0[0x0] hCSLSession1[0x0]refcount[0]<subdeviceSensor: isAcquired[0] deviceIndex[0] hDevice[0x0]  pipelineRefCount[0]><subdeviceCSIPHY: isAcquired[0] deviceIndex[0] hDevice[0x0]  pipelineRefCount[0]><subdeviceOIS: isAcquired[0] deviceIndex[0] hDevice[0x0]  pipelineRefCount[0]><subdeviceActuator: isAcquired[0] deviceIndex[0] hDevice[0x0]  pipelineRefCount[0]><subdeviceFlash: isAcquired[0] deviceIndex[0] hDevice[0x0]  pipelineRefCount[0]><subdeviceTPG: isAcquired[0] deviceIndex[0] hDevice[0x0]  pipelineRefCount[0]>
01-25 18:54:52.844  1785 26600 E CamX    : [ERROR][SENSOR ] camxsensorcache.cpp:436 ReleaseAllCache() [SUBDEV_DBG]Camera[9] ReleaseAllCache:hCSLSession0[0x0] hCSLSession1[0x0]refcount[0]<subdeviceSensor: isAcquired[0] deviceIndex[0] hDevice[0x0]  pipelineRefCount[0]><subdeviceCSIPHY: isAcquired[0] deviceIndex[0] hDevice[0x0]  pipelineRefCount[0]><subdeviceOIS: isAcquired[0] deviceIndex[0] hDevice[0x0]  pipelineRefCount[0]><subdeviceActuator: isAcquired[0] deviceIndex[0] hDevice[0x0]  pipelineRefCount[0]><subdeviceFlash: isAcquired[0] deviceIndex[0] hDevice[0x0]  pipelineRefCount[0]><subdeviceTPG: isAcquired[0] deviceIndex[0] hDevice[0x0]  pipelineRefCount[0]>
01-25 18:54:52.844  1785 26600 E CamX    : [ERROR][SENSOR ] camxsensorcache.cpp:436 ReleaseAllCache() [SUBDEV_DBG]Camera[10] ReleaseAllCache:hCSLSession0[0x0] hCSLSession1[0x0]refcount[0]<subdeviceSensor: isAcquired[0] deviceIndex[0] hDevice[0x0]  pipelineRefCount[0]><subdeviceCSIPHY: isAcquired[0] deviceIndex[0] hDevice[0x0]  pipelineRefCount[0]><subdeviceOIS: isAcquired[0] deviceIndex[0] hDevice[0x0]  pipelineRefCount[0]><subdeviceActuator: isAcquired[0] deviceIndex[0] hDevice[0x0]  pipelineRefCount[0]><subdeviceFlash: isAcquired[0] deviceIndex[0] hDevice[0x0]  pipelineRefCount[0]><subdeviceTPG: isAcquired[0] deviceIndex[0] hDevice[0x0]  pipelineRefCount[0]>
01-25 18:54:52.844  1785 26600 E CamX    : [ERROR][SENSOR ] camxsensorcache.cpp:436 ReleaseAllCache() [SUBDEV_DBG]Camera[11] ReleaseAllCache:hCSLSession0[0x0] hCSLSession1[0x0]refcount[0]<subdeviceSensor: isAcquired[0] deviceIndex[0] hDevice[0x0]  pipelineRefCount[0]><subdeviceCSIPHY: isAcquired[0] deviceIndex[0] hDevice[0x0]  pipelineRefCount[0]><subdeviceOIS: isAcquired[0] deviceIndex[0] hDevice[0x0]  pipelineRefCount[0]><subdeviceActuator: isAcquired[0] deviceIndex[0] hDevice[0x0]  pipelineRefCount[0]><subdeviceFlash: isAcquired[0] deviceIndex[0] hDevice[0x0]  pipelineRefCount[0]><subdeviceTPG: isAcquired[0] deviceIndex[0] hDevice[0x0]  pipelineRefCount[0]>
01-25 18:54:52.844  1785 26600 E CamX    : [ERROR][SENSOR ] camxsensorcache.cpp:436 ReleaseAllCache() [SUBDEV_DBG]Camera[12] ReleaseAllCache:hCSLSession0[0x0] hCSLSession1[0x0]refcount[0]<subdeviceSensor: isAcquired[0] deviceIndex[0] hDevice[0x0]  pipelineRefCount[0]><subdeviceCSIPHY: isAcquired[0] deviceIndex[0] hDevice[0x0]  pipelineRefCount[0]><subdeviceOIS: isAcquired[0] deviceIndex[0] hDevice[0x0]  pipelineRefCount[0]><subdeviceActuator: isAcquired[0] deviceIndex[0] hDevice[0x0]  pipelineRefCount[0]><subdeviceFlash: isAcquired[0] deviceIndex[0] hDevice[0x0]  pipelineRefCount[0]><subdeviceTPG: isAcquired[0] deviceIndex[0] hDevice[0x0]  pipelineRefCount[0]>
01-25 18:54:52.844  1785 26600 E CamX    : [ERROR][SENSOR ] camxsensorcache.cpp:436 ReleaseAllCache() [SUBDEV_DBG]Camera[13] ReleaseAllCache:hCSLSession0[0x0] hCSLSession1[0x0]refcount[0]<subdeviceSensor: isAcquired[0] deviceIndex[0] hDevice[0x0]  pipelineRefCount[0]><subdeviceCSIPHY: isAcquired[0] deviceIndex[0] hDevice[0x0]  pipelineRefCount[0]><subdeviceOIS: isAcquired[0] deviceIndex[0] hDevice[0x0]  pipelineRefCount[0]><subdeviceActuator: isAcquired[0] deviceIndex[0] hDevice[0x0]  pipelineRefCount[0]><subdeviceFlash: isAcquired[0] deviceIndex[0] hDevice[0x0]  pipelineRefCount[0]><subdeviceTPG: isAcquired[0] deviceIndex[0] hDevice[0x0]  pipelineRefCount[0]>
01-25 18:54:52.844  1785 26600 E CamX    : [ERROR][SENSOR ] camxsensorcache.cpp:436 ReleaseAllCache() [SUBDEV_DBG]Camera[14] ReleaseAllCache:hCSLSession0[0x0] hCSLSession1[0x0]refcount[0]<subdeviceSensor: isAcquired[0] deviceIndex[0] hDevice[0x0]  pipelineRefCount[0]><subdeviceCSIPHY: isAcquired[0] deviceIndex[0] hDevice[0x0]  pipelineRefCount[0]><subdeviceOIS: isAcquired[0] deviceIndex[0] hDevice[0x0]  pipelineRefCount[0]><subdeviceActuator: isAcquired[0] deviceIndex[0] hDevice[0x0]  pipelineRefCount[0]><subdeviceFlash: isAcquired[0] deviceIndex[0] hDevice[0x0]  pipelineRefCount[0]><subdeviceTPG: isAcquired[0] deviceIndex[0] hDevice[0x0]  pipelineRefCount[0]>
01-25 18:54:52.844  1785 26600 E CamX    : [ERROR][SENSOR ] camxsensorcache.cpp:436 ReleaseAllCache() [SUBDEV_DBG]Camera[15] ReleaseAllCache:hCSLSession0[0x0] hCSLSession1[0x0]refcount[0]<subdeviceSensor: isAcquired[0] deviceIndex[0] hDevice[0x0]  pipelineRefCount[0]><subdeviceCSIPHY: isAcquired[0] deviceIndex[0] hDevice[0x0]  pipelineRefCount[0]><subdeviceOIS: isAcquired[0] deviceIndex[0] hDevice[0x0]  pipelineRefCount[0]><subdeviceActuator: isAcquired[0] deviceIndex[0] hDevice[0x0]  pipelineRefCount[0]><subdeviceFlash: isAcquired[0] deviceIndex[0] hDevice[0x0]  pipelineRefCount[0]><subdeviceTPG: isAcquired[0] deviceIndex[0] hDevice[0x0]  pipelineRefCount[0]>
01-25 18:54:52.844  1785 26600 E CamX    : [ERROR][SENSOR ] camxsensorcache.cpp:450 ReleaseAllCache() [SUBDEV_DBG]Sensor[5]SubDev[0]PipelineRefCount[0]hDevice[5505281]isAcquired[0]
01-25 18:54:52.844  1785 26600 E CamX    : [ERROR][SENSOR ] camxsensorcache.cpp:450 ReleaseAllCache() [SUBDEV_DBG]Sensor[5]SubDev[1]PipelineRefCount[0]hDevice[259]isAcquired[0]
01-25 18:54:52.844  1785 26600 E CamX    : [ERROR][SENSOR ] camxsensorcache.cpp:450 ReleaseAllCache() [SUBDEV_DBG]Sensor[5]SubDev[2]PipelineRefCount[0]hDevice[0]isAcquired[0]
01-25 18:54:52.844  1785 26600 E CamX    : [ERROR][SENSOR ] camxsensorcache.cpp:450 ReleaseAllCache() [SUBDEV_DBG]Sensor[5]SubDev[3]PipelineRefCount[0]hDevice[11993346]isAcquired[0]
01-25 18:54:52.844  1785 26600 E CamX    : [ERROR][SENSOR ] camxsensorcache.cpp:450 ReleaseAllCache() [SUBDEV_DBG]Sensor[5]SubDev[4]PipelineRefCount[0]hDevice[0]isAcquired[0]
01-25 18:54:52.844  1785 26600 E CamX    : [ERROR][SENSOR ] camxsensorcache.cpp:450 ReleaseAllCache() [SUBDEV_DBG]Sensor[5]SubDev[5]PipelineRefCount[0]hDevice[0]isAcquired[0]
01-25 18:54:52.844  1785 27246 I vendor.samsung.hardware.camera.provider-service_64: vendor/qcom/proprietary/adsprpc/src/fastrpc_apps_user.c:3504: domain_deinit for domain 7: dev 116
01-25 18:54:52.844  1785 26600 I CHI     : [SS_LOW ]: [CHI         ]: chxextensionmodule.cpp: TeardownOverrideSession: 10007: [DUAL_MODE_DBG] m_isFrontCameraOpened=0
01-25 18:54:52.845  1778  1778 I SDM     : ResourceImpl::SetMaxBandwidthMode: new bandwidth mode=0
01-25 18:54:52.845  1778  1778 I SDM     : ResourceAlloc::SetMaxBandwidthMode: new bandwidth mode=0
01-25 18:54:52.845  1785 26600 I UniDataManager: [CAMKPI] M_PURGE : E
01-25 18:54:52.848  1785 27175 W vendor.samsung.hardware.camera.provider-service_64: vendor/qcom/proprietary/adsprpc/src/log_config.c:394:Warning: file_watcher_thread received exit for domain 7, file vendor.samsung.hardware.camera.provider-service_64.farf
01-25 18:54:52.848  1785 27175 I vendor.samsung.hardware.camera.provider-service_64: vendor/qcom/proprietary/adsprpc/src/log_config.c:446: file_watcher_thread exiting for domain 7
01-25 18:54:52.850  1888  2245 I CompositionEngine: [setDisplaySize] size=(579, 56)
01-25 18:54:52.854  1785 26600 I UniDataManager: [CAMKPI] M_PURGE : X
01-25 18:54:52.854  1785 26600 I Unihal  : CameraDevice.cpp: CloseCamera: 336: [UNIKPI][1] VndHAL->close: X
01-25 18:54:52.854  1785 26600 I Unihal  : UniState.cpp: SetIsAlreadyCreated: 192: isAlreadyCreated=0, val=0
01-25 18:54:52.854  1785 26600 I Unihal  : ScenarioManager.cpp: Destroy: 194: Set s_latestFrontSegmentationMode=0
01-25 18:54:52.854  1785 26600 I Unihal  : ScenarioManager.cpp: Destroy: 203: Set s_latestRearSegmentationMode=0
01-25 18:54:52.854  1785 26600 I Unihal  : Camera3Util.h: PrintCurrentStatus: 641: [FWK-Destroy] ReqStreamBuf(0): 
01-25 18:54:52.854  1785 26600 I Unihal  : FwkCaptureManager.cpp: Release: 165: Already released
01-25 18:54:52.854  1785 26600 I Unihal  : Camera3Util.h: PrintCurrentStatus: 641: [HAL-Destroy] ReqStreamBuf(0): 
01-25 18:54:52.854  1785 26600 I Unihal  : UniHalPlusMediator.h: PrintOpenDeviceInfo: 190: CloseCamera
01-25 18:54:52.854  1785 26600 I Unihal  : UniHalPlusMediator.cpp: CloseCamera: 212: Device(0xb400007cd3ab92a0): X
01-25 18:54:52.854  1785 26600 I Unihal  : UniHal3InterfaceEntry.cpp: uni_close_camera_hardware: 587: [UNIKPI][1] UniHAL->close: X
01-25 18:54:52.854  1785 26600 I Samsung_CameraDeviceSession_impl: [CAMKPI] camera3->close : X
01-25 18:54:52.854  1785 26600 I BpBinder: onLastStrongRef automatically unlinking death recipients: android.hardware.camera.device.ICameraDeviceCallback
01-25 18:54:52.855  2480  2480 D AidlCamera3-Device: CameraPerf: close X (109ms)
01-25 18:54:52.855  2480  2480 D Camera3-OutputStream: disconnectLocked: disconnecting stream 0 from native window
01-25 18:54:52.855  1868  1918 E HeatmapThread: ECT Thread time in milliseconds: 1769363692
01-25 18:54:52.855  2480  2480 I CameraLatencyHistogram: Stream 0 dequeueBuffer latency histogram (8) samples:
01-25 18:54:52.855  2480  2480 I CameraLatencyHistogram:         5     10     15     20     25     30     35     40     45    inf (max ms)
01-25 18:54:52.855  2480  2480 I CameraLatencyHistogram:      100.00   0.00   0.00   0.00   0.00   0.00   0.00   0.00   0.00   0.00 (%)
01-25 18:54:52.855  2480  2480 I CameraLatencyHistogram: Stream 0 enqueueBuffer latency histogram (3) samples:
01-25 18:54:52.855  2480  2480 I CameraLatencyHistogram:         5     10     15     20     25     30     35     40     45    inf (max ms)
01-25 18:54:52.855  2480  2480 I CameraLatencyHistogram:      100.00   0.00   0.00   0.00   0.00   0.00   0.00   0.00   0.00   0.00 (%)
01-25 18:54:52.856  2480  2480 I Camera3-Device: disconnectImpl: X
01-25 18:54:52.856  2480  2480 I CameraServiceProxyWrapper: updateProxyDeviceState: notifyCameraState for Camera ID 1, newState 3, facing 1, clientName com.samsung.android.smartface, apiLevel 2
01-25 18:54:52.856  2480  2480 D CameraService: BasicClient::disconnect E
01-25 18:54:52.856  1785 27246 I vendor.samsung.hardware.camera.provider-service_64: vendor/qcom/proprietary/adsprpc/src/fastrpc_apps_user.c:3706: close_device_node: closed dev 116 on domain 7
01-25 18:54:52.856  1785 27246 I vendor.samsung.hardware.camera.provider-service_64: vendor/qcom/proprietary/adsprpc/src/fastrpc_apps_user.c:3548: domain_deinit: closed device 116 on domain 7 (kill time 7446 us)
01-25 18:54:52.856  1785 27246 I vendor.samsung.hardware.camera.provider-service_64: vendor/qcom/proprietary/adsprpc/src/fastrpc_apps_user.c:1920: remote_handle64_close: closed handle 0xb400007d23d6e290 remote handle 0x2d2fa0 name libbitml_nsp_79na_skel.so, refs 0 domain 7
01-25 18:54:52.856  1785 27246 I vendor.samsung.hardware.camera.provider-service_64: vendor/qcom/proprietary/adsprpc/src/fastrpc_apps_user.c:1688: List of open handles on domain 7:
01-25 18:54:52.857  1868  1918 D HeatmapThread: !@ batteryplugType : 2
01-25 18:54:52.857  1868  1918 D HeatmapThread: !@ batteryLevel : 51  batteryTemperature : 388 
01-25 18:54:52.857  1868  1918 D HeatmapThread: !@ Heatmap currtime: 29489394
01-25 18:54:52.857  2480  2480 I CameraService: notifyCameraClosing: Finish camera ops, package name = com.samsung.android.smartface, client UID = 1000
01-25 18:54:52.857  1868  1918 D HeatmapThread: !@ Heatmap prevtime: 29489370
01-25 18:54:52.857  1868  1918 D HeatmapThread: !@ Heatmap plugstarttime: 29489360
01-25 18:54:52.857  1868  1918 D HeatmapThread: !@ Heatmap prevv_dsoh_update_time: 29489322
01-25 18:54:52.857  2480  2480 I HidlServiceManagement: Trying to get transport of vendor.samsung.hardware.biometrics.face@3.0::ISehBiometricsFace/default without hwservicemanager
01-25 18:54:52.858  1868  1918 E HeatmapThread: !@ CAM New BSOH: 100
01-25 18:54:52.858  1755 32101 I sec_fr_SehFace: SehFace::getServicePid
01-25 18:54:52.858  1755 32101 I sec_fr_SehFace: FaceServicePID : 1755
01-25 18:54:52.858  2480  2480 E cameraserver: isBiometricsFaceService : face AIDL HAL Pid(1755) is not same with callingPid(26480)
01-25 18:54:52.858  2480  2480 I CameraService: decreaseCamConnRef: ref=0
01-25 18:54:52.858  2480  2480 I CameraService: decreaseCamConnRef: service.camera.running set to 0
01-25 18:54:52.858  2421  3616 I CameraService_worker: DeviceInjector, onSemCameraDeviceRawStatus 1 1
01-25 18:54:52.858  4018  4975 I CameraManagerGlobal: postSingleUpdate device: camera id 1 status STATUS_PRESENT
01-25 18:54:52.858  2421  3528 I CameraManagerGlobal: postSingleUpdate device: camera id 1 status STATUS_PRESENT
01-25 18:54:52.858  4018  4975 I CameraManagerGlobal: postSingleUpdate device: camera id 1 status STATUS_PRESENT
01-25 18:54:52.858  7026  8536 I CameraManagerGlobal: postSingleUpdate device: camera id 1 status STATUS_PRESENT
01-25 18:54:52.858  2421  3528 I CameraManagerGlobal: postSingleUpdate device: camera id 1 status STATUS_PRESENT
01-25 18:54:52.858  7026  8536 I CameraManagerGlobal: postSingleUpdate device: camera id 1 status STATUS_PRESENT
01-25 18:54:52.858  7291  7321 I CameraManagerGlobal: postSingleUpdate device: camera id 1 status STATUS_PRESENT
01-25 18:54:52.859  4147  2750 I CameraManagerGlobal: postSingleUpdate device: camera id 1 status STATUS_PRESENT
01-25 18:54:52.859  2480  2480 W IPCThreadState: Sending oneway calls to frozen process.
01-25 18:54:52.859  7391 31259 I CameraManagerGlobal: postSingleUpdate device: camera id 1 status STATUS_PRESENT
01-25 18:54:52.859 27857 27878 I CameraManagerGlobal: postSingleUpdate device: camera id 1 status STATUS_PRESENT
01-25 18:54:52.859  7391  7391 I [MCFDs]_RemoteMediaHandler: onCameraAvailable - 
01-25 18:54:52.859  7291  7291 I HBD     : EagleEye EagleEyeHoneyBee Camera is available, camId = 1 
01-25 18:54:52.859  7442 22636 I CameraManagerGlobal: postSingleUpdate device: camera id 1 status STATUS_PRESENT
01-25 18:54:52.859  2421  3528 I CameraManagerGlobal: Camera 1 facing CAMERA_FACING_FRONT state now CAMERA_STATE_CLOSED for client com.samsung.android.smartface API Level 2 User Id 0Device Id 0
01-25 18:54:52.859 16613 29955 I CameraManagerGlobal: postSingleUpdate device: camera id 1 status STATUS_PRESENT
01-25 18:54:52.859  5319 12648 I CameraManagerGlobal: postSingleUpdate device: camera id 1 status STATUS_PRESENT
01-25 18:54:52.859  4018  4975 I CameraManagerGlobal: Camera 1 facing CAMERA_FACING_FRONT state now CAMERA_STATE_CLOSED for client com.samsung.android.smartface API Level 2 User Id 0Device Id 0
01-25 18:54:52.859  4018  4975 I CameraManagerGlobal: onCameraDeviceStateChangedLocked: post device state update
01-25 18:54:52.859  2421  3528 I CameraManagerGlobal: onCameraDeviceStateChangedLocked: post device state update
01-25 18:54:52.859  2421  3528 I CameraManagerGlobal: onCameraDeviceStateChangedLocked: post device state update
01-25 18:54:52.859  2421  3616 I RequestInjectorService: Samsung Camera is opened. ignore VT Camera Setting.
01-25 18:54:52.859  4326  4355 I CameraManagerGlobal: Camera 1 facing CAMERA_FACING_FRONT state now CAMERA_STATE_CLOSED for client com.samsung.android.smartface API Level 2 User Id 0Device Id 0
01-25 18:54:52.859  6996  7030 I CameraManagerGlobal: Camera 1 facing CAMERA_FACING_FRONT state now CAMERA_STATE_CLOSED for client com.samsung.android.smartface API Level 2 User Id 0Device Id 0
01-25 18:54:52.859  7026  8536 I CameraManagerGlobal: Camera 1 facing CAMERA_FACING_FRONT state now CAMERA_STATE_CLOSED for client com.samsung.android.smartface API Level 2 User Id 0Device Id 0
01-25 18:54:52.859  7026  8536 I CameraManagerGlobal: onCameraDeviceStateChangedLocked: post device state update
01-25 18:54:52.859  5698  5724 I CameraManagerGlobal: postSingleUpdate device: camera id 1 status STATUS_PRESENT
01-25 18:54:52.859  7391 31259 I CameraManagerGlobal: Camera 1 facing CAMERA_FACING_FRONT state now CAMERA_STATE_CLOSED for client com.samsung.android.smartface API Level 2 User Id 0Device Id 0
01-25 18:54:52.859  7026  8536 I CameraManagerGlobal: onCameraDeviceStateChangedLocked: post device state update
01-25 18:54:52.859  2421  3871 D SemWifiCoexManager: onCameraDeviceStateChanged:  cameraId=1 facing=1 newCameraState=3 clientName=com.samsung.android.smartface
01-25 18:54:52.859  8094  8554 I CameraManagerGlobal: Camera 1 facing CAMERA_FACING_FRONT state now CAMERA_STATE_CLOSED for client com.samsung.android.smartface API Level 2 User Id 0Device Id 0
01-25 18:54:52.859  4018  4975 I CameraManagerGlobal: onCameraDeviceStateChangedLocked: post device state update
01-25 18:54:52.859 28316 28328 I CameraManagerGlobal: Camera 1 facing CAMERA_FACING_FRONT state now CAMERA_STATE_CLOSED for client com.samsung.android.smartface API Level 2 User Id 0Device Id 0
01-25 18:54:52.859  4147  2750 I CameraManagerGlobal: Camera 1 facing CAMERA_FACING_FRONT state now CAMERA_STATE_CLOSED for client com.samsung.android.smartface API Level 2 User Id 0Device Id 0
01-25 18:54:52.859 16613 29955 I CameraManagerGlobal: Camera 1 facing CAMERA_FACING_FRONT state now CAMERA_STATE_CLOSED for client com.samsung.android.smartface API Level 2 User Id 0Device Id 0
01-25 18:54:52.859  7291  7321 I CameraManagerGlobal: Camera 1 facing CAMERA_FACING_FRONT state now CAMERA_STATE_CLOSED for client com.samsung.android.smartface API Level 2 User Id 0Device Id 0
01-25 18:54:52.859 27857 27878 I CameraManagerGlobal: Camera 1 facing CAMERA_FACING_FRONT state now CAMERA_STATE_CLOSED for client com.samsung.android.smartface API Level 2 User Id 0Device Id 0
01-25 18:54:52.859  2480  2480 W IPCThreadState: Sending oneway calls to frozen process.
01-25 18:54:52.859 27857 27878 I CameraManagerGlobal: onCameraDeviceStateChangedLocked: post device state update
01-25 18:54:52.859  5698  5724 I CameraManagerGlobal: Camera 1 facing CAMERA_FACING_FRONT state now CAMERA_STATE_CLOSED for client com.samsung.android.smartface API Level 2 User Id 0Device Id 0
01-25 18:54:52.859 26480 27259 I CameraManagerGlobal: Camera 1 facing CAMERA_FACING_FRONT state now CAMERA_STATE_CLOSED for client com.samsung.android.smartface API Level 2 User Id 0Device Id 0
01-25 18:54:52.859  6996  7748 I EadCameraController: onCameraDeviceStateChanged:  cameraId=1 facing=1 newCameraState=3 clientName=com.samsung.android.smartface
01-25 18:54:52.859  7442 22636 I CameraManagerGlobal: Camera 1 facing CAMERA_FACING_FRONT state now CAMERA_STATE_CLOSED for client com.samsung.android.smartface API Level 2 User Id 0Device Id 0
01-25 18:54:52.859  5319 12648 I CameraManagerGlobal: Camera 1 facing CAMERA_FACING_FRONT state now CAMERA_STATE_CLOSED for client com.samsung.android.smartface API Level 2 User Id 0Device Id 0
01-25 18:54:52.859  7291  7291 I HBD     : EagleEye EagleEyeHoneyBee All camera is available, so, ExtractText will be enabled 
01-25 18:54:52.860  2480  2480 I CameraFlashlight: deviceClosed: device 1 is closed
01-25 18:54:52.860  2480  2480 I CameraService: disconnect: Disconnected client for camera 1 for PID 26480
01-25 18:54:52.860  2480  2480 D CameraService: BasicClient::disconnect X
01-25 18:54:52.860  2480  2480 D CameraDeviceClient: exitPolicyCheckingThread:stop IT Policy checking thread E - 1
01-25 18:54:52.860  2480  2480 D CameraDeviceClient: exitPolicyCheckingThread:stop IT Policy checking thread X - 1
01-25 18:54:52.860 26480  2617 I CameraController: closeCamera E
01-25 18:54:52.862 26480  2617 I SmartFaceService: mWakeLock.release() in FD
01-25 18:54:52.862  2421  3907 E SmartFaceManager/ServiceManagerGlobal: unbind from smart face service, connection count = 2 -> 1
01-25 18:54:52.862  2421  3907 E SmartFaceManager/ServiceManagerGlobal: unbind from smart face service, connection count = 1 -> 0
01-25 18:54:52.862 26480 26480 E SmartFaceServiceStarter: onDestroy
01-25 18:54:52.862 26480 26480 I SmartFaceService: SmartFaceService Clean Up.
01-25 18:54:52.862 26480 26480 I SmartFaceService: SmartFaceService cleaning up.
01-25 18:54:52.863  2421  3907 E SmartFaceManager: checkForSmartStay X: false
01-25 18:54:52.863  2421  3907 D SmartStayController: handleSmartStay : faceDetected : false
01-25 18:54:52.863 26480 26480 I CameraController: closeCamera S
01-25 18:54:52.863 26480 27075 I CameraV2Controller: handleMessage(0) { when=0 what=0 obj=java.util.concurrent.CountDownLatch@2bde231[Count = 1] target=a.h }
01-25 18:54:52.863 26480 26480 I CameraController: closeCamera E
01-25 18:54:52.864 26480 26480 I SmartFaceService: SmartFaceService clean up done.
01-25 18:54:52.920  1778  2102 I SDM     : DisplayBase::CommitThread: Received idle timeout, panel: cmd, timeout: 70000 us
01-25 18:54:53.136  1069  1069 D io_stats: !@   8,0 r 71651889 380242496 w 1456354 16391720 d 295488 8015436 f 15611 41281 iot 5988792 0 th 0 0 0 pt 0 inp 0 0 11219.747
01-25 18:54:53.423  2421  5136 I NSLocationMonitor: getGPSUsingApps() called
01-25 18:54:53.423  5148  5173 I NSLocationManager_FLP: getGPSUsingApps, No change
01-25 18:54:53.426  2421  5136 D FreecessHandler: freeze com.cleancontacts.app(10427) result : 2
01-25 18:54:53.715  7980 18006 I Kumiho-Kumiho: getPackageName: com.whatsapp.w4b
01-25 18:54:53.724 26841 26841 I BadgeCountReceiver: onReceive: Intent { act=android.intent.action.BADGE_COUNT_UPDATE flg=0x1000010 xflg=0x4 cmp=com.sec.android.provider.badge/.BadgeCountReceiver (has extras) }
01-25 18:54:53.724 26841 26867 I BadgeCountReceiver: UpdateTask START: PendingResult hashCode: 235437864
01-25 18:54:53.724 26841 26867 I BadgeCountReceiver: packageName: com.whatsapp.w4b, className: com.whatsapp.Main, count: 159
01-25 18:54:53.726 26841 26867 I BadgeProvider: sendNotify [uri]: content://com.sec.badge/apps, [notify]: null
01-25 18:54:53.726 26841 26867 I BadgeProvider: update, [calling package]: com.sec.android.provider.badge, [uri]: content://com.sec.badge/apps, [uri.query]: null, [BadgeCount]: badgecount=159, [UpdateCount]: 1
01-25 18:54:53.726 26841 26867 I BadgeCountReceiver: UpdateTask END: PendingResult hashCode: 235437864
01-25 18:54:53.726 26841 10989 I BadgeProvider: query, [calling package]: com.sec.android.app.launcher, [selection]: null
01-25 18:54:53.728 26870 27615 I BadgeProvider: query, [calling package]: com.sec.android.app.launcher, [selection]: null
01-25 18:54:53.730 26841 10989 I BadgeProvider: query, [calling package]: com.sec.android.app.launcher, [selection]: null
01-25 18:54:53.731 26870 27615 I BadgeProvider: query, [calling package]: com.sec.android.app.launcher, [selection]: null
01-25 18:54:53.855  1868  1918 E HeatmapThread: ECT Thread time in milliseconds: 1769363693
01-25 18:54:53.857  1868  1918 D HeatmapThread: !@ batteryplugType : 2
01-25 18:54:53.857  1868  1918 D HeatmapThread: !@ batteryLevel : 51  batteryTemperature : 388 
01-25 18:54:53.857  1868  1918 D HeatmapThread: !@ Heatmap currtime: 29489394
01-25 18:54:53.857  1868  1918 D HeatmapThread: !@ Heatmap prevtime: 29489370
01-25 18:54:53.857  1868  1918 D HeatmapThread: !@ Heatmap plugstarttime: 29489360
01-25 18:54:53.857  1868  1918 D HeatmapThread: !@ Heatmap prevv_dsoh_update_time: 29489322
01-25 18:54:53.857  1868  1918 E HeatmapThread: !@ CAM New BSOH: 100
01-25 18:54:53.953  2421  6955 I ActivityManager: Changes in 10375 6 to 10, 128 to 0
01-25 18:54:53.955  2421  3814 D BackgroundInstallControlService: Package event received: 0
01-25 18:54:53.956  2421  6955 I ActivityManager: Changes in 10375 10 to 6, 0 to 128
01-25 18:54:53.956  2421  3814 D BackgroundInstallControlService: Package event received: 0
01-25 18:54:53.956  2421  3814 D BackgroundInstallControlService: Package event received: 0
01-25 18:54:53.956  2421  3814 D BackgroundInstallControlService: Package event received: 0
01-25 18:54:54.134  2421  3735 D InetDiagMessage: Destroyed 0 sockets, proto=IPPROTO_TCP, family=AF_INET, states=14
01-25 18:54:54.135  2421  3735 D InetDiagMessage: Destroyed 0 sockets, proto=IPPROTO_TCP, family=AF_INET6, states=14
01-25 18:54:54.135  2421  3735 D InetDiagMessage: Destroyed live tcp sockets for uids={10117} in 2ms
01-25 18:54:54.136  2421  3735 D InetDiagMessage: Destroyed 0 sockets, proto=IPPROTO_TCP, family=AF_INET, states=14
01-25 18:54:54.137  2421  3735 D InetDiagMessage: Destroyed 0 sockets, proto=IPPROTO_TCP, family=AF_INET6, states=14
01-25 18:54:54.137  2421  3735 D InetDiagMessage: Destroyed live tcp sockets for uids={20117} in 1ms
01-25 18:54:54.170  2421  6955 D [SS]BattFunctions: [sendRemainingChargingTimeChangedIntent]remainingChargingTime:3763 ,mLastRemainingChargingTime:3770
01-25 18:54:54.170  1788  1788 I seh_thermal_service: getTemperaturesWithType SehTemperatureType: 3
01-25 18:54:54.170  1786  1786 I sehhealth-service: updateLrpSysfs: write: 405
01-25 18:54:54.170  1786  1907 E BatteryDump: !@new_battery_dump : 3932,589,1200,1800,51,387,368,461,387,0,402,461,0,Charging,NO_CHARGING,Normal,Good,PDIC,0,Normal,0,0,8866,0x0,0x10000,0x0,0,0,617,v0002,0000,0000,ffff0700,0,0,0,0,412,3902,5124,991,0,
01-25 18:54:54.170  4018  4018 I AODBatteryManager: updateBatteryData: ACTION_BATTERY_CHANGED: false, isSleepModeChanged:false ,isRemainingTimeChanged: true, isUSBRestriction: false
01-25 18:54:54.171  4018  4018 I ChargingInfoManager: updateChargingInfo: newState = AOD ChargingInfo [mState=BATTERY_AND_REMAIN_TIME, mIsCharging=true, mIsPlugged=true, mIsFullyCharged=false, mIsBatteryProtectMode=false, mBetteryLevel=51, mBetteryProtectModeType0, mIsSlowChargingfalse], oldState = AOD ChargingInfo [mState=BATTERY_AND_REMAIN_TIME, mIsCharging=true, mIsPlugged=true, mIsFullyCharged=false, mIsBatteryProtectMode=false, mBetteryLevel=51, mBetteryProtectModeType0, mIsSlowChargingfalse]
01-25 18:54:54.171  4018  4018 D PowerUI : Remaining charging time : 3763
01-25 18:54:54.171  4018  4018 D PowerUI : Charging time is changed, check charging notification
01-25 18:54:54.171  4018  4018 D PowerUI.Notification: showChargingNotice - Battery Level : 51 -> 51, Charging Type : 11 -> 11, Charging Time : 3770 -> 3763, Maximum protection : false -> false, Maximum threshold : 80 -> 80
01-25 18:54:54.172  4018  4018 I NotificationManager: com.android.systemui: notify(2131364006, charging_state, Notification(channel=CHR shortcut=null contentView=null vibrate=null sound=null defaults=0 flags=ONGOING_EVENT|ONLY_ALERT_ONCE color=0x00000000 category=sys groupKey=CHARGING vis=PUBLIC semFlags=0x0 semPriority=0 semMissedCount=0)) as user
01-25 18:54:54.173  2421  6955 W PermissionService: getPermissionFlags: Unknown user -1
01-25 18:54:54.173  2421  6955 W PermissionService: getPermissionFlags: Unknown user -1
01-25 18:54:54.247  2421  3696 E WifiStaIfaceAidlImpl: getCachedScanData failed with service-specific exception: android.os.ServiceSpecificException:  (code 4)
