01-25 19:07:37.917  1785  6621 I SS_3A   :  INFO: AWB: CreateAWBAlgorithm: 804: cameraInfo algoRole 0, cameraId 5
01-25 19:07:37.917  1785  6621 I SS_3A   :  INFO: AWB: TsCommonFillSensorIdMap: 26: Already filled, cameraId(5) driverSensorId(12)
01-25 19:07:37.917  1785  6621 I SS_3A   :  INFO: AWB: CreateAWBAlgorithm: 831: CreateAWBAlgorithm (refcnt:0 cameraId 5 OverrideCameraOpen 1 lensFacing 0 pAWBSingletonWrapper->pAWB 0xb400007e139adfb0
01-25 19:07:37.917  1785  6621 I SS_3A   :  INFO: AWB: CreateAWBAlgorithm: 897: ReCreate AWBAlgorithm, pAWB 0xb400007e139adfb0
01-25 19:07:37.917  1785  6621 I SS_3A   :  INFO: AWB: TsAwb_get_cal_data_front: 138: module[0] 355 745 750 377
01-25 19:07:37.917  1785  6621 I SS_3A   :  INFO: AWB: TsAwb_get_cal_data_front: 140: module[0] RG 0.474916 , BG 0.504348
01-25 19:07:37.917  1785  6621 I 3A_PLTFM: TransactionManagerImpl: init: 39: E
01-25 19:07:37.917  1785  6621 I 3A_PLTFM: TransactionManagerImpl: init: 41: X
01-25 19:07:37.917  1785  6621 I SS_3A   :  INFO: AWB: TsAwb_init_with_mode: 181: TuningVersion 0xD0A1325
01-25 19:07:37.917  1785  6621 I SS_3A   :  INFO: AWB: TsAwb_init_with_mode: 225: [eLensType 0] Adjust_gain = 1.007413, 1.010085
01-25 19:07:37.917  1785  6621 I 3A_PLTFM: MetaStoreManager: init: 65: AEC: Already initialized, returning 0x7c1faa2f80
01-25 19:07:37.917  1785  6621 I SS_3A   :  INFO: AEC: AECAlgoSetNodeInterface: 1147: AEC vendorTagBase 0x80760000
01-25 19:07:37.917  1785  6621 I SS_3A   :  INFO: AEC: AECAlgoSetNodeInterface: 1157: AWB vendorTagBase 0x80780000
01-25 19:07:37.917  1785  6621 I SS_3A   :  INFO: AEC: AECAlgoSetNodeInterface: 1167: AF vendorTagBase 0x80770000
01-25 19:07:37.917  1785  6621 I 3A_PLTFM: SolutionInterfaceAEC: Sec3APlatformCreateAEC: 418: AEC_VendorTag:: Shooting Mode = 1 chiSessionHandle = 0xb400007d14725f40
01-25 19:07:37.917  1785  6621 I 3A_PLTFM: SolutionInterfaceAEC: Sec3APlatformCreateAEC: 430: Lens Facing = 0 chiSessionHandle = 0xb400007d14725f40
01-25 19:07:37.917  1785  6621 I SS_3A   :  INFO: AEC: CreateAEC: 820: StaticAEC algo sizeOfParam for CHISTATSHANDLE is 24
01-25 19:07:37.917  1785  6621 I SS_3A   :  INFO: AEC: CreateAEC: 837: AEC_VendorTag:: Lens Facing = 0 chiSessionHandle = 0xb400007d14725f40
01-25 19:07:37.917  1785  6621 I SS_3A   :  INFO: AEC: CreateAEC: 916: StaticAEC algo create: camera open mask 32 
01-25 19:07:37.917  1785  6621 I SS_3A   :  INFO: AEC: CreateAEC: 814: aec_camera_info 0 5
01-25 19:07:37.917  1785  6621 I SS_3A   :  INFO: AEC: CreateAEC: 923: flicker CSC:60 
01-25 19:07:37.917  1785  6621 I SS_3A   :  INFO: AEC: TsCommonFillSensorIdMap: 26: Already filled, cameraId(5) driverSensorId(12)
01-25 19:07:37.917  1785  6621 I SS_3A   :  INFO: AEC: CreateAEC: 941: CreateAECAlgorithm (refcnt:0 cameraId 5 OverrideCameraOpen 1 lensFacing 0 pAECSingletonWrapper->pAECSingleton 0xb400007e139bd850 [sensor:S5K3LU]
01-25 19:07:37.917  1785  6621 I SS_3A   :  INFO: AEC: CreateAEC: 1034: ReCreate AECAlgorithm 0xb400007e139bd850
01-25 19:07:37.917  1785  6621 E CamX    : [ERROR][STATS_AEC] camxcaecstatsprocessor.cpp:7084 GetCropWindow() Wrong input: HALCropWindow left(0),top(0) width,height = 0x0
01-25 19:07:37.929  1785 26600 I CHI     : [SS_LOW ]: [CHI         ]: chxextensionmodule.cpp: InitializeOverrideSession: 9415: MemAvailable: 2409908 kB
01-25 19:07:37.929  1785 26600 I CHI     : [SS_LOW ]: [CHI         ]: chxextensionmodule.cpp: InitializeOverrideSession: 9436: [DUAL_MODE_DBG] m_isFrontCameraOpened=1
01-25 19:07:37.929  1785 26600 I Unihal  : CameraDevice.cpp: ConfigureStreams: 96: [UNIKPI][1] VndHAL->configure_streams: X
01-25 19:07:37.929  1785 26600 I Unihal  : ScenarioManager.cpp: PostConfigureStreams: 3721: Update stream(0xb400007d33a09eb8) max_buffers 8 -> 16
01-25 19:07:37.929  1785 26600 I Unihal  : CameraHalUnit.cpp: PrintConfigureStreams: 762: Configured : HAL number of streams(1)
01-25 19:07:37.929  1785  6640 I Unihal  : ScenarioManager.cpp: AsyncAllocateBuffers: 4123: JPEG BLOB Size: android Max = 4000x3000, samsung Max = 4000x3000. Use bigger one.
01-25 19:07:37.929  1785 26600 I Unihal  : CameraHalUnit.cpp: PrintConfigureStreams: 777: Configured HAL stream[0] stream(0xb400007d33a09eb8) : streamId(0x0), scenarioType(PREVIEWCB), format(0x23), grallocUsage(0x20003), size(320x240), streamType(0), option(0x0), maxBuffers(16), priv(0x0), dataspace(146931712), rotation(0), fps(0, 0), physCamId(), groupId(-1), sensorPixelModes(0), multi_resolution_input_image(0), stream_use_case(0), dynamic_range_profile(1), stream_timestamp(0), color_space(-1), reserved Ptr(0x0, 0x0), HalStream(override_format(0x23), usage(consumer : 0x0, producer : 0x20003))
01-25 19:07:37.929  1785  6640 I Unihal  : ScenarioManager.cpp: AsyncAllocateBuffers: 4143: JPEG Buffer Info 4000x3000, size 18175490
01-25 19:07:37.929  1785 26600 I Unihal  : CameraHalUnit.cpp: PrintConfigureStreams: 795: Configured : FW number of streams(1)
01-25 19:07:37.929  1785 26600 I Unihal  : CameraHalUnit.cpp: PrintConfigureStreams: 822: Configured FW streams are same with HAL's.
01-25 19:07:37.929  1785  6640 I Unihal  : UniBufferSupplier.cpp: CreateBufferManager: 73: Request Stream Buffer Manager.
01-25 19:07:37.929  1785  6640 I Unihal  : UniBufferSupplier.cpp: CreateBufferManager: 89: [EXT_BUF_MGR(stream 0xb400007d33a09eb8)] 0xb400007dc3a47350 Created. # of subStream 21
01-25 19:07:37.929  1785 26600 I Unihal  : UniState.cpp: transitState: 102: Transiting to state 4
01-25 19:07:37.929  1785 26600 I Unihal  : UniHalPlusMediator.cpp: ConfigureStreams: 433: Device(0xb400007cd3abdfa0): X
01-25 19:07:37.929  1785 26600 I Unihal  : UniHal3InterfaceEntry.cpp: uni_configure_streams: 331: [UNIKPI][1] UniHAL->configure_streams: X
01-25 19:07:37.929  1785 26600 I Samsung_CameraDeviceSession_impl: [CAMKPI] camera3->configure_streams : X
01-25 19:07:37.929  1785  6641 I Unihal  : GlobalMonitor.cpp: MonitoringTask: 270: Monitoring is started
01-25 19:07:37.929  2480 13828 I AidlCamera3-Device: configureStreams : stream[0] : format = 0x23(YUV_420_888), data_space = 146931712, color_space = -1, usage flag = 0x20003, max_buffers = 16, physical_camera_id = null
01-25 19:07:37.929  2480 13828 I Camera3-Status: addComponent: Adding new component 2 - BufferRequestSM
01-25 19:07:37.930  2480 13828 D Camera3-Device: CameraPerf: Connect Streams E
01-25 19:07:37.930  2480 13828 I Camera3-Status: addComponent: Adding new component 3 - streamId = 0, format = 0x23(YUV_420_888), width = 320, height = 240, option = 0x0, type = OUTPUT
01-25 19:07:37.930  2480 13828 D Camera3-OutputStream: configureConsumerQueueLocked: Consumer wants 2 buffers, HAL wants 16
01-25 19:07:37.930  2480 13828 I Camera3-OutputStream: configureConsumerQueueLocked: [VSYNC] allowPreviewRespace : true, mSyncToDisplay : false, mPreviewFrameSpacer : false
01-25 19:07:37.930  2480 13828 D Camera3-Device: CameraPerf: Connect Streams X (0ms)
01-25 19:07:37.931  2480 13828 D Camera3-Device: Set real time priority for request queue thread (tid 6529)
01-25 19:07:37.931  2480 13828 D Camera3-Device: CameraPerf: configureStreamsLocked: Camera 1: Stream configuration X (301ms)
01-25 19:07:37.931  2480 13828 D Camera3-Utils: Set regular priority for thread (tid 13828)
01-25 19:07:37.931 26480  6519 I CameraV2Controller: onConfigured
01-25 19:07:37.931  2480 13828 D Camera3-Device: setStreamingRequestList: Enter: calling submitRequestsHelper: repeating = true
01-25 19:07:37.931  2480  6642 I HidlServiceManagement: Trying to get transport of vendor.samsung.hardware.biometrics.face@3.0::ISehBiometricsFace/default without hwservicemanager
01-25 19:07:37.931  2480 13828 D Camera3-Device: submitRequestsHelper: mInterfaceLock.lock()
01-25 19:07:37.932  2480 13828 I Camera3-Device: Submit request type: 0x1, repeating(true), burst(false)
01-25 19:07:37.932  2480 13828 D Camera3-Device: setRepeatingRequests: lastFrameNumber 0.
01-25 19:07:37.932  2480 13828 I Camera3-Status: markComponent: Component 1 is now active - RequestThread
01-25 19:07:37.932  2480 13828 D Camera3-Device: submitRequestsHelper: mInterfaceLock.unlock()
01-25 19:07:37.932  2480  6528 I CameraService: startCameraStreamingOps: Start camera streaming ops, package name = com.samsung.android.smartface, client UID = 1000
01-25 19:07:37.932  2480  6529 D Camera3-Device: CameraPerf: PrepareHALRequests E
01-25 19:07:37.932  2480  6528 D CameraService: startCameraStreamingOps: Start data delivery for uid 1000
01-25 19:07:37.932  1755  1955 I sec_fr_SehFace: SehFace::getServicePid
01-25 19:07:37.932  1755  1955 I sec_fr_SehFace: FaceServicePID : 1755
01-25 19:07:37.932  2480  6642 E cameraserver: isBiometricsFaceService : face AIDL HAL Pid(1755) is not same with callingPid(26480)
01-25 19:07:37.932  2480  6529 I Camera3-Status: markComponent: Component 0 is now active - InflightRequests
01-25 19:07:37.932  2480  6529 D Camera3-Device: CameraPerf: PrepareHALRequests X (0ms)
01-25 19:07:37.932  2480  6529 D Camera3-Device: CameraPerf: sendRequestsBatch E
01-25 19:07:37.932 26480  6519 I CameraV2Controller: onActive
01-25 19:07:37.932  2421  2538 I EDMNativeHelperService: isCameraEnabled
01-25 19:07:37.932 26480 26488 I CameraController: openCamera E
01-25 19:07:37.932  2421  2538 D EDMNativeHelper: isCameraEnabled
01-25 19:07:37.932  2421  2538 D EDMNativeHelper: checking for camera in EnterpriseDeviceManagerService
01-25 19:07:37.932  2421  2538 D EnterpriseDeviceManagerService: isCameraEnabledNative
01-25 19:07:37.932  2421  2538 D EnterpriseDeviceManagerService: checking for camera in restriction policy
01-25 19:07:37.932  2421  2538 D RestrictionPolicy: isCameraEnabled ret(true) userId(0) cxtInfo.mCallerUid(1000) cxtInfo.mContainerId(0)
01-25 19:07:37.932  1785 26600 I Samsung_CameraDeviceSession_impl: [CAMKPI] camera3->process_capture_request : E
01-25 19:07:37.933  1785 26600 I Unihal  : UniHal3InterfaceEntry.cpp: uni_process_capture_request: 424: [UNIKPI][1] UniHAL->process_capture_request: E
01-25 19:07:37.933  1785  6643 I Unihal  : ProductScenarioBuilder.cpp: WaitForPreLoad: 117: Async PreLoad Task is not running.
01-25 19:07:37.933  1785 26600 I Unihal  : ScenarioUnit.cpp: GetResult: 666: [Third Party Combination Front for 1] Steam Combination Bits 0x00000001.
01-25 19:07:37.933  1785 26600 I Unihal  : ScenarioUnit.cpp: GetResult: 671: [Third Party Combination Front for 1] Target Stream 0xb400007d33a09eb8(PREVIEWCB) 320x240 for pipelineId/Idx(4294967296,0).
01-25 19:07:37.933  1785 26600 I Unihal  : ScenarioUnit.cpp: GetResult: 758: # filters(0)
01-25 19:07:37.933  2421  6098 E SmartFaceManager: Listener does not implements SmartFaceInfoListener2
01-25 19:07:37.933  2421  2968 D SensorPrivacyService: onOpNoted  com.samsung.android.smartface  code=26  uid=1000
01-25 19:07:37.933  2480  6528 I CameraServiceProxyWrapper: updateProxyDeviceState: notifyCameraState for Camera ID 1, newState 1, facing 1, clientName com.samsung.android.smartface, apiLevel 2
01-25 19:07:37.933 13661 24959 I AiPrivacy::SaSensorRepository: Active op +  op : android:camera uid : 1000 PackageName : com.samsung.android.smartface Active : true
01-25 19:07:37.933  1785 26600 I Unihal  : CameraDevice.cpp: ProcessCaptureRequest: 167: [UNIKPI][1] VndHAL->process_capture_request: E
01-25 19:07:37.933  2421  6948 I CameraManagerGlobal: Camera 1 facing CAMERA_FACING_FRONT state now CAMERA_STATE_ACTIVE for client com.samsung.android.smartface API Level 2 User Id 0Device Id 0
01-25 19:07:37.933  4018  4270 I CameraManagerGlobal: Camera 1 facing CAMERA_FACING_FRONT state now CAMERA_STATE_ACTIVE for client com.samsung.android.smartface API Level 2 User Id 0Device Id 0
01-25 19:07:37.933  2421  3616 I RequestInjectorService: Samsung Camera is opened. ignore VT Camera Setting.
01-25 19:07:37.933  4326  4355 I CameraManagerGlobal: Camera 1 facing CAMERA_FACING_FRONT state now CAMERA_STATE_ACTIVE for client com.samsung.android.smartface API Level 2 User Id 0Device Id 0
01-25 19:07:37.933  2421  3871 D SemWifiCoexManager: onCameraDeviceStateChanged:  cameraId=1 facing=1 newCameraState=1 clientName=com.samsung.android.smartface
01-25 19:07:37.933  2421  6948 I CameraManagerGlobal: onCameraDeviceStateChangedLocked: post device state update
01-25 19:07:37.934  2421  6948 I CameraManagerGlobal: onCameraDeviceStateChangedLocked: post device state update
01-25 19:07:37.934  6996  7023 I CameraManagerGlobal: Camera 1 facing CAMERA_FACING_FRONT state now CAMERA_STATE_ACTIVE for client com.samsung.android.smartface API Level 2 User Id 0Device Id 0
01-25 19:07:37.934  7291  7321 I CameraManagerGlobal: Camera 1 facing CAMERA_FACING_FRONT state now CAMERA_STATE_ACTIVE for client com.samsung.android.smartface API Level 2 User Id 0Device Id 0
01-25 19:07:37.934  7026 10352 I CameraManagerGlobal: Camera 1 facing CAMERA_FACING_FRONT state now CAMERA_STATE_ACTIVE for client com.samsung.android.smartface API Level 2 User Id 0Device Id 0
01-25 19:07:37.934  7026 10352 I CameraManagerGlobal: onCameraDeviceStateChangedLocked: post device state update
01-25 19:07:37.934  4018  4270 I CameraManagerGlobal: onCameraDeviceStateChangedLocked: post device state update
01-25 19:07:37.934  7026 10352 I CameraManagerGlobal: onCameraDeviceStateChangedLocked: post device state update
01-25 19:07:37.934  4018  4270 I CameraManagerGlobal: onCameraDeviceStateChangedLocked: post device state update
01-25 19:07:37.934 28316 28605 I CameraManagerGlobal: Camera 1 facing CAMERA_FACING_FRONT state now CAMERA_STATE_ACTIVE for client com.samsung.android.smartface API Level 2 User Id 0Device Id 0
01-25 19:07:37.934  1785 26600 I CHI     : [SS_LOW ]: [CAM_CHI_MULTI]: chxmulticamerabase.cpp: FillMCCResult: 7464: [MC_DBG] frame 0 [1.01], Valid = 1, isQCFA = 0, Fusion = 0, master = 0 (5, 12), numActive = 1, Active [1:0:0:0], ActiveMap= 0x1, LogiMap=0x1, PhysMap=0x1, logicalPresent 0, mode : PHOTO
01-25 19:07:37.934  8094 19292 I CameraManagerGlobal: Camera 1 facing CAMERA_FACING_FRONT state now CAMERA_STATE_ACTIVE for client com.samsung.android.smartface API Level 2 User Id 0Device Id 0
01-25 19:07:37.934 16613 14211 I CameraManagerGlobal: Camera 1 facing CAMERA_FACING_FRONT state now CAMERA_STATE_ACTIVE for client com.samsung.android.smartface API Level 2 User Id 0Device Id 0
01-25 19:07:37.934  2480  6528 W IPCThreadState: Sending oneway calls to frozen process.
01-25 19:07:37.934 26480 26488 I CameraManagerGlobal: Camera 1 facing CAMERA_FACING_FRONT state now CAMERA_STATE_ACTIVE for client com.samsung.android.smartface API Level 2 User Id 0Device Id 0
01-25 19:07:37.934  7442 14029 I CameraManagerGlobal: Camera 1 facing CAMERA_FACING_FRONT state now CAMERA_STATE_ACTIVE for client com.samsung.android.smartface API Level 2 User Id 0Device Id 0
01-25 19:07:37.934  6996  7748 I EadCameraController: onCameraDeviceStateChanged:  cameraId=1 facing=1 newCameraState=1 clientName=com.samsung.android.smartface
01-25 19:07:37.934  4147 29762 I CameraManagerGlobal: Camera 1 facing CAMERA_FACING_FRONT state now CAMERA_STATE_ACTIVE for client com.samsung.android.smartface API Level 2 User Id 0Device Id 0
01-25 19:07:37.934  7391  7415 I CameraManagerGlobal: Camera 1 facing CAMERA_FACING_FRONT state now CAMERA_STATE_ACTIVE for client com.samsung.android.smartface API Level 2 User Id 0Device Id 0
01-25 19:07:37.934  5698  8600 I CameraManagerGlobal: Camera 1 facing CAMERA_FACING_FRONT state now CAMERA_STATE_ACTIVE for client com.samsung.android.smartface API Level 2 User Id 0Device Id 0
01-25 19:07:37.934 27857 27880 I CameraManagerGlobal: Camera 1 facing CAMERA_FACING_FRONT state now CAMERA_STATE_ACTIVE for client com.samsung.android.smartface API Level 2 User Id 0Device Id 0
01-25 19:07:37.934 27857 27880 I CameraManagerGlobal: onCameraDeviceStateChangedLocked: post device state update
01-25 19:07:37.935  1785 26600 I CHI     : [SS_LOW ]: [CHI         ]: chxutils.cpp: FillTuningModeDebug: 8321: [FRONT_FULL] sensorModeIndex 16  Sensor:NORMAL(0)  usecase:Third_party_preview(8)  feature1:ADRC(2)  feature2:None(0)  scene:None(0)   [chifeature2realtimemcx.cpp]
01-25 19:07:37.935  1785  6643 I Unihal  : BaseFilter.cpp: PostInitialize: 237: BaseFilter(BEAUTY_VIDEO,0xb400007e443b1df0) starts the post init.
01-25 19:07:37.935  1785  6643 I UniHALUniPlugin: uniplugin plugin open libvideobeauty.uniplugin@1.0.so dlmode 258
01-25 19:07:37.935  1785 26600 I Unihal  : CameraDevice.cpp: ProcessCaptureRequest: 167: [UNIKPI][1] VndHAL->process_capture_request: X
01-25 19:07:37.935  1785 26600 I Unihal  : UniHal3InterfaceEntry.cpp: uni_process_capture_request: 424: [UNIKPI][1] UniHAL->process_capture_request: X
01-25 19:07:37.935  1785 26600 I Samsung_CameraDeviceSession_impl: [CAMKPI] camera3->process_capture_request : X
01-25 19:07:37.935  2480  6529 D Camera3-Device: CameraPerf: sendRequestsBatch X (3ms)
01-25 19:07:37.935  5319 12601 I CameraManagerGlobal: Camera 1 facing CAMERA_FACING_FRONT state now CAMERA_STATE_ACTIVE for client com.samsung.android.smartface API Level 2 User Id 0Device Id 0
01-25 19:07:37.935  9616   487 I CameraManagerGlobal: Camera 1 facing CAMERA_FACING_FRONT state now CAMERA_STATE_ACTIVE for client com.samsung.android.smartface API Level 2 User Id 0Device Id 0
01-25 19:07:37.935 32667 32679 I CameraManagerGlobal: Camera 1 facing CAMERA_FACING_FRONT state now CAMERA_STATE_ACTIVE for client com.samsung.android.smartface API Level 2 User Id 0Device Id 0
01-25 19:07:37.936  1785  4538 E CamX    : [ERROR][SENSOR ] camxsensornode.cpp:2075 SensorThreadJobCallback() Sensor[5][RealtimeDefault0_Sensor0_cam5] ConfigureSensor: start, Config_status:5
01-25 19:07:37.936  1785  4538 E CamX    : [ERROR][SENSOR ] camxsensornode.cpp:2114 SensorThreadJobCallback() Sensor[5][RealtimeDefault0_Sensor0_cam5] currConfigStatus:4
01-25 19:07:37.936  1785  6643 I Unihal  : BaseFilter.cpp: PostInitialize: 247: BaseFilter(BEAUTY_VIDEO,0xb400007e443b1df0) finishes the post init. state(1).
01-25 19:07:37.936  1785  6643 I Unihal  : BaseFilter.cpp: PostInitialize: 237: BaseFilter(SEGMENTATION_EFFECT,0xb400007e443d75f0) starts the post init.
01-25 19:07:37.936  1785  6643 I UniHALUniPlugin: uniplugin plugin open libsegmentationeffect.uniplugin@1.0.so dlmode 258
01-25 19:07:37.936  1785  6643 I SegmentationEffectPlugin: create_plugin_handle: E
01-25 19:07:37.936  1785  6643 I SegmentationEffectPlugin: SegmentationEffectPlugin: E
01-25 19:07:37.936  1785  6643 I SegmentationEffectPlugin: SegmentationEffectPlugin: X
01-25 19:07:37.936  1785  6643 I Unihal  : BaseFilter.cpp: PostInitialize: 247: BaseFilter(SEGMENTATION_EFFECT,0xb400007e443d75f0) finishes the post init. state(1).
01-25 19:07:37.936  1785  6643 I Unihal  : BaseFilter.cpp: PostInitialize: 237: BaseFilter(IQ_SEGMENTATION,0xb400007e443e2e50) starts the post init.
01-25 19:07:37.936  1785  6643 I UniHALUniPlugin: uniplugin plugin open libiqsegmentation.uniplugin@1.0.so dlmode 0
01-25 19:07:37.936  2480 13828 I Camera3-Status: markComponent: Component 3 is now active - streamId = 0, format = 0x23(YUV_420_888), width = 320, height = 240, option = 0x0, type = OUTPUT
01-25 19:07:37.937  1785  6643 I Personalize_Plugin: [PERSONAL_INTERFACE] PERSONAL_INTERFACE VERSION 250429_8750
01-25 19:07:37.937  1785  6643 I Personalize_Plugin: [PERSONAL_INTERFACE] Objects Created!
01-25 19:07:37.937  1785  6643 I Unihal  : BaseFilter.cpp: PostInitialize: 247: BaseFilter(IQ_SEGMENTATION,0xb400007e443e2e50) finishes the post init. state(1).
01-25 19:07:37.937  1785  6643 I Unihal  : BaseFilter.cpp: PostInitialize: 237: BaseFilter(AUTO_FRAMING_LITE_VIDEO,0xb400007e44395f10) starts the post init.
01-25 19:07:37.938  1785  6643 I UniHALUniPlugin: uniplugin plugin open libauto_framing_lite.uniplugin@1.0.so dlmode 258
01-25 19:07:37.938  1785  6643 I Unihal  : AutoFramingLiteVideoUnit.cpp: UniPostInitialize: 78: ActiveArraySize=(0, 4000, 0, 3000)
01-25 19:07:37.938  1785  6643 I Unihal  : BaseFilter.cpp: PostInitialize: 247: BaseFilter(AUTO_FRAMING_LITE_VIDEO,0xb400007e44395f10) finishes the post init. state(1).
01-25 19:07:37.938  1785  6643 I Unihal  : BaseFilter.cpp: PostInitialize: 237: BaseFilter(AUTO_FRAMING_ARC_VIDEO,0xb400007e443aa730) starts the post init.
01-25 19:07:37.938  1785  6643 I UniHALUniPlugin: uniplugin plugin open libauto_framing_arcsoft.uniplugin@1.0.so dlmode 258
01-25 19:07:37.938  1785  6644 I CV      : File: vendor/qcom/proprietary/cv-noship/eva/4.0/src/cpu/platform/android/evaSession.cpp Line: 549 Function: evaGetDebugSettings() Msg: EVA Debug Logs Disabled
01-25 19:07:37.938  1785  6644 I CV      : File: vendor/qcom/proprietary/cv-noship/eva/4.0/src/cpu/platform/android/evaSession.cpp Line: 567 Function: evaGetDebugSettings() Msg: EVA SFR Dump mode Enabled
01-25 19:07:37.938  1785  6644 I CV      : File: vendor/qcom/proprietary/cv-noship/eva/4.0/src/cpu/platform/android/evaSession.cpp Line: 591 Function: evaGetDebugSettings() Msg: EVA CRC calculation disabled
01-25 19:07:37.938  1785  6644 I CV      : File: vendor/qcom/proprietary/cv-noship/eva/4.0/src/cpu/platform/android/evaSession.cpp Line: 602 Function: evaGetDebugSettings() Msg:  EVA Memory Profile Disabled 
01-25 19:07:37.938  1785  6644 I CV      : File: vendor/qcom/proprietary/cv-noship/eva/4.0/src/cpu/platform/android/evaSession.cpp Line: 629 Function: evaGetPresilSettings() Msg: EVA Sync default timeout used. Timeout = 2500 ms
01-25 19:07:37.938  1785  6643 I Unihal  : AutoFramingArcVideoUnit.cpp: UniPostInitialize: 78: ActiveArraySize=(0, 4000, 0, 3000)
01-25 19:07:37.938  1785  6643 I Unihal  : BaseFilter.cpp: PostInitialize: 247: BaseFilter(AUTO_FRAMING_ARC_VIDEO,0xb400007e443aa730) finishes the post init. state(1).
01-25 19:07:37.938  1785  6643 I Unihal  : BaseFilter.cpp: PostInitialize: 237: BaseFilter(LOCALTM_PREVIEW,0xb400007e443e4d90) starts the post init.
01-25 19:07:37.938  1785  6643 I UniHALUniPlugin: uniplugin plugin open liblocaltm_preview.uniplugin@1.0.so dlmode 258
01-25 19:07:37.938  1785  6643 I LTM_PREVIEW_INTERFACE: LTM_PREVIEW_interface Version 20230410
01-25 19:07:37.938  1785  6643 I LTM_PREVIEW_INTERFACE: LtmPreviewPlugin X
01-25 19:07:37.938  1785  6643 I LTM_PREVIEW_INTERFACE: set_plugin CAMERA_TYPE 0x10 
01-25 19:07:37.938  1785  6643 I LTM_PREVIEW_INTERFACE: m_runLtm true
01-25 19:07:37.938  1785  6643 I LTM_Preview: [LocalTM] Log Level is set to 3
01-25 19:07:37.938  1785  6643 I LTM_Preview: LocalTM_core_init: E
01-25 19:07:37.938  1785  6643 I LTM_Preview: LocalTM_core_init: phase:PREVIEW_YCLAHE(101)
01-25 19:07:37.938  1785  6643 I LTM_Preview: LocalTM_core_init: core version: 22092619, wrapper version: 22122111, Core Commit ID: 2865210, ocl version: R104
01-25 19:07:37.938  1785  6643 I LTM_Preview: LocalTM_core_init: X
01-25 19:07:37.938  1785  6643 I LTM_PREVIEW_INTERFACE: init_plugin X
01-25 19:07:37.938  1785  6643 I Unihal  : BaseFilter.cpp: PostInitialize: 247: BaseFilter(LOCALTM_PREVIEW,0xb400007e443e4d90) finishes the post init. state(1).
01-25 19:07:37.938  1785  6643 I Unihal  : BaseFilter.cpp: PostInitialize: 237: BaseFilter(REACTION_PREVIEW,0xb400007e443d56b0) starts the post init.
01-25 19:07:37.938  1785  6643 I UniHALUniPlugin: uniplugin plugin open libreaction.uniplugin@1.0.so dlmode 0
01-25 19:07:37.939  1785  6643 I ReactionPlugin: [create_plugin_handle]
01-25 19:07:37.939  1785  6643 I ReactionPlugin: [ReactionPlugin] E
01-25 19:07:37.939  1785  6643 I ReactionPlugin: [ReactionPlugin] X
01-25 19:07:37.939  1785  6643 I ReactionPlugin: [init_plugin] E
01-25 19:07:37.940  1785  6644 I CV      : File: vendor/qcom/proprietary/cv-noship/eva/4.0/src/cpu/evaWarp.cpp Line: 1022 Function: evaInitWarp() Msg: DSX disabled
01-25 19:07:37.940  1785  6644 I CV      : File: vendor/qcom/proprietary/cv-noship/eva/4.0/src/cpu/evaWarp.cpp Line: 1024 Function: evaInitWarp() Msg: DS4 disabled
01-25 19:07:37.940  1785  6644 I CV      : File: vendor/qcom/proprietary/cv-noship/eva/4.0/src/cpu/evaWarp.cpp Line: 1159 Function: evaInitWarp() Msg: Warp Config: Iwid 640, IHgt 480, DsxW 640, DsxH 480, Ds4W 0, Ds4W 0
01-25 19:07:37.940  1785  6644 I DMABUFHEAPS: Using DMA-BUF heap named: qcom,system
01-25 19:07:37.940  1785  6644 I DMABUFHEAPS: Using DMA-BUF heap named: qcom,system
01-25 19:07:37.940  1785  6644 I DMABUFHEAPS: Using DMA-BUF heap named: qcom,system
01-25 19:07:37.940  1785  6646 I LTM_Preview: OCL PREVIEW Priority set context(40CA>40CB(0)>40CC) : 40CA, queue(1>2(0)>4) : 0
01-25 19:07:37.941  1785  6644 I DMABUFHEAPS: Using DMA-BUF heap named: qcom,system
01-25 19:07:37.941  1785  6643 I ReactionPlugin: [init_plugin] X
01-25 19:07:37.941  1785  6644 I DMABUFHEAPS: Using DMA-BUF heap named: qcom,system
01-25 19:07:37.941  1785  6644 I DMABUFHEAPS: Using DMA-BUF heap named: qcom,system
01-25 19:07:37.941  1785  6644 I DMABUFHEAPS: Using DMA-BUF heap named: qcom,system
01-25 19:07:37.941  1785  6644 I DMABUFHEAPS: Using DMA-BUF heap named: qcom,system
01-25 19:07:37.941  1785  6644 I DMABUFHEAPS: Using DMA-BUF heap named: qcom,system
01-25 19:07:37.941  1785  6644 I DMABUFHEAPS: Using DMA-BUF heap named: qcom,system
01-25 19:07:37.941  1785  6644 I DMABUFHEAPS: Using DMA-BUF heap named: qcom,system
01-25 19:07:37.941  1785  6644 I DMABUFHEAPS: Using DMA-BUF heap named: qcom,system
01-25 19:07:37.941  1785  6644 I DMABUFHEAPS: Using DMA-BUF heap named: qcom,system
01-25 19:07:37.941  1785  6644 I DMABUFHEAPS: Using DMA-BUF heap named: qcom,system
01-25 19:07:37.941  1785  6644 I DMABUFHEAPS: Using DMA-BUF heap named: qcom,system
01-25 19:07:37.941  1785  6644 I DMABUFHEAPS: Using DMA-BUF heap named: qcom,system
01-25 19:07:37.941  1785  6644 I DMABUFHEAPS: Using DMA-BUF heap named: qcom,system
01-25 19:07:37.942  1785  6644 I DMABUFHEAPS: Using DMA-BUF heap named: qcom,system
01-25 19:07:37.942  1785  6644 I DMABUFHEAPS: Using DMA-BUF heap named: qcom,system
01-25 19:07:37.942  1785  6644 I DMABUFHEAPS: Using DMA-BUF heap named: qcom,system
01-25 19:07:37.942  1785  6644 I DMABUFHEAPS: Using DMA-BUF heap named: qcom,system
01-25 19:07:37.942  1785  6644 I DMABUFHEAPS: Using DMA-BUF heap named: qcom,system
01-25 19:07:37.942  1785  6644 I DMABUFHEAPS: Using DMA-BUF heap named: qcom,system
01-25 19:07:37.942  1785  6644 I DMABUFHEAPS: Using DMA-BUF heap named: qcom,system
01-25 19:07:37.942  1785  6644 I DMABUFHEAPS: Using DMA-BUF heap named: qcom,system
01-25 19:07:37.942  1785  6644 I DMABUFHEAPS: Using DMA-BUF heap named: qcom,system
01-25 19:07:37.942  1785  6644 I DMABUFHEAPS: Using DMA-BUF heap named: qcom,system
01-25 19:07:37.942  1785  6644 I DMABUFHEAPS: Using DMA-BUF heap named: qcom,system
01-25 19:07:37.943  1785  6644 I DMABUFHEAPS: Using DMA-BUF heap named: qcom,system
01-25 19:07:37.943  1785  6644 I DMABUFHEAPS: Using DMA-BUF heap named: qcom,system
01-25 19:07:37.943  1785  6644 I DMABUFHEAPS: Using DMA-BUF heap named: qcom,system
01-25 19:07:37.943  1785  6644 I DMABUFHEAPS: Using DMA-BUF heap named: qcom,system
01-25 19:07:37.943  1785  6644 I DMABUFHEAPS: Using DMA-BUF heap named: qcom,system
01-25 19:07:37.943  1785  6644 I DMABUFHEAPS: Using DMA-BUF heap named: qcom,system
01-25 19:07:37.943  1785  6644 I DMABUFHEAPS: Using DMA-BUF heap named: qcom,system
01-25 19:07:37.943  1785  6644 I CV      : File: vendor/qcom/proprietary/cv-noship/eva/4.0/src/cpu/evaSessionStartStop.cpp Line: 1786 Function: evaStartSession() Msg: hSession: 0xb400007d4436d390, nSessionID: 0xf2e1ad08
01-25 19:07:37.943  1785  6643 I Unihal  : BaseFilter.cpp: PostInitialize: 247: BaseFilter(REACTION_PREVIEW,0xb400007e443d56b0) finishes the post init. state(1).
01-25 19:07:37.943  1785  6643 I Unihal  : BaseFilter.cpp: PostInitialize: 237: BaseFilter(REACTION_DETECTOR,0xb400007e44403510) starts the post init.
01-25 19:07:37.943  1785  6643 I UniHALUniPlugin: uniplugin plugin open libreactiondetector.uniplugin@1.0.so dlmode 0
01-25 19:07:37.945  1785  6644 E CHIFD   : [ERROR][FD     ] camxchinodefd.cpp:1453 PostPipelineCreate() Node[RealtimeDefault0_com.qti.node.fd8_cam5] FD node created in pipeline (realtime 1) FD Use client 2, Spectra Version 0x90800Facial attribute settings: GB(0), CT(1), CTV(0), Exp(0), Gen(0), Mask(1), UpperBody(1) Pet(0)
01-25 19:07:37.945  1785  6644 E CamX    : [ERROR][ISP    ] camxmctfenode.cpp:1815 PostPipelineCreate() RealtimeDefault0_MCTFE0_cam5: numProcessingExposures 1  usecaseNumExposures 1
01-25 19:07:37.946  1785  6643 I ReactionDetectorPlugin: [create_plugin_handle]
01-25 19:07:37.946  1785  6643 I ReactionDetectorPlugin: [ReactionDetectorPlugin] E
01-25 19:07:37.946  1785  6643 I ReactionDetectorPlugin: [ReactionDetectorPlugin] X
01-25 19:07:37.946  1785  6643 I Unihal  : BaseFilter.cpp: PostInitialize: 247: BaseFilter(REACTION_DETECTOR,0xb400007e44403510) finishes the post init. state(1).
01-25 19:07:37.946  1785  6643 I Unihal  : BaseFilter.cpp: PostInitialize: 237: BaseFilter(SEGMENTATION_EFFECT_MAP,0xb400007e44405a90) starts the post init.
01-25 19:07:37.946  1785  6643 I UniHALUniPlugin: uniplugin plugin open libsegmentationeffect_map.uniplugin@1.0.so dlmode 258
01-25 19:07:37.946  1785  6617 E CamX    : [ERROR][FD     ] camxfdengine.cpp:209 FDEngineCreate() CN_07626430 - Create Parameters: DLFD 1, Facial Contour 0, Facial Expression 0, Facial Gender 0, ROI Manager 1, FD input Dims: (640, 480)
01-25 19:07:37.946  1785  6643 I SegmentationMapPlugin: create_plugin_handle: E
01-25 19:07:37.947  1785  6643 I SegmentationMapPlugin: SegmentationMapPlugin: E
01-25 19:07:37.947  1785  6643 I SegmentationMapPlugin: SegmentationMapPlugin: X
01-25 19:07:37.947  1785  6643 I Unihal  : BaseFilter.cpp: PostInitialize: 247: BaseFilter(SEGMENTATION_EFFECT_MAP,0xb400007e44405a90) finishes the post init. state(1).
01-25 19:07:37.947  1785  6643 I Unihal  : BaseFilter.cpp: PostInitialize: 237: BaseFilter(FUNC_CROP_SCALER,0xb400007e443a0e10) starts the post init.
01-25 19:07:37.947  1785  6643 I Unihal  : scaler_sw.cpp: InitFunctionProcess: 60: SW Scaler InitFunctionProcess
01-25 19:07:37.947  1785  6643 I Unihal  : BaseFilter.cpp: PostInitialize: 247: BaseFilter(FUNC_CROP_SCALER,0xb400007e443a0e10) finishes the post init. state(1).
01-25 19:07:37.947  1785  6643 I Unihal  : BaseFilter.cpp: PostInitialize: 237: BaseFilter(FUNC_UNIVERSAL_SCALER,0xb400007e443e85d0) starts the post init.
01-25 19:07:37.947  1785  6643 I Unihal  : scaler_sw.cpp: InitFunctionProcess: 60: SW Scaler InitFunctionProcess
01-25 19:07:37.947  1785  6643 I Unihal  : BaseFilter.cpp: PostInitialize: 247: BaseFilter(FUNC_UNIVERSAL_SCALER,0xb400007e443e85d0) finishes the post init. state(1).
01-25 19:07:37.947  1785  6643 I Unihal  : BaseFilter.cpp: PostInitialize: 237: BaseFilter(FUNC_UNIVERSAL_SCALER_SUB,0xb400007e443f2530) starts the post init.
01-25 19:07:37.947  1785  6643 I Unihal  : scaler_sw.cpp: InitFunctionProcess: 60: SW Scaler InitFunctionProcess
01-25 19:07:37.947  1785  6643 I Unihal  : BaseFilter.cpp: PostInitialize: 247: BaseFilter(FUNC_UNIVERSAL_SCALER_SUB,0xb400007e443f2530) finishes the post init. state(1).
01-25 19:07:37.947  1785  6643 I Unihal  : BaseFilter.cpp: PostInitialize: 237: BaseFilter(FUNC_UNIVERSAL_SCALER_SUB_1,0xb400007e443d0570) starts the post init.
01-25 19:07:37.948  1785  6643 I Unihal  : scaler_sw.cpp: InitFunctionProcess: 60: SW Scaler InitFunctionProcess
01-25 19:07:37.948  1785  6643 I Unihal  : BaseFilter.cpp: PostInitialize: 247: BaseFilter(FUNC_UNIVERSAL_SCALER_SUB_1,0xb400007e443d0570) finishes the post init. state(1).
01-25 19:07:37.948  1785  6643 I Unihal  : BaseFilter.cpp: PostInitialize: 237: BaseFilter(FUNC_UNIVERSAL_SCALER_SUB_2,0xb400007e4438cc30) starts the post init.
01-25 19:07:37.948  1785  6643 I Unihal  : scaler_sw.cpp: InitFunctionProcess: 60: SW Scaler InitFunctionProcess
01-25 19:07:37.948  1785  6643 I Unihal  : BaseFilter.cpp: PostInitialize: 247: BaseFilter(FUNC_UNIVERSAL_SCALER_SUB_2,0xb400007e4438cc30) finishes the post init. state(1).
01-25 19:07:37.949  1785  6606 E CamX    : [ERROR][SENSOR ] camxsensornode.cpp:656 PrepareStreamOn() Sensor[5][RealtimeDefault0_Sensor0_cam5] currConfigStatus:5
01-25 19:07:37.954  1785  6646 I LTM_Preview: [LocalTM] Set CL_PERF_HINT to normal
01-25 19:07:37.958  1785  6646 I LTM_Preview: [LocalTM Preview] Compiling kernels have been completed @2.38
01-25 19:07:37.958  1785  6606 E CamX    : [ERROR][IQMod  ] camxtfebds2demosaic201.cpp:277 UpdateBDS2InputData() RealtimeDefault0_MCTFE0_cam5 bayerPattern 1
01-25 19:07:37.958  1785  6646 I LTM_Preview: initCLBuffers: @19.85
01-25 19:07:37.961  1785  4543 I SS_3A   :  INFO:  AF: TsAf_set_focus_mode: 1195: TsAf_set_focus_mode: Initialize AF library! focus mode! FromMFtoAFFlag 0 0xb400007bdf9ff6d0 0x7bb9d58130
01-25 19:07:37.961  1785  4543 E AF_DEBUG: AfLib_AlgorithmInit(1046) : [cam_id_4] paf_cal_data_info = 20240527 paf_cal_errcheck 0x00000000 vpd_cal 0 vpd_cal_data_info = 0 vpaf_cal_errcheck 0x00000000 
01-25 19:07:37.961  1785  4543 E AF_DEBUG: AfInit(5685) : [cam_id_4] Version(0x700F). mode(3). lens(2169). sensor(4000 x 3000). touch(0 x 0 ). pafstatvalid(1)
01-25 19:07:37.961  1785  4543 E AF_DEBUG: UpdateAfStatus(68) : [cam_id_4] AF status 0x20 -> 0x0, called from : AfInit(5726)  
01-25 19:07:37.961  1785  4543 I 3A_PLTFM: SolutionInterfaceAF_funcs: processAfAlgoInputList: 460: AFInputTypeCAFStats startupMode is StatisticsStartUpInvalid
01-25 19:07:37.962  1785  4543 E AF_DEBUG: AfLib_ExecuteMain(1148) : [cam_id_4] still_capture_intent arrived
01-25 19:07:37.962  1785  4543 E AF_DEBUG: AfHistory_PrintData(851) : REWRAMSGF0A1_4 0000000009003879 0000000047800000 0000000002800001 0000000000000000 0000000000000000 0000000000000000 0000000000000000 0000000000000000 0000000000000000 0000000000000000 0000000000000000 0000000000000000 0000000000000000 0000000000000000 0000000000000000
01-25 19:07:37.962  1785  4543 E AF_DEBUG: AfHistory_PrintData(858) : DUMPLOGINDEX_4 0000000000000000 0000000000000000 0000000000000000 0000000000000000 0000000000000000 0000000000000000 0000000000000000 0000000000000000 0000000000000000 0000000000000000 0000000000000000 0000000000000000 0000000000000000 0000000000000000 0000000000000000
01-25 19:07:37.962  1785  4543 E CHIFD   : [ERROR][FD     ] camxchinodefd.cpp:2134 ExecuteProcessRequest() Node[RealtimeDefault0_com.qti.node.fd8_cam5] ReqId[1] EPR-0, bindIOBuffers=0
01-25 19:07:37.962  1785  4543 I SS_3A   :  INFO: AWB: TsAwb_init_with_mode_param: 162: TuningVersion 0xD0A1325
01-25 19:07:37.962  1785  4543 I SS_3A   :  INFO: AWB: TsAwb_parse_stats: 2759: [stats_dbg] statsBayerGrid startupMode = StatisticsStartUpInvalid, exit now
01-25 19:07:37.963  1785  4543 I SS_3A   :  INFO: AWB: TsAwb_process_preview: 4050: [       1][0]TsAwb_gain_front=1.826,1.00,1.926,  BV=-4.152, dEvVideo=0.000, dEvFace=0.000, lux=414, totalGain=98.435, expTime=0.008314, CT=4545, CT2=4545, TG=4, Ch_g=0.989, I/V=0.000, fps=(30,120), LT=0, PsnIdx=2
01-25 19:07:37.963  1785  4543 I SS_3A   :  INFO: AEC: TSAecFront_set_param: 1182: OpMode 1 StartMode 0
01-25 19:07:37.964  1785  4543 I SS_3A   :  INFO: AEC: TsAecGetAeStatisticsData: 6782: [F][1] StatisticsStartUpInvalid: 1
01-25 19:07:37.964  1785  4543 I SS_3A   :  INFO: AEC: TsAecGetAeStatisticsData: 7023: [F][1] pSensorModeInfo[index:16] currentSeamlessSensorMode=0 [sensorModeCaps:0x4000000008, bitdepth:10]
01-25 19:07:37.964  1785  4543 I SS_3A   :  INFO: AEC: TsAecFront_Set_Exp_Table: 575: [Exp_Table::Front] [F] Shooting=1, ExpDiagram=0|0, m_video=0, m_fdae=1, rec=0, hfr=0, lightcon=0
01-25 19:07:37.964  1785  4543 I SS_3A   :  INFO: AEC: TsAecFrontProcess_GetLNmode: 2718: [F][1][1] StartStreaming - seamless mode values are initialized.
01-25 19:07:37.964  1785  4543 I SS_3A   :  INFO: AEC: TsAec_process_get_aec_info: 2022: [F][1] algo_out Av=2.273 g=82.326 e_t=0.04164 Ev=2.465 Bv=-4.453 PEv=0.547 Cvgd=1 lux=421, drc=1.000 wide=0 Vo=0.000
01-25 19:07:37.964  1785  4537 I vendor.samsung.hardware.camera.provider-service_64: S5K3LU index=16, fll=7853(7853), shift(c=0, f=0), l(7831, 0x200, 0x100), s(7, 0x200, 0x525) enS=0 b=1 modeCaps=0x4000000000, maxA=16.00
01-25 19:07:37.964  1785  4537 I vendor.samsung.hardware.camera.provider-service_64: S5K3LU index=16, fll=7853(7853), shift(c=0, f=0), l(7831, 0x200, 0x100), s(7, 0x200, 0x525) enS=0 b=1 modeCaps=0x4000000000, maxA=16.00
01-25 19:07:37.966  1785  6617 E CamX    : [ERROR][FD     ] camxfdengine.cpp:263 FDEngineCreate() Create ROI manager handle success -CN_07626430, result = 0
01-25 19:07:37.966  1785  6617 E CamX    : [ERROR][FD     ] camxfdengine.cpp:209 FDEngineCreate() CN_07626430 - Create Parameters: DLFD 0, Facial Contour 1, Facial Expression 0, Facial Gender 0, ROI Manager 0, FD input Dims: (640, 480)
01-25 19:07:37.969  1785  4544 E CamX    : [ERROR][IQMod  ] camxtfebds2demosaic201.cpp:277 UpdateBDS2InputData() RealtimeDefault0_MCTFE0_cam5 bayerPattern 1
01-25 19:07:37.979  1785  4539 E CHIFD   : [ERROR][FD     ] camxchinodefd.cpp:2134 ExecuteProcessRequest() Node[RealtimeDefault0_com.qti.node.fd8_cam5] ReqId[2] EPR-0, bindIOBuffers=0
01-25 19:07:37.979  1785  4544 I 3A_PLTFM: SolutionInterfaceAF_funcs: processAfAlgoInputList: 460: AFInputTypeCAFStats startupMode is StatisticsStartUpInvalid
01-25 19:07:37.979  1785  4539 I SS_3A   :  INFO: AWB: TsAwb_parse_stats: 2759: [stats_dbg] statsBayerGrid startupMode = StatisticsStartUpInvalid, exit now
01-25 19:07:37.979  1785  4536 I SS_3A   :  INFO: AEC: TsAecGetAeStatisticsData: 6782: [F][2] StatisticsStartUpInvalid: 1
01-25 19:07:37.980  1785  4539 I SS_3A   :  INFO: AWB: TsAwb_process_preview: 4050: [       2][0]TsAwb_gain_front=1.829,1.00,1.942,  BV=-4.453, dEvVideo=0.000, dEvFace=0.000, lux=421, totalGain=82.326, expTime=0.041639, CT=4519, CT2=4519, TG=4, Ch_g=0.989, I/V=0.000, fps=(30,30), LT=0, PsnIdx=2
01-25 19:07:37.980  1785  4544 E AF_DEBUG: AfLib_ExecuteMain(1148) : [cam_id_4] still_capture_intent arrived
01-25 19:07:37.982  1785  4540 E CHIFD   : [ERROR][FD     ] camxchinodefd.cpp:2134 ExecuteProcessRequest() Node[RealtimeDefault0_com.qti.node.fd8_cam5] ReqId[3] EPR-0, bindIOBuffers=0
01-25 19:07:37.982  1785  4539 I 3A_PLTFM: SolutionInterfaceAF_funcs: processAfAlgoInputList: 460: AFInputTypeCAFStats startupMode is StatisticsStartUpInvalid
01-25 19:07:37.982  1785  4541 E CHIFD   : [ERROR][FD     ] camxchinodefd.cpp:2134 ExecuteProcessRequest() Node[RealtimeDefault0_com.qti.node.fd8_cam5] ReqId[4] EPR-0, bindIOBuffers=0
01-25 19:07:37.982  1785  4538 I SS_3A   :  INFO: AWB: TsAwb_parse_stats: 2759: [stats_dbg] statsBayerGrid startupMode = StatisticsStartUpInvalid, exit now
01-25 19:07:37.982  1785  4540 I SS_3A   :  INFO: AEC: TsAecGetAeStatisticsData: 6782: [F][3] StatisticsStartUpInvalid: 1
01-25 19:07:37.983  1785  4539 E AF_DEBUG: AfLib_ExecuteMain(1148) : [cam_id_4] still_capture_intent arrived
01-25 19:07:37.983  1785  4538 I SS_3A   :  INFO: AWB: TsAwb_process_preview: 4050: [       3][0]TsAwb_gain_front=1.829,1.00,1.942,  BV=-4.453, dEvVideo=0.000, dEvFace=0.000, lux=421, totalGain=82.326, expTime=0.041639, CT=4519, CT2=4519, TG=4, Ch_g=0.988, I/V=0.000, fps=(30,30), LT=0, PsnIdx=2
01-25 19:07:38.039  1785  4543 E AF_DEBUG: AfLib_ExecuteMain(1148) : [cam_id_4] still_capture_intent arrived
01-25 19:07:38.046  1785  4536 I SS_3A   :  INFO: AWB: TsAwb_process_preview: 4050: [       4][1]TsAwb_gain_front=1.769,1.00,1.898,  BV=-4.453, dEvVideo=0.000, dEvFace=0.000, lux=421, totalGain=82.326, expTime=0.041639, CT=4497, CT2=4497, TG=5, Ch_g=0.987, I/V=0.000, fps=(30,30), LT=0, PsnIdx=2
01-25 19:07:38.046  1785  4539 I SS_3A   :  INFO: AEC: TsAecProcessFrontVideoFpsControl: 2564: [F][4]videoFps:0->15 exp=0.041639, EV=2.46 gain=82.33 BV=-7.57 
01-25 19:07:38.046  1785  4538 E CHIFD   : [ERROR][FD     ] camxchinodefd.cpp:2119 ExecuteProcessRequest() Node[RealtimeDefault0_com.qti.node.fd8_cam5] ReqId[1] EPR-1, bindIOBuffers=0
01-25 19:07:38.046  1785  4538 E CHIFD   : [ERROR][FD     ] camxchinodefd.cpp:2301 ExecuteProcessRequest() Node[RealtimeDefault0_com.qti.node.fd8_cam5] ReqId[1] ChiFD node publishing FD results
01-25 19:07:38.046  1785  4538 E CHIFD   : [ERROR][FD     ] camxchifdutils.cpp:1032 ConvertFDPointsBetweenReferences() previous: 0 0, current: 3956 2964
01-25 19:07:38.046  1785  4538 E CHIFD   : [ERROR][FD     ] camxchinodefd.cpp:4640 ReconvertFDResults() error in ConvertFDPointsBetweenReferences
01-25 19:07:38.047  1785  4538 E CHIFD   : [ERROR][FD     ] camxchinodefd.cpp:2388 ExecuteProcessRequest() Processing SW Detection ReqId[1] reqhandle 0 FD type: DLFD
01-25 19:07:38.047  1785  4538 E CHIFD   : [ERROR][FD     ] camxchinodefd.cpp:7995 OnProcessRequest() Node[RealtimeDefault0_com.qti.node.fd8_cam5] ReqId[1] Request Scheduled (Pending frames 0)
01-25 19:07:38.047  1785  6616 E CHIFD   : [ERROR][FD     ] camxchinodefd.cpp:5265 ExecuteFDResultsProcessing() DL-FD Execution reqid 1
01-25 19:07:38.047  1785  6616 E CamX    : [ERROR][FD     ] camxfdengine.cpp:824 FDEngineGetFDRunFlag() Get fd run flag input parameter!-CN_07626430 hFDEHandle 0xb400007d03a7c460K, pPerFrameInfo 0x7be8c23ff0K, pFDRunFlag 0x7be8bdce74K, pRequiredFrameCyclePeriod 0x7be8bdce70K
01-25 19:07:38.047  1785  6616 E CamX    : [ERROR][FD     ] camxfdengine.cpp:842 FDEngineGetFDRunFlag() FrameId=1: -CN_07626430 FDRunFlag=1, reqdFrameCyclePeriod=1
01-25 19:07:38.047  1785  6671 I CHI     : [SS_LOW ]: [CHI         ]: chxutils.cpp: FillTuningModeDebug: 8321: [FRONT_FULL] sensorModeIndex 16  Sensor:NORMAL(0)  usecase:Third_party_preview(8)  feature1:ADRC(2)  feature2:None(0)  scene:None(0)   [chifeature2base.cpp]
01-25 19:07:38.047  1785  6671 I CHI     : [SS_LOW ]: [CHI         ]: chxutils.cpp: FillTuningModeDebug: 8321: [FRONT_FULL] sensorModeIndex 16  Sensor:NORMAL(0)  usecase:Third_party_preview(8)  feature1:ADRC(2)  feature2:None(0)  scene:None(0)   [chifeature2rtpostproc.cpp]
01-25 19:07:38.047  2480  6529 W AidlCamera3-Device: processBatchCaptureRequests: processCaptureRequest return time exceeds 100000us (104055)us
01-25 19:07:38.049  1785  4536 E CHIFD   : [ERROR][FD     ] camxchinodefd.cpp:2134 ExecuteProcessRequest() Node[RealtimeDefault0_com.qti.node.fd8_cam5] ReqId[5] EPR-0, bindIOBuffers=0
01-25 19:07:38.053  1785  6616 E CamX    : [ERROR][FD     ] camxfdengine.cpp:763 FDEngineProcessResult() valid input parameter!-CN_07626430 hFDEHandle 0xb400007d03a7c460K, pPerFrameInfo 0x7be8c23ff0K, pMainResult 0x7be8bf88d8K, pOutputResult 0x7be8bec23cK, pHeadBodyResult 0x7be8bdf020K, pOutputResultStabilized 0x7be8bdfba0K, pOutputHeadBodyResult 0x7be8bdecd4K, pOutputHeadBodyResultStabilized 0x7be8bde988K, pPetResult 0x7be8bdd9a8K,pOutputPetResult 0x7be8bdd090K, pOutputPetResultStabilized 0x7be8bdd51cK
01-25 19:07:38.053  1785  6616 E CHIFD   : [ERROR][FD     ] camxchinodefd.cpp:9009 FDDLExecution() Node[RealtimeDefault0_com.qti.node.fd8_cam5] ReqId[1] Faces 0
01-25 19:07:38.053  1785  6616 E CHIFD   : [ERROR][FD     ] camxchinodefd.cpp:10518 ProcessRequestDone() Node[RealtimeDefault0_com.qti.node.fd8_cam5] ReqId[1] ProcessRequestDone
01-25 19:07:38.074  1785  4541 I CV      : File: vendor/qcom/proprietary/cv-noship/eva/4.0/src/cpu/evaDmm.cpp Line: 3175 Function: evaDmmPrintCfgLd() Msg: LD0(IcaOutW-1,IcaOutH-1,EnXY,EnXC,En4Y,En4C,dsxCStartLocX,dsxYStartLocX)=(193,151,0,0,1,1,0,0)
01-25 19:07:38.074  1785  4541 I CV      : File: vendor/qcom/proprietary/cv-noship/eva/4.0/src/cpu/evaDmm.cpp Line: 3187 Function: evaDmmPrintCfgLd() Msg: LD0 PostDsxCrop(EnY,FLine,LLine,FPix,LPix),PostDs4Crop(EnY,EnC,FLine,LLine,FPix,LPix) =(0,0,151,0,0),(0,0,0,37,0,0)
01-25 19:07:38.074  1785  4541 I CV      : File: vendor/qcom/proprietary/cv-noship/eva/4.0/src/cpu/evaDmm.cpp Line: 3193 Function: evaDmmPrintCfgLd() Msg: LD0 PreDs4Crop(EnY,FLine,LLine,FPix,LPix)=(0,0,75,0,96)
01-25 19:07:38.074  1785  4541 I CV      : File: vendor/qcom/proprietary/cv-noship/eva/4.0/src/cpu/evaDmm.cpp Line: 3203 Function: evaDmmPrintCfgLd() Msg: LD1(IcaOutW-1,IcaOutH-1,EnXY,EnXC,En4Y,En4C,dsxCStartLocX,dsxYStartLocX)=(479,359,0,0,0,0,0,0)
01-25 19:07:38.074  1785  4541 I CV      : File: vendor/qcom/proprietary/cv-noship/eva/4.0/src/cpu/evaDmm.cpp Line: 3215 Function: evaDmmPrintCfgLd() Msg: LD1 PostDsxCrop(EnY,FLine,LLine,FPix,LPix), PostDs4Crop(EnY,EnC,FLine,LLine,FPix,LPix)=(0,0,359,0,0),(0,0,0,359,0,0)
01-25 19:07:38.074  1785  4541 I CV      : File: vendor/qcom/proprietary/cv-noship/eva/4.0/src/cpu/evaDmm.cpp Line: 3221 Function: evaDmmPrintCfgLd() Msg: LD1 PreDs4Crop(EnY,FLine,LLine,FPix,LPix)=(0,0,179,0,239)
01-25 19:07:38.079  1785  4544 I Unihal  : HalCaptureMediator.cpp: ProcessCaptureResult: 1361: [UNIKPI][1] VndHAL->process_capture_result: E
01-25 19:07:38.079  1785  4544 I Unihal  : HalCaptureMediator.cpp: PrintFirstResult: 932: Receiving first final metadata from HAL : frameNumber=0
01-25 19:07:38.080  1785  4544 I Unihal  : FwkCaptureManager.cpp: PrintFirstResult: 1204: Transmitting first final metadata from FWK : frameNumber=0
01-25 19:07:38.080  1785  4544 I Unihal  : FwkCaptureManager.cpp: synchronized_uni_process_capture_result: 1242: [UNIKPI][1] UniHAL->process_capture_result: E
01-25 19:07:38.080  1785  4544 I Samsung_CameraDeviceSession_impl: [CAMKPI] camera3->process_capture_result : E
01-25 19:07:38.081  1785  4544 I Samsung_CameraDeviceSession_impl: [CAMKPI] camera3->process_capture_result : X
01-25 19:07:38.081  1785  4544 I Unihal  : FwkCaptureManager.cpp: synchronized_uni_process_capture_result: 1242: [UNIKPI][1] UniHAL->process_capture_result: X
01-25 19:07:38.081  1785  4544 I Unihal  : HalCaptureMediator.cpp: ProcessCaptureResult: 1361: [UNIKPI][1] VndHAL->process_capture_result: X
01-25 19:07:38.082  1785  4537 I Unihal  : HalCaptureMediator.cpp: PrintFirstResult: 950: Receiving first 0xb400007d33a09eb8(PREVIEWCB) buffer from HAL : frameNumber=0
01-25 19:07:38.083  1785  4537 I Unihal  : FwkCaptureManager.cpp: PrintFirstResult: 1222: Transmitting first 0xb400007d33a09eb8(PREVIEWCB) buffer from FWK : frameNumber=0
01-25 19:07:38.083  1785  4537 I SCH_AidlCameraDeviceSession: ProcessCaptureResult: First frame done
01-25 19:07:38.083  2480 13828 D Camera3-OutputStream: returnBufferCheckedLocked: First frame for stream 0, width 320, height 240, format 35
01-25 19:07:38.083 26480  6519 I CameraV2Controller: onImageAvailable width :320 height 240
01-25 19:07:38.083 26480  6519 I SmartFaceService: Calling onPreviewFrame: Thread[Stay/Rotation Worker,5,main]/14829875
01-25 19:07:38.084 26480  6520 E SmartScreen_JNI: processImage start : prev time [ 50401 ]
01-25 19:07:38.085  2421  5136 I NSLocationMonitor: getGPSUsingApps() called
01-25 19:07:38.085  5148 10538 I NSLocationManager_FLP: getGPSUsingApps, No change
01-25 19:07:38.086  2421  5136 W Binder  : Outgoing transactions from this process must be FLAG_ONEWAY
01-25 19:07:38.086  2421  5136 W Binder  : java.lang.Throwable
01-25 19:07:38.086  2421  5136 W Binder  : 	at android.os.BinderProxy.transact(BinderProxy.java:566)
01-25 19:07:38.086  2421  5136 W Binder  : 	at android.bluetooth.IBluetoothGatt$Stub$Proxy.getAdvertisingSetUids(IBluetoothGatt.java:1678)
01-25 19:07:38.086  2421  5136 W Binder  : 	at android.bluetooth.BluetoothAdapter.getAdvertisingSetUids(BluetoothAdapter.java:8476)
01-25 19:07:38.086  2421  5136 W Binder  : 	at android.bluetooth.BluetoothAdapter.getHWUsingApps(BluetoothAdapter.java:1342)
01-25 19:07:38.086  2421  5136 W Binder  : 	at com.android.server.am.mars.filter.filter.BlueToothConnectedFilter.updateBTUsingPackages(qb/105201701 c0feddb0bd04a7063fdfcf30df5d849bdad262bef9e1cab6383078e7868f3001:22)
01-25 19:07:38.086  2421  5136 W Binder  : 	at com.android.server.am.FreecessController.freeze(qb/105201701 c0feddb0bd04a7063fdfcf30df5d849bdad262bef9e1cab6383078e7868f3001:117)
01-25 19:07:38.086  2421  5136 W Binder  : 	at com.android.server.am.FreecessHandler$MainHandler.handleLcdOnFreeze(qb/105201701 c0feddb0bd04a7063fdfcf30df5d849bdad262bef9e1cab6383078e7868f3001:55)
01-25 19:07:38.086  2421  5136 W Binder  : 	at com.android.server.am.FreecessHandler$MainHandler.handleMessage(qb/105201701 c0feddb0bd04a7063fdfcf30df5d849bdad262bef9e1cab6383078e7868f3001:793)
01-25 19:07:38.086  2421  5136 W Binder  : 	at android.os.Handler.dispatchMessage(Handler.java:110)
01-25 19:07:38.086  2421  5136 W Binder  : 	at android.os.Looper.loopOnce(Looper.java:273)
01-25 19:07:38.086  2421  5136 W Binder  : 	at android.os.Looper.loop(Looper.java:363)
01-25 19:07:38.086  2421  5136 W Binder  : 	at android.os.HandlerThread.run(HandlerThread.java:85)
01-25 19:07:38.089  2421  5136 D FreecessHandler: freeze com.zhiliaoapp.musically(10356) result : 7
01-25 19:07:38.103 26480  6520 E SmartScreen_JNI: processImage end : function time [ 26223 ] [-100] 
01-25 19:07:38.103 26480  6520 I Stay/Rotation Worker: processSmartStay[19ms], ret: -100 needToStay: no mFrameCount: 0 mFixed: true
01-25 19:07:38.103  2421  6098 E SmartFaceManager: checkForSmartStay onInfo: 100: 0
01-25 19:07:38.123  1785  4540 E AF_DEBUG: AfLib_ExecuteMain(1148) : [cam_id_4] still_capture_intent arrived
01-25 19:07:38.123  1785  4540 E AF_DEBUG: UpdateAfStatus(68) : [cam_id_4] AF status 0x0 -> 0x2, called from : AfStagePhaseFindGoal(4363)  
01-25 19:07:38.123  1785  4540 I SS_3A   :  INFO:  AF: TsAf_update_focus_status: 1376: [cam_id_4 for Af Lib] Update output status! new status: 0x2 prev_status: 0x0
01-25 19:07:38.130  1785  4540 I SS_3A   :  INFO: AWB: TsAwb_process_preview: 4050: [       5][0]TsAwb_gain_front=1.751,1.00,1.861,  BV=-7.570, dEvVideo=0.000, dEvFace=-0.016, lux=495, totalGain=82.326, expTime=0.041639, CT=4541, CT2=4541, TG=6, Ch_g=0.981, I/V=0.000, fps=(30,30), LT=0, PsnIdx=2
01-25 19:07:38.130  1785  4536 E CHIFD   : [ERROR][FD     ] camxchinodefd.cpp:2119 ExecuteProcessRequest() Node[RealtimeDefault0_com.qti.node.fd8_cam5] ReqId[2] EPR-1, bindIOBuffers=0
01-25 19:07:38.130  1785  4536 E CHIFD   : [ERROR][FD     ] camxchinodefd.cpp:2301 ExecuteProcessRequest() Node[RealtimeDefault0_com.qti.node.fd8_cam5] ReqId[2] ChiFD node publishing FD results
01-25 19:07:38.131  1785  4536 E CHIFD   : [ERROR][FD     ] camxchinodefd.cpp:2388 ExecuteProcessRequest() Processing SW Detection ReqId[2] reqhandle 0 FD type: DLFD
