01-21 22:55:41.827 12542 12567 D AHAL_SecModulePrimary: processSetVendorParameters: configured g_hw_speaker_amp_temp_spk
01-21 22:55:41.827 12542 12567 D AHAL_SecModulePrimary: processSetVendorParameters: handler set on Feature:0
01-21 22:55:41.827 12542 12567 D AHAL_SecModulePrimary: onSetSECGenericParameters set temperature for g_hw_speaker_amp_temp_spk: 34
01-21 22:55:41.827 12542 12567 I PAL: API: pal_set_param: 1377: Enter: param id 3002
01-21 22:55:41.827 12542 12567 I PAL: ResourceManager: getActiveStream_l: 6569: no active streams found for device 3 ret -2
01-21 22:55:41.827  1746  1746 D SensorsFlicker: Als_common::setDelay, handle : 1 time : 10000000ns
01-21 22:55:41.827 12535 22417 E ConversionHelperAidl: Function: parseAndSetVendorParameters Line: 94 Failed 
01-21 22:55:41.827 12535 22417 E ConversionHelperAidl: Function: parseAndSetVendorParameters Line: 94 Failed 
01-21 22:55:41.828  1746  1746 D SensorsFlicker: Als_common::enable, handle : 1, mode : 1, en : 1
01-21 22:55:41.828 15514 16287 I AudioManager: setParameters keyValuePairs = g_hw_speaker_amp_temp_rcv=41
01-21 22:55:41.828 12535 22417 D AudioFlinger: setParameters: filtered dev setParameters keyvalue g_hw_speaker_amp_temp_rcv=41
01-21 22:55:41.828 12542 12567 D AHAL_HFP_QTI: hfp_set_parameters enter
01-21 22:55:41.828  1746 15791 D SensorsFlicker: Als_common::sendCommand, send enable command
01-21 22:55:41.828 12542 12567 D AHAL_HFP_QTI: hfp_set_parameters Exit
01-21 22:55:41.828 12542 12567 D AHAL_SecModulePrimary: processSetVendorParameters: configured g_hw_speaker_amp_temp_rcv
01-21 22:55:41.828 12542 12567 D AHAL_SecModulePrimary: processSetVendorParameters: handler set on Feature:0
01-21 22:55:41.828 12542 12567 D AHAL_SecModulePrimary: onSetSECGenericParameters set temperature for g_hw_speaker_amp_temp_rcv: 41
01-21 22:55:41.828 12542 12567 I PAL: API: pal_set_param: 1377: Enter: param id 3001
01-21 22:55:41.828 12542 12567 I PAL: ResourceManager: getActiveStream_l: 6569: no active streams found for device 3 ret -2
01-21 22:55:41.828 12535 22417 E ConversionHelperAidl: Function: parseAndSetVendorParameters Line: 94 Failed 
01-21 22:55:41.828 12535 22417 E ConversionHelperAidl: Function: parseAndSetVendorParameters Line: 94 Failed 
01-21 22:55:41.829 12899 13476 D SemContextService: lock : registerCallback
01-21 22:55:41.829 12899 13476 W CAE     : registerCallback(ContextAwareService.java:188) - [regi 01] Mutex is locked for TEST_FLAT_MOTION
01-21 22:55:41.829 12899 13476 W CAE     : registerCallback(ContextAwareService.java:195) - [regi 04]  com.samsung.android.contextaware.ContextAwareManager$CaListenerDelegate@5fc718f
01-21 22:55:41.829 12899 13476 W CAE     : getListener(ListenerListManager.java:127) - [getListener1]  com.samsung.android.contextaware.ContextAwareManager$CaListenerDelegate@5fc718f
01-21 22:55:41.829 12899 13476 W CAE     : getListener(ListenerListManager.java:128) - [getListener2]  com.samsung.android.contextaware.manager.ContextAwareService$Listener@7a5b8ee
01-21 22:55:41.829 12899 13476 V CAE     : start(ContextProvider.java:128)
01-21 22:55:41.829 12899 13476 V CAE     : clear(TestFlatMotionRunner.java:126)
01-21 22:55:41.829 12899 13476 V CAE     : enable(TestFlatMotionRunner.java:102)
01-21 22:55:41.830 12899 13296 D SensorService: setSContextDataLocked ints length 2 , byte length 4
01-21 22:55:41.830 12899 13296 D SensorService: setSContextDataLocked 17b1
01-21 22:55:41.830  1746  1746 I sensors-hal: inject_sensor_data:412, handle 1502 send inject
01-21 22:55:41.830  1746  1746 I sensors-hal: sendContextData:303, sensor hal 4, (0xb1, 0x17, 0x0, 0x0)
01-21 22:55:41.830  1746  1746 I sensors-hal: updateActiveSensors:390, enable:177, handle:8, algo:26279952
01-21 22:55:41.830  1746  1746 I sensors-hal: is_restrict_mode:161, mode:normal
01-21 22:55:41.830  1746  1746 I sensors-hal: sendContextData:108, device_position 4
01-21 22:55:41.830  1746  1746 I sensors-hal: acquire_qsh_interface:140, acquire_qsh_interface with sensor_id 48 , conn_type 2 
01-21 22:55:41.830  1746  1746 I sensors-hal: acquire_qsh_interface:150, returning _shared_instance[SHARED_SENSORHUBS].conn
01-21 22:55:41.830  1746  1746 I sensors-hal: acquire_shared_instance:174, re-use existing connection for type 2 
01-21 22:55:41.830  1746  1746 I sensors-hal: create_sensor_config_request:48, device_position create_sensor_config_request
01-21 22:55:41.830  1746  1746 I sensors-hal: send_sensor_config_request:652, dt=device_position: convert sample_period=0 to batch_period=0
01-21 22:55:41.830  1746  1746 I sensors-hal: send_sync_sensor_request:515, send sync request
01-21 22:55:41.830  1746  1746 I sensors-hal: send_sync_sensor_request:544, wait for notification of response
01-21 22:55:41.832  1746  3618 I sensors-hal: qsh_conn_resp_cb:972, resp_value = 0 for device_position 
01-21 22:55:41.832  1746  1746 I sensors-hal: send_sync_sensor_request:550, takes 1 ms to receive the response with 0
01-21 22:55:41.832 12899 13476 D CAE     : getFaultDetectionResult(TestFlatMotionRunner.java:139) - true
01-21 22:55:41.832 12899 13476 I CAE     : notifyCmdProcessResultObserver(ContextProvider.java:627) - CheckResult = 0, Cause = Success
01-21 22:55:41.834 12899 13476 D CAE     : doCommendProcess(ContextAwareService.java:396) - complete notify the operation result.
01-21 22:55:41.834 12899 13476 I CAE     : displayUsedCountForService(ContextAwareService.java:460) - totalCnt = 1, serviceCount = 1, subCollectionCount = 0
01-21 22:55:41.834 12899 13476 D CAE     : showListenerList(ContextAwareService.java:325) - ===== Context Aware Service List =====
01-21 22:55:41.834 12899 13476 I CAE     : showListenerList(ContextAwareService.java:334) - Listener : com.samsung.android.contextaware.manager.ContextAwareService$Listener@7a5b8ee, Service : SLOCATION_RUNNER(1)
01-21 22:55:41.834 12899 13476 I CAE     : showListenerList(ContextAwareService.java:334) - Listener : com.samsung.android.contextaware.manager.ContextAwareService$Listener@7a5b8ee, Service : CH_LOC_TRIGGER(1)
01-21 22:55:41.834 12899 13476 I CAE     : showListenerList(ContextAwareService.java:334) - Listener : com.samsung.android.contextaware.manager.ContextAwareService$Listener@7a5b8ee, Service : FREE_FALL_DETECTION(1)
01-21 22:55:41.834 12899 13476 I CAE     : showListenerList(ContextAwareService.java:334) - Listener : com.samsung.android.contextaware.manager.ContextAwareService$Listener@7a5b8ee, Service : TEST_FLAT_MOTION(1)
01-21 22:55:41.834 12899 13476 I CAE     : showListenerList(ContextAwareService.java:334) - Listener : com.samsung.android.contextaware.manager.ContextAwareService$Listener@7a5b8ee, Service : SENSOR_STATUS_CHECK_RUNNER(1)
01-21 22:55:41.834 12899 13476 I CAE     : showListenerList(ContextAwareService.java:334) - Listener : com.samsung.android.contextaware.manager.ContextAwareService$Listener@7a5b8ee, Service : PEDOMETER_CURRENT_INFO(1)
01-21 22:55:41.834 12899 13476 I CAE     : showListenerList(ContextAwareService.java:334) - Listener : com.samsung.android.contextaware.manager.ContextAwareService$Listener@7a5b8ee, Service : ACTIVITY_TRACKER_CURRENT_INFO(1)
01-21 22:55:41.834 12899 13476 I CAE     : showListenerList(ContextAwareService.java:334) - Listener : com.samsung.android.contextaware.manager.ContextAwareService$Listener@7a5b8ee, Service : ACTIVITY_TRACKER_INTERRUPT(1)
01-21 22:55:41.834 12899 13476 I CAE     : showListenerList(ContextAwareService.java:334) - Listener : com.samsung.android.contextaware.manager.ContextAwareService$Listener@7a5b8ee, Service : ACTIVITY_TRACKER_BATCH(1)
01-21 22:55:41.834 12899 13476 I CAE     : showListenerList(ContextAwareService.java:334) - Listener : com.samsung.android.contextaware.manager.ContextAwareService$Listener@7a5b8ee, Service : PEDOMETER(1)
01-21 22:55:41.834 12899 13476 I CAE     : showListenerList(ContextAwareService.java:334) - Listener : com.samsung.android.contextaware.manager.ContextAwareService$Listener@7a5b8ee, Service : MOVEMENT(1)
01-21 22:55:41.834 12899 13476 W CAE     : registerCallback(ContextAwareService.java:209) - [regi 02] Mutex is unlocked for TEST_FLAT_MOTION
01-21 22:55:41.834 12899 13476 E SemContext.CaeProvider: setAttribute() : attribute is null!
01-21 22:55:41.834 12899 13476 D SemContextService: 	.registerCallback : 12, client= com.sec.android.sdhms
01-21 22:55:41.834 12899 13476 D SemContextService: unlock : registerCallback
01-21 22:55:41.835 12899 13176 E SensorService: BigData:Pakage) 5 already enabled. 
01-21 22:55:41.835  1746  1746 I sensors-hal: set_config:64, no need to adjust sample_period_ns due to reporting_mode = 2
01-21 22:55:41.835  1746  1746 I sensors-hal: batch:368, android.sensor.light/51, period=200000000, max_latency=0 request completed
01-21 22:55:41.835 12899 13176 E SensorService: BigData:Pakage) 5 already disabled. 
01-21 22:55:41.835  1746  1746 I sensors-hal: set_config:64, no need to adjust sample_period_ns due to reporting_mode = 2
01-21 22:55:41.835  1746  1746 I sensors-hal: batch:368, android.sensor.light/51, period=200000000, max_latency=0 request completed
01-21 22:55:41.835 15514 15706 I SemDvfsHyPerManager: acquire hyper - SIOP_NPU_STATE_MAX/15514@2, type = -999
01-21 22:55:41.835 15514 15706 I M0      : limitGPUFreq:: freq = 660
01-21 22:55:41.835 12552 12601 I HYPER-HAL: [RequestManager.cpp]acquire(): Acquired ID : 120380888  [15514 / 2]    HINT :      list : [NPUMaxFreq / 1] 
01-21 22:55:41.836 15514 15706 I M0      : limitCPUFreq:: freq = 2438400
01-21 22:55:41.836 15514 15706 I SemDvfsHyPerManager: acquire hyper - SIOP_ARM_MAX/15514@3, type = 301993986
01-21 22:55:41.836 12552 12601 I HYPER-HAL: [RequestManager.cpp]acquire(): Acquired ID : 120396406  [15514 / 3]    HINT :      list : [CPUMaxFreq / 2438400] 
01-21 22:55:41.838 15514 15706 I SemDvfsHyPerManager: acquire hyper - SIOP_GPU_FREQ_MAX/15514@5, type = 536875010
01-21 22:55:41.838 12552 12601 I HYPER-HAL: [RequestManager.cpp]acquire(): Acquired ID : 120427445  [15514 / 5]    HINT :      list : [GPUMaxFreq / 660] 
01-21 22:55:41.860 15344 17100 W MediaProvider: isAppCloneUserPair for user 0: false
01-21 22:55:41.863 12899 13476 D SyncManager: userId - 0 auto - true
01-21 22:55:41.893 12899 13176 I ActivityManager: Changes in 10375 6 to 10, 128 to 0
01-21 22:55:41.896 12899 13476 I ActivityManager: Changes in 10375 10 to 6, 0 to 128
01-21 22:55:41.898 12899 13420 D BackgroundInstallControlService: Package event received: 0
01-21 22:55:41.898 12899 13420 D BackgroundInstallControlService: Package event received: 0
01-21 22:55:41.898 12899 13420 D BackgroundInstallControlService: Package event received: 0
01-21 22:55:41.909 25453 16217 I Kumiho-Kumiho: getPackageName: com.whatsapp.w4b
01-21 22:55:41.910  1746  1746 D SensorsFlicker: Als_common::setDelay, handle : 1 time : 10000000ns
01-21 22:55:41.911  1746  1746 D SensorsFlicker: Als_common::enable, handle : 1, mode : 1, en : 0
01-21 22:55:41.911  1746 15794 D SensorsFlicker: Als_common::sendCommand, send disable command
01-21 22:55:41.986  1861  1924 E HeatmapThread: ECT Thread time in milliseconds: 1769032541
01-21 22:55:41.987  1861  1924 D HeatmapThread: !@ batteryplugType : 2
01-21 22:55:41.987  1861  1924 D HeatmapThread: !@ batteryLevel : 100  batteryTemperature : 391 
01-21 22:55:41.987  1861  1924 D HeatmapThread: !@ Heatmap currtime: 29483875
01-21 22:55:41.987  1861  1924 D HeatmapThread: !@ Heatmap prevtime: 29483852
01-21 22:55:41.987  1861  1924 D HeatmapThread: !@ Heatmap plugstarttime: 29483665
01-21 22:55:41.987  1861  1924 D HeatmapThread: !@ Heatmap prevv_dsoh_update_time: 29483875
01-21 22:55:41.987  1861  1924 E HeatmapThread: !@ CAM New BSOH: 100
01-21 22:55:41.987  1861  1924 E HeatmapThread: !@ CAM is Working
01-21 22:55:42.110  1746  3618 I sensors-hal: qsh_conn_event_cb:894, SCHED_FIFO(10) for qmi_cbk
01-21 22:55:42.110  1746  3618 I sensors-hal: qsh_conn_event_cb:927, event[0] sensor:device_position  Wakeup, msg_id=1025, ts=1858642640353
01-21 22:55:42.110  1746  3618 I sensors-hal: handle_sns_client_event:78, device_position_event: msgid:1025
01-21 22:55:42.110  1746  3618 I sensors-hal: handle_sns_client_event:97, device_position_event: 1
01-21 22:55:42.110  1746  3618 I sensors-hal: insert_awaking_events:873, smp2p_event, 38.device_position, msgid:1025
01-21 22:55:42.111 12899 13296 D SensorService: setSContextDataLocked ints length 3 , byte length 5
01-21 22:55:42.111 12899 13296 D SensorService: setSContextDataLocked 37150ec1
01-21 22:55:42.111  1746  1746 I sensors-hal: inject_sensor_data:412, handle 1502 send inject
01-21 22:55:42.111  1746  1746 I sensors-hal: sendContextData:303, sensor hal 5, (0xc1, 0xe, 0x15, 0x37)
01-21 22:55:42.111  1746  1746 I sensors-hal: sendContextData:206, activities 5 c1, 1
01-21 22:55:42.111  1746  1746 I sensors-hal: sendUserData:227, Activities cmd 0xc1 0xe
01-21 22:55:42.111  1746  1746 I sensors-hal: sendUserData:241, Activities system time h 21 m 55 s 42
01-21 22:55:42.111  1746  1746 I sensors-hal: create_send_context_data:45, sending create_send_context_data
01-21 22:55:42.111  1746  1746 I sensors-hal: send_context_data:701, activities, 4914309220830019584, 1320970896291267344, msgid:700
01-21 22:55:42.111  1746  1746 I sensors-hal: save_screen_data:449, no screen data, skip~~
01-21 22:55:42.111  1746  1746 I sensors-hal: sendContextData:124, common_info 5
01-21 22:55:42.111  1746  1746 I sensors-hal: sendUserData:147, CommonInfo 0xc1 0xe 0x15 0x37
01-21 22:55:42.111  1746  1746 I sensors-hal: create_send_context_data:70, sending create_send_context_data
01-21 22:55:42.111  1746  1746 I sensors-hal: send_context_data:701, common_info, 4914309147815575552, 1320970896291267344, msgid:700
01-21 22:55:42.111 12899 13294 D CAE     : onGetSensorHubData(SensorHubParserProvider.java:92) - onGetSensorHubData Event [event buffer len :4], AP_SLEEP
01-21 22:55:42.111 12899 13294 I CAE     : parse(SensorHubParserProvider.java:188) - buffer size = 4
01-21 22:55:42.111 12899 13294 I CAE     : parse(SensorHubParserProvider.java:199) - 1, 1, 23, 1,
01-21 22:55:42.111 12899 13294 D CAE     : display(ContextProvider.java:375) - ================= TEST_FLAT_MOTION =================
01-21 22:55:42.111 12899 13294 I CAE     : display(ContextProvider.java:391) - Action=[1]
01-21 22:55:42.111 12899 13291 D SemContextService: Service.updateContext() : service = Device Position
01-21 22:55:42.112 12899 13740 D SemContextService: lock : unregisterCallback
01-21 22:55:42.112 12899 13740 D SemContextService: Service.removeListenerLocked() : listener = com.samsung.android.hardware.context.SemContextService$Listener@cdf326b, service = Device Position, used = 0
01-21 22:55:42.112  1746  3618 I sensors-hal: qsh_conn_resp_cb:972, resp_value = 0 for activities 
01-21 22:55:42.112 12899 13740 W CAE     : unregisterCallback(ContextAwareService.java:230) - [unregi 01] Mutex is locked for TEST_FLAT_MOTION
01-21 22:55:42.112 12899 13740 W CAE     : getListener(ListenerListManager.java:127) - [getListener1]  com.samsung.android.contextaware.ContextAwareManager$CaListenerDelegate@5fc718f
01-21 22:55:42.112  1746  3618 I sensors-hal: qsh_conn_resp_cb:972, resp_value = 0 for common_info 
01-21 22:55:42.112 12899 13740 W CAE     : getListener(ListenerListManager.java:128) - [getListener2]  com.samsung.android.contextaware.manager.ContextAwareService$Listener@7a5b8ee
01-21 22:55:42.112 12899 13740 V CAE     : stop(ContextProvider.java:155)
01-21 22:55:42.112 12899 13740 V CAE     : clear(TestFlatMotionRunner.java:126)
01-21 22:55:42.112 12899 13740 V CAE     : disable(TestFlatMotionRunner.java:115)
01-21 22:55:42.112 12899 13296 D SensorService: setSContextDataLocked ints length 2 , byte length 4
01-21 22:55:42.112 12899 13296 D SensorService: setSContextDataLocked 17b2
01-21 22:55:42.112  1746  1746 I sensors-hal: inject_sensor_data:412, handle 1502 send inject
01-21 22:55:42.112  1746  1746 I sensors-hal: sendContextData:303, sensor hal 4, (0xb2, 0x17, 0x0, 0x0)
01-21 22:55:42.112  1746  1746 I sensors-hal: updateActiveSensors:390, enable:178, handle:8, algo:26280208
01-21 22:55:42.112  1746  1746 I sensors-hal: sendContextData:108, device_position 4
01-21 22:55:42.112  1746  1746 I sensors-hal: send_sync_sensor_request:515, send sync request
01-21 22:55:42.112  1746  1746 I sensors-hal: send_sync_sensor_request:544, wait for notification of response
01-21 22:55:42.113  1746  3618 I sensors-hal: qsh_conn_resp_cb:972, resp_value = 0 for device_position 
01-21 22:55:42.113  1746  1746 I sensors-hal: send_sync_sensor_request:550, takes 0 ms to receive the response with 0
01-21 22:55:42.113 12899 13740 D CAE     : getFaultDetectionResult(TestFlatMotionRunner.java:139) - true
01-21 22:55:42.113 12899 13740 I CAE     : notifyCmdProcessResultObserver(ContextProvider.java:627) - CheckResult = 0, Cause = Success
01-21 22:55:42.113 12899 13740 D CAE     : doCommendProcess(ContextAwareService.java:396) - complete notify the operation result.
01-21 22:55:42.113 12899 13740 I CAE     : displayUsedCountForService(ContextAwareService.java:460) - totalCnt = 0, serviceCount = 0, subCollectionCount = 0
01-21 22:55:42.113 12899 13740 D CAE     : showListenerList(ContextAwareService.java:325) - ===== Context Aware Service List =====
01-21 22:55:42.113 12899 13740 I CAE     : showListenerList(ContextAwareService.java:334) - Listener : com.samsung.android.contextaware.manager.ContextAwareService$Listener@7a5b8ee, Service : SLOCATION_RUNNER(1)
01-21 22:55:42.113 12899 13740 I CAE     : showListenerList(ContextAwareService.java:334) - Listener : com.samsung.android.contextaware.manager.ContextAwareService$Listener@7a5b8ee, Service : CH_LOC_TRIGGER(1)
01-21 22:55:42.113 12899 13740 I CAE     : showListenerList(ContextAwareService.java:334) - Listener : com.samsung.android.contextaware.manager.ContextAwareService$Listener@7a5b8ee, Service : FREE_FALL_DETECTION(1)
01-21 22:55:42.113 12899 13740 I CAE     : showListenerList(ContextAwareService.java:334) - Listener : com.samsung.android.contextaware.manager.ContextAwareService$Listener@7a5b8ee, Service : SENSOR_STATUS_CHECK_RUNNER(1)
01-21 22:55:42.113 12899 13740 I CAE     : showListenerList(ContextAwareService.java:334) - Listener : com.samsung.android.contextaware.manager.ContextAwareService$Listener@7a5b8ee, Service : PEDOMETER_CURRENT_INFO(1)
01-21 22:55:42.113 12899 13740 I CAE     : showListenerList(ContextAwareService.java:334) - Listener : com.samsung.android.contextaware.manager.ContextAwareService$Listener@7a5b8ee, Service : ACTIVITY_TRACKER_CURRENT_INFO(1)
01-21 22:55:42.113 12899 13740 I CAE     : showListenerList(ContextAwareService.java:334) - Listener : com.samsung.android.contextaware.manager.ContextAwareService$Listener@7a5b8ee, Service : ACTIVITY_TRACKER_INTERRUPT(1)
01-21 22:55:42.113 12899 13740 I CAE     : showListenerList(ContextAwareService.java:334) - Listener : com.samsung.android.contextaware.manager.ContextAwareService$Listener@7a5b8ee, Service : ACTIVITY_TRACKER_BATCH(1)
01-21 22:55:42.114 12899 13740 I CAE     : showListenerList(ContextAwareService.java:334) - Listener : com.samsung.android.contextaware.manager.ContextAwareService$Listener@7a5b8ee, Service : PEDOMETER(1)
01-21 22:55:42.114 12899 13740 I CAE     : showListenerList(ContextAwareService.java:334) - Listener : com.samsung.android.contextaware.manager.ContextAwareService$Listener@7a5b8ee, Service : MOVEMENT(1)
01-21 22:55:42.114 12899 13740 W CAE     : unregisterCallback(ContextAwareService.java:251) - [unregi 02] Mutex is unlocked for TEST_FLAT_MOTION
01-21 22:55:42.114 12899 13740 D SemContextService: 	.unregisterCallback : 12, client= com.sec.android.sdhms
01-21 22:55:42.114 12899 13740 D SemContextService: unlock : unregisterCallback
01-21 22:55:42.251 15344 24944 W MediaProvider: isAppCloneUserPair for user 0: false
01-21 22:55:42.254 12899 13740 D SyncManager: userId - 0 auto - true
01-21 22:55:42.298 15344 15694 W MediaProvider: isAppCloneUserPair for user 0: false
01-21 22:55:42.299 12899 13740 D SyncManager: userId - 0 auto - true
01-21 22:55:42.299 17473 17594 I UriTaskContentObserver: (REDACTED) Throttling content uri change event for %s
01-21 22:55:42.435  1815  1919 E BatteryDump: !@new_battery_dump : 4340,-111,900,1800,100,393,348,508,393,0,414,508,0,Full,NO_CHARGING,None,Good,PDIC,0,Normal,0,0,9299,0x8000,0x10010000,0x0,0,0,1193,v0002,0000,0000,ffff0700,0,0,0,0,407,4352,9949,990,0,
01-21 22:55:42.437 12554 12554 I seh_thermal_service: getTemperaturesWithType SehTemperatureType: 3
01-21 22:55:42.437  1815  1815 I sehhealth-service: updateLrpSysfs: write: 420
01-21 22:55:42.447 17473 17473 I NearbySharing: The contact book (uri: content://com.android.contacts) has been modified. Debouncing sync.
01-21 22:55:42.448 13904 14081 I ContactCache: ===== Contact updated. =====
01-21 22:55:42.448 13904 14081 I RcsUtils: isDualRcsSettings: false
01-21 22:55:42.448 13904 14081 I SimManager<0>: isLabSimCard: state [LOADED] isLabSim [false]
01-21 22:55:42.448 13904 14081 E GlobalSettingsRepoBase: globalgcsettings No matched key : rcs_contact_sync_in_switch_off
01-21 22:55:42.448 18017  3694 I [GW_SOS_CS]: [SOSContactListChangeListenerTos] onChange: gets called
01-21 22:55:42.449 12899 13476 D SyncManager: userId - 0 auto - true
01-21 22:55:42.449 12899 13476 D SyncManager: userId - 0 auto - true
01-21 22:55:42.449 12899 13476 D SyncManager: userId - 0 auto - true
01-21 22:55:42.449 12899 13476 D SyncManager: userId - 0 auto - true
01-21 22:55:42.449 12899 13476 D SyncManager: userId - 0 auto - true
01-21 22:55:42.450 12899 13052 D KNOX_MDM_SettingsProvider: isChangeAllowed() : name = zen_mode_config_etag
01-21 22:55:42.450 12899 13052 D KNOX_MDM_SettingsProvider: isChangeAllowed() : name = zen_mode
01-21 22:55:42.450 13904 14081 E GlobalSettingsRepoBase: globalgcsettings No matched key : rcs_initial_contact_sync_before_regi
01-21 22:55:42.450 13904 14081 I ContactCache<0>: sendMessageContactSync: Try contact sync after 3 sec.
01-21 22:55:42.451 12535 22417 I AF::TrackHandle: opChanged OP_PLAY_AUDIO callback received for 
01-21 22:55:42.451 12535 28440 I AF::TrackHandle: opChanged OP_PLAY_AUDIO callback received for 
01-21 22:55:42.451 12535 28440 I AF::TrackHandle: opChanged OP_PLAY_AUDIO callback received for 
01-21 22:55:42.451 12535 12535 I AF::TrackHandle: opChanged OP_PLAY_AUDIO callback received for 
01-21 22:55:42.451 12535 27227 I AF::TrackHandle: opChanged OP_PLAY_AUDIO callback received for 
01-21 22:55:42.451 12535 27227 I AF::TrackHandle: opChanged OP_PLAY_AUDIO callback received for 
01-21 22:55:42.451 12535 28440 I AF::TrackHandle: opChanged OP_PLAY_AUDIO callback received for 
01-21 22:55:42.451 12535 13360 I AF::TrackHandle: opChanged OP_PLAY_AUDIO callback received for 
01-21 22:55:42.451 12535 27227 I AF::TrackHandle: opChanged OP_PLAY_AUDIO callback received for 
01-21 22:55:42.451 12535 13360 I AF::TrackHandle: opChanged OP_PLAY_AUDIO callback received for 
01-21 22:55:42.451 12535 12602 I AF::TrackHandle: opChanged OP_PLAY_AUDIO callback received for 
01-21 22:55:42.451 12535 12602 I AF::TrackHandle: opChanged OP_PLAY_AUDIO callback received for 
01-21 22:55:42.451 12535 13360 I AF::TrackHandle: opChanged OP_PLAY_AUDIO callback received for 
01-21 22:55:42.451 12535 22418 I AF::TrackHandle: opChanged OP_PLAY_AUDIO callback received for 
01-21 22:55:42.451 12535 12602 I AF::TrackHandle: opChanged OP_PLAY_AUDIO callback received for 
01-21 22:55:42.451 12535 13360 I AF::TrackHandle: opChanged OP_PLAY_AUDIO callback received for 
01-21 22:55:42.451 12535 12602 I AF::TrackHandle: opChanged OP_PLAY_AUDIO callback received for 
01-21 22:55:42.451 12535 22418 I AF::TrackHandle: opChanged OP_PLAY_AUDIO callback received for 
01-21 22:55:42.451 12535 13360 I AF::TrackHandle: opChanged OP_PLAY_AUDIO callback received for 
01-21 22:55:42.451 12535 24289 I AF::TrackHandle: opChanged OP_PLAY_AUDIO callback received for 
01-21 22:55:42.451 12535 22418 I AF::TrackHandle: opChanged OP_PLAY_AUDIO callback received for 
01-21 22:55:42.451 12535 24289 I AF::TrackHandle: opChanged OP_PLAY_AUDIO callback received for 
01-21 22:55:42.452 12535 22418 I AF::TrackHandle: opChanged OP_PLAY_AUDIO callback received for 
01-21 22:55:42.452 12535 12535 I AF::TrackHandle: opChanged OP_PLAY_AUDIO callback received for 
01-21 22:55:42.452 12535 22418 I AF::TrackHandle: opChanged OP_PLAY_AUDIO callback received for 
01-21 22:55:42.452 12535 12602 I AF::TrackHandle: opChanged OP_PLAY_AUDIO callback received for 
01-21 22:55:42.452 12535 12658 I AF::TrackHandle: opChanged OP_PLAY_AUDIO callback received for 
01-21 22:55:42.452 12535 22418 I AF::TrackHandle: opChanged OP_PLAY_AUDIO callback received for 
01-21 22:55:42.452 12535 12658 I AF::TrackHandle: opChanged OP_PLAY_AUDIO callback received for 
01-21 22:55:42.452 12535 13360 I AF::TrackHandle: opChanged OP_PLAY_AUDIO callback received for 
01-21 22:55:42.452 12535 12658 I AF::TrackHandle: opChanged OP_PLAY_AUDIO callback received for 
01-21 22:55:42.452 12535 13360 I AF::TrackHandle: opChanged OP_PLAY_AUDIO callback received for 
01-21 22:55:42.452 12535 22418 I AF::TrackHandle: opChanged OP_PLAY_AUDIO callback received for 
01-21 22:55:42.452 12535 12658 I AF::TrackHandle: opChanged OP_PLAY_AUDIO callback received for 
01-21 22:55:42.452 12535 12602 I AF::TrackHandle: opChanged OP_PLAY_AUDIO callback received for 
01-21 22:55:42.452 12535 12658 I AF::TrackHandle: opChanged OP_PLAY_AUDIO callback received for 
01-21 22:55:42.452 12535 13360 I AF::TrackHandle: opChanged OP_PLAY_AUDIO callback received for 
01-21 22:55:42.452 12535 12658 I AF::TrackHandle: opChanged OP_PLAY_AUDIO callback received for 
01-21 22:55:42.452 12535 22418 I AF::TrackHandle: opChanged OP_PLAY_AUDIO callback received for 
01-21 22:55:42.452 12535 12658 I AF::TrackHandle: opChanged OP_PLAY_AUDIO callback received for 
01-21 22:55:42.452 12535 22418 I AF::TrackHandle: opChanged OP_PLAY_AUDIO callback received for 
01-21 22:55:42.452 12535 12658 I AF::TrackHandle: opChanged OP_PLAY_AUDIO callback received for 
01-21 22:55:42.452 12535 22418 I AF::TrackHandle: opChanged OP_PLAY_AUDIO callback received for 
01-21 22:55:42.452 12535 22418 I AF::TrackHandle: opChanged OP_PLAY_AUDIO callback received for 
01-21 22:55:42.452 12535 12603 I AF::TrackHandle: opChanged OP_PLAY_AUDIO callback received for 
01-21 22:55:42.452 12535 12603 I AF::TrackHandle: opChanged OP_PLAY_AUDIO callback received for 
01-21 22:55:42.452 12535 22418 I AF::TrackHandle: opChanged OP_PLAY_AUDIO callback received for 
01-21 22:55:42.452 12535 12603 I AF::TrackHandle: opChanged OP_PLAY_AUDIO callback received for 
01-21 22:55:42.452 12535 12602 I AF::TrackHandle: opChanged OP_PLAY_AUDIO callback received for 
01-21 22:55:42.452 12535 27227 I AF::TrackHandle: opChanged OP_PLAY_AUDIO callback received for 
01-21 22:55:42.452 12535 22418 I AF::TrackHandle: opChanged OP_PLAY_AUDIO callback received for 
01-21 22:55:42.452 12535 28440 I AF::TrackHandle: opChanged OP_PLAY_AUDIO callback received for 
01-21 22:55:42.452 12535 27227 I AF::TrackHandle: opChanged OP_PLAY_AUDIO callback received for 
01-21 22:55:42.452 12535 22418 I AF::TrackHandle: opChanged OP_PLAY_AUDIO callback received for 
01-21 22:55:42.452 12535 22417 I AF::TrackHandle: opChanged OP_PLAY_AUDIO callback received for 
01-21 22:55:42.452 12535 22418 I AF::TrackHandle: opChanged OP_PLAY_AUDIO callback received for 
01-21 22:55:42.452 12535 14137 I AF::TrackHandle: opChanged OP_PLAY_AUDIO callback received for 
01-21 22:55:42.452 12535 22418 I AF::TrackHandle: opChanged OP_PLAY_AUDIO callback received for 
01-21 22:55:42.452 12535 12602 I AF::TrackHandle: opChanged OP_PLAY_AUDIO callback received for 
01-21 22:55:42.452 12535 22418 I AF::TrackHandle: opChanged OP_PLAY_AUDIO callback received for 
01-21 22:55:42.452 12535 28440 I AF::TrackHandle: opChanged OP_PLAY_AUDIO callback received for 
01-21 22:55:42.452 12535 22418 I AF::TrackHandle: opChanged OP_PLAY_AUDIO callback received for 
01-21 22:55:42.452 12535 12602 I AF::TrackHandle: opChanged OP_PLAY_AUDIO callback received for 
01-21 22:55:42.452 12535 12658 I AF::TrackHandle: opChanged OP_PLAY_AUDIO callback received for 
01-21 22:55:42.452 12535 22418 I AF::TrackHandle: opChanged OP_PLAY_AUDIO callback received for 
01-21 22:55:42.453 12535 12658 I AF::TrackHandle: opChanged OP_PLAY_AUDIO callback received for 
01-21 22:55:42.453 12535 28440 I AF::TrackHandle: opChanged OP_PLAY_AUDIO callback received for 
01-21 22:55:42.453 12535 22418 I AF::TrackHandle: opChanged OP_PLAY_AUDIO callback received for 
01-21 22:55:42.453 12535 12658 I AF::TrackHandle: opChanged OP_PLAY_AUDIO callback received for 
01-21 22:55:42.453 12535 12602 I AF::TrackHandle: opChanged OP_PLAY_AUDIO callback received for 
01-21 22:55:42.453 12535 22418 I AF::TrackHandle: opChanged OP_PLAY_AUDIO callback received for 
01-21 22:55:42.453 12535 13360 I AF::TrackHandle: opChanged OP_PLAY_AUDIO callback received for 
01-21 22:55:42.453 12535 22418 I AF::TrackHandle: opChanged OP_PLAY_AUDIO callback received for 
01-21 22:55:42.453 12535 22215 I AF::TrackHandle: opChanged OP_PLAY_AUDIO callback received for 
01-21 22:55:42.453 12535 13360 I AF::TrackHandle: opChanged OP_PLAY_AUDIO callback received for 
01-21 22:55:42.453 12535 22418 I AF::TrackHandle: opChanged OP_PLAY_AUDIO callback received for 
01-21 22:55:42.453 12535 13360 I AF::TrackHandle: opChanged OP_PLAY_AUDIO callback received for 
01-21 22:55:42.453 12535 28440 I AF::TrackHandle: opChanged OP_PLAY_AUDIO callback received for 
01-21 22:55:42.453 12535 22418 I AF::TrackHandle: opChanged OP_PLAY_AUDIO callback received for 
01-21 22:55:42.453 12535 13360 I AF::TrackHandle: opChanged OP_PLAY_AUDIO callback received for 
01-21 22:55:42.453 12535 22215 I AF::TrackHandle: opChanged OP_PLAY_AUDIO callback received for 
01-21 22:55:42.453 12535 23987 I AF::TrackHandle: opChanged OP_PLAY_AUDIO callback received for 
01-21 22:55:42.453 12535 12603 I AF::TrackHandle: opChanged OP_PLAY_AUDIO callback received for 
01-21 22:55:42.453 12535  9212 I AF::TrackHandle: opChanged OP_PLAY_AUDIO callback received for 
01-21 22:55:42.453 12535 12603 I AF::TrackHandle: opChanged OP_PLAY_AUDIO callback received for 
01-21 22:55:42.453 12535 12603 I AF::TrackHandle: opChanged OP_PLAY_AUDIO callback received for 
01-21 22:55:42.453 12535  9212 I AF::TrackHandle: opChanged OP_PLAY_AUDIO callback received for 
01-21 22:55:42.453 12535 12603 I AF::TrackHandle: opChanged OP_PLAY_AUDIO callback received for 
01-21 22:55:42.453 12535  9212 I AF::TrackHandle: opChanged OP_PLAY_AUDIO callback received for 
01-21 22:55:42.453 12535 23987 I AF::TrackHandle: opChanged OP_PLAY_AUDIO callback received for 
01-21 22:55:42.453 12535 23987 I AF::TrackHandle: opChanged OP_PLAY_AUDIO callback received for 
01-21 22:55:42.453 12535 23987 I AF::TrackHandle: opChanged OP_PLAY_AUDIO callback received for 
01-21 22:55:42.453 12535 23987 I AF::TrackHandle: opChanged OP_PLAY_AUDIO callback received for 
01-21 22:55:42.453 12535 23987 I AF::TrackHandle: opChanged OP_PLAY_AUDIO callback received for 
01-21 22:55:42.453 12535 23987 I AF::TrackHandle: opChanged OP_PLAY_AUDIO callback received for 
01-21 22:55:42.453 12899 13052 D ConditionProviders.SCP: onScheduleEnabled : false
01-21 22:55:42.453 12899 13052 D ValidateNoPeople: The contacts of policy has been updated.
01-21 22:55:42.453 12535 23987 I AF::TrackHandle: opChanged OP_PLAY_AUDIO callback received for 
01-21 22:55:42.649 18017  4208 I [GW_SOS_CS]: SOSContactListObserver onTosContactListChanged: called
01-21 22:55:42.651 18017  4208 I [GW_SOS_CS]: SOSPreferenceManager getStringValue: [##:##:##:##:BC:6A],[pref_sos_contact__ids],[]
01-21 22:55:42.652 18017  4208 I [GW_SOS_CS]: SOSPreferenceManager retrieveSosEmergencyContactList: [##:##:##:##:BC:6A][0]
01-21 22:55:42.681 16530 16989 I NearbyPresence: (REDACTED) %s verified [==] new request %s equals to the old request
01-21 22:55:42.681 16530 16989 I NearbyPresence: (REDACTED) %s verified [==] new request %s equals to the old request
01-21 22:55:42.687 17473 29585 I NearbyPresence: (REDACTED) %s verified [==] new request %s equals to the old request
01-21 22:55:42.687 17473 29585 I NearbyPresence: (REDACTED) %s verified [==] new request %s equals to the old request
01-21 22:55:42.760 18017  4208 I [GW_SOS_CS]: Updating tos contact list for ##:##:##:##:BC:6A ? false
01-21 22:55:42.861  1112  1112 D io_stats: !@   8,0 r 48912355 439421564 w 14825228 173992332 d 2049080 83634456 f 4433 22807 iot 4515784 0 th 0 0 0 pt 0 inp 0 0 93046.398
01-21 22:55:42.861  1112  1112 D io_stats: !@ Read_top(KB): om.whatsapp.w4b:low(25453) 20048 rs.media.module:high(15344) 744 system_server:normal(12899) 528
01-21 22:55:42.861  1112  1112 D io_stats: !@ Write_top(KB): rs.media.module:high(15344) 1212 om.whatsapp.w4b:low(25453) 948 d.process.acore:high(8949) 272
01-21 22:55:42.861  1112  1112 D io_stats: !@ fuse-log: WORST (10347 35 40 11 6) (10347 1 18 25 2) (10347 10 1 1 1) TOTAL_LATENCY (10347 59 35 40 11 1 18 25 10 1 1) (0 0 18 0 23) TOTAL_CNT (10347 170 34 38 1 25 25 23) (0 23 18 23) 
01-21 22:55:42.986  1861  1924 E HeatmapThread: ECT Thread time in milliseconds: 1769032542
01-21 22:55:42.987  1861  1924 D HeatmapThread: !@ batteryplugType : 2
01-21 22:55:42.987  1861  1924 D HeatmapThread: !@ batteryLevel : 100  batteryTemperature : 393 
01-21 22:55:42.987  1861  1924 D HeatmapThread: !@ Heatmap currtime: 29483875
01-21 22:55:42.987  1861  1924 D HeatmapThread: !@ Heatmap prevtime: 29483852
01-21 22:55:42.987  1861  1924 D HeatmapThread: !@ Heatmap plugstarttime: 29483665
01-21 22:55:42.987  1861  1924 D HeatmapThread: !@ Heatmap prevv_dsoh_update_time: 29483875
01-21 22:55:42.987  1861  1924 E HeatmapThread: !@ CAM New BSOH: 100
01-21 22:55:42.987  1861  1924 E HeatmapThread: !@ CAM is Working
01-21 22:55:43.052 25453 16217 I Kumiho-Kumiho: getPackageName: com.whatsapp.w4b
01-21 22:55:43.231 12899 13422 I ChimeraGenieUnloadPolicyHandler: LRU list is empty
01-21 22:55:43.353 12899 13052 D KNOX_MDM_SettingsProvider: isChangeAllowed() : name = zen_mode_config_etag
01-21 22:55:43.353 12899 13052 D KNOX_MDM_SettingsProvider: isChangeAllowed() : name = zen_mode
01-21 22:55:43.353 12899 13052 D ConditionProviders.SCP: onScheduleEnabled : false
01-21 22:55:43.353 12899 13052 D ValidateNoPeople: The contacts of policy has been updated.
01-21 22:55:43.353 17473 17473 I NearbySharing: The contact book (uri: content://com.android.contacts) has been modified. Debouncing sync.
01-21 22:55:43.354 12535 12535 I AF::TrackHandle: opChanged OP_PLAY_AUDIO callback received for 
01-21 22:55:43.354 13904 14081 I ContactCache: ===== Contact updated. =====
01-21 22:55:43.354 13904 14081 I RcsUtils: isDualRcsSettings: false
01-21 22:55:43.354 13904 14081 I SimManager<0>: isLabSimCard: state [LOADED] isLabSim [false]
01-21 22:55:43.354 13904 14081 E GlobalSettingsRepoBase: globalgcsettings No matched key : rcs_contact_sync_in_switch_off
01-21 22:55:43.354 12535 14137 I AF::TrackHandle: opChanged OP_PLAY_AUDIO callback received for 
01-21 22:55:43.354 18017  3694 I [GW_SOS_CS]: [SOSContactListChangeListenerTos] onChange: gets called
01-21 22:55:43.354 12535 22417 I AF::TrackHandle: opChanged OP_PLAY_AUDIO callback received for 
01-21 22:55:43.354 12535 23987 I AF::TrackHandle: opChanged OP_PLAY_AUDIO callback received for 
01-21 22:55:43.354 12535  6984 I AF::TrackHandle: opChanged OP_PLAY_AUDIO callback received for 
01-21 22:55:43.354 12899 13476 D SyncManager: userId - 0 auto - true
01-21 22:55:43.354 12535 12535 I AF::TrackHandle: opChanged OP_PLAY_AUDIO callback received for 
01-21 22:55:43.354 12535 23987 I AF::TrackHandle: opChanged OP_PLAY_AUDIO callback received for 
01-21 22:55:43.354 12535 14137 I AF::TrackHandle: opChanged OP_PLAY_AUDIO callback received for 
01-21 22:55:43.355 12535 22417 I AF::TrackHandle: opChanged OP_PLAY_AUDIO callback received for 
01-21 22:55:43.355 13904 14081 E GlobalSettingsRepoBase: globalgcsettings No matched key : rcs_initial_contact_sync_before_regi
01-21 22:55:43.355 12535 27227 I AF::TrackHandle: opChanged OP_PLAY_AUDIO callback received for 
01-21 22:55:43.355 12535 27227 I AF::TrackHandle: opChanged OP_PLAY_AUDIO callback received for 
01-21 22:55:43.355 13904 14081 I ContactCache<0>: sendMessageContactSync: Try contact sync after 3 sec.
01-21 22:55:43.355 12535 22417 I AF::TrackHandle: opChanged OP_PLAY_AUDIO callback received for 
01-21 22:55:43.355 12899 13476 D SyncManager: userId - 0 auto - true
01-21 22:55:43.355 12535 12535 I AF::TrackHandle: opChanged OP_PLAY_AUDIO callback received for 
01-21 22:55:43.355 12535  6984 I AF::TrackHandle: opChanged OP_PLAY_AUDIO callback received for 
01-21 22:55:43.355 12535 23987 I AF::TrackHandle: opChanged OP_PLAY_AUDIO callback received for 
01-21 22:55:43.355 12535  6984 I AF::TrackHandle: opChanged OP_PLAY_AUDIO callback received for 
01-21 22:55:43.355 12535 27227 I AF::TrackHandle: opChanged OP_PLAY_AUDIO callback received for 
01-21 22:55:43.355 12899 13476 D SyncManager: userId - 0 auto - true
01-21 22:55:43.355 12535 12603 I AF::TrackHandle: opChanged OP_PLAY_AUDIO callback received for 
01-21 22:55:43.355 12535 23987 I AF::TrackHandle: opChanged OP_PLAY_AUDIO callback received for 
01-21 22:55:43.355 12535 14137 I AF::TrackHandle: opChanged OP_PLAY_AUDIO callback received for 
01-21 22:55:43.355 12535  6984 I AF::TrackHandle: opChanged OP_PLAY_AUDIO callback received for 
01-21 22:55:43.355 12535 12535 I AF::TrackHandle: opChanged OP_PLAY_AUDIO callback received for 
01-21 22:55:43.355 12535 27227 I AF::TrackHandle: opChanged OP_PLAY_AUDIO callback received for 
01-21 22:55:43.355 12535  6984 I AF::TrackHandle: opChanged OP_PLAY_AUDIO callback received for 
01-21 22:55:43.355 12535 23987 I AF::TrackHandle: opChanged OP_PLAY_AUDIO callback received for 
01-21 22:55:43.355 12535 12535 I AF::TrackHandle: opChanged OP_PLAY_AUDIO callback received for 
01-21 22:55:43.355 12535 22417 I AF::TrackHandle: opChanged OP_PLAY_AUDIO callback received for 
01-21 22:55:43.355 12535 12603 I AF::TrackHandle: opChanged OP_PLAY_AUDIO callback received for 
01-21 22:55:43.355 12899 13476 D SyncManager: userId - 0 auto - true
01-21 22:55:43.355 12899 13476 D SyncManager: userId - 0 auto - true
01-21 22:55:43.355 12535 14137 I AF::TrackHandle: opChanged OP_PLAY_AUDIO callback received for 
01-21 22:55:43.355 12535  6984 I AF::TrackHandle: opChanged OP_PLAY_AUDIO callback received for 
01-21 22:55:43.355 12535 12535 I AF::TrackHandle: opChanged OP_PLAY_AUDIO callback received for 
01-21 22:55:43.356 12535 23987 I AF::TrackHandle: opChanged OP_PLAY_AUDIO callback received for 
01-21 22:55:43.356 12535 22417 I AF::TrackHandle: opChanged OP_PLAY_AUDIO callback received for 
01-21 22:55:43.356 12535  6984 I AF::TrackHandle: opChanged OP_PLAY_AUDIO callback received for 
01-21 22:55:43.356 12535 12535 I AF::TrackHandle: opChanged OP_PLAY_AUDIO callback received for 
01-21 22:55:43.356 12535  6984 I AF::TrackHandle: opChanged OP_PLAY_AUDIO callback received for 
01-21 22:55:43.356 12535 12535 I AF::TrackHandle: opChanged OP_PLAY_AUDIO callback received for 
01-21 22:55:43.356 12535  6984 I AF::TrackHandle: opChanged OP_PLAY_AUDIO callback received for 
01-21 22:55:43.356 12535 22417 I AF::TrackHandle: opChanged OP_PLAY_AUDIO callback received for 
01-21 22:55:43.356 12535  6984 I AF::TrackHandle: opChanged OP_PLAY_AUDIO callback received for 
01-21 22:55:43.356 12535  6984 I AF::TrackHandle: opChanged OP_PLAY_AUDIO callback received for 
01-21 22:55:43.356 12535 12535 I AF::TrackHandle: opChanged OP_PLAY_AUDIO callback received for 
01-21 22:55:43.356 12535 22417 I AF::TrackHandle: opChanged OP_PLAY_AUDIO callback received for 
01-21 22:55:43.356 12535  6984 I AF::TrackHandle: opChanged OP_PLAY_AUDIO callback received for 
01-21 22:55:43.356 12535 12535 I AF::TrackHandle: opChanged OP_PLAY_AUDIO callback received for 
01-21 22:55:43.356 12535  6984 I AF::TrackHandle: opChanged OP_PLAY_AUDIO callback received for 
01-21 22:55:43.356 12535 22417 I AF::TrackHandle: opChanged OP_PLAY_AUDIO callback received for 
01-21 22:55:43.356 12535  6984 I AF::TrackHandle: opChanged OP_PLAY_AUDIO callback received for 
01-21 22:55:43.356 12535  6984 I AF::TrackHandle: opChanged OP_PLAY_AUDIO callback received for 
01-21 22:55:43.356 12535 22417 I AF::TrackHandle: opChanged OP_PLAY_AUDIO callback received for 
01-21 22:55:43.356 12535  6984 I AF::TrackHandle: opChanged OP_PLAY_AUDIO callback received for 
01-21 22:55:43.356 12535 12535 I AF::TrackHandle: opChanged OP_PLAY_AUDIO callback received for 
01-21 22:55:43.356 12535  6984 I AF::TrackHandle: opChanged OP_PLAY_AUDIO callback received for 
01-21 22:55:43.357 12535  6984 I AF::TrackHandle: opChanged OP_PLAY_AUDIO callback received for 
01-21 22:55:43.357 12535 22417 I AF::TrackHandle: opChanged OP_PLAY_AUDIO callback received for 
01-21 22:55:43.357 12535  6984 I AF::TrackHandle: opChanged OP_PLAY_AUDIO callback received for 
01-21 22:55:43.357 12535 12535 I AF::TrackHandle: opChanged OP_PLAY_AUDIO callback received for 
01-21 22:55:43.357 12535  6984 I AF::TrackHandle: opChanged OP_PLAY_AUDIO callback received for 
01-21 22:55:43.357 12535 22417 I AF::TrackHandle: opChanged OP_PLAY_AUDIO callback received for 
01-21 22:55:43.357 12535  6984 I AF::TrackHandle: opChanged OP_PLAY_AUDIO callback received for 
01-21 22:55:43.357 12535 12535 I AF::TrackHandle: opChanged OP_PLAY_AUDIO callback received for 
01-21 22:55:43.357 12535  6984 I AF::TrackHandle: opChanged OP_PLAY_AUDIO callback received for 
01-21 22:55:43.358 12535  6984 I AF::TrackHandle: opChanged OP_PLAY_AUDIO callback received for 
01-21 22:55:43.358 12535 12603 I AF::TrackHandle: opChanged OP_PLAY_AUDIO callback received for 
01-21 22:55:43.358 12535 12603 I AF::TrackHandle: opChanged OP_PLAY_AUDIO callback received for 
01-21 22:55:43.358 12535 12603 I AF::TrackHandle: opChanged OP_PLAY_AUDIO callback received for 
01-21 22:55:43.358 12535 12603 I AF::TrackHandle: opChanged OP_PLAY_AUDIO callback received for 
01-21 22:55:43.358 12535 12603 I AF::TrackHandle: opChanged OP_PLAY_AUDIO callback received for 
01-21 22:55:43.358 12535 12535 I AF::TrackHandle: opChanged OP_PLAY_AUDIO callback received for 
01-21 22:55:43.358 12535 12535 I AF::TrackHandle: opChanged OP_PLAY_AUDIO callback received for 
01-21 22:55:43.358 12535 22417 I AF::TrackHandle: opChanged OP_PLAY_AUDIO callback received for 
01-21 22:55:43.358 12535 12535 I AF::TrackHandle: opChanged OP_PLAY_AUDIO callback received for 
01-21 22:55:43.358 12535 24289 I AF::TrackHandle: opChanged OP_PLAY_AUDIO callback received for 
01-21 22:55:43.358 12535 24289 I AF::TrackHandle: opChanged OP_PLAY_AUDIO callback received for 
01-21 22:55:43.358 12535 24289 I AF::TrackHandle: opChanged OP_PLAY_AUDIO callback received for 
01-21 22:55:43.358 12535 24289 I AF::TrackHandle: opChanged OP_PLAY_AUDIO callback received for 
01-21 22:55:43.358 12535 24289 I AF::TrackHandle: opChanged OP_PLAY_AUDIO callback received for 
01-21 22:55:43.358 12535 23987 I AF::TrackHandle: opChanged OP_PLAY_AUDIO callback received for 
01-21 22:55:43.358 12535 23987 I AF::TrackHandle: opChanged OP_PLAY_AUDIO callback received for 
01-21 22:55:43.358 12535 12535 I AF::TrackHandle: opChanged OP_PLAY_AUDIO callback received for 
01-21 22:55:43.358 12535 14137 I AF::TrackHandle: opChanged OP_PLAY_AUDIO callback received for 
01-21 22:55:43.358 12535 14137 I AF::TrackHandle: opChanged OP_PLAY_AUDIO callback received for 
01-21 22:55:43.358 12535 27227 I AF::TrackHandle: opChanged OP_PLAY_AUDIO callback received for 
01-21 22:55:43.358 12535 23987 I AF::TrackHandle: opChanged OP_PLAY_AUDIO callback received for 
01-21 22:55:43.358 12535 27227 I AF::TrackHandle: opChanged OP_PLAY_AUDIO callback received for 
01-21 22:55:43.358 12535 14137 I AF::TrackHandle: opChanged OP_PLAY_AUDIO callback received for 
01-21 22:55:43.359 12535 27227 I AF::TrackHandle: opChanged OP_PLAY_AUDIO callback received for 
01-21 22:55:43.359 12535 12603 I AF::TrackHandle: opChanged OP_PLAY_AUDIO callback received for 
01-21 22:55:43.359 12535 12603 I AF::TrackHandle: opChanged OP_PLAY_AUDIO callback received for 
01-21 22:55:43.359 12535 23987 I AF::TrackHandle: opChanged OP_PLAY_AUDIO callback received for 
01-21 22:55:43.359 12535 14137 I AF::TrackHandle: opChanged OP_PLAY_AUDIO callback received for 
01-21 22:55:43.359 12535 22417 I AF::TrackHandle: opChanged OP_PLAY_AUDIO callback received for 
01-21 22:55:43.359 12535 12535 I AF::TrackHandle: opChanged OP_PLAY_AUDIO callback received for 
01-21 22:55:43.359 12535 28440 I AF::TrackHandle: opChanged OP_PLAY_AUDIO callback received for 
01-21 22:55:43.359 12535 12535 I AF::TrackHandle: opChanged OP_PLAY_AUDIO callback received for 
01-21 22:55:43.360 12535 22417 I AF::TrackHandle: opChanged OP_PLAY_AUDIO callback received for 
01-21 22:55:43.400 12899 13740 I ActivityManager: Changes in 10375 6 to 10, 128 to 0
01-21 22:55:43.401 12899 15290 I ActivityManager: Changes in 10375 10 to 6, 0 to 128
01-21 22:55:43.401 12899 13420 D BackgroundInstallControlService: Package event received: 0
01-21 22:55:43.401 12899 13420 D BackgroundInstallControlService: Package event received: 0
01-21 22:55:43.401 12899 13420 D BackgroundInstallControlService: Package event received: 0
01-21 22:55:43.451 25453 15758 W om.whatsapp.w4b: Long monitor contention with owner WhatsApp Worker #22352 (15473) at void X.DAV.run()(:3300) waiters=0 in X.HoS X.0aB.A03(java.lang.String, int) for 716ms
01-21 22:55:43.554 18017  4208 I [GW_SOS_CS]: SOSContactListObserver onTosContactListChanged: called
01-21 22:55:43.555 18017  4208 I [GW_SOS_CS]: SOSPreferenceManager getStringValue: [##:##:##:##:BC:6A],[pref_sos_contact__ids],[]
01-21 22:55:43.555 18017  4208 I [GW_SOS_CS]: SOSPreferenceManager retrieveSosEmergencyContactList: [##:##:##:##:BC:6A][0]
01-21 22:55:43.609 18017  4208 I [GW_SOS_CS]: Updating tos contact list for ##:##:##:##:BC:6A ? false
01-21 22:55:43.855 25453 15796 I om.whatsapp.w4b: Waiting for a blocking GC Alloc
01-21 22:55:43.855 25453  7743 I om.whatsapp.w4b: Waiting for a blocking GC Alloc
01-21 22:55:43.860 15344 15694 W MediaProvider: isAppCloneUserPair for user 0: false
01-21 22:55:43.862 12899 13740 D SyncManager: userId - 0 auto - true
01-21 22:55:43.862 25453 15758 I om.whatsapp.w4b: Waiting for a blocking GC Alloc
01-21 22:55:43.907 25453 16217 I om.whatsapp.w4b: Waiting for a blocking GC Alloc
01-21 22:55:43.986  1861  1924 E HeatmapThread: ECT Thread time in milliseconds: 1769032543
01-21 22:55:43.987  1861  1924 D HeatmapThread: !@ batteryplugType : 2
01-21 22:55:43.987  1861  1924 D HeatmapThread: !@ batteryLevel : 100  batteryTemperature : 393 
01-21 22:55:43.987  1861  1924 D HeatmapThread: !@ Heatmap currtime: 29483875
01-21 22:55:43.987  1861  1924 D HeatmapThread: !@ Heatmap prevtime: 29483852
01-21 22:55:43.987  1861  1924 D HeatmapThread: !@ Heatmap plugstarttime: 29483665
01-21 22:55:43.987  1861  1924 D HeatmapThread: !@ Heatmap prevv_dsoh_update_time: 29483875
01-21 22:55:43.987  1861  1924 E HeatmapThread: !@ CAM New BSOH: 100
01-21 22:55:43.987  1861  1924 E HeatmapThread: !@ CAM is Working
01-21 22:55:44.035   727   727 I lmkd    : 0(delay), 0(swap), 50(freelimit), 0(reentrymode) memory pressure events were skipped after a kill!
01-21 22:55:44.249 25453 25938 I om.whatsapp.w4b: Waiting for a blocking GC Alloc
01-21 22:55:44.283 13904 14081 I ContactCache: ===== Contact updated. =====
01-21 22:55:44.283 13904 14081 I RcsUtils: isDualRcsSettings: false
01-21 22:55:44.283 13904 14081 I SimManager<0>: isLabSimCard: state [LOADED] isLabSim [false]
01-21 22:55:44.283 13904 14081 E GlobalSettingsRepoBase: globalgcsettings No matched key : rcs_contact_sync_in_switch_off
01-21 22:55:44.283 12899 13052 D KNOX_MDM_SettingsProvider: isChangeAllowed() : name = zen_mode_config_etag
01-21 22:55:44.283 12899 13052 D KNOX_MDM_SettingsProvider: isChangeAllowed() : name = zen_mode
01-21 22:55:44.283 17473 17473 I NearbySharing: The contact book (uri: content://com.android.contacts) has been modified. Debouncing sync.
01-21 22:55:44.283 12899 13052 D ConditionProviders.SCP: onScheduleEnabled : false
01-21 22:55:44.283 12899 13052 D ValidateNoPeople: The contacts of policy has been updated.
01-21 22:55:44.283 12899 15290 D SyncManager: userId - 0 auto - true
01-21 22:55:44.284 12899 15290 D SyncManager: userId - 0 auto - true
01-21 22:55:44.284 12899 15290 D SyncManager: userId - 0 auto - true
01-21 22:55:44.284 12899 15290 D SyncManager: userId - 0 auto - true
01-21 22:55:44.284 18017  3694 I [GW_SOS_CS]: [SOSContactListChangeListenerTos] onChange: gets called
01-21 22:55:44.284 12899 15290 D SyncManager: userId - 0 auto - true
01-21 22:55:44.284 12535 22417 I AF::TrackHandle: opChanged OP_PLAY_AUDIO callback received for 
01-21 22:55:44.285 12535 28440 I AF::TrackHandle: opChanged OP_PLAY_AUDIO callback received for 
01-21 22:55:44.285 12535 28440 I AF::TrackHandle: opChanged OP_PLAY_AUDIO callback received for 
01-21 22:55:44.285 12535 12535 I AF::TrackHandle: opChanged OP_PLAY_AUDIO callback received for 
01-21 22:55:44.285 12535 19414 I AF::TrackHandle: opChanged OP_PLAY_AUDIO callback received for 
01-21 22:55:44.285 12535 19414 I AF::TrackHandle: opChanged OP_PLAY_AUDIO callback received for 
01-21 22:55:44.285 12535 12658 I AF::TrackHandle: opChanged OP_PLAY_AUDIO callback received for 
01-21 22:55:44.285 12535 12535 I AF::TrackHandle: opChanged OP_PLAY_AUDIO callback received for 
01-21 22:55:44.285 12535 28440 I AF::TrackHandle: opChanged OP_PLAY_AUDIO callback received for 
01-21 22:55:44.285 12535 12658 I AF::TrackHandle: opChanged OP_PLAY_AUDIO callback received for 
01-21 22:55:44.285 12535 23987 I AF::TrackHandle: opChanged OP_PLAY_AUDIO callback received for 
01-21 22:55:44.285 12535 23987 I AF::TrackHandle: opChanged OP_PLAY_AUDIO callback received for 
01-21 22:55:44.285 12535 19414 I AF::TrackHandle: opChanged OP_PLAY_AUDIO callback received for 
