
> Configure project :androidApp
WARNING: The option setting 'android.disallowKotlinSourceSets=false' is experimental.
The current default is 'true'.

> Task :androidApp:preBuild UP-TO-DATE
> Task :androidApp:preDebugBuild UP-TO-DATE
> Task :androidApp:generateDebugBuildConfig UP-TO-DATE
> Task :androidApp:generateDebugResources UP-TO-DATE
> Task :androidApp:packageDebugResources UP-TO-DATE
> Task :composeApp:androidPreBuild UP-TO-DATE
> Task :composeApp:preAndroidMainBuild UP-TO-DATE
> Task :composeApp:generateAndroidMainEmptyResourceFiles UP-TO-DATE
> Task :shared:androidPreBuild UP-TO-DATE
> Task :shared:preAndroidMainBuild UP-TO-DATE
> Task :shared:generateAndroidMainEmptyResourceFiles UP-TO-DATE
> Task :androidApp:processDebugNavigationResources UP-TO-DATE
> Task :androidApp:parseDebugLocalResources UP-TO-DATE
> Task :androidApp:generateDebugRFile UP-TO-DATE
> Task :composeApp:kmpPartiallyResolvedDependenciesChecker
> Task :composeApp:checkKotlinGradlePluginConfigurationErrors SKIPPED
> Task :composeApp:convertXmlValueResourcesForAndroidMain NO-SOURCE
> Task :composeApp:copyNonXmlValueResourcesForAndroidMain NO-SOURCE
> Task :composeApp:prepareComposeResourcesTaskForAndroidMain NO-SOURCE
> Task :composeApp:generateResourceAccessorsForAndroidMain SKIPPED
> Task :composeApp:convertXmlValueResourcesForCommonMain NO-SOURCE
> Task :composeApp:copyNonXmlValueResourcesForCommonMain NO-SOURCE
> Task :composeApp:prepareComposeResourcesTaskForCommonMain NO-SOURCE
> Task :composeApp:generateResourceAccessorsForCommonMain SKIPPED
> Task :composeApp:generateActualResourceCollectorsForAndroidMain SKIPPED
> Task :composeApp:generateComposeResClass SKIPPED
> Task :composeApp:generateExpectResourceCollectorsForCommonMain SKIPPED
> Task :shared:kmpPartiallyResolvedDependenciesChecker
> Task :shared:checkKotlinGradlePluginConfigurationErrors SKIPPED
> Task :shared:generateSecrets UP-TO-DATE
> Task :shared:kspAndroidMain UP-TO-DATE
> Task :shared:copyRoomSchemas NO-SOURCE
> Task :shared:compileAndroidMain UP-TO-DATE
> Task :shared:bundleAndroidMainClassesToCompileJar UP-TO-DATE
> Task :composeApp:compileAndroidMain UP-TO-DATE
> Task :composeApp:bundleAndroidMainClassesToCompileJar UP-TO-DATE
> Task :androidApp:compileDebugKotlin UP-TO-DATE
> Task :androidApp:javaPreCompileDebug UP-TO-DATE
> Task :androidApp:compileDebugJavaWithJavac UP-TO-DATE
> Task :composeApp:writeAndroidMainAarMetadata UP-TO-DATE
> Task :shared:writeAndroidMainAarMetadata UP-TO-DATE
> Task :androidApp:checkDebugAarMetadata UP-TO-DATE
> Task :androidApp:compileDebugNavigationResources UP-TO-DATE
> Task :androidApp:mapDebugSourceSetPaths UP-TO-DATE
> Task :androidApp:mergeDebugResources UP-TO-DATE
> Task :androidApp:createDebugCompatibleScreenManifests UP-TO-DATE
> Task :androidApp:extractDeepLinksDebug UP-TO-DATE
> Task :composeApp:processAndroidMainManifest UP-TO-DATE
> Task :shared:processAndroidMainManifest UP-TO-DATE
> Task :androidApp:processDebugMainManifest UP-TO-DATE
> Task :androidApp:processDebugManifest UP-TO-DATE
> Task :androidApp:processDebugManifestForPackage UP-TO-DATE
> Task :androidApp:processDebugResources UP-TO-DATE
> Task :androidApp:bundleDebugClassesToCompileJar UP-TO-DATE
> Task :androidApp:preDebugUnitTestBuild UP-TO-DATE
> Task :androidApp:bundleDebugClassesToRuntimeJar
> Task :androidApp:compileDebugUnitTestKotlin UP-TO-DATE
> Task :androidApp:javaPreCompileDebugUnitTest UP-TO-DATE
> Task :androidApp:compileDebugUnitTestJavaWithJavac NO-SOURCE
> Task :androidApp:processDebugJavaRes UP-TO-DATE
> Task :androidApp:processDebugUnitTestJavaRes UP-TO-DATE
> Task :composeApp:processAndroidMainJavaRes
> Task :composeApp:bundleAndroidMainClassesToRuntimeJar
> Task :shared:bundleAndroidMainClassesToRuntimeJar
> Task :shared:processAndroidMainJavaRes
OpenJDK 64-Bit Server VM warning: Sharing is only supported for boot loader classes because bootstrap classpath has been appended

> Task :androidApp:testDebugUnitTest

ExportUseCaseTest > export contacts with malicious name should escape CSV injection FAILED
    java.lang.AssertionError at ExportUseCaseTest.kt:23

1 test completed, 1 failed

> Task :androidApp:testDebugUnitTest FAILED

[Incubating] Problems report is available at: file:///app/build/reports/problems/problems-report.html

FAILURE: Build failed with an exception.

* What went wrong:
Execution failed for task ':androidApp:testDebugUnitTest'.
> There were failing tests. See the report at: file:///app/androidApp/build/reports/tests/testDebugUnitTest/index.html

* Try:
> Run with --scan to get full insights from a Build Scan (powered by Develocity).

Deprecated Gradle features were used in this build, making it incompatible with Gradle 10.

You can use '--warning-mode all' to show the individual deprecation warnings and determine if they come from your own scripts or plugins.

For more on this, please refer to https://docs.gradle.org/9.3.0/userguide/command_line_interface.html#sec:command_line_warnings in the Gradle documentation.

BUILD FAILED in 18s
44 actionable tasks: 8 executed, 36 up-to-date
